Component: ARM Compiler 5.06 update 4 (build 422) Tool: armlink [4d35d2]

==============================================================================

Section Cross References

    main.o(i.main) refers to sysinit.o(i.sysInit) for sysInit
    main.o(i.main) refers to tasks.o(i.xTaskCreate) for xTaskCreate
    main.o(i.main) refers to event_groups.o(i.xEventGroupCreate) for xEventGroupCreate
    main.o(i.main) refers to tasks.o(i.vTaskStartScheduler) for vTaskStartScheduler
    main.o(i.main) refers to main.o(.data) for .data
    main.o(i.main) refers to main.o(i.startTask) for startTask
    main.o(i.main) refers to task.o(.data) for xCreatedEventGroup
    main.o(i.startTask) refers to port.o(i.vPortEnterCritical) for vPortEnterCritical
    main.o(i.startTask) refers to tasks.o(i.xTaskCreate) for xTaskCreate
    main.o(i.startTask) refers to tasks.o(i.vTaskDelete) for vTaskDelete
    main.o(i.startTask) refers to port.o(i.vPortExitCritical) for vPortExitCritical
    main.o(i.startTask) refers to task.o(i.vTaskIndicatorLED) for vTaskIndicatorLED
    main.o(i.startTask) refers to task.o(i.vTaskDataUpload) for vTaskDataUpload
    main.o(i.startTask) refers to task.o(i.vTaskReadSenser) for vTaskReadSenser
    main.o(i.startTask) refers to main.o(.data) for .data
    system_stm32f4xx.o(i.SystemCoreClockUpdate) refers to system_stm32f4xx.o(.data) for .data
    system_stm32f4xx.o(i.SystemCoreClockUpdate) refers to system_stm32f4xx.o(.constdata) for .constdata
    task.o(i.vTaskAttitudeAlgorithm) refers to tasks.o(i.vTaskDelay) for vTaskDelay
    task.o(i.vTaskDataUpload) refers to event_groups.o(i.xEventGroupWaitBits) for xEventGroupWaitBits
    task.o(i.vTaskDataUpload) refers to memcpya.o(.text) for __aeabi_memcpy4
    task.o(i.vTaskDataUpload) refers to swj.o(i.Send_RCData) for Send_RCData
    task.o(i.vTaskDataUpload) refers to stm32f4xx_hal_uart.o(i.HAL_UART_DMAStop) for HAL_UART_DMAStop
    task.o(i.vTaskDataUpload) refers to mpu9250.o(.data) for gyroOriginalData
    task.o(i.vTaskDataUpload) refers to task.o(.bss) for .bss
    task.o(i.vTaskDataUpload) refers to task.o(.data) for .data
    task.o(i.vTaskDataUpload) refers to sensors.o(.data) for isGetGyroBiasFinished
    task.o(i.vTaskDataUpload) refers to sensors.o(.bss) for gyroBias
    task.o(i.vTaskDataUpload) refers to usart.o(.bss) for UART1TxDMA_Handler
    task.o(i.vTaskIndicatorLED) refers to led.o(i.ledFlash) for ledFlash
    task.o(i.vTaskIndicatorLED) refers to sensors.o(.data) for isGetGyroBiasFinished
    task.o(i.vTaskReadSenser) refers to mpu9250.o(i.READ_MPU9250_ACCEL) for READ_MPU9250_ACCEL
    task.o(i.vTaskReadSenser) refers to mpu9250.o(i.READ_MPU9250_GYRO) for READ_MPU9250_GYRO
    task.o(i.vTaskReadSenser) refers to sensors.o(i.getGyroBias) for getGyroBias
    task.o(i.vTaskReadSenser) refers to event_groups.o(i.xEventGroupSetBits) for xEventGroupSetBits
    task.o(i.vTaskReadSenser) refers to tasks.o(i.vTaskSuspendAll) for vTaskSuspendAll
    task.o(i.vTaskReadSenser) refers to tasks.o(i.xTaskResumeAll) for xTaskResumeAll
    task.o(i.vTaskReadSenser) refers to tasks.o(i.vTaskDelay) for vTaskDelay
    task.o(i.vTaskReadSenser) refers to sensors.o(.data) for isGetGyroBiasFinished
    task.o(i.vTaskReadSenser) refers to mpu9250.o(.data) for gyroOriginalData
    task.o(i.vTaskReadSenser) refers to task.o(.data) for .data
    startup_stm32f427x.o(RESET) refers to startup_stm32f427x.o(STACK) for __initial_sp
    startup_stm32f427x.o(RESET) refers to startup_stm32f427x.o(.text) for Reset_Handler
    startup_stm32f427x.o(RESET) refers to stm32f4xx_it.o(i.NMI_Handler) for NMI_Handler
    startup_stm32f427x.o(RESET) refers to stm32f4xx_it.o(i.HardFault_Handler) for HardFault_Handler
    startup_stm32f427x.o(RESET) refers to stm32f4xx_it.o(i.MemManage_Handler) for MemManage_Handler
    startup_stm32f427x.o(RESET) refers to stm32f4xx_it.o(i.BusFault_Handler) for BusFault_Handler
    startup_stm32f427x.o(RESET) refers to stm32f4xx_it.o(i.UsageFault_Handler) for UsageFault_Handler
    startup_stm32f427x.o(RESET) refers to port.o(.emb_text) for SVC_Handler
    startup_stm32f427x.o(RESET) refers to stm32f4xx_it.o(i.DebugMon_Handler) for DebugMon_Handler
    startup_stm32f427x.o(RESET) refers to delay.o(i.SysTick_Handler) for SysTick_Handler
    startup_stm32f427x.o(RESET) refers to usart.o(i.USART1_IRQHandler) for USART1_IRQHandler
    startup_stm32f427x.o(.text) refers to system_stm32f4xx.o(i.SystemInit) for SystemInit
    startup_stm32f427x.o(.text) refers to entry.o(.ARM.Collect$$$$00000000) for __main
    stm32f4xx_hal.o(i.HAL_DeInit) refers to stm32f4xx_hal.o(i.HAL_MspDeInit) for HAL_MspDeInit
    stm32f4xx_hal.o(i.HAL_Delay) refers to stm32f4xx_hal.o(i.HAL_GetTick) for HAL_GetTick
    stm32f4xx_hal.o(i.HAL_GetTick) refers to stm32f4xx_hal.o(.data) for .data
    stm32f4xx_hal.o(i.HAL_IncTick) refers to stm32f4xx_hal.o(.data) for .data
[...]
    Removing port.o(i.vPortEndScheduler), (32 bytes).
    Removing heap_4.o(.rev16_text), (4 bytes).
    Removing heap_4.o(.revsh_text), (4 bytes).
    Removing heap_4.o(.rrx_text), (6 bytes).
    Removing heap_4.o(i.vPortInitialiseBlocks), (2 bytes).
    Removing heap_4.o(i.xPortGetFreeHeapSize), (12 bytes).
    Removing heap_4.o(i.xPortGetMinimumEverFreeHeapSize), (12 bytes).

355 unused section(s) (total 18773 bytes) removed from the image.

==============================================================================

Image Symbol Table

    Local Symbols

    Symbol Name                              Value     Ov Type        Size  Object(Section)

    ../clib/microlib/division.c              0x00000000   Number         0  uldiv.o ABSOLUTE
    ../clib/microlib/division.c              0x00000000   Number         0  ldiv.o ABSOLUTE
    ../clib/microlib/init/entry.s            0x00000000   Number         0  entry9b.o ABSOLUTE
    ../clib/microlib/init/entry.s            0x00000000   Number         0  entry.o ABSOLUTE
    ../clib/microlib/init/entry.s            0x00000000   Number         0  entry11b.o ABSOLUTE
    ../clib/microlib/init/entry.s            0x00000000   Number         0  entry10b.o ABSOLUTE
    ../clib/microlib/init/entry.s            0x00000000   Number         0  entry8b.o ABSOLUTE
    ../clib/microlib/init/entry.s            0x00000000   Number         0  entry10a.o ABSOLUTE
    ../clib/microlib/init/entry.s            0x00000000   Number         0  entry9a.o ABSOLUTE
    ../clib/microlib/init/entry.s            0x00000000   Number         0  entry11a.o ABSOLUTE
    ../clib/microlib/init/entry.s            0x00000000   Number         0  entry2.o ABSOLUTE
    ../clib/microlib/init/entry.s            0x00000000   Number         0  entry5.o ABSOLUTE
    ../clib/microlib/init/entry.s            0x00000000   Number         0  entry7a.o ABSOLUTE
    ../clib/microlib/init/entry.s            0x00000000   Number         0  entry7b.o ABSOLUTE
    ../clib/microlib/init/entry.s            0x00000000   Number         0  entry8a.o ABSOLUTE
    ../clib/microlib/longlong.c              0x00000000   Number         0  llshl.o ABSOLUTE
    ../clib/microlib/longlong.c              0x00000000   Number         0  llushr.o ABSOLUTE
    ../clib/microlib/stdlib/abort.c          0x00000000   Number         0  abort.o ABSOLUTE
    ../clib/microlib/string/memcpy.c         0x00000000   Number         0  memcpya.o ABSOLUTE
    ../clib/microlib/string/memcpy.c         0x00000000   Number         0  memcpyb.o ABSOLUTE
    ../clib/microlib/string/memset.c         0x00000000   Number         0  memseta.o ABSOLUTE
    ../clib/microlib/string/memset.c         0x00000000   Number         0  memset.o ABSOLUTE
    ../clib/microlib/stubs.s                 0x00000000   Number         0  useno.o ABSOLUTE
    ../clib/microlib/stubs.s                 0x00000000   Number         0  iusefp.o ABSOLUTE
    ../fplib/microlib/fpepilogue.c           0x00000000   Number         0  fepilogue.o ABSOLUTE
    ../fplib/microlib/fpflt.c                0x00000000   Number         0  ffltl.o ABSOLUTE
    ..\CORE\startup_stm32f427x.s             0x00000000   Number         0  startup_stm32f427x.o ABSOLUTE
    ..\FreeRTOS\croutine.c                   0x00000000   Number         0  croutine.o ABSOLUTE
    ..\FreeRTOS\event_groups.c               0x00000000   Number         0  event_groups.o ABSOLUTE
    ..\FreeRTOS\list.c                       0x00000000   Number         0  list.o ABSOLUTE
    ..\FreeRTOS\portable\MemMang\heap_4.c    0x00000000   Number         0  heap_4.o ABSOLUTE
    ..\FreeRTOS\portable\RVDS\ARM_CM4F\port.c 0x00000000   Number         0  port.o ABSOLUTE
    ..\FreeRTOS\queue.c                      0x00000000   Number         0  queue.o ABSOLUTE
    ..\FreeRTOS\stream_buffer.c              0x00000000   Number         0  stream_buffer.o ABSOLUTE
    ..\FreeRTOS\tasks.c                      0x00000000   Number         0  tasks.o ABSOLUTE
    ..\FreeRTOS\timers.c                     0x00000000   Number         0  timers.o ABSOLUTE
    ..\HALLIB\STM32F4xx_HAL_Driver\Src\stm32f4xx_hal.c 0x00000000   Number         0  stm32f4xx_hal.o ABSOLUTE
    ..\HALLIB\STM32F4xx_HAL_Driver\Src\stm32f4xx_hal_cortex.c 0x00000000   Number         0  stm32f4xx_hal_cortex.o ABSOLUTE
    ..\HALLIB\STM32F4xx_HAL_Driver\Src\stm32f4xx_hal_dma.c 0x00000000   Number         0  stm32f4xx_hal_dma.o ABSOLUTE
    ..\HALLIB\STM32F4xx_HAL_Driver\Src\stm32f4xx_hal_dma_ex.c 0x00000000   Number         0  stm32f4xx_hal_dma_ex.o ABSOLUTE
    ..\HALLIB\STM32F4xx_HAL_Driver\Src\stm32f4xx_hal_gpio.c 0x00000000   Number         0  stm32f4xx_hal_gpio.o ABSOLUTE
    ..\HALLIB\STM32F4xx_HAL_Driver\Src\stm32f4xx_hal_pwr.c 0x00000000   Number         0  stm32f4xx_hal_pwr.o ABSOLUTE
    ..\HALLIB\STM32F4xx_HAL_Driver\Src\stm32f4xx_hal_pwr_ex.c 0x00000000   Number         0  stm32f4xx_hal_pwr_ex.o ABSOLUTE
    ..\HALLIB\STM32F4xx_HAL_Driver\Src\stm32f4xx_hal_rcc.c 0x00000000   Number         0  stm32f4xx_hal_rcc.o ABSOLUTE
    ..\HALLIB\STM32F4xx_HAL_Driver\Src\stm32f4xx_hal_rcc_ex.c 0x00000000   Number         0  stm32f4xx_hal_rcc_ex.o ABSOLUTE
    ..\HALLIB\STM32F4xx_HAL_Driver\Src\stm32f4xx_hal_uart.c 0x00000000   Number         0  stm32f4xx_hal_uart.o ABSOLUTE
    ..\HALLIB\STM32F4xx_HAL_Driver\Src\stm32f4xx_hal_usart.c 0x00000000   Number         0  stm32f4xx_hal_usart.o ABSOLUTE
    ..\HARDWARE\src\SWJ.c                    0x00000000   Number         0  swj.o ABSOLUTE
    ..\HARDWARE\src\iic.c                    0x00000000   Number         0  iic.o ABSOLUTE
    ..\HARDWARE\src\led.c                    0x00000000   Number         0  led.o ABSOLUTE
    ..\HARDWARE\src\mpu9250.c                0x00000000   Number         0  mpu9250.o ABSOLUTE
    ..\HARDWARE\src\sensors.c                0x00000000   Number         0  sensors.o ABSOLUTE
    ..\HARDWARE\src\sysInit.c                0x00000000   Number         0  sysinit.o ABSOLUTE
    ..\SYSTEM\delay\delay.c                  0x00000000   Number         0  delay.o ABSOLUTE
    ..\SYSTEM\sys\sys.c                      0x00000000   Number         0  sys.o ABSOLUTE
    ..\SYSTEM\usart\usart.c                  0x00000000   Number         0  usart.o ABSOLUTE
    ..\\FreeRTOS\\croutine.c                 0x00000000   Number         0  croutine.o ABSOLUTE
    ..\\FreeRTOS\\event_groups.c             0x00000000   Number         0  event_groups.o ABSOLUTE
    ..\\FreeRTOS\\portable\\MemMang\\heap_4.c 0x00000000   Number         0  heap_4.o ABSOLUTE
    ..\\FreeRTOS\\portable\\RVDS\\ARM_CM4F\\port.c 0x00000000   Number         0  port.o ABSOLUTE
    ..\\FreeRTOS\\queue.c                    0x00000000   Number         0  queue.o ABSOLUTE
    ..\\FreeRTOS\\stream_buffer.c            0x00000000   Number         0  stream_buffer.o ABSOLUTE
    ..\\FreeRTOS\\tasks.c                    0x00000000   Number         0  tasks.o ABSOLUTE
    ..\\FreeRTOS\\timers.c                   0x00000000   Number         0  timers.o ABSOLUTE
    ..\\HALLIB\\STM32F4xx_HAL_Driver\\Src\\stm32f4xx_hal.c 0x00000000   Number         0  stm32f4xx_hal.o ABSOLUTE
    ..\\HALLIB\\STM32F4xx_HAL_Driver\\Src\\stm32f4xx_hal_cortex.c 0x00000000   Number         0  stm32f4xx_hal_cortex.o ABSOLUTE
    ..\\HALLIB\\STM32F4xx_HAL_Driver\\Src\\stm32f4xx_hal_dma.c 0x00000000   Number         0  stm32f4xx_hal_dma.o ABSOLUTE
    ..\\HALLIB\\STM32F4xx_HAL_Driver\\Src\\stm32f4xx_hal_dma_ex.c 0x00000000   Number         0  stm32f4xx_hal_dma_ex.o ABSOLUTE
    ..\\HALLIB\\STM32F4xx_HAL_Driver\\Src\\stm32f4xx_hal_gpio.c 0x00000000   Number         0  stm32f4xx_hal_gpio.o ABSOLUTE
    ..\\HALLIB\\STM32F4xx_HAL_Driver\\Src\\stm32f4xx_hal_pwr.c 0x00000000   Number         0  stm32f4xx_hal_pwr.o ABSOLUTE
    ..\\HALLIB\\STM32F4xx_HAL_Driver\\Src\\stm32f4xx_hal_pwr_ex.c 0x00000000   Number         0  stm32f4xx_hal_pwr_ex.o ABSOLUTE
    ..\\HALLIB\\STM32F4xx_HAL_Driver\\Src\\stm32f4xx_hal_rcc.c 0x00000000   Number         0  stm32f4xx_hal_rcc.o ABSOLUTE
    ..\\HALLIB\\STM32F4xx_HAL_Driver\\Src\\stm32f4xx_hal_rcc_ex.c 0x00000000   Number         0  stm32f4xx_hal_rcc_ex.o ABSOLUTE
    ..\\HALLIB\\STM32F4xx_HAL_Driver\\Src\\stm32f4xx_hal_uart.c 0x00000000   Number         0  stm32f4xx_hal_uart.o ABSOLUTE
    ..\\HALLIB\\STM32F4xx_HAL_Driver\\Src\\stm32f4xx_hal_usart.c 0x00000000   Number         0  stm32f4xx_hal_usart.o ABSOLUTE
    ..\\HARDWARE\\src\\SWJ.c                 0x00000000   Number         0  swj.o ABSOLUTE
    ..\\HARDWARE\\src\\iic.c                 0x00000000   Number         0  iic.o ABSOLUTE
    ..\\HARDWARE\\src\\led.c                 0x00000000   Number         0  led.o ABSOLUTE
    ..\\HARDWARE\\src\\mpu9250.c             0x00000000   Number         0  mpu9250.o ABSOLUTE
    ..\\HARDWARE\\src\\sensors.c             0x00000000   Number         0  sensors.o ABSOLUTE
    ..\\HARDWARE\\src\\sysInit.c             0x00000000   Number         0  sysinit.o ABSOLUTE
    ..\\SYSTEM\\delay\\delay.c               0x00000000   Number         0  delay.o ABSOLUTE
    ..\\SYSTEM\\sys\\sys.c                   0x00000000   Number         0  sys.o ABSOLUTE
    ..\\SYSTEM\\usart\\usart.c               0x00000000   Number         0  usart.o ABSOLUTE
    dc.s                                     0x00000000   Number         0  dc.o ABSOLUTE
    handlers.s                               0x00000000   Number         0  handlers.o ABSOLUTE
    init.s                                   0x00000000   Number         0  init.o ABSOLUTE
    main.c                                   0x00000000   Number         0  main.o ABSOLUTE
    main.c                                   0x00000000   Number         0  main.o ABSOLUTE
    stm32f4xx_it.c                           0x00000000   Number         0  stm32f4xx_it.o ABSOLUTE
    stm32f4xx_it.c                           0x00000000   Number         0  stm32f4xx_it.o ABSOLUTE
    system_stm32f4xx.c                       0x00000000   Number         0  system_stm32f4xx.o ABSOLUTE
    system_stm32f4xx.c                       0x00000000   Number         0  system_stm32f4xx.o ABSOLUTE
    task.c                                   0x00000000   Number         0  task.o ABSOLUTE
    task.c                                   0x00000000   Number         0  task.o ABSOLUTE
    RESET                                    0x08000000   Section      428  startup_stm32f427x.o(RESET)
    .ARM.Collect$$$$00000000                 0x080001ac   Section        0  entry.o(.ARM.Collect$$$$00000000)
    .ARM.Collect$$$$00000001                 0x080001ac   Section        4  entry2.o(.ARM.Collect$$$$00000001)
    .ARM.Collect$$$$00000004                 0x080001b0   Section        4  entry5.o(.ARM.Collect$$$$00000004)
    .ARM.Collect$$$$00000008                 0x080001b4   Section        0  entry7b.o(.ARM.Collect$$$$00000008)
    .ARM.Collect$$$$0000000A                 0x080001b4   Section        0  entry8b.o(.ARM.Collect$$$$0000000A)
    .ARM.Collect$$$$0000000B                 0x080001b4   Section        8  entry9a.o(.ARM.Collect$$$$0000000B)
    .ARM.Collect$$$$0000000D                 0x080001bc   Section        0  entry10a.o(.ARM.Collect$$$$0000000D)
    .ARM.Collect$$$$0000000F                 0x080001bc   Section        0  entry11a.o(.ARM.Collect$$$$0000000F)
    .ARM.Collect$$$$00002712                 0x080001bc   Section        4  entry2.o(.ARM.Collect$$$$00002712)
    __lit__00000000                          0x080001bc   Data           4  entry2.o(.ARM.Collect$$$$00002712)
    .emb_text                                0x080001c0   Section      190  port.o(.emb_text)
    $v0                                      0x080001c0   Number         0  port.o(.emb_text)
    .text                                    0x08000280   Section       36  startup_stm32f427x.o(.text)
    $v0                                      0x08000280   Number         0  startup_stm32f427x.o(.text)
    .text                                    0x080002a4   Section        0  ldiv.o(.text)
    .text                                    0x08000306   Section        0  memcpya.o(.text)
    .text                                    0x0800032a   Section        0  memseta.o(.text)
    .text                                    0x0800034e   Section        0  ffltl.o(.text)
    .text                                    0x0800037a   Section        0  uldiv.o(.text)
    .text                                    0x080003dc   Section        0  fepilogue.o(.text)
    .text                                    0x080003dc   Section        0  iusefp.o(.text)
    .text                                    0x0800044c   Section       36  init.o(.text)
    .text                                    0x08000470   Section        0  llshl.o(.text)
    .text                                    0x0800048e   Section        0  llushr.o(.text)
    i.BusFault_Handler                       0x080004ae   Section        0  stm32f4xx_it.o(i.BusFault_Handler)
    i.DMA_CalcBaseAndBitshift                0x080004b0   Section        0  stm32f4xx_hal_dma.o(i.DMA_CalcBaseAndBitshift)
    DMA_CalcBaseAndBitshift                  0x080004b1   Thumb Code    34  stm32f4xx_hal_dma.o(i.DMA_CalcBaseAndBitshift)
    i.DMA_SetConfig                          0x080004d8   Section        0  stm32f4xx_hal_dma.o(i.DMA_SetConfig)
    DMA_SetConfig                            0x080004d9   Thumb Code    40  stm32f4xx_hal_dma.o(i.DMA_SetConfig)
    i.DebugMon_Handler                       0x08000500   Section        0  stm32f4xx_it.o(i.DebugMon_Handler)
    i.HAL_DMA_Abort                          0x08000502   Section        0  stm32f4xx_hal_dma.o(i.HAL_DMA_Abort)
    i.HAL_DMA_DeInit                         0x08000554   Section        0  stm32f4xx_hal_dma.o(i.HAL_DMA_DeInit)
    i.HAL_DMA_Init                           0x080005ac   Section        0  stm32f4xx_hal_dma.o(i.HAL_DMA_Init)
    i.HAL_DMA_Start                          0x08000624   Section        0  stm32f4xx_hal_dma.o(i.HAL_DMA_Start)
    i.HAL_GPIO_Init                          0x08000660   Section        0  stm32f4xx_hal_gpio.o(i.HAL_GPIO_Init)
    i.HAL_GPIO_WritePin                      0x0800083c   Section        0  stm32f4xx_hal_gpio.o(i.HAL_GPIO_WritePin)
    i.HAL_GetTick                            0x08000848   Section        0  stm32f4xx_hal.o(i.HAL_GetTick)
    i.HAL_Init                               0x08000854   Section        0  stm32f4xx_hal.o(i.HAL_Init)
    i.HAL_InitTick                           0x08000888   Section        0  stm32f4xx_hal.o(i.HAL_InitTick)
    i.HAL_MspInit                            0x080008aa   Section        0  stm32f4xx_hal.o(i.HAL_MspInit)
    i.HAL_NVIC_EnableIRQ                     0x080008b2   Section        0  stm32f4xx_hal_cortex.o(i.HAL_NVIC_EnableIRQ)
    i.HAL_NVIC_SetPriority                   0x080008c8   Section        0  stm32f4xx_hal_cortex.o(i.HAL_NVIC_SetPriority)
    i.HAL_NVIC_SetPriorityGrouping           0x08000908   Section        0  stm32f4xx_hal_cortex.o(i.HAL_NVIC_SetPriorityGrouping)
    i.HAL_PWREx_EnableOverDrive              0x0800092c   Section        0  stm32f4xx_hal_pwr_ex.o(i.HAL_PWREx_EnableOverDrive)
    i.HAL_RCC_ClockConfig                    0x080009b4   Section        0  stm32f4xx_hal_rcc.o(i.HAL_RCC_ClockConfig)
    i.HAL_RCC_GetHCLKFreq                    0x08000bbc   Section        0  stm32f4xx_hal_rcc.o(i.HAL_RCC_GetHCLKFreq)
    i.HAL_RCC_GetPCLK1Freq                   0x08000bf0   Section        0  stm32f4xx_hal_rcc.o(i.HAL_RCC_GetPCLK1Freq)
    i.HAL_RCC_GetPCLK2Freq                   0x08000c1c   Section        0  stm32f4xx_hal_rcc.o(i.HAL_RCC_GetPCLK2Freq)
    i.HAL_RCC_GetSysClockFreq                0x08000c48   Section        0  stm32f4xx_hal_rcc.o(i.HAL_RCC_GetSysClockFreq)
    i.HAL_RCC_OscConfig                      0x08000cbc   Section        0  stm32f4xx_hal_rcc.o(i.HAL_RCC_OscConfig)
    i.HAL_SYSTICK_CLKSourceConfig            0x08000fd8   Section        0  stm32f4xx_hal_cortex.o(i.HAL_SYSTICK_CLKSourceConfig)
    i.HAL_SYSTICK_Config                     0x08000ff0   Section        0  stm32f4xx_hal_cortex.o(i.HAL_SYSTICK_Config)
    i.HAL_UART_DMAStop                       0x08001018   Section        0  stm32f4xx_hal_uart.o(i.HAL_UART_DMAStop)
    i.HAL_UART_ErrorCallback                 0x0800104a   Section        0  stm32f4xx_hal_uart.o(i.HAL_UART_ErrorCallback)
    i.HAL_UART_GetState                      0x0800104c   Section        0  stm32f4xx_hal_uart.o(i.HAL_UART_GetState)
    i.HAL_UART_IRQHandler                    0x08001052   Section        0  stm32f4xx_hal_uart.o(i.HAL_UART_IRQHandler)
    i.HAL_UART_Init                          0x08001146   Section        0  stm32f4xx_hal_uart.o(i.HAL_UART_Init)
    i.HAL_UART_MspInit                       0x080011a4   Section        0  usart.o(i.HAL_UART_MspInit)
    i.HAL_UART_Receive_IT                    0x08001220   Section        0  stm32f4xx_hal_uart.o(i.HAL_UART_Receive_IT)
    i.HAL_UART_RxCpltCallback                0x08001288   Section        0  usart.o(i.HAL_UART_RxCpltCallback)
    i.HAL_UART_TxCpltCallback                0x080012e0   Section        0  stm32f4xx_hal_uart.o(i.HAL_UART_TxCpltCallback)
    i.HardFault_Handler                      0x080012e2   Section        0  stm32f4xx_it.o(i.HardFault_Handler)
    i.IIC_Ack                                0x080012e4   Section        0  iic.o(i.IIC_Ack)
    i.IIC_NAck                               0x0800133c   Section        0  iic.o(i.IIC_NAck)
    i.IIC_READ_SDA                           0x08001394   Section        0  iic.o(i.IIC_READ_SDA)
    i.IIC_Read_Byte                          0x08001410   Section        0  iic.o(i.IIC_Read_Byte)
    i.IIC_SCL                                0x08001490   Section        0  iic.o(i.IIC_SCL)
    i.IIC_SDA                                0x08001508   Section        0  iic.o(i.IIC_SDA)
    i.IIC_Send_Byte                          0x08001580   Section        0  iic.o(i.IIC_Send_Byte)
    i.IIC_Start                              0x080015ee   Section        0  iic.o(i.IIC_Start)
    i.IIC_Stop                               0x08001648   Section        0  iic.o(i.IIC_Stop)
    i.IIC_Wait_Ack                           0x080016a2   Section        0  iic.o(i.IIC_Wait_Ack)
    i.IIC_delay                              0x08001718   Section        0  iic.o(i.IIC_delay)
    i.LED_Init                               0x08001724   Section        0  led.o(i.LED_Init)
    i.MPU9250_IIC_Read                       0x08001778   Section        0  mpu9250.o(i.MPU9250_IIC_Read)
    i.MPU9250_IIC_Write                      0x0800180e   Section        0  mpu9250.o(i.MPU9250_IIC_Write)
    i.MemManage_Handler                      0x08001886   Section        0  stm32f4xx_it.o(i.MemManage_Handler)
    i.NMI_Handler                            0x08001888   Section        0  stm32f4xx_it.o(i.NMI_Handler)
    i.NVIC_SetPriority                       0x0800188a   Section        0  stm32f4xx_hal_cortex.o(i.NVIC_SetPriority)
    NVIC_SetPriority                         0x0800188b   Thumb Code    32  stm32f4xx_hal_cortex.o(i.NVIC_SetPriority)
    i.READ_MPU9250_ACCEL                     0x080018ac   Section        0  mpu9250.o(i.READ_MPU9250_ACCEL)
    i.READ_MPU9250_GYRO                      0x08001944   Section        0  mpu9250.o(i.READ_MPU9250_GYRO)
    i.SDA_IN                                 0x080019dc   Section        0  iic.o(i.SDA_IN)
    i.SDA_OUT                                0x080019f0   Section        0  iic.o(i.SDA_OUT)
    i.Send_RCData                            0x08001a0c   Section        0  swj.o(i.Send_RCData)
    i.Stm32_Clock_Init                       0x08001bc4   Section        0  sys.o(i.Stm32_Clock_Init)
    i.SysTick_Handler                        0x08001c48   Section        0  delay.o(i.SysTick_Handler)
    i.SystemInit                             0x08001c68   Section        0  system_stm32f4xx.o(i.SystemInit)
    i.UART1DMA_Config                        0x08001cbc   Section        0  usart.o(i.UART1DMA_Config)
    i.UART1DMA_USART_Transmit                0x08001d30   Section        0  usart.o(i.UART1DMA_USART_Transmit)
    i.UART_Receive_IT                        0x08001d4c   Section        0  stm32f4xx_hal_uart.o(i.UART_Receive_IT)
    UART_Receive_IT                          0x08001d4d   Thumb Code   166  stm32f4xx_hal_uart.o(i.UART_Receive_IT)
    i.UART_SetConfig                         0x08001df4   Section        0  stm32f4xx_hal_uart.o(i.UART_SetConfig)
    UART_SetConfig                           0x08001df5   Thumb Code   364  stm32f4xx_hal_uart.o(i.UART_SetConfig)
    i.UART_Transmit_IT                       0x08001f68   Section        0  stm32f4xx_hal_uart.o(i.UART_Transmit_IT)
    UART_Transmit_IT                         0x08001f69   Thumb Code   102  stm32f4xx_hal_uart.o(i.UART_Transmit_IT)
    i.USART1_IRQHandler                      0x08001fd0   Section        0  usart.o(i.USART1_IRQHandler)
    i.UsageFault_Handler                     0x08001ffc   Section        0  stm32f4xx_it.o(i.UsageFault_Handler)
    i.__scatterload_copy                     0x08001ffe   Section       14  handlers.o(i.__scatterload_copy)
    i.__scatterload_null                     0x0800200c   Section        2  handlers.o(i.__scatterload_null)
    i.__scatterload_zeroinit                 0x0800200e   Section       14  handlers.o(i.__scatterload_zeroinit)
    i.delay_init                             0x0800201c   Section        0  delay.o(i.delay_init)
    i.delay_ms                               0x08002054   Section        0  delay.o(i.delay_ms)
    i.delay_us                               0x0800208c   Section        0  delay.o(i.delay_us)
    i.getGyroBias                            0x080020c0   Section        0  sensors.o(i.getGyroBias)
    i.getGyroBiasMeanAndVar                  0x08002140   Section        0  sensors.o(i.getGyroBiasMeanAndVar)
    i.iicPortDef                             0x080022d8   Section        0  iic.o(i.iicPortDef)
    i.iicSingleInit                          0x080025bc   Section        0  iic.o(i.iicSingleInit)
    i.ledFlash                               0x080025f0   Section        0  led.o(i.ledFlash)
    i.main                                   0x08002630   Section        0  main.o(i.main)
    i.mpu9250_Init                           0x08002674   Section        0  mpu9250.o(i.mpu9250_Init)
    i.prvAddCurrentTaskToDelayedList         0x080027a8   Section        0  tasks.o(i.prvAddCurrentTaskToDelayedList)
    prvAddCurrentTaskToDelayedList           0x080027a9   Thumb Code   102  tasks.o(i.prvAddCurrentTaskToDelayedList)
    i.prvAddNewTaskToReadyList               0x08002818   Section        0  tasks.o(i.prvAddNewTaskToReadyList)
    prvAddNewTaskToReadyList                 0x08002819   Thumb Code   194  tasks.o(i.prvAddNewTaskToReadyList)
    i.prvCheckForValidListAndQueue           0x080028ec   Section        0  timers.o(i.prvCheckForValidListAndQueue)
    prvCheckForValidListAndQueue             0x080028ed   Thumb Code    62  timers.o(i.prvCheckForValidListAndQueue)
    i.prvCopyDataFromQueue                   0x0800293c   Section        0  queue.o(i.prvCopyDataFromQueue)
    prvCopyDataFromQueue                     0x0800293d   Thumb Code    38  queue.o(i.prvCopyDataFromQueue)
    i.prvCopyDataToQueue                     0x08002962   Section        0  queue.o(i.prvCopyDataToQueue)
    prvCopyDataToQueue                       0x08002963   Thumb Code   108  queue.o(i.prvCopyDataToQueue)
    i.prvDeleteTCB                           0x080029ce   Section        0  tasks.o(i.prvDeleteTCB)
    prvDeleteTCB                             0x080029cf   Thumb Code    20  tasks.o(i.prvDeleteTCB)
    i.prvHeapInit                            0x080029e4   Section        0  heap_4.o(i.prvHeapInit)
    prvHeapInit                              0x080029e5   Thumb Code    66  heap_4.o(i.prvHeapInit)
    i.prvIdleTask                            0x08002a30   Section        0  tasks.o(i.prvIdleTask)
    prvIdleTask                              0x08002a31   Thumb Code    80  tasks.o(i.prvIdleTask)
    i.prvInitialiseNewTask                   0x08002a8c   Section        0  tasks.o(i.prvInitialiseNewTask)
    prvInitialiseNewTask                     0x08002a8d   Thumb Code   174  tasks.o(i.prvInitialiseNewTask)
    i.prvInsertBlockIntoFreeList             0x08002b3c   Section        0  heap_4.o(i.prvInsertBlockIntoFreeList)
    prvInsertBlockIntoFreeList               0x08002b3d   Thumb Code    72  heap_4.o(i.prvInsertBlockIntoFreeList)
    i.prvInsertTimerInActiveList             0x08002b88   Section        0  timers.o(i.prvInsertTimerInActiveList)
    prvInsertTimerInActiveList               0x08002b89   Thumb Code    52  timers.o(i.prvInsertTimerInActiveList)
    i.prvIsQueueEmpty                        0x08002bc0   Section        0  queue.o(i.prvIsQueueEmpty)
    prvIsQueueEmpty                          0x08002bc1   Thumb Code    26  queue.o(i.prvIsQueueEmpty)
    i.prvProcessReceivedCommands             0x08002bdc   Section        0  timers.o(i.prvProcessReceivedCommands)
    prvProcessReceivedCommands               0x08002bdd   Thumb Code   178  timers.o(i.prvProcessReceivedCommands)
    i.prvProcessTimerOrBlockTask             0x08002c94   Section        0  timers.o(i.prvProcessTimerOrBlockTask)
    prvProcessTimerOrBlockTask               0x08002c95   Thumb Code   172  timers.o(i.prvProcessTimerOrBlockTask)
    i.prvResetNextTaskUnblockTime            0x08002d48   Section        0  tasks.o(i.prvResetNextTaskUnblockTime)
    prvResetNextTaskUnblockTime              0x08002d49   Thumb Code    26  tasks.o(i.prvResetNextTaskUnblockTime)
    i.prvSampleTimeNow                       0x08002d68   Section        0  timers.o(i.prvSampleTimeNow)
    prvSampleTimeNow                         0x08002d69   Thumb Code    36  timers.o(i.prvSampleTimeNow)
    i.prvSwitchTimerLists                    0x08002d90   Section        0  timers.o(i.prvSwitchTimerLists)
    prvSwitchTimerLists                      0x08002d91   Thumb Code   102  timers.o(i.prvSwitchTimerLists)
    i.prvTaskExitError                       0x08002dfc   Section        0  port.o(i.prvTaskExitError)
    prvTaskExitError                         0x08002dfd   Thumb Code    36  port.o(i.prvTaskExitError)
    i.prvTestWaitCondition                   0x08002e24   Section        0  event_groups.o(i.prvTestWaitCondition)
    prvTestWaitCondition                     0x08002e25   Thumb Code    20  event_groups.o(i.prvTestWaitCondition)
    i.prvTimerTask                           0x08002e38   Section        0  timers.o(i.prvTimerTask)
    prvTimerTask                             0x08002e39   Thumb Code    34  timers.o(i.prvTimerTask)
    i.prvUnlockQueue                         0x08002e60   Section        0  queue.o(i.prvUnlockQueue)
    prvUnlockQueue                           0x08002e61   Thumb Code   106  queue.o(i.prvUnlockQueue)
    i.pvPortMalloc                           0x08002ecc   Section        0  heap_4.o(i.pvPortMalloc)
    i.pxPortInitialiseStack                  0x08002fa4   Section        0  port.o(i.pxPortInitialiseStack)
    i.sensorsQueueInit                       0x08002fd0   Section        0  sensors.o(i.sensorsQueueInit)
    i.startTask                              0x08002fe8   Section        0  main.o(i.startTask)
    startTask                                0x08002fe9   Thumb Code    78  main.o(i.startTask)
    i.sysInit                                0x0800307c   Section        0  sysinit.o(i.sysInit)
    i.uart_init                              0x080030b8   Section        0  usart.o(i.uart_init)
    i.uxListRemove                           0x08003100   Section        0  list.o(i.uxListRemove)
    i.uxTaskResetEventItemValue              0x08003128   Section        0  tasks.o(i.uxTaskResetEventItemValue)
    i.vListInitialise                        0x08003140   Section        0  list.o(i.vListInitialise)
    i.vListInitialiseItem                    0x08003156   Section        0  list.o(i.vListInitialiseItem)
    i.vListInsert                            0x0800315c   Section        0  list.o(i.vListInsert)
    i.vListInsertEnd                         0x0800318c   Section        0  list.o(i.vListInsertEnd)
    i.vPortEnterCritical                     0x080031a4   Section        0  port.o(i.vPortEnterCritical)
    i.vPortExitCritical                      0x080031e4   Section        0  port.o(i.vPortExitCritical)
    i.vPortFree                              0x0800320c   Section        0  heap_4.o(i.vPortFree)
    i.vPortSetupTimerInterrupt               0x08003268   Section        0  port.o(i.vPortSetupTimerInterrupt)
    i.vPortValidateInterruptPriority         0x0800328c   Section        0  port.o(i.vPortValidateInterruptPriority)
    i.vQueueAddToRegistry                    0x080032e0   Section        0  queue.o(i.vQueueAddToRegistry)
    i.vQueueWaitForMessageRestricted         0x08003304   Section        0  queue.o(i.vQueueWaitForMessageRestricted)
    i.vTaskDataUpload                        0x08003348   Section        0  task.o(i.vTaskDataUpload)
    i.vTaskDelay                             0x080034d4   Section        0  tasks.o(i.vTaskDelay)
    i.vTaskDelete                            0x08003520   Section        0  tasks.o(i.vTaskDelete)
    i.vTaskIndicatorLED                      0x080035cc   Section        0  task.o(i.vTaskIndicatorLED)
    i.vTaskInternalSetTimeOutState           0x080035e4   Section        0  tasks.o(i.vTaskInternalSetTimeOutState)
    i.vTaskMissedYield                       0x080035f4   Section        0  tasks.o(i.vTaskMissedYield)
    i.vTaskPlaceOnEventList                  0x08003600   Section        0  tasks.o(i.vTaskPlaceOnEventList)
    i.vTaskPlaceOnEventListRestricted        0x08003630   Section        0  tasks.o(i.vTaskPlaceOnEventListRestricted)
    i.vTaskPlaceOnUnorderedEventList         0x08003668   Section        0  tasks.o(i.vTaskPlaceOnUnorderedEventList)
    i.vTaskReadSenser                        0x080036b4   Section        0  task.o(i.vTaskReadSenser)
    i.vTaskRemoveFromUnorderedEventList      0x080036fc   Section        0  tasks.o(i.vTaskRemoveFromUnorderedEventList)
    i.vTaskStartScheduler                    0x0800376c   Section        0  tasks.o(i.vTaskStartScheduler)
    i.vTaskSuspendAll                        0x080037dc   Section        0  tasks.o(i.vTaskSuspendAll)
    i.vTaskSwitchContext                     0x080037ec   Section        0  tasks.o(i.vTaskSwitchContext)
    i.xEventGroupCreate                      0x08003848   Section        0  event_groups.o(i.xEventGroupCreate)
    i.xEventGroupSetBits                     0x08003862   Section        0  event_groups.o(i.xEventGroupSetBits)
    i.xEventGroupWaitBits                    0x080038f0   Section        0  event_groups.o(i.xEventGroupWaitBits)
    i.xPortStartScheduler                    0x080039f8   Section        0  port.o(i.xPortStartScheduler)
    i.xPortSysTickHandler                    0x08003aec   Section        0  port.o(i.xPortSysTickHandler)
    i.xQueueGenericCreate                    0x08003b18   Section        0  queue.o(i.xQueueGenericCreate)
    i.xQueueGenericReset                     0x08003b6c   Section        0  queue.o(i.xQueueGenericReset)
    i.xQueueGenericSend                      0x08003bf4   Section        0  queue.o(i.xQueueGenericSend)
    i.xQueueGenericSendFromISR               0x08003d58   Section        0  queue.o(i.xQueueGenericSendFromISR)
    i.xQueueReceive                          0x08003e14   Section        0  queue.o(i.xQueueReceive)
    i.xTaskCheckForTimeOut                   0x08003f4c   Section        0  tasks.o(i.xTaskCheckForTimeOut)
    i.xTaskCreate                            0x08003fc0   Section        0  tasks.o(i.xTaskCreate)
    i.xTaskGetSchedulerState                 0x08004018   Section        0  tasks.o(i.xTaskGetSchedulerState)
    i.xTaskGetTickCount                      0x08004034   Section        0  tasks.o(i.xTaskGetTickCount)
    i.xTaskIncrementTick                     0x08004040   Section        0  tasks.o(i.xTaskIncrementTick)
    i.xTaskPriorityDisinherit                0x08004108   Section        0  tasks.o(i.xTaskPriorityDisinherit)
    i.xTaskRemoveFromEventList               0x080041a0   Section        0  tasks.o(i.xTaskRemoveFromEventList)
    i.xTaskResumeAll                         0x08004214   Section        0  tasks.o(i.xTaskResumeAll)
    i.xTimerCreateTimerTask                  0x080042d8   Section        0  timers.o(i.xTimerCreateTimerTask)
    i.xTimerGenericCommand                   0x08004324   Section        0  timers.o(i.xTimerGenericCommand)
    .constdata                               0x08004380   Section       16  stm32f4xx_hal_rcc.o(.constdata)
    .constdata                               0x08004390   Section        8  stm32f4xx_hal_dma.o(.constdata)
    flagBitshiftOffset                       0x08004390   Data           8  stm32f4xx_hal_dma.o(.constdata)
    .data                                    0x20000000   Section        4  main.o(.data)
    .data                                    0x20000004   Section        4  system_stm32f4xx.o(.data)
    .data                                    0x20000008   Section        4  task.o(.data)
    .data                                    0x2000000c   Section        4  stm32f4xx_hal.o(.data)
    uwTick                                   0x2000000c   Data           4  stm32f4xx_hal.o(.data)
    .data                                    0x20000010   Section       12  delay.o(.data)
    fac_ms                                   0x20000010   Data           2  delay.o(.data)
    fac_us                                   0x20000014   Data           4  delay.o(.data)
    sysTickCnt                               0x20000018   Data           4  delay.o(.data)
    .data                                    0x2000001c   Section        4  usart.o(.data)
    .data                                    0x20000020   Section       18  mpu9250.o(.data)
    .data                                    0x20000032   Section        1  swj.o(.data)
    .data                                    0x20000034   Section       12  sensors.o(.data)
    gyroDataQueue                            0x2000003c   Data           4  sensors.o(.data)
    .data                                    0x20000040   Section       60  tasks.o(.data)
    uxDeletedTasksWaitingCleanUp             0x20000044   Data           4  tasks.o(.data)
    uxCurrentNumberOfTasks                   0x20000048   Data           4  tasks.o(.data)
    xTickCount                               0x2000004c   Data           4  tasks.o(.data)
    uxTopReadyPriority                       0x20000050   Data           4  tasks.o(.data)
    xSchedulerRunning                        0x20000054   Data           4  tasks.o(.data)
    uxPendedTicks                            0x20000058   Data           4  tasks.o(.data)
    xYieldPending                            0x2000005c   Data           4  tasks.o(.data)
    xNumOfOverflows                          0x20000060   Data           4  tasks.o(.data)
    uxTaskNumber                             0x20000064   Data           4  tasks.o(.data)
    xNextTaskUnblockTime                     0x20000068   Data           4  tasks.o(.data)
    xIdleTaskHandle                          0x2000006c   Data           4  tasks.o(.data)
    uxSchedulerSuspended                     0x20000070   Data           4  tasks.o(.data)
    pxDelayedTaskList                        0x20000074   Data           4  tasks.o(.data)
    pxOverflowDelayedTaskList                0x20000078   Data           4  tasks.o(.data)
    .data                                    0x2000007c   Section       20  timers.o(.data)
    xTimerQueue                              0x2000007c   Data           4  timers.o(.data)
    xTimerTaskHandle                         0x20000080   Data           4  timers.o(.data)
    xLastTime                                0x20000084   Data           4  timers.o(.data)
    pxCurrentTimerList                       0x20000088   Data           4  timers.o(.data)
    pxOverflowTimerList                      0x2000008c   Data           4  timers.o(.data)
    .data                                    0x20000090   Section       12  port.o(.data)
    ucMaxSysCallPriority                     0x20000090   Data           1  port.o(.data)
    uxCriticalNesting                        0x20000094   Data           4  port.o(.data)
    ulMaxPRIGROUPValue                       0x20000098   Data           4  port.o(.data)
    .data                                    0x2000009c   Section       24  heap_4.o(.data)
    pxEnd                                    0x2000009c   Data           4  heap_4.o(.data)
    xFreeBytesRemaining                      0x200000a0   Data           4  heap_4.o(.data)
    xMinimumEverFreeBytesRemaining           0x200000a4   Data           4  heap_4.o(.data)
    xBlockAllocatedBit                       0x200000a8   Data           4  heap_4.o(.data)
    xStart                                   0x200000ac   Data           8  heap_4.o(.data)
    .bss                                     0x200000b4   Section       36  task.o(.bss)
    .bss                                     0x200000d8   Section      352  usart.o(.bss)
    .bss                                     0x20000238   Section       28  mpu9250.o(.bss)
    .bss                                     0x20000254   Section     1836  sensors.o(.bss)
    .bss                                     0x20000980   Section       64  queue.o(.bss)
    .bss                                     0x200009c0   Section      300  tasks.o(.bss)
    pxReadyTasksLists                        0x200009c0   Data         200  tasks.o(.bss)
    xDelayedTaskList1                        0x20000a88   Data          20  tasks.o(.bss)
    xDelayedTaskList2                        0x20000a9c   Data          20  tasks.o(.bss)
    xPendingReadyList                        0x20000ab0   Data          20  tasks.o(.bss)
    xTasksWaitingTermination                 0x20000ac4   Data          20  tasks.o(.bss)
    xSuspendedTaskList                       0x20000ad8   Data          20  tasks.o(.bss)
    .bss                                     0x20000aec   Section       40  timers.o(.bss)
    xActiveTimerList1                        0x20000aec   Data          20  timers.o(.bss)
    xActiveTimerList2                        0x20000b00   Data          20  timers.o(.bss)
    .bss                                     0x20000b14   Section    76800  heap_4.o(.bss)
    ucHeap                                   0x20000b14   Data       76800  heap_4.o(.bss)
    STACK                                    0x20013718   Section     1024  startup_stm32f427x.o(STACK)

    Global Symbols

    Symbol Name                              Value     Ov Type        Size  Object(Section)

    BuildAttributes$$THM_ISAv4$E$P$D$K$B$S$7EM$VFPi3$EXTD16$VFPS$VFMA$PE$A:L22UL41UL21$X:L11$S22US41US21$IEEE1$IW$USESV6$~STKCKD$USESV7$~SHL$OTIME$ROPI$EBA8$MICROLIB$REQ8$PRES8$EABIv2 0x00000000   Number         0  anon$$obj.o ABSOLUTE
    __ARM_use_no_argv                        0x00000000   Number         0  main.o ABSOLUTE
    __use_no_errno                           0x00000000   Number         0  useno.o ABSOLUTE
    __use_no_exception_handling              0x00000000   Number         0  useno.o ABSOLUTE
    __use_no_fp                              0x00000000   Number         0  useno.o ABSOLUTE
    __use_no_heap                            0x00000000   Number         0  useno.o ABSOLUTE
    __use_no_heap_region                     0x00000000   Number         0  useno.o ABSOLUTE
    __use_no_semihosting                     0x00000000   Number         0  useno.o ABSOLUTE
    __use_no_semihosting_swi                 0x00000000   Number         0  useno.o ABSOLUTE
    __use_no_signal_handling                 0x00000000   Number         0  useno.o ABSOLUTE
    __cpp_initialize__aeabi_                  - Undefined Weak Reference
    __cxa_finalize                            - Undefined Weak Reference
    __decompress                              - Undefined Weak Reference
    _clock_init                               - Undefined Weak Reference
    _microlib_exit                            - Undefined Weak Reference
    __Vectors_Size                           0x000001ac   Number         0  startup_stm32f427x.o ABSOLUTE
    __Vectors                                0x08000000   Data           4  startup_stm32f427x.o(RESET)
    __Vectors_End                            0x080001ac   Data           0  startup_stm32f427x.o(RESET)
    __main                                   0x080001ad   Thumb Code     0  entry.o(.ARM.Collect$$$$00000000)
    _main_stk                                0x080001ad   Thumb Code     0  entry2.o(.ARM.Collect$$$$00000001)
    _main_scatterload                        0x080001b1   Thumb Code     0  entry5.o(.ARM.Collect$$$$00000004)
    __main_after_scatterload                 0x080001b5   Thumb Code     0  entry5.o(.ARM.Collect$$$$00000004)
    _main_clock                              0x080001b5   Thumb Code     0  entry7b.o(.ARM.Collect$$$$00000008)
    _main_cpp_init                           0x080001b5   Thumb Code     0  entry8b.o(.ARM.Collect$$$$0000000A)
    _main_init                               0x080001b5   Thumb Code     0  entry9a.o(.ARM.Collect$$$$0000000B)
    __rt_final_cpp                           0x080001bd   Thumb Code     0  entry10a.o(.ARM.Collect$$$$0000000D)
    __rt_final_exit                          0x080001bd   Thumb Code     0  entry11a.o(.ARM.Collect$$$$0000000F)
    SVC_Handler                              0x080001c1   Thumb Code    28  port.o(.emb_text)
    __asm___6_port_c_39a90d8d__prvStartFirstTask 0x080001e1   Thumb Code    36  port.o(.emb_text)
    __asm___6_port_c_39a90d8d__prvEnableVFP  0x08000209   Thumb Code    16  port.o(.emb_text)
    PendSV_Handler                           0x0800021d   Thumb Code    88  port.o(.emb_text)
    vPortGetIPSR                             0x08000279   Thumb Code     6  port.o(.emb_text)
    Reset_Handler                            0x08000281   Thumb Code     8  startup_stm32f427x.o(.text)
    ADC_IRQHandler                           0x0800029b   Thumb Code     0  startup_stm32f427x.o(.text)
    CAN1_RX0_IRQHandler                      0x0800029b   Thumb Code     0  startup_stm32f427x.o(.text)
    CAN1_RX1_IRQHandler                      0x0800029b   Thumb Code     0  startup_stm32f427x.o(.text)
    CAN1_SCE_IRQHandler                      0x0800029b   Thumb Code     0  startup_stm32f427x.o(.text)
    CAN1_TX_IRQHandler                       0x0800029b   Thumb Code     0  startup_stm32f427x.o(.text)
    CAN2_RX0_IRQHandler                      0x0800029b   Thumb Code     0  startup_stm32f427x.o(.text)
    CAN2_RX1_IRQHandler                      0x0800029b   Thumb Code     0  startup_stm32f427x.o(.text)
    CAN2_SCE_IRQHandler                      0x0800029b   Thumb Code     0  startup_stm32f427x.o(.text)
    CAN2_TX_IRQHandler                       0x0800029b   Thumb Code     0  startup_stm32f427x.o(.text)
    CRYP_IRQHandler                          0x0800029b   Thumb Code     0  startup_stm32f427x.o(.text)
    DCMI_IRQHandler                          0x0800029b   Thumb Code     0  startup_stm32f427x.o(.text)
    DMA1_Stream0_IRQHandler                  0x0800029b   Thumb Code     0  startup_stm32f427x.o(.text)
    DMA1_Stream1_IRQHandler                  0x0800029b   Thumb Code     0  startup_stm32f427x.o(.text)
    DMA1_Stream2_IRQHandler                  0x0800029b   Thumb Code     0  startup_stm32f427x.o(.text)
    DMA1_Stream3_IRQHandler                  0x0800029b   Thumb Code     0  startup_stm32f427x.o(.text)
    DMA1_Stream4_IRQHandler                  0x0800029b   Thumb Code     0  startup_stm32f427x.o(.text)
    DMA1_Stream5_IRQHandler                  0x0800029b   Thumb Code     0  startup_stm32f427x.o(.text)
    DMA1_Stream6_IRQHandler                  0x0800029b   Thumb Code     0  startup_stm32f427x.o(.text)
    DMA1_Stream7_IRQHandler                  0x0800029b   Thumb Code     0  startup_stm32f427x.o(.text)
    DMA2D_IRQHandler                         0x0800029b   Thumb Code     0  startup_stm32f427x.o(.text)
    DMA2_Stream0_IRQHandler                  0x0800029b   Thumb Code     0  startup_stm32f427x.o(.text)
    DMA2_Stream1_IRQHandler                  0x0800029b   Thumb Code     0  startup_stm32f427x.o(.text)
    DMA2_Stream2_IRQHandler                  0x0800029b   Thumb Code     0  startup_stm32f427x.o(.text)
    DMA2_Stream3_IRQHandler                  0x0800029b   Thumb Code     0  startup_stm32f427x.o(.text)
    DMA2_Stream4_IRQHandler                  0x0800029b   Thumb Code     0  startup_stm32f427x.o(.text)
    DMA2_Stream5_IRQHandler                  0x0800029b   Thumb Code     0  startup_stm32f427x.o(.text)
    DMA2_Stream6_IRQHandler                  0x0800029b   Thumb Code     0  startup_stm32f427x.o(.text)
    DMA2_Stream7_IRQHandler                  0x0800029b   Thumb Code     0  startup_stm32f427x.o(.text)
    ETH_IRQHandler                           0x0800029b   Thumb Code     0  startup_stm32f427x.o(.text)
    ETH_WKUP_IRQHandler                      0x0800029b   Thumb Code     0  startup_stm32f427x.o(.text)
    EXTI0_IRQHandler                         0x0800029b   Thumb Code     0  startup_stm32f427x.o(.text)
    EXTI15_10_IRQHandler                     0x0800029b   Thumb Code     0  startup_stm32f427x.o(.text)
    EXTI1_IRQHandler                         0x0800029b   Thumb Code     0  startup_stm32f427x.o(.text)
    EXTI2_IRQHandler                         0x0800029b   Thumb Code     0  startup_stm32f427x.o(.text)
    EXTI3_IRQHandler                         0x0800029b   Thumb Code     0  startup_stm32f427x.o(.text)
    EXTI4_IRQHandler                         0x0800029b   Thumb Code     0  startup_stm32f427x.o(.text)
    EXTI9_5_IRQHandler                       0x0800029b   Thumb Code     0  startup_stm32f427x.o(.text)
    FLASH_IRQHandler                         0x0800029b   Thumb Code     0  startup_stm32f427x.o(.text)
    FMC_IRQHandler                           0x0800029b   Thumb Code     0  startup_stm32f427x.o(.text)
    FPU_IRQHandler                           0x0800029b   Thumb Code     0  startup_stm32f427x.o(.text)
    HASH_RNG_IRQHandler                      0x0800029b   Thumb Code     0  startup_stm32f427x.o(.text)
    I2C1_ER_IRQHandler                       0x0800029b   Thumb Code     0  startup_stm32f427x.o(.text)
    I2C1_EV_IRQHandler                       0x0800029b   Thumb Code     0  startup_stm32f427x.o(.text)
    I2C2_ER_IRQHandler                       0x0800029b   Thumb Code     0  startup_stm32f427x.o(.text)
    I2C2_EV_IRQHandler                       0x0800029b   Thumb Code     0  startup_stm32f427x.o(.text)
    I2C3_ER_IRQHandler                       0x0800029b   Thumb Code     0  startup_stm32f427x.o(.text)
    I2C3_EV_IRQHandler                       0x0800029b   Thumb Code     0  startup_stm32f427x.o(.text)
    OTG_FS_IRQHandler                        0x0800029b   Thumb Code     0  startup_stm32f427x.o(.text)
    OTG_FS_WKUP_IRQHandler                   0x0800029b   Thumb Code     0  startup_stm32f427x.o(.text)
    OTG_HS_EP1_IN_IRQHandler                 0x0800029b   Thumb Code     0  startup_stm32f427x.o(.text)
    OTG_HS_EP1_OUT_IRQHandler                0x0800029b   Thumb Code     0  startup_stm32f427x.o(.text)
    OTG_HS_IRQHandler                        0x0800029b   Thumb Code     0  startup_stm32f427x.o(.text)
    OTG_HS_WKUP_IRQHandler                   0x0800029b   Thumb Code     0  startup_stm32f427x.o(.text)
    PVD_IRQHandler                           0x0800029b   Thumb Code     0  startup_stm32f427x.o(.text)
    RCC_IRQHandler                           0x0800029b   Thumb Code     0  startup_stm32f427x.o(.text)
    RTC_Alarm_IRQHandler                     0x0800029b   Thumb Code     0  startup_stm32f427x.o(.text)
    RTC_WKUP_IRQHandler                      0x0800029b   Thumb Code     0  startup_stm32f427x.o(.text)
    SAI1_IRQHandler                          0x0800029b   Thumb Code     0  startup_stm32f427x.o(.text)
    SDIO_IRQHandler                          0x0800029b   Thumb Code     0  startup_stm32f427x.o(.text)
    SPI1_IRQHandler                          0x0800029b   Thumb Code     0  startup_stm32f427x.o(.text)
    SPI2_IRQHandler                          0x0800029b   Thumb Code     0  startup_stm32f427x.o(.text)
    SPI3_IRQHandler                          0x0800029b   Thumb Code     0  startup_stm32f427x.o(.text)
    SPI4_IRQHandler                          0x0800029b   Thumb Code     0  startup_stm32f427x.o(.text)
    SPI5_IRQHandler                          0x0800029b   Thumb Code     0  startup_stm32f427x.o(.text)
    SPI6_IRQHandler                          0x0800029b   Thumb Code     0  startup_stm32f427x.o(.text)
    TAMP_STAMP_IRQHandler                    0x0800029b   Thumb Code     0  startup_stm32f427x.o(.text)
    TIM1_BRK_TIM9_IRQHandler                 0x0800029b   Thumb Code     0  startup_stm32f427x.o(.text)
    TIM1_CC_IRQHandler                       0x0800029b   Thumb Code     0  startup_stm32f427x.o(.text)
    TIM1_TRG_COM_TIM11_IRQHandler            0x0800029b   Thumb Code     0  startup_stm32f427x.o(.text)
    TIM1_UP_TIM10_IRQHandler                 0x0800029b   Thumb Code     0  startup_stm32f427x.o(.text)
    TIM2_IRQHandler                          0x0800029b   Thumb Code     0  startup_stm32f427x.o(.text)
    TIM3_IRQHandler                          0x0800029b   Thumb Code     0  startup_stm32f427x.o(.text)
    TIM4_IRQHandler                          0x0800029b   Thumb Code     0  startup_stm32f427x.o(.text)
    TIM5_IRQHandler                          0x0800029b   Thumb Code     0  startup_stm32f427x.o(.text)
    TIM6_DAC_IRQHandler                      0x0800029b   Thumb Code     0  startup_stm32f427x.o(.text)
    TIM7_IRQHandler                          0x0800029b   Thumb Code     0  startup_stm32f427x.o(.text)
    TIM8_BRK_TIM12_IRQHandler                0x0800029b   Thumb Code     0  startup_stm32f427x.o(.text)
    TIM8_CC_IRQHandler                       0x0800029b   Thumb Code     0  startup_stm32f427x.o(.text)
    TIM8_TRG_COM_TIM14_IRQHandler            0x0800029b   Thumb Code     0  startup_stm32f427x.o(.text)
    TIM8_UP_TIM13_IRQHandler                 0x0800029b   Thumb Code     0  startup_stm32f427x.o(.text)
    UART4_IRQHandler                         0x0800029b   Thumb Code     0  startup_stm32f427x.o(.text)
    UART5_IRQHandler                         0x0800029b   Thumb Code     0  startup_stm32f427x.o(.text)
    UART7_IRQHandler                         0x0800029b   Thumb Code     0  startup_stm32f427x.o(.text)
    UART8_IRQHandler                         0x0800029b   Thumb Code     0  startup_stm32f427x.o(.text)
    USART2_IRQHandler                        0x0800029b   Thumb Code     0  startup_stm32f427x.o(.text)
    USART3_IRQHandler                        0x0800029b   Thumb Code     0  startup_stm32f427x.o(.text)
    USART6_IRQHandler                        0x0800029b   Thumb Code     0  startup_stm32f427x.o(.text)
    WWDG_IRQHandler                          0x0800029b   Thumb Code     0  startup_stm32f427x.o(.text)
    __aeabi_ldivmod                          0x080002a5   Thumb Code    98  ldiv.o(.text)
    __aeabi_memcpy                           0x08000307   Thumb Code    36  memcpya.o(.text)
    __aeabi_memcpy4                          0x08000307   Thumb Code     0  memcpya.o(.text)
    __aeabi_memcpy8                          0x08000307   Thumb Code     0  memcpya.o(.text)
    __aeabi_memset                           0x0800032b   Thumb Code    14  memseta.o(.text)
    __aeabi_memset4                          0x0800032b   Thumb Code     0  memseta.o(.text)
    __aeabi_memset8                          0x0800032b   Thumb Code     0  memseta.o(.text)
    __aeabi_memclr                           0x08000339   Thumb Code     4  memseta.o(.text)
    __aeabi_memclr4                          0x08000339   Thumb Code     0  memseta.o(.text)
    __aeabi_memclr8                          0x08000339   Thumb Code     0  memseta.o(.text)
    memset                                   0x0800033d   Thumb Code    18  memseta.o(.text)
    __aeabi_l2f                              0x0800034f   Thumb Code    44  ffltl.o(.text)
    __aeabi_uldivmod                         0x0800037b   Thumb Code    98  uldiv.o(.text)
    __I$use$fp                               0x080003dd   Thumb Code     0  iusefp.o(.text)
    _float_round                             0x080003dd   Thumb Code    18  fepilogue.o(.text)
    _float_epilogue                          0x080003ef   Thumb Code    92  fepilogue.o(.text)
    __scatterload                            0x0800044d   Thumb Code    28  init.o(.text)
    __scatterload_rt2                        0x0800044d   Thumb Code     0  init.o(.text)
    __aeabi_llsl                             0x08000471   Thumb Code    30  llshl.o(.text)
    _ll_shift_l                              0x08000471   Thumb Code     0  llshl.o(.text)
    __aeabi_llsr                             0x0800048f   Thumb Code    32  llushr.o(.text)
    _ll_ushift_r                             0x0800048f   Thumb Code     0  llushr.o(.text)
    BusFault_Handler                         0x080004af   Thumb Code     2  stm32f4xx_it.o(i.BusFault_Handler)
    DebugMon_Handler                         0x08000501   Thumb Code     2  stm32f4xx_it.o(i.DebugMon_Handler)
    HAL_DMA_Abort                            0x08000503   Thumb Code    82  stm32f4xx_hal_dma.o(i.HAL_DMA_Abort)
    HAL_DMA_DeInit                           0x08000555   Thumb Code    86  stm32f4xx_hal_dma.o(i.HAL_DMA_DeInit)
    HAL_DMA_Init                             0x080005ad   Thumb Code   116  stm32f4xx_hal_dma.o(i.HAL_DMA_Init)
    HAL_DMA_Start                            0x08000625   Thumb Code    58  stm32f4xx_hal_dma.o(i.HAL_DMA_Start)
    HAL_GPIO_Init                            0x08000661   Thumb Code   422  stm32f4xx_hal_gpio.o(i.HAL_GPIO_Init)
    HAL_GPIO_WritePin                        0x0800083d   Thumb Code    10  stm32f4xx_hal_gpio.o(i.HAL_GPIO_WritePin)
    HAL_GetTick                              0x08000849   Thumb Code     6  stm32f4xx_hal.o(i.HAL_GetTick)
    HAL_Init                                 0x08000855   Thumb Code    48  stm32f4xx_hal.o(i.HAL_Init)
    HAL_InitTick                             0x08000889   Thumb Code    34  stm32f4xx_hal.o(i.HAL_InitTick)
    HAL_MspInit                              0x080008ab   Thumb Code     8  stm32f4xx_hal.o(i.HAL_MspInit)
    HAL_NVIC_EnableIRQ                       0x080008b3   Thumb Code    22  stm32f4xx_hal_cortex.o(i.HAL_NVIC_EnableIRQ)
    HAL_NVIC_SetPriority                     0x080008c9   Thumb Code    60  stm32f4xx_hal_cortex.o(i.HAL_NVIC_SetPriority)
    HAL_NVIC_SetPriorityGrouping             0x08000909   Thumb Code    26  stm32f4xx_hal_cortex.o(i.HAL_NVIC_SetPriorityGrouping)
    HAL_PWREx_EnableOverDrive                0x0800092d   Thumb Code   122  stm32f4xx_hal_pwr_ex.o(i.HAL_PWREx_EnableOverDrive)
    HAL_RCC_ClockConfig                      0x080009b5   Thumb Code   512  stm32f4xx_hal_rcc.o(i.HAL_RCC_ClockConfig)
    HAL_RCC_GetHCLKFreq                      0x08000bbd   Thumb Code    38  stm32f4xx_hal_rcc.o(i.HAL_RCC_GetHCLKFreq)
    HAL_RCC_GetPCLK1Freq                     0x08000bf1   Thumb Code    36  stm32f4xx_hal_rcc.o(i.HAL_RCC_GetPCLK1Freq)
    HAL_RCC_GetPCLK2Freq                     0x08000c1d   Thumb Code    36  stm32f4xx_hal_rcc.o(i.HAL_RCC_GetPCLK2Freq)
    HAL_RCC_GetSysClockFreq                  0x08000c49   Thumb Code   104  stm32f4xx_hal_rcc.o(i.HAL_RCC_GetSysClockFreq)
    HAL_RCC_OscConfig                        0x08000cbd   Thumb Code   774  stm32f4xx_hal_rcc.o(i.HAL_RCC_OscConfig)
    HAL_SYSTICK_CLKSourceConfig              0x08000fd9   Thumb Code    24  stm32f4xx_hal_cortex.o(i.HAL_SYSTICK_CLKSourceConfig)
    HAL_SYSTICK_Config                       0x08000ff1   Thumb Code    40  stm32f4xx_hal_cortex.o(i.HAL_SYSTICK_Config)
    HAL_UART_DMAStop                         0x08001019   Thumb Code    50  stm32f4xx_hal_uart.o(i.HAL_UART_DMAStop)
    HAL_UART_ErrorCallback                   0x0800104b   Thumb Code     2  stm32f4xx_hal_uart.o(i.HAL_UART_ErrorCallback)
    HAL_UART_GetState                        0x0800104d   Thumb Code     6  stm32f4xx_hal_uart.o(i.HAL_UART_GetState)
    HAL_UART_IRQHandler                      0x08001053   Thumb Code   244  stm32f4xx_hal_uart.o(i.HAL_UART_IRQHandler)
    HAL_UART_Init                            0x08001147   Thumb Code    94  stm32f4xx_hal_uart.o(i.HAL_UART_Init)
    HAL_UART_MspInit                         0x080011a5   Thumb Code   112  usart.o(i.HAL_UART_MspInit)
    HAL_UART_Receive_IT                      0x08001221   Thumb Code   104  stm32f4xx_hal_uart.o(i.HAL_UART_Receive_IT)
    HAL_UART_RxCpltCallback                  0x08001289   Thumb Code    76  usart.o(i.HAL_UART_RxCpltCallback)
    HAL_UART_TxCpltCallback                  0x080012e1   Thumb Code     2  stm32f4xx_hal_uart.o(i.HAL_UART_TxCpltCallback)
    HardFault_Handler                        0x080012e3   Thumb Code     2  stm32f4xx_it.o(i.HardFault_Handler)
    IIC_Ack                                  0x080012e5   Thumb Code    88  iic.o(i.IIC_Ack)
    IIC_NAck                                 0x0800133d   Thumb Code    88  iic.o(i.IIC_NAck)
    IIC_READ_SDA                             0x08001395   Thumb Code    86  iic.o(i.IIC_READ_SDA)
    IIC_Read_Byte                            0x08001411   Thumb Code   128  iic.o(i.IIC_Read_Byte)
    IIC_SCL                                  0x08001491   Thumb Code    84  iic.o(i.IIC_SCL)
    IIC_SDA                                  0x08001509   Thumb Code    84  iic.o(i.IIC_SDA)
    IIC_Send_Byte                            0x08001581   Thumb Code   110  iic.o(i.IIC_Send_Byte)
    IIC_Start                                0x080015ef   Thumb Code    90  iic.o(i.IIC_Start)
    IIC_Stop                                 0x08001649   Thumb Code    90  iic.o(i.IIC_Stop)
    IIC_Wait_Ack                             0x080016a3   Thumb Code   118  iic.o(i.IIC_Wait_Ack)
    IIC_delay                                0x08001719   Thumb Code    12  iic.o(i.IIC_delay)
    LED_Init                                 0x08001725   Thumb Code    76  led.o(i.LED_Init)
    MPU9250_IIC_Read                         0x08001779   Thumb Code   150  mpu9250.o(i.MPU9250_IIC_Read)
    MPU9250_IIC_Write                        0x0800180f   Thumb Code   120  mpu9250.o(i.MPU9250_IIC_Write)
    MemManage_Handler                        0x08001887   Thumb Code     2  stm32f4xx_it.o(i.MemManage_Handler)
    NMI_Handler                              0x08001889   Thumb Code     2  stm32f4xx_it.o(i.NMI_Handler)
    READ_MPU9250_ACCEL                       0x080018ad   Thumb Code   142  mpu9250.o(i.READ_MPU9250_ACCEL)
    READ_MPU9250_GYRO                        0x08001945   Thumb Code   142  mpu9250.o(i.READ_MPU9250_GYRO)
    SDA_IN                                   0x080019dd   Thumb Code    20  iic.o(i.SDA_IN)
    SDA_OUT                                  0x080019f1   Thumb Code    26  iic.o(i.SDA_OUT)
    Send_RCData                              0x08001a0d   Thumb Code   426  swj.o(i.Send_RCData)
    Stm32_Clock_Init                         0x08001bc5   Thumb Code   122  sys.o(i.Stm32_Clock_Init)
    SysTick_Handler                          0x08001c49   Thumb Code    28  delay.o(i.SysTick_Handler)
    SystemInit                               0x08001c69   Thumb Code    66  system_stm32f4xx.o(i.SystemInit)
    UART1DMA_Config                          0x08001cbd   Thumb Code   102  usart.o(i.UART1DMA_Config)
    UART1DMA_USART_Transmit                  0x08001d31   Thumb Code    28  usart.o(i.UART1DMA_USART_Transmit)
    USART1_IRQHandler                        0x08001fd1   Thumb Code    34  usart.o(i.USART1_IRQHandler)
    UsageFault_Handler                       0x08001ffd   Thumb Code     2  stm32f4xx_it.o(i.UsageFault_Handler)
    __scatterload_copy                       0x08001fff   Thumb Code    14  handlers.o(i.__scatterload_copy)
    __scatterload_null                       0x0800200d   Thumb Code     2  handlers.o(i.__scatterload_null)
    __scatterload_zeroinit                   0x0800200f   Thumb Code    14  handlers.o(i.__scatterload_zeroinit)
    delay_init                               0x0800201d   Thumb Code    50  delay.o(i.delay_init)
    delay_ms                                 0x08002055   Thumb Code    52  delay.o(i.delay_ms)
    delay_us                                 0x0800208d   Thumb Code    48  delay.o(i.delay_us)
    getGyroBias                              0x080020c1   Thumb Code   108  sensors.o(i.getGyroBias)
    getGyroBiasMeanAndVar                    0x08002141   Thumb Code   398  sensors.o(i.getGyroBiasMeanAndVar)
    iicPortDef                               0x080022d9   Thumb Code   726  iic.o(i.iicPortDef)
    iicSingleInit                            0x080025bd   Thumb Code    52  iic.o(i.iicSingleInit)
    ledFlash                                 0x080025f1   Thumb Code    60  led.o(i.ledFlash)
    main                                     0x08002631   Thumb Code    42  main.o(i.main)
    mpu9250_Init                             0x08002675   Thumb Code   300  mpu9250.o(i.mpu9250_Init)
    pvPortMalloc                             0x08002ecd   Thumb Code   210  heap_4.o(i.pvPortMalloc)
    pxPortInitialiseStack                    0x08002fa5   Thumb Code    40  port.o(i.pxPortInitialiseStack)
    sensorsQueueInit                         0x08002fd1   Thumb Code    18  sensors.o(i.sensorsQueueInit)
    sysInit                                  0x0800307d   Thumb Code    54  sysinit.o(i.sysInit)
    uart_init                                0x080030b9   Thumb Code    54  usart.o(i.uart_init)
    uxListRemove                             0x08003101   Thumb Code    38  list.o(i.uxListRemove)
    uxTaskResetEventItemValue                0x08003129   Thumb Code    20  tasks.o(i.uxTaskResetEventItemValue)
    vListInitialise                          0x08003141   Thumb Code    22  list.o(i.vListInitialise)
    vListInitialiseItem                      0x08003157   Thumb Code     6  list.o(i.vListInitialiseItem)
    vListInsert                              0x0800315d   Thumb Code    48  list.o(i.vListInsert)
    vListInsertEnd                           0x0800318d   Thumb Code    24  list.o(i.vListInsertEnd)
    vPortEnterCritical                       0x080031a5   Thumb Code    54  port.o(i.vPortEnterCritical)
    vPortExitCritical                        0x080031e5   Thumb Code    34  port.o(i.vPortExitCritical)
    vPortFree                                0x0800320d   Thumb Code    88  heap_4.o(i.vPortFree)
    vPortSetupTimerInterrupt                 0x08003269   Thumb Code    32  port.o(i.vPortSetupTimerInterrupt)
    vPortValidateInterruptPriority           0x0800328d   Thumb Code    74  port.o(i.vPortValidateInterruptPriority)
    vQueueAddToRegistry                      0x080032e1   Thumb Code    32  queue.o(i.vQueueAddToRegistry)
    vQueueWaitForMessageRestricted           0x08003305   Thumb Code    68  queue.o(i.vQueueWaitForMessageRestricted)
    vTaskDataUpload                          0x08003349   Thumb Code   346  task.o(i.vTaskDataUpload)
    vTaskDelay                               0x080034d5   Thumb Code    66  tasks.o(i.vTaskDelay)
    vTaskDelete                              0x08003521   Thumb Code   156  tasks.o(i.vTaskDelete)
    vTaskIndicatorLED                        0x080035cd   Thumb Code    18  task.o(i.vTaskIndicatorLED)
    vTaskInternalSetTimeOutState             0x080035e5   Thumb Code    12  tasks.o(i.vTaskInternalSetTimeOutState)
    vTaskMissedYield                         0x080035f5   Thumb Code     8  tasks.o(i.vTaskMissedYield)
    vTaskPlaceOnEventList                    0x08003601   Thumb Code    44  tasks.o(i.vTaskPlaceOnEventList)
    vTaskPlaceOnEventListRestricted          0x08003631   Thumb Code    52  tasks.o(i.vTaskPlaceOnEventListRestricted)
    vTaskPlaceOnUnorderedEventList           0x08003669   Thumb Code    72  tasks.o(i.vTaskPlaceOnUnorderedEventList)
    vTaskReadSenser                          0x080036b5   Thumb Code    60  task.o(i.vTaskReadSenser)
    vTaskRemoveFromUnorderedEventList        0x080036fd   Thumb Code   104  tasks.o(i.vTaskRemoveFromUnorderedEventList)
    vTaskStartScheduler                      0x0800376d   Thumb Code    94  tasks.o(i.vTaskStartScheduler)
    vTaskSuspendAll                          0x080037dd   Thumb Code    10  tasks.o(i.vTaskSuspendAll)
    vTaskSwitchContext                       0x080037ed   Thumb Code    82  tasks.o(i.vTaskSwitchContext)
    xEventGroupCreate                        0x08003849   Thumb Code    26  event_groups.o(i.xEventGroupCreate)
    xEventGroupSetBits                       0x08003863   Thumb Code   140  event_groups.o(i.xEventGroupSetBits)
    xEventGroupWaitBits                      0x080038f1   Thumb Code   258  event_groups.o(i.xEventGroupWaitBits)
    xPortStartScheduler                      0x080039f9   Thumb Code   224  port.o(i.xPortStartScheduler)
    xPortSysTickHandler                      0x08003aed   Thumb Code    38  port.o(i.xPortSysTickHandler)
    xQueueGenericCreate                      0x08003b19   Thumb Code    82  queue.o(i.xQueueGenericCreate)
    xQueueGenericReset                       0x08003b6d   Thumb Code   132  queue.o(i.xQueueGenericReset)
    xQueueGenericSend                        0x08003bf5   Thumb Code   350  queue.o(i.xQueueGenericSend)
    xQueueGenericSendFromISR                 0x08003d59   Thumb Code   188  queue.o(i.xQueueGenericSendFromISR)
    xQueueReceive                            0x08003e15   Thumb Code   308  queue.o(i.xQueueReceive)
    xTaskCheckForTimeOut                     0x08003f4d   Thumb Code   112  tasks.o(i.xTaskCheckForTimeOut)
    xTaskCreate                              0x08003fc1   Thumb Code    86  tasks.o(i.xTaskCreate)
    xTaskGetSchedulerState                   0x08004019   Thumb Code    22  tasks.o(i.xTaskGetSchedulerState)
    xTaskGetTickCount                        0x08004035   Thumb Code     6  tasks.o(i.xTaskGetTickCount)
    xTaskIncrementTick                       0x08004041   Thumb Code   192  tasks.o(i.xTaskIncrementTick)
    xTaskPriorityDisinherit                  0x08004109   Thumb Code   144  tasks.o(i.xTaskPriorityDisinherit)
    xTaskRemoveFromEventList                 0x080041a1   Thumb Code   108  tasks.o(i.xTaskRemoveFromEventList)
    xTaskResumeAll                           0x08004215   Thumb Code   182  tasks.o(i.xTaskResumeAll)
    xTimerCreateTimerTask                    0x080042d9   Thumb Code    58  timers.o(i.xTimerCreateTimerTask)
    xTimerGenericCommand                     0x08004325   Thumb Code    88  timers.o(i.xTimerGenericCommand)
    APBAHBPrescTable                         0x08004380   Data          16  stm32f4xx_hal_rcc.o(.constdata)
    Region$$Table$$Base                      0x08004398   Number         0  anon$$obj.o(Region$$Table)
    Region$$Table$$Limit                     0x080043b8   Number         0  anon$$obj.o(Region$$Table)
    startTaskHandle                          0x20000000   Data           4  main.o(.data)
    SystemCoreClock                          0x20000004   Data           4  system_stm32f4xx.o(.data)
    xCreatedEventGroup                       0x20000008   Data           4  task.o(.data)
    aRxBuffer                                0x2000001c   Data           1  usart.o(.data)
    USART_RX_STA                             0x2000001e   Data           2  usart.o(.data)
    accOriginalData                          0x20000020   Data           6  mpu9250.o(.data)
    gyroOriginalData                         0x20000026   Data           6  mpu9250.o(.data)
    magOriginalData                          0x2000002c   Data           6  mpu9250.o(.data)
    i                                        0x20000032   Data           1  swj.o(.data)
    isBufferFulled                           0x20000034   Data           1  sensors.o(.data)
    isGetGyroBiasFinished                    0x20000035   Data           1  sensors.o(.data)
    bufHead                                  0x20000038   Data           4  sensors.o(.data)
    pxCurrentTCB                             0x20000040   Data           4  tasks.o(.data)
    mpu9250_data                             0x200000b4   Data          36  task.o(.bss)
    USART_RX_BUF                             0x200000d8   Data         200  usart.o(.bss)
    UART1_Handler                            0x200001a0   Data          64  usart.o(.bss)
    UART1TxDMA_Handler                       0x200001e0   Data          88  usart.o(.bss)
    ASA                                      0x20000238   Data          12  mpu9250.o(.bss)
    mpu9250_iic                              0x20000244   Data          16  mpu9250.o(.bss)
    gyroBias                                 0x20000254   Data          24  sensors.o(.bss)
    gyroBiasSampleBuffer                     0x2000026c   Data        1800  sensors.o(.bss)
    gyroDataProcessed                        0x20000974   Data          12  sensors.o(.bss)
    xQueueRegistry                           0x20000980   Data          64  queue.o(.bss)
    __initial_sp                             0x20013b18   Data           0  startup_stm32f427x.o(STACK)



==============================================================================

Memory Map of the image

  Image Entry point : 0x080001ad

  Load Region LR_IROM1 (Base: 0x08000000, Size: 0x0000446c, Max: 0x00200000, ABSOLUTE)

    Execution Region ER_IROM1 (Base: 0x08000000, Size: 0x000043b8, Max: 0x00200000, ABSOLUTE)

    Base Addr    Size         Type   Attr      Idx    E Section Name        Object

    0x08000000   0x000001ac   Data   RO          487    RESET               startup_stm32f427x.o
    0x080001ac   0x00000000   Code   RO         3492  * .ARM.Collect$$$$00000000  mc_w.l(entry.o)
    0x080001ac   0x00000004   Code   RO         3509    .ARM.Collect$$$$00000001  mc_w.l(entry2.o)
    0x080001b0   0x00000004   Code   RO         3512    .ARM.Collect$$$$00000004  mc_w.l(entry5.o)
    0x080001b4   0x00000000   Code   RO         3514    .ARM.Collect$$$$00000008  mc_w.l(entry7b.o)
    0x080001b4   0x00000000   Code   RO         3516    .ARM.Collect$$$$0000000A  mc_w.l(entry8b.o)
    0x080001b4   0x00000008   Code   RO         3517    .ARM.Collect$$$$0000000B  mc_w.l(entry9a.o)
    0x080001bc   0x00000000   Code   RO         3519    .ARM.Collect$$$$0000000D  mc_w.l(entry10a.o)
    0x080001bc   0x00000000   Code   RO         3521    .ARM.Collect$$$$0000000F  mc_w.l(entry11a.o)
    0x080001bc   0x00000004   Code   RO         3510    .ARM.Collect$$$$00002712  mc_w.l(entry2.o)
    0x080001c0   0x000000be   Code   RO         3338    .emb_text           port.o
    0x0800027e   0x00000002   PAD
    0x08000280   0x00000024   Code   RO          488    .text               startup_stm32f427x.o
    0x080002a4   0x00000062   Code   RO         3495    .text               mc_w.l(ldiv.o)
    0x08000306   0x00000024   Code   RO         3499    .text               mc_w.l(memcpya.o)
    0x0800032a   0x00000024   Code   RO         3503    .text               mc_w.l(memseta.o)
    0x0800034e   0x0000002c   Code   RO         3507    .text               mf_w.l(ffltl.o)
    0x0800037a   0x00000062   Code   RO         3523    .text               mc_w.l(uldiv.o)
    0x080003dc   0x00000000   Code   RO         3525    .text               mc_w.l(iusefp.o)
    0x080003dc   0x0000006e   Code   RO         3526    .text               mf_w.l(fepilogue.o)
    0x0800044a   0x00000002   PAD
    0x0800044c   0x00000024   Code   RO         3528    .text               mc_w.l(init.o)
    0x08000470   0x0000001e   Code   RO         3530    .text               mc_w.l(llshl.o)
    0x0800048e   0x00000020   Code   RO         3532    .text               mc_w.l(llushr.o)
    0x080004ae   0x00000002   Code   RO          335    i.BusFault_Handler  stm32f4xx_it.o
    0x080004b0   0x00000028   Code   RO         1630    i.DMA_CalcBaseAndBitshift  stm32f4xx_hal_dma.o
    0x080004d8   0x00000028   Code   RO         1631    i.DMA_SetConfig     stm32f4xx_hal_dma.o
    0x08000500   0x00000002   Code   RO          336    i.DebugMon_Handler  stm32f4xx_it.o
    0x08000502   0x00000052   Code   RO         1632    i.HAL_DMA_Abort     stm32f4xx_hal_dma.o
    0x08000554   0x00000056   Code   RO         1633    i.HAL_DMA_DeInit    stm32f4xx_hal_dma.o
    0x080005aa   0x00000002   PAD
    0x080005ac   0x00000078   Code   RO         1637    i.HAL_DMA_Init      stm32f4xx_hal_dma.o
    0x08000624   0x0000003a   Code   RO         1639    i.HAL_DMA_Start     stm32f4xx_hal_dma.o
    0x0800065e   0x00000002   PAD
    0x08000660   0x000001dc   Code   RO          779    i.HAL_GPIO_Init     stm32f4xx_hal_gpio.o
    0x0800083c   0x0000000a   Code   RO          783    i.HAL_GPIO_WritePin  stm32f4xx_hal_gpio.o
    0x08000846   0x00000002   PAD
    0x08000848   0x0000000c   Code   RO          510    i.HAL_GetTick       stm32f4xx_hal.o
    0x08000854   0x00000034   Code   RO          512    i.HAL_Init          stm32f4xx_hal.o
    0x08000888   0x00000022   Code   RO          513    i.HAL_InitTick      stm32f4xx_hal.o
    0x080008aa   0x00000008   Code   RO          515    i.HAL_MspInit       stm32f4xx_hal.o
    0x080008b2   0x00000016   Code   RO          656    i.HAL_NVIC_EnableIRQ  stm32f4xx_hal_cortex.o
    0x080008c8   0x00000040   Code   RO          662    i.HAL_NVIC_SetPriority  stm32f4xx_hal_cortex.o
    0x08000908   0x00000024   Code   RO          663    i.HAL_NVIC_SetPriorityGrouping  stm32f4xx_hal_cortex.o
    0x0800092c   0x00000088   Code   RO          968    i.HAL_PWREx_EnableOverDrive  stm32f4xx_hal_pwr_ex.o
    0x080009b4   0x00000208   Code   RO         1035    i.HAL_RCC_ClockConfig  stm32f4xx_hal_rcc.o
    0x08000bbc   0x00000034   Code   RO         1040    i.HAL_RCC_GetHCLKFreq  stm32f4xx_hal_rcc.o
    0x08000bf0   0x0000002c   Code   RO         1042    i.HAL_RCC_GetPCLK1Freq  stm32f4xx_hal_rcc.o
    0x08000c1c   0x0000002c   Code   RO         1043    i.HAL_RCC_GetPCLK2Freq  stm32f4xx_hal_rcc.o
    0x08000c48   0x00000074   Code   RO         1044    i.HAL_RCC_GetSysClockFreq  stm32f4xx_hal_rcc.o
    0x08000cbc   0x0000031c   Code   RO         1047    i.HAL_RCC_OscConfig  stm32f4xx_hal_rcc.o
    0x08000fd8   0x00000018   Code   RO          665    i.HAL_SYSTICK_CLKSourceConfig  stm32f4xx_hal_cortex.o
    0x08000ff0   0x00000028   Code   RO          667    i.HAL_SYSTICK_Config  stm32f4xx_hal_cortex.o
    0x08001018   0x00000032   Code   RO         1185    i.HAL_UART_DMAStop  stm32f4xx_hal_uart.o
    0x0800104a   0x00000002   Code   RO         1187    i.HAL_UART_ErrorCallback  stm32f4xx_hal_uart.o
    0x0800104c   0x00000006   Code   RO         1189    i.HAL_UART_GetState  stm32f4xx_hal_uart.o
    0x08001052   0x000000f4   Code   RO         1190    i.HAL_UART_IRQHandler  stm32f4xx_hal_uart.o
    0x08001146   0x0000005e   Code   RO         1191    i.HAL_UART_Init     stm32f4xx_hal_uart.o
    0x080011a4   0x0000007c   Code   RO         1832    i.HAL_UART_MspInit  usart.o
    0x08001220   0x00000068   Code   RO         1196    i.HAL_UART_Receive_IT  stm32f4xx_hal_uart.o
    0x08001288   0x00000058   Code   RO         1833    i.HAL_UART_RxCpltCallback  usart.o
    0x080012e0   0x00000002   Code   RO         1202    i.HAL_UART_TxCpltCallback  stm32f4xx_hal_uart.o
    0x080012e2   0x00000002   Code   RO          337    i.HardFault_Handler  stm32f4xx_it.o
    0x080012e4   0x00000058   Code   RO         1976    i.IIC_Ack           iic.o
    0x0800133c   0x00000058   Code   RO         1977    i.IIC_NAck          iic.o
    0x08001394   0x0000007c   Code   RO         1978    i.IIC_READ_SDA      iic.o
    0x08001410   0x00000080   Code   RO         1979    i.IIC_Read_Byte     iic.o
    0x08001490   0x00000078   Code   RO         1980    i.IIC_SCL           iic.o
    0x08001508   0x00000078   Code   RO         1981    i.IIC_SDA           iic.o
    0x08001580   0x0000006e   Code   RO         1982    i.IIC_Send_Byte     iic.o
    0x080015ee   0x0000005a   Code   RO         1983    i.IIC_Start         iic.o
    0x08001648   0x0000005a   Code   RO         1984    i.IIC_Stop          iic.o
    0x080016a2   0x00000076   Code   RO         1985    i.IIC_Wait_Ack      iic.o
    0x08001718   0x0000000c   Code   RO         1986    i.IIC_delay         iic.o
    0x08001724   0x00000054   Code   RO         1922    i.LED_Init          led.o
    0x08001778   0x00000096   Code   RO         2085    i.MPU9250_IIC_Read  mpu9250.o
    0x0800180e   0x00000078   Code   RO         2086    i.MPU9250_IIC_Write  mpu9250.o
    0x08001886   0x00000002   Code   RO          338    i.MemManage_Handler  stm32f4xx_it.o
    0x08001888   0x00000002   Code   RO          339    i.NMI_Handler       stm32f4xx_it.o
    0x0800188a   0x00000020   Code   RO          669    i.NVIC_SetPriority  stm32f4xx_hal_cortex.o
    0x080018aa   0x00000002   PAD
    0x080018ac   0x00000098   Code   RO         2087    i.READ_MPU9250_ACCEL  mpu9250.o
    0x08001944   0x00000098   Code   RO         2088    i.READ_MPU9250_GYRO  mpu9250.o
    0x080019dc   0x00000014   Code   RO         1987    i.SDA_IN            iic.o
    0x080019f0   0x0000001a   Code   RO         1988    i.SDA_OUT           iic.o
    0x08001a0a   0x00000002   PAD
    0x08001a0c   0x000001b8   Code   RO         2149    i.Send_RCData       swj.o
    0x08001bc4   0x00000084   Code   RO         1805    i.Stm32_Clock_Init  sys.o
    0x08001c48   0x00000020   Code   RO         1754    i.SysTick_Handler   delay.o
    0x08001c68   0x00000054   Code   RO          396    i.SystemInit        system_stm32f4xx.o
    0x08001cbc   0x00000074   Code   RO         1834    i.UART1DMA_Config   usart.o
    0x08001d30   0x0000001c   Code   RO         1835    i.UART1DMA_USART_Transmit  usart.o
    0x08001d4c   0x000000a6   Code   RO         1209    i.UART_Receive_IT   stm32f4xx_hal_uart.o
    0x08001df2   0x00000002   PAD
    0x08001df4   0x00000174   Code   RO         1210    i.UART_SetConfig    stm32f4xx_hal_uart.o
    0x08001f68   0x00000066   Code   RO         1211    i.UART_Transmit_IT  stm32f4xx_hal_uart.o
    0x08001fce   0x00000002   PAD
    0x08001fd0   0x0000002c   Code   RO         1836    i.USART1_IRQHandler  usart.o
    0x08001ffc   0x00000002   Code   RO          340    i.UsageFault_Handler  stm32f4xx_it.o
    0x08001ffe   0x0000000e   Code   RO         3536    i.__scatterload_copy  mc_w.l(handlers.o)
    0x0800200c   0x00000002   Code   RO         3537    i.__scatterload_null  mc_w.l(handlers.o)
    0x0800200e   0x0000000e   Code   RO         3538    i.__scatterload_zeroinit  mc_w.l(handlers.o)
    0x0800201c   0x00000038   Code   RO         1755    i.delay_init        delay.o
    0x08002054   0x00000038   Code   RO         1756    i.delay_ms          delay.o
    0x0800208c   0x00000034   Code   RO         1757    i.delay_us          delay.o
    0x080020c0   0x00000080   Code   RO         2184    i.getGyroBias       sensors.o
    0x08002140   0x00000198   Code   RO         2185    i.getGyroBiasMeanAndVar  sensors.o
    0x080022d8   0x000002e4   Code   RO         1989    i.iicPortDef        iic.o
    0x080025bc   0x00000034   Code   RO         1990    i.iicSingleInit     iic.o
    0x080025f0   0x00000040   Code   RO         1923    i.ledFlash          led.o
    0x08002630   0x00000044   Code   RO            4    i.main              main.o
    0x08002674   0x00000134   Code   RO         2090    i.mpu9250_Init      mpu9250.o
    0x080027a8   0x00000070   Code   RO         2841    i.prvAddCurrentTaskToDelayedList  tasks.o
    0x08002818   0x000000d4   Code   RO         2842    i.prvAddNewTaskToReadyList  tasks.o
    0x080028ec   0x00000050   Code   RO         3189    i.prvCheckForValidListAndQueue  timers.o
    0x0800293c   0x00000026   Code   RO         2442    i.prvCopyDataFromQueue  queue.o
    0x08002962   0x0000006c   Code   RO         2443    i.prvCopyDataToQueue  queue.o
    0x080029ce   0x00000014   Code   RO         2843    i.prvDeleteTCB      tasks.o
    0x080029e2   0x00000002   PAD
    0x080029e4   0x0000004c   Code   RO         3434    i.prvHeapInit       heap_4.o
    0x08002a30   0x0000005c   Code   RO         2844    i.prvIdleTask       tasks.o
    0x08002a8c   0x000000ae   Code   RO         2845    i.prvInitialiseNewTask  tasks.o
    0x08002b3a   0x00000002   PAD
    0x08002b3c   0x0000004c   Code   RO         3435    i.prvInsertBlockIntoFreeList  heap_4.o
    0x08002b88   0x00000038   Code   RO         3190    i.prvInsertTimerInActiveList  timers.o
    0x08002bc0   0x0000001a   Code   RO         2444    i.prvIsQueueEmpty   queue.o
    0x08002bda   0x00000002   PAD
    0x08002bdc   0x000000b8   Code   RO         3191    i.prvProcessReceivedCommands  timers.o
    0x08002c94   0x000000b4   Code   RO         3192    i.prvProcessTimerOrBlockTask  timers.o
    0x08002d48   0x00000020   Code   RO         2847    i.prvResetNextTaskUnblockTime  tasks.o
    0x08002d68   0x00000028   Code   RO         3193    i.prvSampleTimeNow  timers.o
    0x08002d90   0x0000006c   Code   RO         3194    i.prvSwitchTimerLists  timers.o
    0x08002dfc   0x00000028   Code   RO         3339    i.prvTaskExitError  port.o
    0x08002e24   0x00000014   Code   RO         2281    i.prvTestWaitCondition  event_groups.o
    0x08002e38   0x00000028   Code   RO         3195    i.prvTimerTask      timers.o
    0x08002e60   0x0000006a   Code   RO         2445    i.prvUnlockQueue    queue.o
    0x08002eca   0x00000002   PAD
    0x08002ecc   0x000000d8   Code   RO         3436    i.pvPortMalloc      heap_4.o
    0x08002fa4   0x0000002c   Code   RO         3340    i.pxPortInitialiseStack  port.o
    0x08002fd0   0x00000018   Code   RO         2187    i.sensorsQueueInit  sensors.o
    0x08002fe8   0x00000094   Code   RO            5    i.startTask         main.o
    0x0800307c   0x0000003c   Code   RO         1952    i.sysInit           sysinit.o
    0x080030b8   0x00000048   Code   RO         1840    i.uart_init         usart.o
    0x08003100   0x00000026   Code   RO         2399    i.uxListRemove      list.o
    0x08003126   0x00000002   PAD
    0x08003128   0x00000018   Code   RO         2856    i.uxTaskResetEventItemValue  tasks.o
    0x08003140   0x00000016   Code   RO         2400    i.vListInitialise   list.o
    0x08003156   0x00000006   Code   RO         2401    i.vListInitialiseItem  list.o
    0x0800315c   0x00000030   Code   RO         2402    i.vListInsert       list.o
    0x0800318c   0x00000018   Code   RO         2403    i.vListInsertEnd    list.o
    0x080031a4   0x00000040   Code   RO         3342    i.vPortEnterCritical  port.o
    0x080031e4   0x00000028   Code   RO         3343    i.vPortExitCritical  port.o
    0x0800320c   0x0000005c   Code   RO         3437    i.vPortFree         heap_4.o
    0x08003268   0x00000024   Code   RO         3344    i.vPortSetupTimerInterrupt  port.o
    0x0800328c   0x00000054   Code   RO         3345    i.vPortValidateInterruptPriority  port.o
    0x080032e0   0x00000024   Code   RO         2451    i.vQueueAddToRegistry  queue.o
    0x08003304   0x00000044   Code   RO         2455    i.vQueueWaitForMessageRestricted  queue.o
    0x08003348   0x0000018c   Code   RO          437    i.vTaskDataUpload   task.o
    0x080034d4   0x0000004c   Code   RO         2857    i.vTaskDelay        tasks.o
    0x08003520   0x000000ac   Code   RO         2859    i.vTaskDelete       tasks.o
    0x080035cc   0x00000018   Code   RO          438    i.vTaskIndicatorLED  task.o
    0x080035e4   0x00000010   Code   RO         2862    i.vTaskInternalSetTimeOutState  tasks.o
    0x080035f4   0x0000000c   Code   RO         2863    i.vTaskMissedYield  tasks.o
    0x08003600   0x00000030   Code   RO         2865    i.vTaskPlaceOnEventList  tasks.o
    0x08003630   0x00000038   Code   RO         2866    i.vTaskPlaceOnEventListRestricted  tasks.o
    0x08003668   0x0000004c   Code   RO         2867    i.vTaskPlaceOnUnorderedEventList  tasks.o
    0x080036b4   0x00000048   Code   RO          439    i.vTaskReadSenser   task.o
    0x080036fc   0x00000070   Code   RO         2870    i.vTaskRemoveFromUnorderedEventList  tasks.o
    0x0800376c   0x00000070   Code   RO         2874    i.vTaskStartScheduler  tasks.o
    0x080037dc   0x00000010   Code   RO         2876    i.vTaskSuspendAll   tasks.o
    0x080037ec   0x0000005c   Code   RO         2877    i.vTaskSwitchContext  tasks.o
    0x08003848   0x0000001a   Code   RO         2288    i.xEventGroupCreate  event_groups.o
    0x08003862   0x0000008c   Code   RO         2290    i.xEventGroupSetBits  event_groups.o
    0x080038ee   0x00000002   PAD
    0x080038f0   0x00000108   Code   RO         2292    i.xEventGroupWaitBits  event_groups.o
    0x080039f8   0x000000f4   Code   RO         3346    i.xPortStartScheduler  port.o
    0x08003aec   0x0000002c   Code   RO         3347    i.xPortSysTickHandler  port.o
    0x08003b18   0x00000052   Code   RO         2458    i.xQueueGenericCreate  queue.o
    0x08003b6a   0x00000002   PAD
    0x08003b6c   0x00000088   Code   RO         2459    i.xQueueGenericReset  queue.o
    0x08003bf4   0x00000164   Code   RO         2460    i.xQueueGenericSend  queue.o
    0x08003d58   0x000000bc   Code   RO         2461    i.xQueueGenericSendFromISR  queue.o
    0x08003e14   0x00000138   Code   RO         2468    i.xQueueReceive     queue.o
    0x08003f4c   0x00000074   Code   RO         2878    i.xTaskCheckForTimeOut  tasks.o
    0x08003fc0   0x00000056   Code   RO         2879    i.xTaskCreate       tasks.o
    0x08004016   0x00000002   PAD
    0x08004018   0x0000001c   Code   RO         2883    i.xTaskGetSchedulerState  tasks.o
    0x08004034   0x0000000c   Code   RO         2884    i.xTaskGetTickCount  tasks.o
    0x08004040   0x000000c8   Code   RO         2886    i.xTaskIncrementTick  tasks.o
    0x08004108   0x00000098   Code   RO         2889    i.xTaskPriorityDisinherit  tasks.o
    0x080041a0   0x00000074   Code   RO         2891    i.xTaskRemoveFromEventList  tasks.o
    0x08004214   0x000000c4   Code   RO         2892    i.xTaskResumeAll    tasks.o
    0x080042d8   0x0000004c   Code   RO         3201    i.xTimerCreateTimerTask  timers.o
    0x08004324   0x0000005c   Code   RO         3202    i.xTimerGenericCommand  timers.o
    0x08004380   0x00000010   Data   RO         1048    .constdata          stm32f4xx_hal_rcc.o
    0x08004390   0x00000008   Data   RO         1641    .constdata          stm32f4xx_hal_dma.o
    0x08004398   0x00000020   Data   RO         3534    Region$$Table       anon$$obj.o


    Execution Region RW_IRAM1 (Base: 0x20000000, Size: 0x00013b18, Max: 0x00030000, ABSOLUTE)

    Base Addr    Size         Type   Attr      Idx    E Section Name        Object

    0x20000000   0x00000004   Data   RW            6    .data               main.o
    0x20000004   0x00000004   Data   RW          398    .data               system_stm32f4xx.o
    0x20000008   0x00000004   Data   RW          441    .data               task.o
    0x2000000c   0x00000004   Data   RW          518    .data               stm32f4xx_hal.o
    0x20000010   0x0000000c   Data   RW         1759    .data               delay.o
    0x2000001c   0x00000004   Data   RW         1842    .data               usart.o
    0x20000020   0x00000012   Data   RW         2092    .data               mpu9250.o
    0x20000032   0x00000001   Data   RW         2155    .data               swj.o
    0x20000033   0x00000001   PAD
    0x20000034   0x0000000c   Data   RW         2192    .data               sensors.o
    0x20000040   0x0000003c   Data   RW         2895    .data               tasks.o
    0x2000007c   0x00000014   Data   RW         3208    .data               timers.o
    0x20000090   0x0000000c   Data   RW         3348    .data               port.o
    0x2000009c   0x00000018   Data   RW         3442    .data               heap_4.o
    0x200000b4   0x00000024   Zero   RW          440    .bss                task.o
    0x200000d8   0x00000160   Zero   RW         1841    .bss                usart.o
    0x20000238   0x0000001c   Zero   RW         2091    .bss                mpu9250.o
    0x20000254   0x0000072c   Zero   RW         2188    .bss                sensors.o
    0x20000980   0x00000040   Zero   RW         2472    .bss                queue.o
    0x200009c0   0x0000012c   Zero   RW         2894    .bss                tasks.o
    0x20000aec   0x00000028   Zero   RW         3207    .bss                timers.o
    0x20000b14   0x00012c00   Zero   RW         3441    .bss                heap_4.o
    0x20013714   0x00000004   PAD
    0x20013718   0x00000400   Zero   RW          485    STACK               startup_stm32f427x.o


==============================================================================

Image component sizes


      Code (inc. data)   RO Data    RW Data    ZI Data      Debug   Object Name

       196         18          0         12          0       2665   delay.o
       450          6          0          0          0      15023   event_groups.o
       460         24          0         24      76800       4543   heap_4.o
      1926        124          0          0          0      11310   iic.o
       148         12          0          0          0       1594   led.o
       138          0          0          0          0       3250   list.o
       216         96          0          4          0     710841   main.o
       882         28          0         18         28       3758   mpu9250.o
       786         80          0         12          0      11505   port.o
      1456         18          0          0         64      15794   queue.o
       560         36          0         12       1836       3062   sensors.o
        36          8        428          0       1024        832   startup_stm32f427x.o
       106         10          0          4          0       3714   stm32f4xx_hal.o
       218         14          0          0          0      30997   stm32f4xx_hal_cortex.o
       426         10          8          0          0       5116   stm32f4xx_hal_dma.o
       486         54          0          0          0       2692   stm32f4xx_hal_gpio.o
       136         14          0          0          0       1332   stm32f4xx_hal_pwr_ex.o
      1572         72         16          0          0       6467   stm32f4xx_hal_rcc.o
      1142          8          0          0          0       8218   stm32f4xx_hal_uart.o
        12          0          0          0          0       2753   stm32f4xx_it.o
       440         14          0          1          0       2266   swj.o
       132         10          0          0          0       1171   sys.o
        60          6          0          0          0        534   sysinit.o
        84         18          0          4          0       1081   system_stm32f4xx.o
       492         68          0          4         36       2066   task.o
      2360        192          0         60        300      26967   tasks.o
       856         84          0         20         40      19559   timers.o
       472         66          0          4        352       5944   usart.o

    ----------------------------------------------------------------------
     16280       1090        484        180      80484     905054   Object Totals
         0          0         32          0          0          0   (incl. Generated)
        32          0          0          1          4          0   (incl. Padding)

    ----------------------------------------------------------------------

      Code (inc. data)   RO Data    RW Data    ZI Data      Debug   Library Member Name

         0          0          0          0          0          0   entry.o
         0          0          0          0          0          0   entry10a.o
         0          0          0          0          0          0   entry11a.o
         8          4          0          0          0          0   entry2.o
         4          0          0          0          0          0   entry5.o
         0          0          0          0          0          0   entry7b.o
         0          0          0          0          0          0   entry8b.o
         8          4          0          0          0          0   entry9a.o
        30          0          0          0          0          0   handlers.o
        36          8          0          0          0         68   init.o
         0          0          0          0          0          0   iusefp.o
        98          0          0          0          0         84   ldiv.o
        30          0          0          0          0         68   llshl.o
        32          0          0          0          0         68   llushr.o
        36          0          0          0          0         68   memcpya.o
        36          0          0          0          0        108   memseta.o
        98          0          0          0          0         92   uldiv.o
       110          0          0          0          0        168   fepilogue.o
        44          0          0          0          0         92   ffltl.o

    ----------------------------------------------------------------------
       572         16          0          0          0        816   Library Totals
         2          0          0          0          0          0   (incl. Padding)

    ----------------------------------------------------------------------

      Code (inc. data)   RO Data    RW Data    ZI Data      Debug   Library Name

       416         16          0          0          0        556   mc_w.l
       154          0          0          0          0        260   mf_w.l

    ----------------------------------------------------------------------
       572         16          0          0          0        816   Library Totals

    ----------------------------------------------------------------------

==============================================================================


      Code (inc. data)   RO Data    RW Data    ZI Data      Debug   

     16852       1106        484        180      80484     891162   Grand Totals
     16852       1106        484        180      80484     891162   ELF Image Totals
     16852       1106        484        180          0          0   ROM Totals

==============================================================================

    Total RO  Size (Code + RO Data)                17336 (  16.93kB)
    Total RW  Size (RW Data + ZI Data)             80664 (  78.77kB)
    Total ROM Size (Code + RO Data + RW Data)      17516 (  17.11kB)

==============================================================================

