<html>
<body>
<pre>
<h1>µVision Build Log</h1>
<h2>Tool Versions:</h2>
IDE-Version: ¦ÌVision V5.23.0.0
Copyright (C) 2017 ARM Ltd and ARM Germany GmbH. All rights reserved.
License Information: aa aa, aa, LIC=0VR63-A5219-22EL4-FI5I6-XWRZ5-PJ2T6
 
Tool Versions:
Toolchain:       MDK-ARM Professional  Version: 5.23
Toolchain Path:  C:\Keil_v5\ARM\ARMCC\Bin
C Compiler:      Armcc.exe V5.06 update 4 (build 422)
Assembler:       Armasm.exe V5.06 update 4 (build 422)
Linker/Locator:  ArmLink.exe V5.06 update 4 (build 422)
Library Manager: ArmAr.exe V5.06 update 4 (build 422)
Hex Converter:   FromElf.exe V5.06 update 4 (build 422)
CPU DLL:         SARMCM3.DLL V5.23
Dialog DLL:      DCM.DLL V1.15.0.0
Target DLL:      STLink\ST-LINKIII-KEIL_SWO.dll V2.0.18.0
Dialog DLL:      TCM.DLL V1.27.0.0
 
<h2>Project:</h2>
E:\ËÄÖá\Èí¼þ\The_Annoying_Dog\UAV\1.0.0FreeRTOS\MY_UAV\USER\LED.uvprojx
Project File Date:  12/14/2018

<h2>Output:</h2>
*** Using Compiler 'V5.06 update 4 (build 422)', folder: 'C:\Keil_v5\ARM\ARMCC\Bin'
Build target 'LED'
compiling main.c...
compiling sysInit.c...
compiling mpu9250.c...
compiling iic.c...
compiling delay.c...
compiling led.c...
compiling task.c...
task.c(14): warning:  #177-D: variable "uxBits"  was declared but never referenced
     EventBits_t uxBits;
task.c: 1 warning, 0 errors
compiling SWJ.c...
compiling sensors.c...
..\HARDWARE\src\sensors.c(5): warning:  #177-D: variable "magDataQueue"  was declared but never referenced
  static xQueueHandle magDataQueue;
..\HARDWARE\src\sensors.c(6): warning:  #177-D: variable "baroDataQueue"  was declared but never referenced
  static xQueueHandle baroDataQueue;
..\HARDWARE\src\sensors.c: 2 warnings, 0 errors
compiling croutine.c...
compiling timer.c...
compiling event_groups.c...
compiling stream_buffer.c...
compiling queue.c...
compiling timers.c...
compiling tasks.c...
compiling port.c...
compiling heap_4.c...
linking...
Program Size: Code=25028 RO-data=676 RW-data=332 ZI-data=81828  
FromELF: creating hex file...
"..\OBJ\LED.axf" - 0 Error(s), 3 Warning(s).

<h2>Collection of Component include folders:</h2>
  .\RTE\_LED
  C:\Keil_v5\ARM\PACK\Keil\STM32F4xx_DFP\2.11.0\Drivers\CMSIS\Device\ST\STM32F4xx\Include

<h2>Collection of Component Files used:</h2>
Build Time Elapsed:  00:01:04
</pre>
</body>
</html>
