Component: ARM Compiler 5.06 update 4 (build 422) Tool: armlink [4d35d2]

==============================================================================

Section Cross References

    main.o(i.main) refers to sysinit.o(i.sysInit) for sysInit
    main.o(i.main) refers to tasks.o(i.xTaskCreate) for xTaskCreate
    main.o(i.main) refers to tasks.o(i.vTaskStartScheduler) for vTaskStartScheduler
    main.o(i.main) refers to main.o(.data) for .data
    main.o(i.main) refers to main.o(i.startTask) for startTask
    main.o(i.startTask) refers to port.o(i.vPortEnterCritical) for vPortEnterCritical
    main.o(i.startTask) refers to tasks.o(i.xTaskCreate) for xTaskCreate
    main.o(i.startTask) refers to tasks.o(i.vTaskDelete) for vTaskDelete
    main.o(i.startTask) refers to port.o(i.vPortExitCritical) for vPortExitCritical
    main.o(i.startTask) refers to led.o(i.vTaskLED) for vTaskLED
    main.o(i.startTask) refers to main.o(.data) for .data
    system_stm32f4xx.o(i.SystemCoreClockUpdate) refers to system_stm32f4xx.o(.data) for .data
    system_stm32f4xx.o(i.SystemCoreClockUpdate) refers to system_stm32f4xx.o(.constdata) for .constdata
    startup_stm32f427x.o(RESET) refers to startup_stm32f427x.o(STACK) for __initial_sp
    startup_stm32f427x.o(RESET) refers to startup_stm32f427x.o(.text) for Reset_Handler
    startup_stm32f427x.o(RESET) refers to stm32f4xx_it.o(i.NMI_Handler) for NMI_Handler
    startup_stm32f427x.o(RESET) refers to stm32f4xx_it.o(i.HardFault_Handler) for HardFault_Handler
    startup_stm32f427x.o(RESET) refers to stm32f4xx_it.o(i.MemManage_Handler) for MemManage_Handler
    startup_stm32f427x.o(RESET) refers to stm32f4xx_it.o(i.BusFault_Handler) for BusFault_Handler
    startup_stm32f427x.o(RESET) refers to stm32f4xx_it.o(i.UsageFault_Handler) for UsageFault_Handler
    startup_stm32f427x.o(RESET) refers to port.o(.emb_text) for SVC_Handler
    startup_stm32f427x.o(RESET) refers to stm32f4xx_it.o(i.DebugMon_Handler) for DebugMon_Handler
    startup_stm32f427x.o(RESET) refers to delay.o(i.SysTick_Handler) for SysTick_Handler
    startup_stm32f427x.o(RESET) refers to usart.o(i.USART1_IRQHandler) for USART1_IRQHandler
    startup_stm32f427x.o(.text) refers to system_stm32f4xx.o(i.SystemInit) for SystemInit
    startup_stm32f427x.o(.text) refers to entry.o(.ARM.Collect$$$$00000000) for __main
    stm32f4xx_hal.o(i.HAL_DeInit) refers to stm32f4xx_hal.o(i.HAL_MspDeInit) for HAL_MspDeInit
    stm32f4xx_hal.o(i.HAL_Delay) refers to stm32f4xx_hal.o(i.HAL_GetTick) for HAL_GetTick
    stm32f4xx_hal.o(i.HAL_GetTick) refers to stm32f4xx_hal.o(.data) for .data
    stm32f4xx_hal.o(i.HAL_IncTick) refers to stm32f4xx_hal.o(.data) for .data
    stm32f4xx_hal.o(i.HAL_Init) refers to stm32f4xx_hal_cortex.o(i.HAL_NVIC_SetPriorityGrouping) for HAL_NVIC_SetPriorityGrouping
    stm32f4xx_hal.o(i.HAL_Init) refers to stm32f4xx_hal.o(i.HAL_InitTick) for HAL_InitTick
    stm32f4xx_hal.o(i.HAL_Init) refers to stm32f4xx_hal.o(i.HAL_MspInit) for HAL_MspInit
    stm32f4xx_hal.o(i.HAL_InitTick) refers to stm32f4xx_hal_rcc.o(i.HAL_RCC_GetHCLKFreq) for HAL_RCC_GetHCLKFreq
    stm32f4xx_hal.o(i.HAL_InitTick) refers to stm32f4xx_hal_cortex.o(i.HAL_SYSTICK_Config) for HAL_SYSTICK_Config
    stm32f4xx_hal.o(i.HAL_InitTick) refers to stm32f4xx_hal_cortex.o(i.HAL_NVIC_SetPriority) for HAL_NVIC_SetPriority
    stm32f4xx_hal_cortex.o(i.HAL_NVIC_SetPriority) refers to stm32f4xx_hal_cortex.o(i.NVIC_SetPriority) for NVIC_SetPriority
    stm32f4xx_hal_cortex.o(i.HAL_SYSTICK_Config) refers to stm32f4xx_hal_cortex.o(i.NVIC_SetPriority) for NVIC_SetPriority
    stm32f4xx_hal_cortex.o(i.HAL_SYSTICK_IRQHandler) refers to stm32f4xx_hal_cortex.o(i.HAL_SYSTICK_Callback) for HAL_SYSTICK_Callback
    stm32f4xx_hal_gpio.o(i.HAL_GPIO_EXTI_IRQHandler) refers to stm32f4xx_hal_gpio.o(i.HAL_GPIO_EXTI_Callback) for HAL_GPIO_EXTI_Callback
    stm32f4xx_hal_pwr.o(i.HAL_PWR_PVD_IRQHandler) refers to stm32f4xx_hal_pwr.o(i.HAL_PWR_PVDCallback) for HAL_PWR_PVDCallback
    stm32f4xx_hal_pwr_ex.o(i.HAL_PWREx_ControlVoltageScaling) refers to stm32f4xx_hal.o(i.HAL_GetTick) for HAL_GetTick
    stm32f4xx_hal_pwr_ex.o(i.HAL_PWREx_DisableBkUpReg) refers to stm32f4xx_hal.o(i.HAL_GetTick) for HAL_GetTick
    stm32f4xx_hal_pwr_ex.o(i.HAL_PWREx_DisableOverDrive) refers to stm32f4xx_hal.o(i.HAL_GetTick) for HAL_GetTick
    stm32f4xx_hal_pwr_ex.o(i.HAL_PWREx_EnableBkUpReg) refers to stm32f4xx_hal.o(i.HAL_GetTick) for HAL_GetTick
    stm32f4xx_hal_pwr_ex.o(i.HAL_PWREx_EnableOverDrive) refers to stm32f4xx_hal.o(i.HAL_GetTick) for HAL_GetTick
    stm32f4xx_hal_pwr_ex.o(i.HAL_PWREx_EnterUnderDriveSTOPMode) refers to stm32f4xx_hal.o(i.HAL_GetTick) for HAL_GetTick
    stm32f4xx_hal_rcc.o(i.HAL_RCC_ClockConfig) refers to stm32f4xx_hal.o(i.HAL_GetTick) for HAL_GetTick
    stm32f4xx_hal_rcc.o(i.HAL_RCC_ClockConfig) refers to stm32f4xx_hal.o(i.HAL_InitTick) for HAL_InitTick
[...]
    Removing stm32f4xx_hal_gpio.o(i.HAL_GPIO_LockPin), (34 bytes).
    Removing stm32f4xx_hal_gpio.o(i.HAL_GPIO_ReadPin), (10 bytes).
    Removing stm32f4xx_hal_gpio.o(i.HAL_GPIO_TogglePin), (8 bytes).
    Removing stm32f4xx_hal_pwr.o(.rev16_text), (4 bytes).
    Removing stm32f4xx_hal_pwr.o(.revsh_text), (4 bytes).
    Removing stm32f4xx_hal_pwr.o(.rrx_text), (6 bytes).
    Removing stm32f4xx_hal_pwr.o(i.HAL_PWR_ConfigPVD), (124 bytes).
    Removing stm32f4xx_hal_pwr.o(i.HAL_PWR_DeInit), (24 bytes).
    Removing stm32f4xx_hal_pwr.o(i.HAL_PWR_DisableBkUpAccess), (28 bytes).
    Removing stm32f4xx_hal_pwr.o(i.HAL_PWR_DisablePVD), (24 bytes).
    Removing stm32f4xx_hal_pwr.o(i.HAL_PWR_DisableSEVOnPend), (16 bytes).
    Removing stm32f4xx_hal_pwr.o(i.HAL_PWR_DisableSleepOnExit), (16 bytes).
    Removing stm32f4xx_hal_pwr.o(i.HAL_PWR_DisableWakeUpPin), (16 bytes).
    Removing stm32f4xx_hal_pwr.o(i.HAL_PWR_EnableBkUpAccess), (24 bytes).
    Removing stm32f4xx_hal_pwr.o(i.HAL_PWR_EnablePVD), (24 bytes).
    Removing stm32f4xx_hal_pwr.o(i.HAL_PWR_EnableSEVOnPend), (16 bytes).
    Removing stm32f4xx_hal_pwr.o(i.HAL_PWR_EnableSleepOnExit), (16 bytes).
    Removing stm32f4xx_hal_pwr.o(i.HAL_PWR_EnableWakeUpPin), (16 bytes).
    Removing stm32f4xx_hal_pwr.o(i.HAL_PWR_EnterSLEEPMode), (32 bytes).
    Removing stm32f4xx_hal_pwr.o(i.HAL_PWR_EnterSTANDBYMode), (32 bytes).
    Removing stm32f4xx_hal_pwr.o(i.HAL_PWR_EnterSTOPMode), (56 bytes).
    Removing stm32f4xx_hal_pwr.o(i.HAL_PWR_PVDCallback), (8 bytes).
    Removing stm32f4xx_hal_pwr.o(i.HAL_PWR_PVD_IRQHandler), (28 bytes).
    Removing stm32f4xx_hal_pwr_ex.o(.rev16_text), (4 bytes).
    Removing stm32f4xx_hal_pwr_ex.o(.revsh_text), (4 bytes).
    Removing stm32f4xx_hal_pwr_ex.o(.rrx_text), (6 bytes).
    Removing stm32f4xx_hal_pwr_ex.o(i.HAL_PWREx_ControlVoltageScaling), (172 bytes).
    Removing stm32f4xx_hal_pwr_ex.o(i.HAL_PWREx_DisableBkUpReg), (76 bytes).
    Removing stm32f4xx_hal_pwr_ex.o(i.HAL_PWREx_DisableFlashPowerDown), (28 bytes).
    Removing stm32f4xx_hal_pwr_ex.o(i.HAL_PWREx_DisableOverDrive), (136 bytes).
    Removing stm32f4xx_hal_pwr_ex.o(i.HAL_PWREx_EnableBkUpReg), (72 bytes).
    Removing stm32f4xx_hal_pwr_ex.o(i.HAL_PWREx_EnableFlashPowerDown), (24 bytes).
    Removing stm32f4xx_hal_pwr_ex.o(i.HAL_PWREx_EnterUnderDriveSTOPMode), (140 bytes).
    Removing stm32f4xx_hal_pwr_ex.o(i.HAL_PWREx_GetVoltageRange), (16 bytes).
    Removing stm32f4xx_hal_rcc.o(.rev16_text), (4 bytes).
    Removing stm32f4xx_hal_rcc.o(.revsh_text), (4 bytes).
    Removing stm32f4xx_hal_rcc.o(.rrx_text), (6 bytes).
    Removing stm32f4xx_hal_rcc.o(i.HAL_RCC_CSSCallback), (8 bytes).
    Removing stm32f4xx_hal_rcc.o(i.HAL_RCC_DeInit), (2 bytes).
    Removing stm32f4xx_hal_rcc.o(i.HAL_RCC_DisableCSS), (12 bytes).
    Removing stm32f4xx_hal_rcc.o(i.HAL_RCC_EnableCSS), (12 bytes).
    Removing stm32f4xx_hal_rcc.o(i.HAL_RCC_GetClockConfig), (64 bytes).
    Removing stm32f4xx_hal_rcc.o(i.HAL_RCC_GetOscConfig), (224 bytes).
    Removing stm32f4xx_hal_rcc.o(i.HAL_RCC_GetPCLK1Freq), (44 bytes).
    Removing stm32f4xx_hal_rcc.o(i.HAL_RCC_GetPCLK2Freq), (44 bytes).
    Removing stm32f4xx_hal_rcc.o(i.HAL_RCC_MCOConfig), (140 bytes).
    Removing stm32f4xx_hal_rcc.o(i.HAL_RCC_NMI_IRQHandler), (28 bytes).
    Removing stm32f4xx_hal_rcc_ex.o(.rev16_text), (4 bytes).
    Removing stm32f4xx_hal_rcc_ex.o(.revsh_text), (4 bytes).
    Removing stm32f4xx_hal_rcc_ex.o(.rrx_text), (6 bytes).
    Removing stm32f4xx_hal_rcc_ex.o(i.HAL_RCCEx_GetPeriphCLKConfig), (228 bytes).
    Removing stm32f4xx_hal_rcc_ex.o(i.HAL_RCCEx_PeriphCLKConfig), (680 bytes).
    Removing stm32f4xx_hal_rcc_ex.o(i.HAL_RCC_DeInit), (88 bytes).
    Removing stm32f4xx_hal_uart.o(.rev16_text), (4 bytes).
    Removing stm32f4xx_hal_uart.o(.revsh_text), (4 bytes).
    Removing stm32f4xx_hal_uart.o(.rrx_text), (6 bytes).
    Removing stm32f4xx_hal_uart.o(i.HAL_HalfDuplex_EnableReceiver), (48 bytes).
    Removing stm32f4xx_hal_uart.o(i.HAL_HalfDuplex_EnableTransmitter), (48 bytes).
    Removing stm32f4xx_hal_uart.o(i.HAL_HalfDuplex_Init), (104 bytes).
    Removing stm32f4xx_hal_uart.o(i.HAL_LIN_Init), (124 bytes).
    Removing stm32f4xx_hal_uart.o(i.HAL_LIN_SendBreak), (44 bytes).
    Removing stm32f4xx_hal_uart.o(i.HAL_MultiProcessor_EnterMuteMode), (44 bytes).
    Removing stm32f4xx_hal_uart.o(i.HAL_MultiProcessor_ExitMuteMode), (44 bytes).
    Removing stm32f4xx_hal_uart.o(i.HAL_MultiProcessor_Init), (138 bytes).
    Removing stm32f4xx_hal_uart.o(i.HAL_UART_DMAPause), (86 bytes).
    Removing stm32f4xx_hal_uart.o(i.HAL_UART_DMAResume), (102 bytes).
    Removing stm32f4xx_hal_uart.o(i.HAL_UART_DMAStop), (50 bytes).
    Removing stm32f4xx_hal_uart.o(i.HAL_UART_DeInit), (36 bytes).
    Removing stm32f4xx_hal_uart.o(i.HAL_UART_GetError), (4 bytes).
    Removing stm32f4xx_hal_uart.o(i.HAL_UART_Init), (94 bytes).
    Removing stm32f4xx_hal_uart.o(i.HAL_UART_MspDeInit), (2 bytes).
    Removing stm32f4xx_hal_uart.o(i.HAL_UART_MspInit), (2 bytes).
    Removing stm32f4xx_hal_uart.o(i.HAL_UART_Receive), (202 bytes).
    Removing stm32f4xx_hal_uart.o(i.HAL_UART_Receive_DMA), (132 bytes).
    Removing stm32f4xx_hal_uart.o(i.HAL_UART_RxCpltCallback), (2 bytes).
    Removing stm32f4xx_hal_uart.o(i.HAL_UART_RxHalfCpltCallback), (2 bytes).
    Removing stm32f4xx_hal_uart.o(i.HAL_UART_Transmit), (200 bytes).
    Removing stm32f4xx_hal_uart.o(i.HAL_UART_Transmit_DMA), (144 bytes).
    Removing stm32f4xx_hal_uart.o(i.HAL_UART_Transmit_IT), (84 bytes).
    Removing stm32f4xx_hal_uart.o(i.HAL_UART_TxHalfCpltCallback), (2 bytes).
    Removing stm32f4xx_hal_uart.o(i.UART_DMAError), (30 bytes).
    Removing stm32f4xx_hal_uart.o(i.UART_DMAReceiveCplt), (52 bytes).
    Removing stm32f4xx_hal_uart.o(i.UART_DMARxHalfCplt), (10 bytes).
    Removing stm32f4xx_hal_uart.o(i.UART_DMATransmitCplt), (46 bytes).
    Removing stm32f4xx_hal_uart.o(i.UART_DMATxHalfCplt), (10 bytes).
    Removing stm32f4xx_hal_uart.o(i.UART_SetConfig), (372 bytes).
    Removing stm32f4xx_hal_uart.o(i.UART_WaitOnFlagUntilTimeout), (146 bytes).
    Removing stm32f4xx_hal_usart.o(.rev16_text), (4 bytes).
    Removing stm32f4xx_hal_usart.o(.revsh_text), (4 bytes).
    Removing stm32f4xx_hal_usart.o(.rrx_text), (6 bytes).
    Removing stm32f4xx_hal_usart.o(i.HAL_USART_DMAPause), (38 bytes).
    Removing stm32f4xx_hal_usart.o(i.HAL_USART_DMAResume), (38 bytes).
    Removing stm32f4xx_hal_usart.o(i.HAL_USART_DMAStop), (50 bytes).
    Removing stm32f4xx_hal_usart.o(i.HAL_USART_DeInit), (46 bytes).
    Removing stm32f4xx_hal_usart.o(i.HAL_USART_ErrorCallback), (2 bytes).
    Removing stm32f4xx_hal_usart.o(i.HAL_USART_GetError), (4 bytes).
    Removing stm32f4xx_hal_usart.o(i.HAL_USART_GetState), (6 bytes).
    Removing stm32f4xx_hal_usart.o(i.HAL_USART_IRQHandler), (270 bytes).
    Removing stm32f4xx_hal_usart.o(i.HAL_USART_Init), (84 bytes).
    Removing stm32f4xx_hal_usart.o(i.HAL_USART_MspDeInit), (2 bytes).
    Removing stm32f4xx_hal_usart.o(i.HAL_USART_MspInit), (2 bytes).
    Removing stm32f4xx_hal_usart.o(i.HAL_USART_Receive), (210 bytes).
    Removing stm32f4xx_hal_usart.o(i.HAL_USART_Receive_DMA), (156 bytes).
    Removing stm32f4xx_hal_usart.o(i.HAL_USART_Receive_IT), (90 bytes).
    Removing stm32f4xx_hal_usart.o(i.HAL_USART_RxCpltCallback), (2 bytes).
    Removing stm32f4xx_hal_usart.o(i.HAL_USART_RxHalfCpltCallback), (2 bytes).
    Removing stm32f4xx_hal_usart.o(i.HAL_USART_Transmit), (168 bytes).
    Removing stm32f4xx_hal_usart.o(i.HAL_USART_TransmitReceive), (246 bytes).
    Removing stm32f4xx_hal_usart.o(i.HAL_USART_TransmitReceive_DMA), (196 bytes).
    Removing stm32f4xx_hal_usart.o(i.HAL_USART_TransmitReceive_IT), (102 bytes).
    Removing stm32f4xx_hal_usart.o(i.HAL_USART_Transmit_DMA), (128 bytes).
    Removing stm32f4xx_hal_usart.o(i.HAL_USART_Transmit_IT), (62 bytes).
    Removing stm32f4xx_hal_usart.o(i.HAL_USART_TxCpltCallback), (2 bytes).
    Removing stm32f4xx_hal_usart.o(i.HAL_USART_TxHalfCpltCallback), (2 bytes).
    Removing stm32f4xx_hal_usart.o(i.HAL_USART_TxRxCpltCallback), (2 bytes).
    Removing stm32f4xx_hal_usart.o(i.USART_DMAError), (30 bytes).
    Removing stm32f4xx_hal_usart.o(i.USART_DMAReceiveCplt), (80 bytes).
    Removing stm32f4xx_hal_usart.o(i.USART_DMARxHalfCplt), (10 bytes).
    Removing stm32f4xx_hal_usart.o(i.USART_DMATransmitCplt), (62 bytes).
    Removing stm32f4xx_hal_usart.o(i.USART_DMATxHalfCplt), (10 bytes).
    Removing stm32f4xx_hal_usart.o(i.USART_Receive_IT), (176 bytes).
    Removing stm32f4xx_hal_usart.o(i.USART_SetConfig), (260 bytes).
    Removing stm32f4xx_hal_usart.o(i.USART_TransmitReceive_IT), (232 bytes).
    Removing stm32f4xx_hal_usart.o(i.USART_Transmit_IT), (98 bytes).
    Removing stm32f4xx_hal_usart.o(i.USART_WaitOnFlagUntilTimeout), (146 bytes).
    Removing stm32f4xx_hal_dma.o(.rev16_text), (4 bytes).
    Removing stm32f4xx_hal_dma.o(.revsh_text), (4 bytes).
    Removing stm32f4xx_hal_dma.o(.rrx_text), (6 bytes).
    Removing stm32f4xx_hal_dma.o(i.DMA_CalcBaseAndBitshift), (40 bytes).
    Removing stm32f4xx_hal_dma.o(i.DMA_SetConfig), (40 bytes).
    Removing stm32f4xx_hal_dma.o(i.HAL_DMA_Abort), (82 bytes).
    Removing stm32f4xx_hal_dma.o(i.HAL_DMA_DeInit), (86 bytes).
    Removing stm32f4xx_hal_dma.o(i.HAL_DMA_GetError), (4 bytes).
    Removing stm32f4xx_hal_dma.o(i.HAL_DMA_GetState), (6 bytes).
    Removing stm32f4xx_hal_dma.o(i.HAL_DMA_IRQHandler), (420 bytes).
    Removing stm32f4xx_hal_dma.o(i.HAL_DMA_Init), (120 bytes).
    Removing stm32f4xx_hal_dma.o(i.HAL_DMA_PollForTransfer), (320 bytes).
    Removing stm32f4xx_hal_dma.o(i.HAL_DMA_Start), (58 bytes).
    Removing stm32f4xx_hal_dma.o(i.HAL_DMA_Start_IT), (78 bytes).
    Removing stm32f4xx_hal_dma.o(.constdata), (8 bytes).
    Removing stm32f4xx_hal_dma_ex.o(.rev16_text), (4 bytes).
    Removing stm32f4xx_hal_dma_ex.o(.revsh_text), (4 bytes).
    Removing stm32f4xx_hal_dma_ex.o(.rrx_text), (6 bytes).
    Removing stm32f4xx_hal_dma_ex.o(i.DMA_MultiBufferSetConfig), (30 bytes).
    Removing stm32f4xx_hal_dma_ex.o(i.HAL_DMAEx_ChangeMemory), (14 bytes).
    Removing stm32f4xx_hal_dma_ex.o(i.HAL_DMAEx_MultiBufferStart), (92 bytes).
    Removing stm32f4xx_hal_dma_ex.o(i.HAL_DMAEx_MultiBufferStart_IT), (142 bytes).
    Removing delay.o(.rev16_text), (4 bytes).
    Removing delay.o(.revsh_text), (4 bytes).
    Removing delay.o(.rrx_text), (6 bytes).
    Removing delay.o(i.delay_xms), (26 bytes).
    Removing sys.o(.rev16_text), (4 bytes).
    Removing sys.o(.revsh_text), (4 bytes).
    Removing sys.o(.rrx_text), (6 bytes).
    Removing sys.o(.emb_text), (16 bytes).
    Removing usart.o(.rev16_text), (4 bytes).
    Removing usart.o(.revsh_text), (4 bytes).
    Removing usart.o(.rrx_text), (6 bytes).
    Removing usart.o(i.HAL_UART_MspInit), (124 bytes).
    Removing usart.o(i._sys_exit), (2 bytes).
    Removing usart.o(i.fputc), (20 bytes).
    Removing usart.o(i.uart_init), (56 bytes).
    Removing usart.o(.data), (4 bytes).
    Removing led.o(.rev16_text), (4 bytes).
    Removing led.o(.revsh_text), (4 bytes).
    Removing led.o(.rrx_text), (6 bytes).
    Removing sysinit.o(.rev16_text), (4 bytes).
    Removing sysinit.o(.revsh_text), (4 bytes).
    Removing sysinit.o(.rrx_text), (6 bytes).
    Removing iic.o(.rev16_text), (4 bytes).
    Removing iic.o(.revsh_text), (4 bytes).
    Removing iic.o(.rrx_text), (6 bytes).
    Removing mpu9250.o(.rev16_text), (4 bytes).
    Removing mpu9250.o(.revsh_text), (4 bytes).
    Removing mpu9250.o(.rrx_text), (6 bytes).
    Removing mpu9250.o(i.READ_MPU9250_ACCEL), (148 bytes).
    Removing mpu9250.o(i.READ_MPU9250_GYRO), (148 bytes).
    Removing event_groups.o(i.prvTestWaitCondition), (20 bytes).
    Removing event_groups.o(i.uxEventGroupGetNumber), (8 bytes).
    Removing event_groups.o(i.vEventGroupClearBitsCallback), (4 bytes).
    Removing event_groups.o(i.vEventGroupDelete), (70 bytes).
    Removing event_groups.o(i.vEventGroupSetBitsCallback), (4 bytes).
    Removing event_groups.o(i.vEventGroupSetNumber), (4 bytes).
    Removing event_groups.o(i.xEventGroupClearBits), (64 bytes).
    Removing event_groups.o(i.xEventGroupCreate), (26 bytes).
    Removing event_groups.o(i.xEventGroupGetBitsFromISR), (26 bytes).
    Removing event_groups.o(i.xEventGroupSetBits), (140 bytes).
    Removing event_groups.o(i.xEventGroupSync), (200 bytes).
    Removing event_groups.o(i.xEventGroupWaitBits), (264 bytes).
    Removing queue.o(i.pcQueueGetName), (40 bytes).
    Removing queue.o(i.ucQueueGetQueueType), (6 bytes).
    Removing queue.o(i.uxQueueGetQueueNumber), (4 bytes).
    Removing queue.o(i.uxQueueMessagesWaiting), (36 bytes).
    Removing queue.o(i.uxQueueMessagesWaitingFromISR), (22 bytes).
    Removing queue.o(i.uxQueueSpacesAvailable), (40 bytes).
    Removing queue.o(i.vQueueDelete), (36 bytes).
    Removing queue.o(i.vQueueSetQueueNumber), (4 bytes).
    Removing queue.o(i.vQueueUnregisterQueue), (40 bytes).
    Removing queue.o(i.xQueueCreateCountingSemaphore), (58 bytes).
    Removing queue.o(i.xQueueCreateMutex), (36 bytes).
    Removing queue.o(i.xQueueGiveFromISR), (156 bytes).
    Removing queue.o(i.xQueueGiveMutexRecursive), (62 bytes).
    Removing queue.o(i.xQueueIsQueueEmptyFromISR), (30 bytes).
    Removing queue.o(i.xQueueIsQueueFullFromISR), (34 bytes).
    Removing queue.o(i.xQueuePeek), (312 bytes).
    Removing queue.o(i.xQueuePeekFromISR), (116 bytes).
    Removing queue.o(i.xQueueReceiveFromISR), (154 bytes).
    Removing queue.o(i.xQueueSemaphoreTake), (376 bytes).
    Removing queue.o(i.xQueueTakeMutexRecursive), (64 bytes).
    Removing stream_buffer.o(i.prvBytesInBuffer), (18 bytes).
    Removing stream_buffer.o(i.prvInitialiseNewStreamBuffer), (66 bytes).
    Removing stream_buffer.o(i.prvReadBytesFromBuffer), (142 bytes).
    Removing stream_buffer.o(i.prvReadMessageFromBuffer), (58 bytes).
    Removing stream_buffer.o(i.prvWriteBytesToBuffer), (130 bytes).
    Removing stream_buffer.o(i.prvWriteMessageToBuffer), (60 bytes).
    Removing stream_buffer.o(i.ucStreamBufferGetStreamBufferType), (8 bytes).
    Removing stream_buffer.o(i.uxStreamBufferGetStreamBufferNumber), (4 bytes).
    Removing stream_buffer.o(i.vStreamBufferDelete), (34 bytes).
    Removing stream_buffer.o(i.vStreamBufferSetStreamBufferNumber), (4 bytes).
    Removing stream_buffer.o(i.xStreamBufferBytesAvailable), (22 bytes).
    Removing stream_buffer.o(i.xStreamBufferGenericCreate), (108 bytes).
    Removing stream_buffer.o(i.xStreamBufferIsEmpty), (34 bytes).
    Removing stream_buffer.o(i.xStreamBufferIsFull), (48 bytes).
    Removing stream_buffer.o(i.xStreamBufferNextMessageLengthBytes), (78 bytes).
    Removing stream_buffer.o(i.xStreamBufferReceive), (212 bytes).
    Removing stream_buffer.o(i.xStreamBufferReceiveCompletedFromISR), (70 bytes).
    Removing stream_buffer.o(i.xStreamBufferReceiveFromISR), (144 bytes).
    Removing stream_buffer.o(i.xStreamBufferReset), (70 bytes).
    Removing stream_buffer.o(i.xStreamBufferSend), (256 bytes).
    Removing stream_buffer.o(i.xStreamBufferSendCompletedFromISR), (70 bytes).
    Removing stream_buffer.o(i.xStreamBufferSendFromISR), (142 bytes).
    Removing stream_buffer.o(i.xStreamBufferSetTriggerLevel), (40 bytes).
    Removing stream_buffer.o(i.xStreamBufferSpacesAvailable), (38 bytes).
    Removing tasks.o(i.eTaskGetState), (116 bytes).
    Removing tasks.o(i.pcTaskGetName), (32 bytes).
    Removing tasks.o(i.prvListTasksWithinSingleList), (86 bytes).
    Removing tasks.o(i.prvTaskIsTaskSuspended), (52 bytes).
    Removing tasks.o(i.pvTaskIncrementMutexHeldCount), (24 bytes).
    Removing tasks.o(i.ulTaskNotifyTake), (104 bytes).
    Removing tasks.o(i.uxTaskGetNumberOfTasks), (12 bytes).
    Removing tasks.o(i.uxTaskGetSystemState), (168 bytes).
    Removing tasks.o(i.uxTaskGetTaskNumber), (8 bytes).
    Removing tasks.o(i.uxTaskPriorityGet), (28 bytes).
    Removing tasks.o(i.uxTaskPriorityGetFromISR), (44 bytes).
    Removing tasks.o(i.uxTaskResetEventItemValue), (24 bytes).
    Removing tasks.o(i.vTaskDelayUntil), (144 bytes).
    Removing tasks.o(i.vTaskEndScheduler), (28 bytes).
    Removing tasks.o(i.vTaskGetInfo), (128 bytes).
    Removing tasks.o(i.vTaskNotifyGiveFromISR), (180 bytes).
    Removing tasks.o(i.vTaskPlaceOnUnorderedEventList), (76 bytes).
    Removing tasks.o(i.vTaskPriorityDisinheritAfterTimeout), (172 bytes).
    Removing tasks.o(i.vTaskPrioritySet), (196 bytes).
    Removing tasks.o(i.vTaskRemoveFromUnorderedEventList), (112 bytes).
    Removing tasks.o(i.vTaskResume), (124 bytes).
    Removing tasks.o(i.vTaskSetTaskNumber), (8 bytes).
    Removing tasks.o(i.vTaskSetTimeOutState), (48 bytes).
    Removing tasks.o(i.vTaskSuspend), (188 bytes).
    Removing tasks.o(i.xTaskGenericNotify), (224 bytes).
    Removing tasks.o(i.xTaskGenericNotifyFromISR), (260 bytes).
    Removing tasks.o(i.xTaskGetCurrentTaskHandle), (12 bytes).
    Removing tasks.o(i.xTaskGetTickCountFromISR), (16 bytes).
    Removing tasks.o(i.xTaskNotifyStateClear), (48 bytes).
    Removing tasks.o(i.xTaskNotifyWait), (140 bytes).
    Removing tasks.o(i.xTaskPriorityInherit), (148 bytes).
    Removing tasks.o(i.xTaskResumeFromISR), (136 bytes).
    Removing timers.o(i.pcTimerGetName), (22 bytes).
    Removing timers.o(i.pvTimerGetTimerID), (36 bytes).
    Removing timers.o(i.uxTimerGetTimerNumber), (4 bytes).
    Removing timers.o(i.vTimerSetTimerID), (38 bytes).
    Removing timers.o(i.vTimerSetTimerNumber), (4 bytes).
    Removing timers.o(i.xTimerCreate), (78 bytes).
    Removing timers.o(i.xTimerGetExpiryTime), (22 bytes).
    Removing timers.o(i.xTimerGetPeriod), (22 bytes).
    Removing timers.o(i.xTimerGetTimerDaemonTaskHandle), (32 bytes).
    Removing timers.o(i.xTimerIsTimerActive), (44 bytes).
    Removing port.o(i.vPortEndScheduler), (32 bytes).
    Removing heap_4.o(i.vPortInitialiseBlocks), (2 bytes).
    Removing heap_4.o(i.xPortGetFreeHeapSize), (12 bytes).
    Removing heap_4.o(i.xPortGetMinimumEverFreeHeapSize), (12 bytes).

334 unused section(s) (total 20102 bytes) removed from the image.

==============================================================================

Image Symbol Table

    Local Symbols

    Symbol Name                              Value     Ov Type        Size  Object(Section)

    ../clib/microlib/init/entry.s            0x00000000   Number         0  entry8b.o ABSOLUTE
    ../clib/microlib/init/entry.s            0x00000000   Number         0  entry.o ABSOLUTE
    ../clib/microlib/init/entry.s            0x00000000   Number         0  entry11b.o ABSOLUTE
    ../clib/microlib/init/entry.s            0x00000000   Number         0  entry2.o ABSOLUTE
    ../clib/microlib/init/entry.s            0x00000000   Number         0  entry11a.o ABSOLUTE
    ../clib/microlib/init/entry.s            0x00000000   Number         0  entry10b.o ABSOLUTE
    ../clib/microlib/init/entry.s            0x00000000   Number         0  entry5.o ABSOLUTE
    ../clib/microlib/init/entry.s            0x00000000   Number         0  entry7a.o ABSOLUTE
    ../clib/microlib/init/entry.s            0x00000000   Number         0  entry9b.o ABSOLUTE
    ../clib/microlib/init/entry.s            0x00000000   Number         0  entry7b.o ABSOLUTE
    ../clib/microlib/init/entry.s            0x00000000   Number         0  entry10a.o ABSOLUTE
    ../clib/microlib/init/entry.s            0x00000000   Number         0  entry9a.o ABSOLUTE
    ../clib/microlib/init/entry.s            0x00000000   Number         0  entry8a.o ABSOLUTE
    ../clib/microlib/stdlib/abort.c          0x00000000   Number         0  abort.o ABSOLUTE
    ../clib/microlib/string/memcpy.c         0x00000000   Number         0  memcpya.o ABSOLUTE
    ../clib/microlib/string/memcpy.c         0x00000000   Number         0  memcpyb.o ABSOLUTE
    ../clib/microlib/string/memset.c         0x00000000   Number         0  memseta.o ABSOLUTE
    ../clib/microlib/string/memset.c         0x00000000   Number         0  memset.o ABSOLUTE
    ../clib/microlib/stubs.s                 0x00000000   Number         0  useno.o ABSOLUTE
    ..\CORE\startup_stm32f427x.s             0x00000000   Number         0  startup_stm32f427x.o ABSOLUTE
    ..\FreeRTOS\croutine.c                   0x00000000   Number         0  croutine.o ABSOLUTE
    ..\FreeRTOS\event_groups.c               0x00000000   Number         0  event_groups.o ABSOLUTE
    ..\FreeRTOS\list.c                       0x00000000   Number         0  list.o ABSOLUTE
    ..\FreeRTOS\portable\MemMang\heap_4.c    0x00000000   Number         0  heap_4.o ABSOLUTE
    ..\FreeRTOS\portable\RVDS\ARM_CM4F\port.c 0x00000000   Number         0  port.o ABSOLUTE
    ..\FreeRTOS\queue.c                      0x00000000   Number         0  queue.o ABSOLUTE
    ..\FreeRTOS\stream_buffer.c              0x00000000   Number         0  stream_buffer.o ABSOLUTE
    ..\FreeRTOS\tasks.c                      0x00000000   Number         0  tasks.o ABSOLUTE
    ..\FreeRTOS\timers.c                     0x00000000   Number         0  timers.o ABSOLUTE
    ..\HALLIB\STM32F4xx_HAL_Driver\Src\stm32f4xx_hal.c 0x00000000   Number         0  stm32f4xx_hal.o ABSOLUTE
    ..\HALLIB\STM32F4xx_HAL_Driver\Src\stm32f4xx_hal_cortex.c 0x00000000   Number         0  stm32f4xx_hal_cortex.o ABSOLUTE
    ..\HALLIB\STM32F4xx_HAL_Driver\Src\stm32f4xx_hal_dma.c 0x00000000   Number         0  stm32f4xx_hal_dma.o ABSOLUTE
    ..\HALLIB\STM32F4xx_HAL_Driver\Src\stm32f4xx_hal_dma_ex.c 0x00000000   Number         0  stm32f4xx_hal_dma_ex.o ABSOLUTE
    ..\HALLIB\STM32F4xx_HAL_Driver\Src\stm32f4xx_hal_gpio.c 0x00000000   Number         0  stm32f4xx_hal_gpio.o ABSOLUTE
    ..\HALLIB\STM32F4xx_HAL_Driver\Src\stm32f4xx_hal_pwr.c 0x00000000   Number         0  stm32f4xx_hal_pwr.o ABSOLUTE
    ..\HALLIB\STM32F4xx_HAL_Driver\Src\stm32f4xx_hal_pwr_ex.c 0x00000000   Number         0  stm32f4xx_hal_pwr_ex.o ABSOLUTE
    ..\HALLIB\STM32F4xx_HAL_Driver\Src\stm32f4xx_hal_rcc.c 0x00000000   Number         0  stm32f4xx_hal_rcc.o ABSOLUTE
    ..\HALLIB\STM32F4xx_HAL_Driver\Src\stm32f4xx_hal_rcc_ex.c 0x00000000   Number         0  stm32f4xx_hal_rcc_ex.o ABSOLUTE
    ..\HALLIB\STM32F4xx_HAL_Driver\Src\stm32f4xx_hal_uart.c 0x00000000   Number         0  stm32f4xx_hal_uart.o ABSOLUTE
    ..\HALLIB\STM32F4xx_HAL_Driver\Src\stm32f4xx_hal_usart.c 0x00000000   Number         0  stm32f4xx_hal_usart.o ABSOLUTE
    ..\HARDWARE\src\iic.c                    0x00000000   Number         0  iic.o ABSOLUTE
    ..\HARDWARE\src\led.c                    0x00000000   Number         0  led.o ABSOLUTE
    ..\HARDWARE\src\mpu9250.c                0x00000000   Number         0  mpu9250.o ABSOLUTE
    ..\HARDWARE\src\sysInit.c                0x00000000   Number         0  sysinit.o ABSOLUTE
    ..\SYSTEM\delay\delay.c                  0x00000000   Number         0  delay.o ABSOLUTE
    ..\SYSTEM\sys\sys.c                      0x00000000   Number         0  sys.o ABSOLUTE
    ..\SYSTEM\usart\usart.c                  0x00000000   Number         0  usart.o ABSOLUTE
    ..\\FreeRTOS\\portable\\RVDS\\ARM_CM4F\\port.c 0x00000000   Number         0  port.o ABSOLUTE
    ..\\HALLIB\\STM32F4xx_HAL_Driver\\Src\\stm32f4xx_hal.c 0x00000000   Number         0  stm32f4xx_hal.o ABSOLUTE
    ..\\HALLIB\\STM32F4xx_HAL_Driver\\Src\\stm32f4xx_hal_cortex.c 0x00000000   Number         0  stm32f4xx_hal_cortex.o ABSOLUTE
    ..\\HALLIB\\STM32F4xx_HAL_Driver\\Src\\stm32f4xx_hal_dma.c 0x00000000   Number         0  stm32f4xx_hal_dma.o ABSOLUTE
    ..\\HALLIB\\STM32F4xx_HAL_Driver\\Src\\stm32f4xx_hal_dma_ex.c 0x00000000   Number         0  stm32f4xx_hal_dma_ex.o ABSOLUTE
    ..\\HALLIB\\STM32F4xx_HAL_Driver\\Src\\stm32f4xx_hal_gpio.c 0x00000000   Number         0  stm32f4xx_hal_gpio.o ABSOLUTE
    ..\\HALLIB\\STM32F4xx_HAL_Driver\\Src\\stm32f4xx_hal_pwr.c 0x00000000   Number         0  stm32f4xx_hal_pwr.o ABSOLUTE
    ..\\HALLIB\\STM32F4xx_HAL_Driver\\Src\\stm32f4xx_hal_pwr_ex.c 0x00000000   Number         0  stm32f4xx_hal_pwr_ex.o ABSOLUTE
    ..\\HALLIB\\STM32F4xx_HAL_Driver\\Src\\stm32f4xx_hal_rcc.c 0x00000000   Number         0  stm32f4xx_hal_rcc.o ABSOLUTE
    ..\\HALLIB\\STM32F4xx_HAL_Driver\\Src\\stm32f4xx_hal_rcc_ex.c 0x00000000   Number         0  stm32f4xx_hal_rcc_ex.o ABSOLUTE
    ..\\HALLIB\\STM32F4xx_HAL_Driver\\Src\\stm32f4xx_hal_uart.c 0x00000000   Number         0  stm32f4xx_hal_uart.o ABSOLUTE
    ..\\HALLIB\\STM32F4xx_HAL_Driver\\Src\\stm32f4xx_hal_usart.c 0x00000000   Number         0  stm32f4xx_hal_usart.o ABSOLUTE
    ..\\HARDWARE\\src\\iic.c                 0x00000000   Number         0  iic.o ABSOLUTE
    ..\\HARDWARE\\src\\led.c                 0x00000000   Number         0  led.o ABSOLUTE
    ..\\HARDWARE\\src\\mpu9250.c             0x00000000   Number         0  mpu9250.o ABSOLUTE
    ..\\HARDWARE\\src\\sysInit.c             0x00000000   Number         0  sysinit.o ABSOLUTE
    ..\\SYSTEM\\delay\\delay.c               0x00000000   Number         0  delay.o ABSOLUTE
    ..\\SYSTEM\\sys\\sys.c                   0x00000000   Number         0  sys.o ABSOLUTE
    ..\\SYSTEM\\usart\\usart.c               0x00000000   Number         0  usart.o ABSOLUTE
    dc.s                                     0x00000000   Number         0  dc.o ABSOLUTE
    handlers.s                               0x00000000   Number         0  handlers.o ABSOLUTE
    init.s                                   0x00000000   Number         0  init.o ABSOLUTE
    main.c                                   0x00000000   Number         0  main.o ABSOLUTE
    main.c                                   0x00000000   Number         0  main.o ABSOLUTE
    stm32f4xx_it.c                           0x00000000   Number         0  stm32f4xx_it.o ABSOLUTE
    stm32f4xx_it.c                           0x00000000   Number         0  stm32f4xx_it.o ABSOLUTE
    system_stm32f4xx.c                       0x00000000   Number         0  system_stm32f4xx.o ABSOLUTE
    system_stm32f4xx.c                       0x00000000   Number         0  system_stm32f4xx.o ABSOLUTE
    RESET                                    0x08000000   Section      428  startup_stm32f427x.o(RESET)
    .ARM.Collect$$$$00000000                 0x080001ac   Section        0  entry.o(.ARM.Collect$$$$00000000)
    .ARM.Collect$$$$00000001                 0x080001ac   Section        4  entry2.o(.ARM.Collect$$$$00000001)
    .ARM.Collect$$$$00000004                 0x080001b0   Section        4  entry5.o(.ARM.Collect$$$$00000004)
    .ARM.Collect$$$$00000008                 0x080001b4   Section        0  entry7b.o(.ARM.Collect$$$$00000008)
    .ARM.Collect$$$$0000000A                 0x080001b4   Section        0  entry8b.o(.ARM.Collect$$$$0000000A)
    .ARM.Collect$$$$0000000B                 0x080001b4   Section        8  entry9a.o(.ARM.Collect$$$$0000000B)
    .ARM.Collect$$$$0000000D                 0x080001bc   Section        0  entry10a.o(.ARM.Collect$$$$0000000D)
    .ARM.Collect$$$$0000000F                 0x080001bc   Section        0  entry11a.o(.ARM.Collect$$$$0000000F)
    .ARM.Collect$$$$00002712                 0x080001bc   Section        4  entry2.o(.ARM.Collect$$$$00002712)
    __lit__00000000                          0x080001bc   Data           4  entry2.o(.ARM.Collect$$$$00002712)
    .emb_text                                0x080001c0   Section      190  port.o(.emb_text)
    $v0                                      0x080001c0   Number         0  port.o(.emb_text)
    .text                                    0x08000280   Section       36  startup_stm32f427x.o(.text)
    $v0                                      0x08000280   Number         0  startup_stm32f427x.o(.text)
    .text                                    0x080002a4   Section        0  memcpya.o(.text)
    .text                                    0x080002c8   Section        0  memseta.o(.text)
    .text                                    0x080002ec   Section       36  init.o(.text)
    i.BusFault_Handler                       0x08000310   Section        0  stm32f4xx_it.o(i.BusFault_Handler)
    i.DebugMon_Handler                       0x08000312   Section        0  stm32f4xx_it.o(i.DebugMon_Handler)
    i.HAL_GPIO_Init                          0x08000314   Section        0  stm32f4xx_hal_gpio.o(i.HAL_GPIO_Init)
    i.HAL_GPIO_WritePin                      0x080004f0   Section        0  stm32f4xx_hal_gpio.o(i.HAL_GPIO_WritePin)
    i.HAL_GetTick                            0x080004fc   Section        0  stm32f4xx_hal.o(i.HAL_GetTick)
    i.HAL_Init                               0x08000508   Section        0  stm32f4xx_hal.o(i.HAL_Init)
    i.HAL_InitTick                           0x0800053c   Section        0  stm32f4xx_hal.o(i.HAL_InitTick)
    i.HAL_MspInit                            0x0800055e   Section        0  stm32f4xx_hal.o(i.HAL_MspInit)
    i.HAL_NVIC_SetPriority                   0x08000568   Section        0  stm32f4xx_hal_cortex.o(i.HAL_NVIC_SetPriority)
    i.HAL_NVIC_SetPriorityGrouping           0x080005a8   Section        0  stm32f4xx_hal_cortex.o(i.HAL_NVIC_SetPriorityGrouping)
    i.HAL_PWREx_EnableOverDrive              0x080005cc   Section        0  stm32f4xx_hal_pwr_ex.o(i.HAL_PWREx_EnableOverDrive)
    i.HAL_RCC_ClockConfig                    0x08000654   Section        0  stm32f4xx_hal_rcc.o(i.HAL_RCC_ClockConfig)
    i.HAL_RCC_GetHCLKFreq                    0x0800085c   Section        0  stm32f4xx_hal_rcc.o(i.HAL_RCC_GetHCLKFreq)
    i.HAL_RCC_GetSysClockFreq                0x08000890   Section        0  stm32f4xx_hal_rcc.o(i.HAL_RCC_GetSysClockFreq)
    i.HAL_RCC_OscConfig                      0x08000904   Section        0  stm32f4xx_hal_rcc.o(i.HAL_RCC_OscConfig)
    i.HAL_SYSTICK_CLKSourceConfig            0x08000c20   Section        0  stm32f4xx_hal_cortex.o(i.HAL_SYSTICK_CLKSourceConfig)
    i.HAL_SYSTICK_Config                     0x08000c38   Section        0  stm32f4xx_hal_cortex.o(i.HAL_SYSTICK_Config)
    i.HAL_UART_ErrorCallback                 0x08000c60   Section        0  stm32f4xx_hal_uart.o(i.HAL_UART_ErrorCallback)
    i.HAL_UART_GetState                      0x08000c62   Section        0  stm32f4xx_hal_uart.o(i.HAL_UART_GetState)
    i.HAL_UART_IRQHandler                    0x08000c68   Section        0  stm32f4xx_hal_uart.o(i.HAL_UART_IRQHandler)
    i.HAL_UART_Receive_IT                    0x08000d5c   Section        0  stm32f4xx_hal_uart.o(i.HAL_UART_Receive_IT)
    i.HAL_UART_RxCpltCallback                0x08000dc4   Section        0  usart.o(i.HAL_UART_RxCpltCallback)
    i.HAL_UART_TxCpltCallback                0x08000e1c   Section        0  stm32f4xx_hal_uart.o(i.HAL_UART_TxCpltCallback)
    i.HardFault_Handler                      0x08000e1e   Section        0  stm32f4xx_it.o(i.HardFault_Handler)
    i.IIC_Ack                                0x08000e20   Section        0  iic.o(i.IIC_Ack)
    i.IIC_NAck                               0x08000e78   Section        0  iic.o(i.IIC_NAck)
    i.IIC_READ_SDA                           0x08000ed0   Section        0  iic.o(i.IIC_READ_SDA)
    i.IIC_Read_Byte                          0x08000f4c   Section        0  iic.o(i.IIC_Read_Byte)
    i.IIC_SCL                                0x08000fcc   Section        0  iic.o(i.IIC_SCL)
    i.IIC_SDA                                0x08001044   Section        0  iic.o(i.IIC_SDA)
    i.IIC_Send_Byte                          0x080010bc   Section        0  iic.o(i.IIC_Send_Byte)
    i.IIC_Start                              0x0800112a   Section        0  iic.o(i.IIC_Start)
    i.IIC_Stop                               0x08001184   Section        0  iic.o(i.IIC_Stop)
    i.IIC_Wait_Ack                           0x080011de   Section        0  iic.o(i.IIC_Wait_Ack)
    i.IIC_delay                              0x08001254   Section        0  iic.o(i.IIC_delay)
    i.LED_Init                               0x08001260   Section        0  led.o(i.LED_Init)
    i.MPU9250_IIC_Read                       0x080012b4   Section        0  mpu9250.o(i.MPU9250_IIC_Read)
    i.MPU9250_IIC_Write                      0x0800134a   Section        0  mpu9250.o(i.MPU9250_IIC_Write)
    i.MemManage_Handler                      0x080013c2   Section        0  stm32f4xx_it.o(i.MemManage_Handler)
    i.NMI_Handler                            0x080013c4   Section        0  stm32f4xx_it.o(i.NMI_Handler)
    i.NVIC_SetPriority                       0x080013c6   Section        0  stm32f4xx_hal_cortex.o(i.NVIC_SetPriority)
    NVIC_SetPriority                         0x080013c7   Thumb Code    32  stm32f4xx_hal_cortex.o(i.NVIC_SetPriority)
    i.SDA_IN                                 0x080013e6   Section        0  iic.o(i.SDA_IN)
    i.SDA_OUT                                0x080013fa   Section        0  iic.o(i.SDA_OUT)
    i.Stm32_Clock_Init                       0x08001414   Section        0  sys.o(i.Stm32_Clock_Init)
    i.SysTick_Handler                        0x08001498   Section        0  delay.o(i.SysTick_Handler)
    i.SystemInit                             0x080014b8   Section        0  system_stm32f4xx.o(i.SystemInit)
    i.UART_Receive_IT                        0x0800150c   Section        0  stm32f4xx_hal_uart.o(i.UART_Receive_IT)
    UART_Receive_IT                          0x0800150d   Thumb Code   166  stm32f4xx_hal_uart.o(i.UART_Receive_IT)
    i.UART_Transmit_IT                       0x080015b2   Section        0  stm32f4xx_hal_uart.o(i.UART_Transmit_IT)
    UART_Transmit_IT                         0x080015b3   Thumb Code   102  stm32f4xx_hal_uart.o(i.UART_Transmit_IT)
    i.USART1_IRQHandler                      0x08001618   Section        0  usart.o(i.USART1_IRQHandler)
    i.UsageFault_Handler                     0x08001644   Section        0  stm32f4xx_it.o(i.UsageFault_Handler)
    i.__scatterload_copy                     0x08001646   Section       14  handlers.o(i.__scatterload_copy)
    i.__scatterload_null                     0x08001654   Section        2  handlers.o(i.__scatterload_null)
    i.__scatterload_zeroinit                 0x08001656   Section       14  handlers.o(i.__scatterload_zeroinit)
    i.delay_init                             0x08001664   Section        0  delay.o(i.delay_init)
    i.delay_ms                               0x0800169c   Section        0  delay.o(i.delay_ms)
    i.delay_us                               0x080016d4   Section        0  delay.o(i.delay_us)
    i.iicPortDef                             0x08001708   Section        0  iic.o(i.iicPortDef)
    i.iicSingleInit                          0x080019ec   Section        0  iic.o(i.iicSingleInit)
    i.ledCtrl                                0x08001a20   Section        0  led.o(i.ledCtrl)
    i.main                                   0x08001a60   Section        0  main.o(i.main)
    i.mpu9250_Init                           0x08001a98   Section        0  mpu9250.o(i.mpu9250_Init)
    i.prvAddCurrentTaskToDelayedList         0x08001bcc   Section        0  tasks.o(i.prvAddCurrentTaskToDelayedList)
    prvAddCurrentTaskToDelayedList           0x08001bcd   Thumb Code   102  tasks.o(i.prvAddCurrentTaskToDelayedList)
    i.prvAddNewTaskToReadyList               0x08001c3c   Section        0  tasks.o(i.prvAddNewTaskToReadyList)
    prvAddNewTaskToReadyList                 0x08001c3d   Thumb Code   196  tasks.o(i.prvAddNewTaskToReadyList)
    i.prvCheckForValidListAndQueue           0x08001d0c   Section        0  timers.o(i.prvCheckForValidListAndQueue)
    prvCheckForValidListAndQueue             0x08001d0d   Thumb Code    62  timers.o(i.prvCheckForValidListAndQueue)
    i.prvCopyDataFromQueue                   0x08001d5c   Section        0  queue.o(i.prvCopyDataFromQueue)
    prvCopyDataFromQueue                     0x08001d5d   Thumb Code    38  queue.o(i.prvCopyDataFromQueue)
    i.prvCopyDataToQueue                     0x08001d82   Section        0  queue.o(i.prvCopyDataToQueue)
    prvCopyDataToQueue                       0x08001d83   Thumb Code   108  queue.o(i.prvCopyDataToQueue)
    i.prvDeleteTCB                           0x08001dee   Section        0  tasks.o(i.prvDeleteTCB)
    prvDeleteTCB                             0x08001def   Thumb Code    20  tasks.o(i.prvDeleteTCB)
    i.prvHeapInit                            0x08001e04   Section        0  heap_4.o(i.prvHeapInit)
    prvHeapInit                              0x08001e05   Thumb Code    66  heap_4.o(i.prvHeapInit)
    i.prvIdleTask                            0x08001e50   Section        0  tasks.o(i.prvIdleTask)
    prvIdleTask                              0x08001e51   Thumb Code    80  tasks.o(i.prvIdleTask)
    i.prvInitialiseNewTask                   0x08001eac   Section        0  tasks.o(i.prvInitialiseNewTask)
    prvInitialiseNewTask                     0x08001ead   Thumb Code   174  tasks.o(i.prvInitialiseNewTask)
    i.prvInsertBlockIntoFreeList             0x08001f5c   Section        0  heap_4.o(i.prvInsertBlockIntoFreeList)
    prvInsertBlockIntoFreeList               0x08001f5d   Thumb Code    72  heap_4.o(i.prvInsertBlockIntoFreeList)
    i.prvInsertTimerInActiveList             0x08001fa8   Section        0  timers.o(i.prvInsertTimerInActiveList)
    prvInsertTimerInActiveList               0x08001fa9   Thumb Code    52  timers.o(i.prvInsertTimerInActiveList)
    i.prvIsQueueEmpty                        0x08001fe0   Section        0  queue.o(i.prvIsQueueEmpty)
    prvIsQueueEmpty                          0x08001fe1   Thumb Code    26  queue.o(i.prvIsQueueEmpty)
    i.prvProcessReceivedCommands             0x08001ffc   Section        0  timers.o(i.prvProcessReceivedCommands)
    prvProcessReceivedCommands               0x08001ffd   Thumb Code   178  timers.o(i.prvProcessReceivedCommands)
    i.prvProcessTimerOrBlockTask             0x080020b4   Section        0  timers.o(i.prvProcessTimerOrBlockTask)
    prvProcessTimerOrBlockTask               0x080020b5   Thumb Code   172  timers.o(i.prvProcessTimerOrBlockTask)
    i.prvResetNextTaskUnblockTime            0x08002168   Section        0  tasks.o(i.prvResetNextTaskUnblockTime)
    prvResetNextTaskUnblockTime              0x08002169   Thumb Code    26  tasks.o(i.prvResetNextTaskUnblockTime)
    i.prvSampleTimeNow                       0x08002188   Section        0  timers.o(i.prvSampleTimeNow)
    prvSampleTimeNow                         0x08002189   Thumb Code    36  timers.o(i.prvSampleTimeNow)
    i.prvSwitchTimerLists                    0x080021b0   Section        0  timers.o(i.prvSwitchTimerLists)
    prvSwitchTimerLists                      0x080021b1   Thumb Code   102  timers.o(i.prvSwitchTimerLists)
    i.prvTaskExitError                       0x0800221c   Section        0  port.o(i.prvTaskExitError)
    prvTaskExitError                         0x0800221d   Thumb Code    36  port.o(i.prvTaskExitError)
    i.prvTimerTask                           0x08002244   Section        0  timers.o(i.prvTimerTask)
    prvTimerTask                             0x08002245   Thumb Code    34  timers.o(i.prvTimerTask)
    i.prvUnlockQueue                         0x0800226c   Section        0  queue.o(i.prvUnlockQueue)
    prvUnlockQueue                           0x0800226d   Thumb Code   106  queue.o(i.prvUnlockQueue)
    i.pvPortMalloc                           0x080022d8   Section        0  heap_4.o(i.pvPortMalloc)
    i.pxPortInitialiseStack                  0x080023b0   Section        0  port.o(i.pxPortInitialiseStack)
    i.startTask                              0x080023dc   Section        0  main.o(i.startTask)
    startTask                                0x080023dd   Thumb Code    42  main.o(i.startTask)
    i.sysInit                                0x0800241c   Section        0  sysinit.o(i.sysInit)
    i.uxListRemove                           0x08002442   Section        0  list.o(i.uxListRemove)
    i.vListInitialise                        0x08002468   Section        0  list.o(i.vListInitialise)
    i.vListInitialiseItem                    0x0800247e   Section        0  list.o(i.vListInitialiseItem)
    i.vListInsert                            0x08002484   Section        0  list.o(i.vListInsert)
    i.vListInsertEnd                         0x080024b4   Section        0  list.o(i.vListInsertEnd)
    i.vPortEnterCritical                     0x080024cc   Section        0  port.o(i.vPortEnterCritical)
    i.vPortExitCritical                      0x0800250c   Section        0  port.o(i.vPortExitCritical)
    i.vPortFree                              0x08002534   Section        0  heap_4.o(i.vPortFree)
    i.vPortSetupTimerInterrupt               0x08002590   Section        0  port.o(i.vPortSetupTimerInterrupt)
    i.vPortValidateInterruptPriority         0x080025b4   Section        0  port.o(i.vPortValidateInterruptPriority)
    i.vQueueAddToRegistry                    0x08002608   Section        0  queue.o(i.vQueueAddToRegistry)
    i.vQueueWaitForMessageRestricted         0x0800262c   Section        0  queue.o(i.vQueueWaitForMessageRestricted)
    i.vTaskDelay                             0x08002670   Section        0  tasks.o(i.vTaskDelay)
    i.vTaskDelete                            0x080026bc   Section        0  tasks.o(i.vTaskDelete)
    i.vTaskInternalSetTimeOutState           0x08002768   Section        0  tasks.o(i.vTaskInternalSetTimeOutState)
    i.vTaskLED                               0x08002778   Section        0  led.o(i.vTaskLED)
    i.vTaskMissedYield                       0x08002798   Section        0  tasks.o(i.vTaskMissedYield)
    i.vTaskPlaceOnEventList                  0x080027a4   Section        0  tasks.o(i.vTaskPlaceOnEventList)
    i.vTaskPlaceOnEventListRestricted        0x080027d4   Section        0  tasks.o(i.vTaskPlaceOnEventListRestricted)
    i.vTaskStartScheduler                    0x0800280c   Section        0  tasks.o(i.vTaskStartScheduler)
    i.vTaskSuspendAll                        0x0800287c   Section        0  tasks.o(i.vTaskSuspendAll)
    i.vTaskSwitchContext                     0x0800288c   Section        0  tasks.o(i.vTaskSwitchContext)
    i.xPortStartScheduler                    0x080028e8   Section        0  port.o(i.xPortStartScheduler)
    i.xPortSysTickHandler                    0x080029dc   Section        0  port.o(i.xPortSysTickHandler)
    i.xQueueGenericCreate                    0x08002a08   Section        0  queue.o(i.xQueueGenericCreate)
    i.xQueueGenericReset                     0x08002a5c   Section        0  queue.o(i.xQueueGenericReset)
    i.xQueueGenericSend                      0x08002ae4   Section        0  queue.o(i.xQueueGenericSend)
    i.xQueueGenericSendFromISR               0x08002c48   Section        0  queue.o(i.xQueueGenericSendFromISR)
    i.xQueueReceive                          0x08002d04   Section        0  queue.o(i.xQueueReceive)
    i.xTaskCheckForTimeOut                   0x08002e3c   Section        0  tasks.o(i.xTaskCheckForTimeOut)
    i.xTaskCreate                            0x08002eb0   Section        0  tasks.o(i.xTaskCreate)
    i.xTaskGetSchedulerState                 0x08002f08   Section        0  tasks.o(i.xTaskGetSchedulerState)
    i.xTaskGetTickCount                      0x08002f24   Section        0  tasks.o(i.xTaskGetTickCount)
    i.xTaskIncrementTick                     0x08002f30   Section        0  tasks.o(i.xTaskIncrementTick)
    i.xTaskPriorityDisinherit                0x08002ff8   Section        0  tasks.o(i.xTaskPriorityDisinherit)
    i.xTaskRemoveFromEventList               0x08003090   Section        0  tasks.o(i.xTaskRemoveFromEventList)
    i.xTaskResumeAll                         0x08003104   Section        0  tasks.o(i.xTaskResumeAll)
    i.xTimerCreateTimerTask                  0x080031c8   Section        0  timers.o(i.xTimerCreateTimerTask)
    i.xTimerGenericCommand                   0x08003214   Section        0  timers.o(i.xTimerGenericCommand)
    .constdata                               0x08003270   Section       16  stm32f4xx_hal_rcc.o(.constdata)
    .data                                    0x20000000   Section        4  main.o(.data)
    .data                                    0x20000004   Section        4  system_stm32f4xx.o(.data)
    .data                                    0x20000008   Section        4  stm32f4xx_hal.o(.data)
    uwTick                                   0x20000008   Data           4  stm32f4xx_hal.o(.data)
    .data                                    0x2000000c   Section       12  delay.o(.data)
    fac_ms                                   0x2000000c   Data           2  delay.o(.data)
    fac_us                                   0x20000010   Data           4  delay.o(.data)
    sysTickCnt                               0x20000014   Data           4  delay.o(.data)
    .data                                    0x20000018   Section        4  usart.o(.data)
    .data                                    0x2000001c   Section       60  tasks.o(.data)
    uxDeletedTasksWaitingCleanUp             0x20000020   Data           4  tasks.o(.data)
    uxCurrentNumberOfTasks                   0x20000024   Data           4  tasks.o(.data)
    xTickCount                               0x20000028   Data           4  tasks.o(.data)
    uxTopReadyPriority                       0x2000002c   Data           4  tasks.o(.data)
    xSchedulerRunning                        0x20000030   Data           4  tasks.o(.data)
    uxPendedTicks                            0x20000034   Data           4  tasks.o(.data)
    xYieldPending                            0x20000038   Data           4  tasks.o(.data)
    xNumOfOverflows                          0x2000003c   Data           4  tasks.o(.data)
    uxTaskNumber                             0x20000040   Data           4  tasks.o(.data)
    xNextTaskUnblockTime                     0x20000044   Data           4  tasks.o(.data)
    xIdleTaskHandle                          0x20000048   Data           4  tasks.o(.data)
    uxSchedulerSuspended                     0x2000004c   Data           4  tasks.o(.data)
    pxDelayedTaskList                        0x20000050   Data           4  tasks.o(.data)
    pxOverflowDelayedTaskList                0x20000054   Data           4  tasks.o(.data)
    .data                                    0x20000058   Section       20  timers.o(.data)
    xTimerQueue                              0x20000058   Data           4  timers.o(.data)
    xTimerTaskHandle                         0x2000005c   Data           4  timers.o(.data)
    xLastTime                                0x20000060   Data           4  timers.o(.data)
    pxCurrentTimerList                       0x20000064   Data           4  timers.o(.data)
    pxOverflowTimerList                      0x20000068   Data           4  timers.o(.data)
    .data                                    0x2000006c   Section       12  port.o(.data)
    ucMaxSysCallPriority                     0x2000006c   Data           1  port.o(.data)
    uxCriticalNesting                        0x20000070   Data           4  port.o(.data)
    ulMaxPRIGROUPValue                       0x20000074   Data           4  port.o(.data)
    .data                                    0x20000078   Section       24  heap_4.o(.data)
    pxEnd                                    0x20000078   Data           4  heap_4.o(.data)
    xFreeBytesRemaining                      0x2000007c   Data           4  heap_4.o(.data)
    xMinimumEverFreeBytesRemaining           0x20000080   Data           4  heap_4.o(.data)
    xBlockAllocatedBit                       0x20000084   Data           4  heap_4.o(.data)
    xStart                                   0x20000088   Data           8  heap_4.o(.data)
    .bss                                     0x20000090   Section      264  usart.o(.bss)
    .bss                                     0x20000198   Section       46  mpu9250.o(.bss)
    .bss                                     0x200001c8   Section       64  queue.o(.bss)
    .bss                                     0x20000208   Section      200  tasks.o(.bss)
    pxReadyTasksLists                        0x20000208   Data         100  tasks.o(.bss)
    xDelayedTaskList1                        0x2000026c   Data          20  tasks.o(.bss)
    xDelayedTaskList2                        0x20000280   Data          20  tasks.o(.bss)
    xPendingReadyList                        0x20000294   Data          20  tasks.o(.bss)
    xTasksWaitingTermination                 0x200002a8   Data          20  tasks.o(.bss)
    xSuspendedTaskList                       0x200002bc   Data          20  tasks.o(.bss)
    .bss                                     0x200002d0   Section       40  timers.o(.bss)
    xActiveTimerList1                        0x200002d0   Data          20  timers.o(.bss)
    xActiveTimerList2                        0x200002e4   Data          20  timers.o(.bss)
    .bss                                     0x200002f8   Section    76800  heap_4.o(.bss)
    ucHeap                                   0x200002f8   Data       76800  heap_4.o(.bss)
    STACK                                    0x20012ef8   Section     1024  startup_stm32f427x.o(STACK)

    Global Symbols

    Symbol Name                              Value     Ov Type        Size  Object(Section)

    BuildAttributes$$THM_ISAv4$E$P$D$K$B$S$7EM$VFPi3$EXTD16$VFPS$VFMA$PE$A:L22UL41UL21$X:L11$S22US41US21$IEEE1$IW$USESV6$~STKCKD$USESV7$~SHL$OSPACE$EBA8$MICROLIB$REQ8$PRES8$EABIv2 0x00000000   Number         0  anon$$obj.o ABSOLUTE
    __ARM_use_no_argv                        0x00000000   Number         0  main.o ABSOLUTE
    __use_no_errno                           0x00000000   Number         0  useno.o ABSOLUTE
    __use_no_exception_handling              0x00000000   Number         0  useno.o ABSOLUTE
    __use_no_fp                              0x00000000   Number         0  useno.o ABSOLUTE
    __use_no_heap                            0x00000000   Number         0  useno.o ABSOLUTE
    __use_no_heap_region                     0x00000000   Number         0  useno.o ABSOLUTE
    __use_no_semihosting                     0x00000000   Number         0  useno.o ABSOLUTE
    __use_no_semihosting_swi                 0x00000000   Number         0  useno.o ABSOLUTE
    __use_no_signal_handling                 0x00000000   Number         0  useno.o ABSOLUTE
    __cpp_initialize__aeabi_                  - Undefined Weak Reference
    __cxa_finalize                            - Undefined Weak Reference
    __decompress                              - Undefined Weak Reference
    _clock_init                               - Undefined Weak Reference
    _microlib_exit                            - Undefined Weak Reference
    __Vectors_Size                           0x000001ac   Number         0  startup_stm32f427x.o ABSOLUTE
    __Vectors                                0x08000000   Data           4  startup_stm32f427x.o(RESET)
    __Vectors_End                            0x080001ac   Data           0  startup_stm32f427x.o(RESET)
    __main                                   0x080001ad   Thumb Code     0  entry.o(.ARM.Collect$$$$00000000)
    _main_stk                                0x080001ad   Thumb Code     0  entry2.o(.ARM.Collect$$$$00000001)
    _main_scatterload                        0x080001b1   Thumb Code     0  entry5.o(.ARM.Collect$$$$00000004)
    __main_after_scatterload                 0x080001b5   Thumb Code     0  entry5.o(.ARM.Collect$$$$00000004)
    _main_clock                              0x080001b5   Thumb Code     0  entry7b.o(.ARM.Collect$$$$00000008)
    _main_cpp_init                           0x080001b5   Thumb Code     0  entry8b.o(.ARM.Collect$$$$0000000A)
    _main_init                               0x080001b5   Thumb Code     0  entry9a.o(.ARM.Collect$$$$0000000B)
    __rt_final_cpp                           0x080001bd   Thumb Code     0  entry10a.o(.ARM.Collect$$$$0000000D)
    __rt_final_exit                          0x080001bd   Thumb Code     0  entry11a.o(.ARM.Collect$$$$0000000F)
    SVC_Handler                              0x080001c1   Thumb Code    28  port.o(.emb_text)
    __asm___6_port_c_39a90d8d__prvStartFirstTask 0x080001e1   Thumb Code    36  port.o(.emb_text)
    __asm___6_port_c_39a90d8d__prvEnableVFP  0x08000209   Thumb Code    16  port.o(.emb_text)
    PendSV_Handler                           0x0800021d   Thumb Code    88  port.o(.emb_text)
    vPortGetIPSR                             0x08000279   Thumb Code     6  port.o(.emb_text)
    Reset_Handler                            0x08000281   Thumb Code     8  startup_stm32f427x.o(.text)
    ADC_IRQHandler                           0x0800029b   Thumb Code     0  startup_stm32f427x.o(.text)
    CAN1_RX0_IRQHandler                      0x0800029b   Thumb Code     0  startup_stm32f427x.o(.text)
    CAN1_RX1_IRQHandler                      0x0800029b   Thumb Code     0  startup_stm32f427x.o(.text)
    CAN1_SCE_IRQHandler                      0x0800029b   Thumb Code     0  startup_stm32f427x.o(.text)
    CAN1_TX_IRQHandler                       0x0800029b   Thumb Code     0  startup_stm32f427x.o(.text)
    CAN2_RX0_IRQHandler                      0x0800029b   Thumb Code     0  startup_stm32f427x.o(.text)
    CAN2_RX1_IRQHandler                      0x0800029b   Thumb Code     0  startup_stm32f427x.o(.text)
    CAN2_SCE_IRQHandler                      0x0800029b   Thumb Code     0  startup_stm32f427x.o(.text)
    CAN2_TX_IRQHandler                       0x0800029b   Thumb Code     0  startup_stm32f427x.o(.text)
    CRYP_IRQHandler                          0x0800029b   Thumb Code     0  startup_stm32f427x.o(.text)
    DCMI_IRQHandler                          0x0800029b   Thumb Code     0  startup_stm32f427x.o(.text)
    DMA1_Stream0_IRQHandler                  0x0800029b   Thumb Code     0  startup_stm32f427x.o(.text)
    DMA1_Stream1_IRQHandler                  0x0800029b   Thumb Code     0  startup_stm32f427x.o(.text)
    DMA1_Stream2_IRQHandler                  0x0800029b   Thumb Code     0  startup_stm32f427x.o(.text)
    DMA1_Stream3_IRQHandler                  0x0800029b   Thumb Code     0  startup_stm32f427x.o(.text)
    DMA1_Stream4_IRQHandler                  0x0800029b   Thumb Code     0  startup_stm32f427x.o(.text)
    DMA1_Stream5_IRQHandler                  0x0800029b   Thumb Code     0  startup_stm32f427x.o(.text)
    DMA1_Stream6_IRQHandler                  0x0800029b   Thumb Code     0  startup_stm32f427x.o(.text)
    DMA1_Stream7_IRQHandler                  0x0800029b   Thumb Code     0  startup_stm32f427x.o(.text)
    DMA2D_IRQHandler                         0x0800029b   Thumb Code     0  startup_stm32f427x.o(.text)
    DMA2_Stream0_IRQHandler                  0x0800029b   Thumb Code     0  startup_stm32f427x.o(.text)
    DMA2_Stream1_IRQHandler                  0x0800029b   Thumb Code     0  startup_stm32f427x.o(.text)
    DMA2_Stream2_IRQHandler                  0x0800029b   Thumb Code     0  startup_stm32f427x.o(.text)
    DMA2_Stream3_IRQHandler                  0x0800029b   Thumb Code     0  startup_stm32f427x.o(.text)
    DMA2_Stream4_IRQHandler                  0x0800029b   Thumb Code     0  startup_stm32f427x.o(.text)
    DMA2_Stream5_IRQHandler                  0x0800029b   Thumb Code     0  startup_stm32f427x.o(.text)
    DMA2_Stream6_IRQHandler                  0x0800029b   Thumb Code     0  startup_stm32f427x.o(.text)
    DMA2_Stream7_IRQHandler                  0x0800029b   Thumb Code     0  startup_stm32f427x.o(.text)
    ETH_IRQHandler                           0x0800029b   Thumb Code     0  startup_stm32f427x.o(.text)
    ETH_WKUP_IRQHandler                      0x0800029b   Thumb Code     0  startup_stm32f427x.o(.text)
    EXTI0_IRQHandler                         0x0800029b   Thumb Code     0  startup_stm32f427x.o(.text)
    EXTI15_10_IRQHandler                     0x0800029b   Thumb Code     0  startup_stm32f427x.o(.text)
    EXTI1_IRQHandler                         0x0800029b   Thumb Code     0  startup_stm32f427x.o(.text)
    EXTI2_IRQHandler                         0x0800029b   Thumb Code     0  startup_stm32f427x.o(.text)
    EXTI3_IRQHandler                         0x0800029b   Thumb Code     0  startup_stm32f427x.o(.text)
    EXTI4_IRQHandler                         0x0800029b   Thumb Code     0  startup_stm32f427x.o(.text)
    EXTI9_5_IRQHandler                       0x0800029b   Thumb Code     0  startup_stm32f427x.o(.text)
    FLASH_IRQHandler                         0x0800029b   Thumb Code     0  startup_stm32f427x.o(.text)
    FMC_IRQHandler                           0x0800029b   Thumb Code     0  startup_stm32f427x.o(.text)
    FPU_IRQHandler                           0x0800029b   Thumb Code     0  startup_stm32f427x.o(.text)
    HASH_RNG_IRQHandler                      0x0800029b   Thumb Code     0  startup_stm32f427x.o(.text)
    I2C1_ER_IRQHandler                       0x0800029b   Thumb Code     0  startup_stm32f427x.o(.text)
    I2C1_EV_IRQHandler                       0x0800029b   Thumb Code     0  startup_stm32f427x.o(.text)
    I2C2_ER_IRQHandler                       0x0800029b   Thumb Code     0  startup_stm32f427x.o(.text)
    I2C2_EV_IRQHandler                       0x0800029b   Thumb Code     0  startup_stm32f427x.o(.text)
    I2C3_ER_IRQHandler                       0x0800029b   Thumb Code     0  startup_stm32f427x.o(.text)
    I2C3_EV_IRQHandler                       0x0800029b   Thumb Code     0  startup_stm32f427x.o(.text)
    OTG_FS_IRQHandler                        0x0800029b   Thumb Code     0  startup_stm32f427x.o(.text)
    OTG_FS_WKUP_IRQHandler                   0x0800029b   Thumb Code     0  startup_stm32f427x.o(.text)
    OTG_HS_EP1_IN_IRQHandler                 0x0800029b   Thumb Code     0  startup_stm32f427x.o(.text)
    OTG_HS_EP1_OUT_IRQHandler                0x0800029b   Thumb Code     0  startup_stm32f427x.o(.text)
    OTG_HS_IRQHandler                        0x0800029b   Thumb Code     0  startup_stm32f427x.o(.text)
    OTG_HS_WKUP_IRQHandler                   0x0800029b   Thumb Code     0  startup_stm32f427x.o(.text)
    PVD_IRQHandler                           0x0800029b   Thumb Code     0  startup_stm32f427x.o(.text)
    RCC_IRQHandler                           0x0800029b   Thumb Code     0  startup_stm32f427x.o(.text)
    RTC_Alarm_IRQHandler                     0x0800029b   Thumb Code     0  startup_stm32f427x.o(.text)
    RTC_WKUP_IRQHandler                      0x0800029b   Thumb Code     0  startup_stm32f427x.o(.text)
    SAI1_IRQHandler                          0x0800029b   Thumb Code     0  startup_stm32f427x.o(.text)
    SDIO_IRQHandler                          0x0800029b   Thumb Code     0  startup_stm32f427x.o(.text)
    SPI1_IRQHandler                          0x0800029b   Thumb Code     0  startup_stm32f427x.o(.text)
    SPI2_IRQHandler                          0x0800029b   Thumb Code     0  startup_stm32f427x.o(.text)
    SPI3_IRQHandler                          0x0800029b   Thumb Code     0  startup_stm32f427x.o(.text)
    SPI4_IRQHandler                          0x0800029b   Thumb Code     0  startup_stm32f427x.o(.text)
    SPI5_IRQHandler                          0x0800029b   Thumb Code     0  startup_stm32f427x.o(.text)
    SPI6_IRQHandler                          0x0800029b   Thumb Code     0  startup_stm32f427x.o(.text)
    TAMP_STAMP_IRQHandler                    0x0800029b   Thumb Code     0  startup_stm32f427x.o(.text)
    TIM1_BRK_TIM9_IRQHandler                 0x0800029b   Thumb Code     0  startup_stm32f427x.o(.text)
    TIM1_CC_IRQHandler                       0x0800029b   Thumb Code     0  startup_stm32f427x.o(.text)
    TIM1_TRG_COM_TIM11_IRQHandler            0x0800029b   Thumb Code     0  startup_stm32f427x.o(.text)
    TIM1_UP_TIM10_IRQHandler                 0x0800029b   Thumb Code     0  startup_stm32f427x.o(.text)
    TIM2_IRQHandler                          0x0800029b   Thumb Code     0  startup_stm32f427x.o(.text)
    TIM3_IRQHandler                          0x0800029b   Thumb Code     0  startup_stm32f427x.o(.text)
    TIM4_IRQHandler                          0x0800029b   Thumb Code     0  startup_stm32f427x.o(.text)
    TIM5_IRQHandler                          0x0800029b   Thumb Code     0  startup_stm32f427x.o(.text)
    TIM6_DAC_IRQHandler                      0x0800029b   Thumb Code     0  startup_stm32f427x.o(.text)
    TIM7_IRQHandler                          0x0800029b   Thumb Code     0  startup_stm32f427x.o(.text)
    TIM8_BRK_TIM12_IRQHandler                0x0800029b   Thumb Code     0  startup_stm32f427x.o(.text)
    TIM8_CC_IRQHandler                       0x0800029b   Thumb Code     0  startup_stm32f427x.o(.text)
    TIM8_TRG_COM_TIM14_IRQHandler            0x0800029b   Thumb Code     0  startup_stm32f427x.o(.text)
    TIM8_UP_TIM13_IRQHandler                 0x0800029b   Thumb Code     0  startup_stm32f427x.o(.text)
    UART4_IRQHandler                         0x0800029b   Thumb Code     0  startup_stm32f427x.o(.text)
    UART5_IRQHandler                         0x0800029b   Thumb Code     0  startup_stm32f427x.o(.text)
    UART7_IRQHandler                         0x0800029b   Thumb Code     0  startup_stm32f427x.o(.text)
    UART8_IRQHandler                         0x0800029b   Thumb Code     0  startup_stm32f427x.o(.text)
    USART2_IRQHandler                        0x0800029b   Thumb Code     0  startup_stm32f427x.o(.text)
    USART3_IRQHandler                        0x0800029b   Thumb Code     0  startup_stm32f427x.o(.text)
    USART6_IRQHandler                        0x0800029b   Thumb Code     0  startup_stm32f427x.o(.text)
    WWDG_IRQHandler                          0x0800029b   Thumb Code     0  startup_stm32f427x.o(.text)
    __aeabi_memcpy                           0x080002a5   Thumb Code    36  memcpya.o(.text)
    __aeabi_memcpy4                          0x080002a5   Thumb Code     0  memcpya.o(.text)
    __aeabi_memcpy8                          0x080002a5   Thumb Code     0  memcpya.o(.text)
    __aeabi_memset                           0x080002c9   Thumb Code    14  memseta.o(.text)
    __aeabi_memset4                          0x080002c9   Thumb Code     0  memseta.o(.text)
    __aeabi_memset8                          0x080002c9   Thumb Code     0  memseta.o(.text)
    __aeabi_memclr                           0x080002d7   Thumb Code     4  memseta.o(.text)
    __aeabi_memclr4                          0x080002d7   Thumb Code     0  memseta.o(.text)
    __aeabi_memclr8                          0x080002d7   Thumb Code     0  memseta.o(.text)
    memset                                   0x080002db   Thumb Code    18  memseta.o(.text)
    __scatterload                            0x080002ed   Thumb Code    28  init.o(.text)
    __scatterload_rt2                        0x080002ed   Thumb Code     0  init.o(.text)
    BusFault_Handler                         0x08000311   Thumb Code     2  stm32f4xx_it.o(i.BusFault_Handler)
    DebugMon_Handler                         0x08000313   Thumb Code     2  stm32f4xx_it.o(i.DebugMon_Handler)
    HAL_GPIO_Init                            0x08000315   Thumb Code   422  stm32f4xx_hal_gpio.o(i.HAL_GPIO_Init)
    HAL_GPIO_WritePin                        0x080004f1   Thumb Code    10  stm32f4xx_hal_gpio.o(i.HAL_GPIO_WritePin)
    HAL_GetTick                              0x080004fd   Thumb Code     6  stm32f4xx_hal.o(i.HAL_GetTick)
    HAL_Init                                 0x08000509   Thumb Code    48  stm32f4xx_hal.o(i.HAL_Init)
    HAL_InitTick                             0x0800053d   Thumb Code    34  stm32f4xx_hal.o(i.HAL_InitTick)
    HAL_MspInit                              0x0800055f   Thumb Code     8  stm32f4xx_hal.o(i.HAL_MspInit)
    HAL_NVIC_SetPriority                     0x08000569   Thumb Code    60  stm32f4xx_hal_cortex.o(i.HAL_NVIC_SetPriority)
    HAL_NVIC_SetPriorityGrouping             0x080005a9   Thumb Code    26  stm32f4xx_hal_cortex.o(i.HAL_NVIC_SetPriorityGrouping)
    HAL_PWREx_EnableOverDrive                0x080005cd   Thumb Code   122  stm32f4xx_hal_pwr_ex.o(i.HAL_PWREx_EnableOverDrive)
    HAL_RCC_ClockConfig                      0x08000655   Thumb Code   512  stm32f4xx_hal_rcc.o(i.HAL_RCC_ClockConfig)
    HAL_RCC_GetHCLKFreq                      0x0800085d   Thumb Code    38  stm32f4xx_hal_rcc.o(i.HAL_RCC_GetHCLKFreq)
    HAL_RCC_GetSysClockFreq                  0x08000891   Thumb Code   104  stm32f4xx_hal_rcc.o(i.HAL_RCC_GetSysClockFreq)
    HAL_RCC_OscConfig                        0x08000905   Thumb Code   774  stm32f4xx_hal_rcc.o(i.HAL_RCC_OscConfig)
    HAL_SYSTICK_CLKSourceConfig              0x08000c21   Thumb Code    24  stm32f4xx_hal_cortex.o(i.HAL_SYSTICK_CLKSourceConfig)
    HAL_SYSTICK_Config                       0x08000c39   Thumb Code    40  stm32f4xx_hal_cortex.o(i.HAL_SYSTICK_Config)
    HAL_UART_ErrorCallback                   0x08000c61   Thumb Code     2  stm32f4xx_hal_uart.o(i.HAL_UART_ErrorCallback)
    HAL_UART_GetState                        0x08000c63   Thumb Code     6  stm32f4xx_hal_uart.o(i.HAL_UART_GetState)
    HAL_UART_IRQHandler                      0x08000c69   Thumb Code   244  stm32f4xx_hal_uart.o(i.HAL_UART_IRQHandler)
    HAL_UART_Receive_IT                      0x08000d5d   Thumb Code   104  stm32f4xx_hal_uart.o(i.HAL_UART_Receive_IT)
    HAL_UART_RxCpltCallback                  0x08000dc5   Thumb Code    76  usart.o(i.HAL_UART_RxCpltCallback)
    HAL_UART_TxCpltCallback                  0x08000e1d   Thumb Code     2  stm32f4xx_hal_uart.o(i.HAL_UART_TxCpltCallback)
    HardFault_Handler                        0x08000e1f   Thumb Code     2  stm32f4xx_it.o(i.HardFault_Handler)
    IIC_Ack                                  0x08000e21   Thumb Code    88  iic.o(i.IIC_Ack)
    IIC_NAck                                 0x08000e79   Thumb Code    88  iic.o(i.IIC_NAck)
    IIC_READ_SDA                             0x08000ed1   Thumb Code    86  iic.o(i.IIC_READ_SDA)
    IIC_Read_Byte                            0x08000f4d   Thumb Code   128  iic.o(i.IIC_Read_Byte)
    IIC_SCL                                  0x08000fcd   Thumb Code    84  iic.o(i.IIC_SCL)
    IIC_SDA                                  0x08001045   Thumb Code    84  iic.o(i.IIC_SDA)
    IIC_Send_Byte                            0x080010bd   Thumb Code   110  iic.o(i.IIC_Send_Byte)
    IIC_Start                                0x0800112b   Thumb Code    90  iic.o(i.IIC_Start)
    IIC_Stop                                 0x08001185   Thumb Code    90  iic.o(i.IIC_Stop)
    IIC_Wait_Ack                             0x080011df   Thumb Code   118  iic.o(i.IIC_Wait_Ack)
    IIC_delay                                0x08001255   Thumb Code    12  iic.o(i.IIC_delay)
    LED_Init                                 0x08001261   Thumb Code    76  led.o(i.LED_Init)
    MPU9250_IIC_Read                         0x080012b5   Thumb Code   150  mpu9250.o(i.MPU9250_IIC_Read)
    MPU9250_IIC_Write                        0x0800134b   Thumb Code   120  mpu9250.o(i.MPU9250_IIC_Write)
    MemManage_Handler                        0x080013c3   Thumb Code     2  stm32f4xx_it.o(i.MemManage_Handler)
    NMI_Handler                              0x080013c5   Thumb Code     2  stm32f4xx_it.o(i.NMI_Handler)
    SDA_IN                                   0x080013e7   Thumb Code    20  iic.o(i.SDA_IN)
    SDA_OUT                                  0x080013fb   Thumb Code    26  iic.o(i.SDA_OUT)
    Stm32_Clock_Init                         0x08001415   Thumb Code   122  sys.o(i.Stm32_Clock_Init)
    SysTick_Handler                          0x08001499   Thumb Code    28  delay.o(i.SysTick_Handler)
    SystemInit                               0x080014b9   Thumb Code    66  system_stm32f4xx.o(i.SystemInit)
    USART1_IRQHandler                        0x08001619   Thumb Code    34  usart.o(i.USART1_IRQHandler)
    UsageFault_Handler                       0x08001645   Thumb Code     2  stm32f4xx_it.o(i.UsageFault_Handler)
    __scatterload_copy                       0x08001647   Thumb Code    14  handlers.o(i.__scatterload_copy)
    __scatterload_null                       0x08001655   Thumb Code     2  handlers.o(i.__scatterload_null)
    __scatterload_zeroinit                   0x08001657   Thumb Code    14  handlers.o(i.__scatterload_zeroinit)
    delay_init                               0x08001665   Thumb Code    50  delay.o(i.delay_init)
    delay_ms                                 0x0800169d   Thumb Code    52  delay.o(i.delay_ms)
    delay_us                                 0x080016d5   Thumb Code    48  delay.o(i.delay_us)
    iicPortDef                               0x08001709   Thumb Code   726  iic.o(i.iicPortDef)
    iicSingleInit                            0x080019ed   Thumb Code    52  iic.o(i.iicSingleInit)
    ledCtrl                                  0x08001a21   Thumb Code    60  led.o(i.ledCtrl)
    main                                     0x08001a61   Thumb Code    34  main.o(i.main)
    mpu9250_Init                             0x08001a99   Thumb Code   300  mpu9250.o(i.mpu9250_Init)
    pvPortMalloc                             0x080022d9   Thumb Code   210  heap_4.o(i.pvPortMalloc)
    pxPortInitialiseStack                    0x080023b1   Thumb Code    40  port.o(i.pxPortInitialiseStack)
    sysInit                                  0x0800241d   Thumb Code    38  sysinit.o(i.sysInit)
    uxListRemove                             0x08002443   Thumb Code    38  list.o(i.uxListRemove)
    vListInitialise                          0x08002469   Thumb Code    22  list.o(i.vListInitialise)
    vListInitialiseItem                      0x0800247f   Thumb Code     6  list.o(i.vListInitialiseItem)
    vListInsert                              0x08002485   Thumb Code    48  list.o(i.vListInsert)
    vListInsertEnd                           0x080024b5   Thumb Code    24  list.o(i.vListInsertEnd)
    vPortEnterCritical                       0x080024cd   Thumb Code    54  port.o(i.vPortEnterCritical)
    vPortExitCritical                        0x0800250d   Thumb Code    34  port.o(i.vPortExitCritical)
    vPortFree                                0x08002535   Thumb Code    88  heap_4.o(i.vPortFree)
    vPortSetupTimerInterrupt                 0x08002591   Thumb Code    32  port.o(i.vPortSetupTimerInterrupt)
    vPortValidateInterruptPriority           0x080025b5   Thumb Code    74  port.o(i.vPortValidateInterruptPriority)
    vQueueAddToRegistry                      0x08002609   Thumb Code    32  queue.o(i.vQueueAddToRegistry)
    vQueueWaitForMessageRestricted           0x0800262d   Thumb Code    68  queue.o(i.vQueueWaitForMessageRestricted)
    vTaskDelay                               0x08002671   Thumb Code    66  tasks.o(i.vTaskDelay)
    vTaskDelete                              0x080026bd   Thumb Code   158  tasks.o(i.vTaskDelete)
    vTaskInternalSetTimeOutState             0x08002769   Thumb Code    12  tasks.o(i.vTaskInternalSetTimeOutState)
    vTaskLED                                 0x08002779   Thumb Code    30  led.o(i.vTaskLED)
    vTaskMissedYield                         0x08002799   Thumb Code     8  tasks.o(i.vTaskMissedYield)
    vTaskPlaceOnEventList                    0x080027a5   Thumb Code    44  tasks.o(i.vTaskPlaceOnEventList)
    vTaskPlaceOnEventListRestricted          0x080027d5   Thumb Code    52  tasks.o(i.vTaskPlaceOnEventListRestricted)
    vTaskStartScheduler                      0x0800280d   Thumb Code    94  tasks.o(i.vTaskStartScheduler)
    vTaskSuspendAll                          0x0800287d   Thumb Code    10  tasks.o(i.vTaskSuspendAll)
    vTaskSwitchContext                       0x0800288d   Thumb Code    82  tasks.o(i.vTaskSwitchContext)
    xPortStartScheduler                      0x080028e9   Thumb Code   224  port.o(i.xPortStartScheduler)
    xPortSysTickHandler                      0x080029dd   Thumb Code    38  port.o(i.xPortSysTickHandler)
    xQueueGenericCreate                      0x08002a09   Thumb Code    82  queue.o(i.xQueueGenericCreate)
    xQueueGenericReset                       0x08002a5d   Thumb Code   132  queue.o(i.xQueueGenericReset)
    xQueueGenericSend                        0x08002ae5   Thumb Code   350  queue.o(i.xQueueGenericSend)
    xQueueGenericSendFromISR                 0x08002c49   Thumb Code   188  queue.o(i.xQueueGenericSendFromISR)
    xQueueReceive                            0x08002d05   Thumb Code   308  queue.o(i.xQueueReceive)
    xTaskCheckForTimeOut                     0x08002e3d   Thumb Code   112  tasks.o(i.xTaskCheckForTimeOut)
    xTaskCreate                              0x08002eb1   Thumb Code    86  tasks.o(i.xTaskCreate)
    xTaskGetSchedulerState                   0x08002f09   Thumb Code    22  tasks.o(i.xTaskGetSchedulerState)
    xTaskGetTickCount                        0x08002f25   Thumb Code     6  tasks.o(i.xTaskGetTickCount)
    xTaskIncrementTick                       0x08002f31   Thumb Code   192  tasks.o(i.xTaskIncrementTick)
    xTaskPriorityDisinherit                  0x08002ff9   Thumb Code   144  tasks.o(i.xTaskPriorityDisinherit)
    xTaskRemoveFromEventList                 0x08003091   Thumb Code   108  tasks.o(i.xTaskRemoveFromEventList)
    xTaskResumeAll                           0x08003105   Thumb Code   182  tasks.o(i.xTaskResumeAll)
    xTimerCreateTimerTask                    0x080031c9   Thumb Code    58  timers.o(i.xTimerCreateTimerTask)
    xTimerGenericCommand                     0x08003215   Thumb Code    88  timers.o(i.xTimerGenericCommand)
    APBAHBPrescTable                         0x08003270   Data          16  stm32f4xx_hal_rcc.o(.constdata)
    Region$$Table$$Base                      0x08003280   Number         0  anon$$obj.o(Region$$Table)
    Region$$Table$$Limit                     0x080032a0   Number         0  anon$$obj.o(Region$$Table)
    startTaskHandle                          0x20000000   Data           4  main.o(.data)
    SystemCoreClock                          0x20000004   Data           4  system_stm32f4xx.o(.data)
    aRxBuffer                                0x20000018   Data           1  usart.o(.data)
    USART_RX_STA                             0x2000001a   Data           2  usart.o(.data)
    pxCurrentTCB                             0x2000001c   Data           4  tasks.o(.data)
    USART_RX_BUF                             0x20000090   Data         200  usart.o(.bss)
    UART1_Handler                            0x20000158   Data          64  usart.o(.bss)
    ASA                                      0x20000198   Data          12  mpu9250.o(.bss)
    mpu9250_iic                              0x200001a4   Data          16  mpu9250.o(.bss)
    mpu9250_OriginalData                     0x200001b4   Data          18  mpu9250.o(.bss)
    xQueueRegistry                           0x200001c8   Data          64  queue.o(.bss)
    __initial_sp                             0x200132f8   Data           0  startup_stm32f427x.o(STACK)



==============================================================================

Memory Map of the image

  Image Entry point : 0x080001ad

  Load Region LR_IROM1 (Base: 0x08000000, Size: 0x00003330, Max: 0x00200000, ABSOLUTE)

    Execution Region ER_IROM1 (Base: 0x08000000, Size: 0x000032a0, Max: 0x00200000, ABSOLUTE)

    Base Addr    Size         Type   Attr      Idx    E Section Name        Object

    0x08000000   0x000001ac   Data   RO          416    RESET               startup_stm32f427x.o
    0x080001ac   0x00000000   Code   RO         3162  * .ARM.Collect$$$$00000000  mc_w.l(entry.o)
    0x080001ac   0x00000004   Code   RO         3175    .ARM.Collect$$$$00000001  mc_w.l(entry2.o)
    0x080001b0   0x00000004   Code   RO         3178    .ARM.Collect$$$$00000004  mc_w.l(entry5.o)
    0x080001b4   0x00000000   Code   RO         3180    .ARM.Collect$$$$00000008  mc_w.l(entry7b.o)
    0x080001b4   0x00000000   Code   RO         3182    .ARM.Collect$$$$0000000A  mc_w.l(entry8b.o)
    0x080001b4   0x00000008   Code   RO         3183    .ARM.Collect$$$$0000000B  mc_w.l(entry9a.o)
    0x080001bc   0x00000000   Code   RO         3185    .ARM.Collect$$$$0000000D  mc_w.l(entry10a.o)
    0x080001bc   0x00000000   Code   RO         3187    .ARM.Collect$$$$0000000F  mc_w.l(entry11a.o)
    0x080001bc   0x00000004   Code   RO         3176    .ARM.Collect$$$$00002712  mc_w.l(entry2.o)
    0x080001c0   0x000000be   Code   RO         3036    .emb_text           port.o
    0x0800027e   0x00000002   PAD
    0x08000280   0x00000024   Code   RO          417    .text               startup_stm32f427x.o
    0x080002a4   0x00000024   Code   RO         3167    .text               mc_w.l(memcpya.o)
    0x080002c8   0x00000024   Code   RO         3171    .text               mc_w.l(memseta.o)
    0x080002ec   0x00000024   Code   RO         3189    .text               mc_w.l(init.o)
    0x08000310   0x00000002   Code   RO          316    i.BusFault_Handler  stm32f4xx_it.o
    0x08000312   0x00000002   Code   RO          317    i.DebugMon_Handler  stm32f4xx_it.o
    0x08000314   0x000001dc   Code   RO          708    i.HAL_GPIO_Init     stm32f4xx_hal_gpio.o
    0x080004f0   0x0000000a   Code   RO          712    i.HAL_GPIO_WritePin  stm32f4xx_hal_gpio.o
    0x080004fa   0x00000002   PAD
    0x080004fc   0x0000000c   Code   RO          439    i.HAL_GetTick       stm32f4xx_hal.o
    0x08000508   0x00000034   Code   RO          441    i.HAL_Init          stm32f4xx_hal.o
    0x0800053c   0x00000022   Code   RO          442    i.HAL_InitTick      stm32f4xx_hal.o
    0x0800055e   0x00000008   Code   RO          444    i.HAL_MspInit       stm32f4xx_hal.o
    0x08000566   0x00000002   PAD
    0x08000568   0x00000040   Code   RO          591    i.HAL_NVIC_SetPriority  stm32f4xx_hal_cortex.o
    0x080005a8   0x00000024   Code   RO          592    i.HAL_NVIC_SetPriorityGrouping  stm32f4xx_hal_cortex.o
    0x080005cc   0x00000088   Code   RO          897    i.HAL_PWREx_EnableOverDrive  stm32f4xx_hal_pwr_ex.o
    0x08000654   0x00000208   Code   RO          964    i.HAL_RCC_ClockConfig  stm32f4xx_hal_rcc.o
    0x0800085c   0x00000034   Code   RO          969    i.HAL_RCC_GetHCLKFreq  stm32f4xx_hal_rcc.o
    0x08000890   0x00000074   Code   RO          973    i.HAL_RCC_GetSysClockFreq  stm32f4xx_hal_rcc.o
    0x08000904   0x0000031c   Code   RO          976    i.HAL_RCC_OscConfig  stm32f4xx_hal_rcc.o
    0x08000c20   0x00000018   Code   RO          594    i.HAL_SYSTICK_CLKSourceConfig  stm32f4xx_hal_cortex.o
    0x08000c38   0x00000028   Code   RO          596    i.HAL_SYSTICK_Config  stm32f4xx_hal_cortex.o
    0x08000c60   0x00000002   Code   RO         1116    i.HAL_UART_ErrorCallback  stm32f4xx_hal_uart.o
    0x08000c62   0x00000006   Code   RO         1118    i.HAL_UART_GetState  stm32f4xx_hal_uart.o
    0x08000c68   0x000000f4   Code   RO         1119    i.HAL_UART_IRQHandler  stm32f4xx_hal_uart.o
    0x08000d5c   0x00000068   Code   RO         1125    i.HAL_UART_Receive_IT  stm32f4xx_hal_uart.o
    0x08000dc4   0x00000058   Code   RO         1762    i.HAL_UART_RxCpltCallback  usart.o
    0x08000e1c   0x00000002   Code   RO         1131    i.HAL_UART_TxCpltCallback  stm32f4xx_hal_uart.o
    0x08000e1e   0x00000002   Code   RO          318    i.HardFault_Handler  stm32f4xx_it.o
    0x08000e20   0x00000058   Code   RO         1893    i.IIC_Ack           iic.o
    0x08000e78   0x00000058   Code   RO         1894    i.IIC_NAck          iic.o
    0x08000ed0   0x0000007c   Code   RO         1895    i.IIC_READ_SDA      iic.o
    0x08000f4c   0x00000080   Code   RO         1896    i.IIC_Read_Byte     iic.o
    0x08000fcc   0x00000078   Code   RO         1897    i.IIC_SCL           iic.o
    0x08001044   0x00000078   Code   RO         1898    i.IIC_SDA           iic.o
    0x080010bc   0x0000006e   Code   RO         1899    i.IIC_Send_Byte     iic.o
    0x0800112a   0x0000005a   Code   RO         1900    i.IIC_Start         iic.o
    0x08001184   0x0000005a   Code   RO         1901    i.IIC_Stop          iic.o
    0x080011de   0x00000076   Code   RO         1902    i.IIC_Wait_Ack      iic.o
    0x08001254   0x0000000c   Code   RO         1903    i.IIC_delay         iic.o
    0x08001260   0x00000054   Code   RO         1833    i.LED_Init          led.o
    0x080012b4   0x00000096   Code   RO         2002    i.MPU9250_IIC_Read  mpu9250.o
    0x0800134a   0x00000078   Code   RO         2003    i.MPU9250_IIC_Write  mpu9250.o
    0x080013c2   0x00000002   Code   RO          319    i.MemManage_Handler  stm32f4xx_it.o
    0x080013c4   0x00000002   Code   RO          320    i.NMI_Handler       stm32f4xx_it.o
    0x080013c6   0x00000020   Code   RO          598    i.NVIC_SetPriority  stm32f4xx_hal_cortex.o
    0x080013e6   0x00000014   Code   RO         1904    i.SDA_IN            iic.o
    0x080013fa   0x0000001a   Code   RO         1905    i.SDA_OUT           iic.o
    0x08001414   0x00000084   Code   RO         1734    i.Stm32_Clock_Init  sys.o
    0x08001498   0x00000020   Code   RO         1683    i.SysTick_Handler   delay.o
    0x080014b8   0x00000054   Code   RO          377    i.SystemInit        system_stm32f4xx.o
    0x0800150c   0x000000a6   Code   RO         1138    i.UART_Receive_IT   stm32f4xx_hal_uart.o
    0x080015b2   0x00000066   Code   RO         1140    i.UART_Transmit_IT  stm32f4xx_hal_uart.o
    0x08001618   0x0000002c   Code   RO         1763    i.USART1_IRQHandler  usart.o
    0x08001644   0x00000002   Code   RO          321    i.UsageFault_Handler  stm32f4xx_it.o
    0x08001646   0x0000000e   Code   RO         3193    i.__scatterload_copy  mc_w.l(handlers.o)
    0x08001654   0x00000002   Code   RO         3194    i.__scatterload_null  mc_w.l(handlers.o)
    0x08001656   0x0000000e   Code   RO         3195    i.__scatterload_zeroinit  mc_w.l(handlers.o)
    0x08001664   0x00000038   Code   RO         1684    i.delay_init        delay.o
    0x0800169c   0x00000038   Code   RO         1685    i.delay_ms          delay.o
    0x080016d4   0x00000034   Code   RO         1686    i.delay_us          delay.o
    0x08001708   0x000002e4   Code   RO         1906    i.iicPortDef        iic.o
    0x080019ec   0x00000034   Code   RO         1907    i.iicSingleInit     iic.o
    0x08001a20   0x00000040   Code   RO         1834    i.ledCtrl           led.o
    0x08001a60   0x00000038   Code   RO            4    i.main              main.o
    0x08001a98   0x00000134   Code   RO         2006    i.mpu9250_Init      mpu9250.o
    0x08001bcc   0x00000070   Code   RO         2570    i.prvAddCurrentTaskToDelayedList  tasks.o
    0x08001c3c   0x000000d0   Code   RO         2571    i.prvAddNewTaskToReadyList  tasks.o
    0x08001d0c   0x00000050   Code   RO         2906    i.prvCheckForValidListAndQueue  timers.o
    0x08001d5c   0x00000026   Code   RO         2213    i.prvCopyDataFromQueue  queue.o
    0x08001d82   0x0000006c   Code   RO         2214    i.prvCopyDataToQueue  queue.o
    0x08001dee   0x00000014   Code   RO         2572    i.prvDeleteTCB      tasks.o
    0x08001e02   0x00000002   PAD
    0x08001e04   0x0000004c   Code   RO         3113    i.prvHeapInit       heap_4.o
    0x08001e50   0x0000005c   Code   RO         2573    i.prvIdleTask       tasks.o
    0x08001eac   0x000000ae   Code   RO         2574    i.prvInitialiseNewTask  tasks.o
    0x08001f5a   0x00000002   PAD
    0x08001f5c   0x0000004c   Code   RO         3114    i.prvInsertBlockIntoFreeList  heap_4.o
    0x08001fa8   0x00000038   Code   RO         2907    i.prvInsertTimerInActiveList  timers.o
    0x08001fe0   0x0000001a   Code   RO         2215    i.prvIsQueueEmpty   queue.o
    0x08001ffa   0x00000002   PAD
    0x08001ffc   0x000000b8   Code   RO         2908    i.prvProcessReceivedCommands  timers.o
    0x080020b4   0x000000b4   Code   RO         2909    i.prvProcessTimerOrBlockTask  timers.o
    0x08002168   0x00000020   Code   RO         2576    i.prvResetNextTaskUnblockTime  tasks.o
    0x08002188   0x00000028   Code   RO         2910    i.prvSampleTimeNow  timers.o
    0x080021b0   0x0000006c   Code   RO         2911    i.prvSwitchTimerLists  timers.o
    0x0800221c   0x00000028   Code   RO         3037    i.prvTaskExitError  port.o
    0x08002244   0x00000028   Code   RO         2912    i.prvTimerTask      timers.o
    0x0800226c   0x0000006a   Code   RO         2216    i.prvUnlockQueue    queue.o
    0x080022d6   0x00000002   PAD
    0x080022d8   0x000000d8   Code   RO         3115    i.pvPortMalloc      heap_4.o
    0x080023b0   0x0000002c   Code   RO         3038    i.pxPortInitialiseStack  port.o
    0x080023dc   0x00000040   Code   RO            5    i.startTask         main.o
    0x0800241c   0x00000026   Code   RO         1869    i.sysInit           sysinit.o
    0x08002442   0x00000026   Code   RO         2173    i.uxListRemove      list.o
    0x08002468   0x00000016   Code   RO         2174    i.vListInitialise   list.o
    0x0800247e   0x00000006   Code   RO         2175    i.vListInitialiseItem  list.o
    0x08002484   0x00000030   Code   RO         2176    i.vListInsert       list.o
    0x080024b4   0x00000018   Code   RO         2177    i.vListInsertEnd    list.o
    0x080024cc   0x00000040   Code   RO         3040    i.vPortEnterCritical  port.o
    0x0800250c   0x00000028   Code   RO         3041    i.vPortExitCritical  port.o
    0x08002534   0x0000005c   Code   RO         3116    i.vPortFree         heap_4.o
    0x08002590   0x00000024   Code   RO         3042    i.vPortSetupTimerInterrupt  port.o
    0x080025b4   0x00000054   Code   RO         3043    i.vPortValidateInterruptPriority  port.o
    0x08002608   0x00000024   Code   RO         2222    i.vQueueAddToRegistry  queue.o
    0x0800262c   0x00000044   Code   RO         2226    i.vQueueWaitForMessageRestricted  queue.o
    0x08002670   0x0000004c   Code   RO         2586    i.vTaskDelay        tasks.o
    0x080026bc   0x000000ac   Code   RO         2588    i.vTaskDelete       tasks.o
    0x08002768   0x00000010   Code   RO         2591    i.vTaskInternalSetTimeOutState  tasks.o
    0x08002778   0x0000001e   Code   RO         1835    i.vTaskLED          led.o
    0x08002796   0x00000002   PAD
    0x08002798   0x0000000c   Code   RO         2592    i.vTaskMissedYield  tasks.o
    0x080027a4   0x00000030   Code   RO         2594    i.vTaskPlaceOnEventList  tasks.o
    0x080027d4   0x00000038   Code   RO         2595    i.vTaskPlaceOnEventListRestricted  tasks.o
    0x0800280c   0x00000070   Code   RO         2603    i.vTaskStartScheduler  tasks.o
    0x0800287c   0x00000010   Code   RO         2605    i.vTaskSuspendAll   tasks.o
    0x0800288c   0x0000005c   Code   RO         2606    i.vTaskSwitchContext  tasks.o
    0x080028e8   0x000000f4   Code   RO         3044    i.xPortStartScheduler  port.o
    0x080029dc   0x0000002c   Code   RO         3045    i.xPortSysTickHandler  port.o
    0x08002a08   0x00000052   Code   RO         2229    i.xQueueGenericCreate  queue.o
    0x08002a5a   0x00000002   PAD
    0x08002a5c   0x00000088   Code   RO         2230    i.xQueueGenericReset  queue.o
    0x08002ae4   0x00000164   Code   RO         2231    i.xQueueGenericSend  queue.o
    0x08002c48   0x000000bc   Code   RO         2232    i.xQueueGenericSendFromISR  queue.o
    0x08002d04   0x00000138   Code   RO         2239    i.xQueueReceive     queue.o
    0x08002e3c   0x00000074   Code   RO         2607    i.xTaskCheckForTimeOut  tasks.o
    0x08002eb0   0x00000056   Code   RO         2608    i.xTaskCreate       tasks.o
    0x08002f06   0x00000002   PAD
    0x08002f08   0x0000001c   Code   RO         2612    i.xTaskGetSchedulerState  tasks.o
    0x08002f24   0x0000000c   Code   RO         2613    i.xTaskGetTickCount  tasks.o
    0x08002f30   0x000000c8   Code   RO         2615    i.xTaskIncrementTick  tasks.o
    0x08002ff8   0x00000098   Code   RO         2618    i.xTaskPriorityDisinherit  tasks.o
    0x08003090   0x00000074   Code   RO         2620    i.xTaskRemoveFromEventList  tasks.o
    0x08003104   0x000000c4   Code   RO         2621    i.xTaskResumeAll    tasks.o
    0x080031c8   0x0000004c   Code   RO         2918    i.xTimerCreateTimerTask  timers.o
    0x08003214   0x0000005c   Code   RO         2919    i.xTimerGenericCommand  timers.o
    0x08003270   0x00000010   Data   RO          977    .constdata          stm32f4xx_hal_rcc.o
    0x08003280   0x00000020   Data   RO         3191    Region$$Table       anon$$obj.o


    Execution Region RW_IRAM1 (Base: 0x20000000, Size: 0x000132f8, Max: 0x00030000, ABSOLUTE)

    Base Addr    Size         Type   Attr      Idx    E Section Name        Object

    0x20000000   0x00000004   Data   RW            6    .data               main.o
    0x20000004   0x00000004   Data   RW          379    .data               system_stm32f4xx.o
    0x20000008   0x00000004   Data   RW          447    .data               stm32f4xx_hal.o
    0x2000000c   0x0000000c   Data   RW         1688    .data               delay.o
    0x20000018   0x00000004   Data   RW         1768    .data               usart.o
    0x2000001c   0x0000003c   Data   RW         2624    .data               tasks.o
    0x20000058   0x00000014   Data   RW         2925    .data               timers.o
    0x2000006c   0x0000000c   Data   RW         3046    .data               port.o
    0x20000078   0x00000018   Data   RW         3121    .data               heap_4.o
    0x20000090   0x00000108   Zero   RW         1767    .bss                usart.o
    0x20000198   0x0000002e   Zero   RW         2007    .bss                mpu9250.o
    0x200001c6   0x00000002   PAD
    0x200001c8   0x00000040   Zero   RW         2243    .bss                queue.o
    0x20000208   0x000000c8   Zero   RW         2623    .bss                tasks.o
    0x200002d0   0x00000028   Zero   RW         2924    .bss                timers.o
    0x200002f8   0x00012c00   Zero   RW         3120    .bss                heap_4.o
    0x20012ef8   0x00000400   Zero   RW          414    STACK               startup_stm32f427x.o


==============================================================================

Image component sizes


      Code (inc. data)   RO Data    RW Data    ZI Data      Debug   Object Name

       196         18          0         12          0       2561   delay.o
         0          0          0          0          0       9468   event_groups.o
       460         24          0         24      76800       4407   heap_4.o
      1926        124          0          0          0      10962   iic.o
       178         12          0          0          0       2040   led.o
       138          0          0          0          0       3130   list.o
       120         44          0          4          0     710277   main.o
       578          8          0          0         46       2497   mpu9250.o
       786         80          0         12          0      11245   port.o
      1456         18          0          0         64      15490   queue.o
        36          8        428          0       1024        816   startup_stm32f427x.o
       106         10          0          4          0       3590   stm32f4xx_hal.o
       196         14          0          0          0      30208   stm32f4xx_hal_cortex.o
       486         54          0          0          0       2624   stm32f4xx_hal_gpio.o
       136         14          0          0          0       1288   stm32f4xx_hal_pwr_ex.o
      1484         56         16          0          0       5141   stm32f4xx_hal_rcc.o
       626          0          0          0          0       5883   stm32f4xx_hal_uart.o
        12          0          0          0          0       2625   stm32f4xx_it.o
       132         10          0          0          0       1127   sys.o
        38          0          0          0          0        494   sysinit.o
        84         18          0          4          0       1009   system_stm32f4xx.o
      2144        168          0         60        200      24062   tasks.o
       856         84          0         20         40      19239   timers.o
       132         22          0          4        264       3146   usart.o

    ----------------------------------------------------------------------
     12326        786        476        144      78440     873329   Object Totals
         0          0         32          0          0          0   (incl. Generated)
        20          0          0          0          2          0   (incl. Padding)

    ----------------------------------------------------------------------

      Code (inc. data)   RO Data    RW Data    ZI Data      Debug   Library Member Name

         0          0          0          0          0          0   entry.o
         0          0          0          0          0          0   entry10a.o
         0          0          0          0          0          0   entry11a.o
         8          4          0          0          0          0   entry2.o
         4          0          0          0          0          0   entry5.o
         0          0          0          0          0          0   entry7b.o
         0          0          0          0          0          0   entry8b.o
         8          4          0          0          0          0   entry9a.o
        30          0          0          0          0          0   handlers.o
        36          8          0          0          0         68   init.o
        36          0          0          0          0         68   memcpya.o
        36          0          0          0          0        108   memseta.o

    ----------------------------------------------------------------------
       158         16          0          0          0        244   Library Totals
         0          0          0          0          0          0   (incl. Padding)

    ----------------------------------------------------------------------

      Code (inc. data)   RO Data    RW Data    ZI Data      Debug   Library Name

       158         16          0          0          0        244   mc_w.l

    ----------------------------------------------------------------------
       158         16          0          0          0        244   Library Totals

    ----------------------------------------------------------------------

==============================================================================


      Code (inc. data)   RO Data    RW Data    ZI Data      Debug   

     12484        802        476        144      78440     862225   Grand Totals
     12484        802        476        144      78440     862225   ELF Image Totals
     12484        802        476        144          0          0   ROM Totals

==============================================================================

    Total RO  Size (Code + RO Data)                12960 (  12.66kB)
    Total RW  Size (RW Data + ZI Data)             78584 (  76.74kB)
    Total ROM Size (Code + RO Data + RW Data)      13104 (  12.80kB)

==============================================================================

