Component: ARM Compiler 5.06 update 4 (build 422) Tool: armlink [4d35d2]

==============================================================================

Section Cross References

    main.o(i.main) refers to sysinit.o(i.sysInit) for sysInit
    main.o(i.main) refers to tasks.o(i.xTaskCreate) for xTaskCreate
    main.o(i.main) refers to event_groups.o(i.xEventGroupCreate) for xEventGroupCreate
    main.o(i.main) refers to tasks.o(i.vTaskStartScheduler) for vTaskStartScheduler
    main.o(i.main) refers to main.o(.data) for .data
    main.o(i.main) refers to main.o(i.startTask) for startTask
    main.o(i.main) refers to task.o(.data) for xCreatedEventGroup
    main.o(i.startTask) refers to port.o(i.vPortEnterCritical) for vPortEnterCritical
    main.o(i.startTask) refers to tasks.o(i.xTaskCreate) for xTaskCreate
    main.o(i.startTask) refers to tasks.o(i.vTaskDelete) for vTaskDelete
    main.o(i.startTask) refers to port.o(i.vPortExitCritical) for vPortExitCritical
    main.o(i.startTask) refers to task.o(i.vTaskIndicatorLED) for vTaskIndicatorLED
    main.o(i.startTask) refers to task.o(i.vTaskDataUpload) for vTaskDataUpload
    main.o(i.startTask) refers to task.o(.data) for xTaskAttitudeAlgorithm
    main.o(i.startTask) refers to task.o(i.vTaskAttitudeAlgorithm) for vTaskAttitudeAlgorithm
    main.o(i.startTask) refers to task.o(i.vTaskReadSenser) for vTaskReadSenser
    main.o(i.startTask) refers to main.o(.data) for .data
    system_stm32f4xx.o(i.SystemCoreClockUpdate) refers to system_stm32f4xx.o(.data) for .data
    system_stm32f4xx.o(i.SystemCoreClockUpdate) refers to system_stm32f4xx.o(.constdata) for .constdata
    task.o(i.vTaskAttitudeAlgorithm) refers to memcpya.o(.text) for __aeabi_memcpy4
    task.o(i.vTaskAttitudeAlgorithm) refers to sensors.o(i.NonlinearSO3AHRSupdate) for NonlinearSO3AHRSupdate
    task.o(i.vTaskAttitudeAlgorithm) refers to queue.o(i.xQueueReceive) for xQueueReceive
    task.o(i.vTaskAttitudeAlgorithm) refers to tasks.o(i.vTaskSuspend) for vTaskSuspend
    task.o(i.vTaskAttitudeAlgorithm) refers to task.o(.data) for .data
    task.o(i.vTaskAttitudeAlgorithm) refers to sensors.o(.data) for gyroDataQueue
    task.o(i.vTaskDataUpload) refers to memcpya.o(.text) for __aeabi_memcpy4
    task.o(i.vTaskDataUpload) refers to swj.o(i.Send_RCData) for Send_RCData
    task.o(i.vTaskDataUpload) refers to stm32f4xx_hal_uart.o(i.HAL_UART_DMAStop) for HAL_UART_DMAStop
    task.o(i.vTaskDataUpload) refers to mpu9250.o(.data) for accOriginalData
    task.o(i.vTaskDataUpload) refers to task.o(.bss) for .bss
    task.o(i.vTaskDataUpload) refers to sensors.o(.data) for isGetGyroBiasFinished
    task.o(i.vTaskDataUpload) refers to sensors.o(.bss) for gyroBias
    task.o(i.vTaskDataUpload) refers to usart.o(.bss) for UART1TxDMA_Handler
    task.o(i.vTaskIndicatorLED) refers to led.o(i.ledFlash) for ledFlash
    task.o(i.vTaskIndicatorLED) refers to sensors.o(.data) for isGetGyroBiasFinished
    task.o(i.vTaskReadSenser) refers to tasks.o(i.xTaskGetTickCount) for xTaskGetTickCount
    task.o(i.vTaskReadSenser) refers to tasks.o(i.vTaskDelayUntil) for vTaskDelayUntil
    task.o(i.vTaskReadSenser) refers to mpu9250.o(i.READ_MPU9250_ACCEL) for READ_MPU9250_ACCEL
    task.o(i.vTaskReadSenser) refers to mpu9250.o(i.READ_MPU9250_GYRO) for READ_MPU9250_GYRO
    task.o(i.vTaskReadSenser) refers to sensors.o(i.imuOriginalDataProcessing) for imuOriginalDataProcessing
    task.o(i.vTaskReadSenser) refers to tasks.o(i.vTaskSuspendAll) for vTaskSuspendAll
    task.o(i.vTaskReadSenser) refers to queue.o(i.xQueueGenericSend) for xQueueGenericSend
    task.o(i.vTaskReadSenser) refers to tasks.o(i.xTaskResumeAll) for xTaskResumeAll
    task.o(i.vTaskReadSenser) refers to tasks.o(i.vTaskResume) for vTaskResume
    task.o(i.vTaskReadSenser) refers to tasks.o(i.vTaskDelay) for vTaskDelay
    task.o(i.vTaskReadSenser) refers to sensors.o(i.getGyroBias) for getGyroBias
    task.o(i.vTaskReadSenser) refers to timer.o(.bss) for TIM6_Handler
    task.o(i.vTaskReadSenser) refers to sensors.o(.data) for isGetGyroBiasFinished
    task.o(i.vTaskReadSenser) refers to task.o(.data) for .data
    task.o(i.vTaskReadSenser) refers to mpu9250.o(.data) for gyroOriginalData
    task.o(i.vTaskReadSenser) refers to sensors.o(.bss) for dataProcessed
    startup_stm32f427x.o(RESET) refers to startup_stm32f427x.o(STACK) for __initial_sp
    startup_stm32f427x.o(RESET) refers to startup_stm32f427x.o(.text) for Reset_Handler
    startup_stm32f427x.o(RESET) refers to stm32f4xx_it.o(i.NMI_Handler) for NMI_Handler
    startup_stm32f427x.o(RESET) refers to stm32f4xx_it.o(i.HardFault_Handler) for HardFault_Handler
    startup_stm32f427x.o(RESET) refers to stm32f4xx_it.o(i.MemManage_Handler) for MemManage_Handler
    startup_stm32f427x.o(RESET) refers to stm32f4xx_it.o(i.BusFault_Handler) for BusFault_Handler
    startup_stm32f427x.o(RESET) refers to stm32f4xx_it.o(i.UsageFault_Handler) for UsageFault_Handler
[...]
    i.IIC_delay                              0x08001cb0   Section        0  iic.o(i.IIC_delay)
    i.LED_Init                               0x08001cbc   Section        0  led.o(i.LED_Init)
    i.MPU9250_IIC_Read                       0x08001d10   Section        0  mpu9250.o(i.MPU9250_IIC_Read)
    i.MPU9250_IIC_Write                      0x08001da6   Section        0  mpu9250.o(i.MPU9250_IIC_Write)
    i.MemManage_Handler                      0x08001e1e   Section        0  stm32f4xx_it.o(i.MemManage_Handler)
    i.NMI_Handler                            0x08001e20   Section        0  stm32f4xx_it.o(i.NMI_Handler)
    i.NVIC_SetPriority                       0x08001e22   Section        0  stm32f4xx_hal_cortex.o(i.NVIC_SetPriority)
    NVIC_SetPriority                         0x08001e23   Thumb Code    32  stm32f4xx_hal_cortex.o(i.NVIC_SetPriority)
    i.NonlinearSO3AHRSinit                   0x08001e44   Section        0  sensors.o(i.NonlinearSO3AHRSinit)
    i.NonlinearSO3AHRSupdate                 0x08002000   Section        0  sensors.o(i.NonlinearSO3AHRSupdate)
    i.READ_MPU9250_ACCEL                     0x080026d0   Section        0  mpu9250.o(i.READ_MPU9250_ACCEL)
    i.READ_MPU9250_GYRO                      0x08002768   Section        0  mpu9250.o(i.READ_MPU9250_GYRO)
    i.SDA_IN                                 0x08002800   Section        0  iic.o(i.SDA_IN)
    i.SDA_OUT                                0x08002814   Section        0  iic.o(i.SDA_OUT)
    i.Send_RCData                            0x08002830   Section        0  swj.o(i.Send_RCData)
    i.Stm32_Clock_Init                       0x080029e8   Section        0  sys.o(i.Stm32_Clock_Init)
    i.SysTick_Handler                        0x08002a6c   Section        0  delay.o(i.SysTick_Handler)
    i.SystemInit                             0x08002a8c   Section        0  system_stm32f4xx.o(i.SystemInit)
    i.TIM6_Int_Init                          0x08002ae0   Section        0  timer.o(i.TIM6_Int_Init)
    i.TIM_Base_SetConfig                     0x08002b28   Section        0  stm32f4xx_hal_tim.o(i.TIM_Base_SetConfig)
    i.UART1DMA_Config                        0x08002be8   Section        0  usart.o(i.UART1DMA_Config)
    i.UART1DMA_USART_Transmit                0x08002c5c   Section        0  usart.o(i.UART1DMA_USART_Transmit)
    i.UART_Receive_IT                        0x08002c78   Section        0  stm32f4xx_hal_uart.o(i.UART_Receive_IT)
    UART_Receive_IT                          0x08002c79   Thumb Code   166  stm32f4xx_hal_uart.o(i.UART_Receive_IT)
    i.UART_SetConfig                         0x08002d20   Section        0  stm32f4xx_hal_uart.o(i.UART_SetConfig)
    UART_SetConfig                           0x08002d21   Thumb Code   364  stm32f4xx_hal_uart.o(i.UART_SetConfig)
    i.UART_Transmit_IT                       0x08002e94   Section        0  stm32f4xx_hal_uart.o(i.UART_Transmit_IT)
    UART_Transmit_IT                         0x08002e95   Thumb Code   102  stm32f4xx_hal_uart.o(i.UART_Transmit_IT)
    i.USART1_IRQHandler                      0x08002efc   Section        0  usart.o(i.USART1_IRQHandler)
    i.UsageFault_Handler                     0x08002f28   Section        0  stm32f4xx_it.o(i.UsageFault_Handler)
    i.__ARM_fpclassify                       0x08002f2a   Section        0  fpclassify.o(i.__ARM_fpclassify)
    i.__ARM_fpclassifyf                      0x08002f5a   Section        0  fpclassifyf.o(i.__ARM_fpclassifyf)
    i.__hardfp_asinf                         0x08002f80   Section        0  asinf.o(i.__hardfp_asinf)
    i.__hardfp_atan                          0x080030b0   Section        0  atan.o(i.__hardfp_atan)
    i.__hardfp_atan2                         0x08003388   Section        0  atan2.o(i.__hardfp_atan2)
    i.__hardfp_atan2f                        0x08003578   Section        0  atan2f.o(i.__hardfp_atan2f)
    i.__hardfp_cosf                          0x080037c8   Section        0  cosf.o(i.__hardfp_cosf)
    i.__hardfp_sinf                          0x08003918   Section        0  sinf.o(i.__hardfp_sinf)
    i.__hardfp_sqrt                          0x08003aa8   Section        0  sqrt.o(i.__hardfp_sqrt)
    i.__kernel_poly                          0x08003b22   Section        0  poly.o(i.__kernel_poly)
    i.__mathlib_dbl_infnan                   0x08003c1a   Section        0  dunder.o(i.__mathlib_dbl_infnan)
    i.__mathlib_dbl_infnan2                  0x08003c2e   Section        0  dunder.o(i.__mathlib_dbl_infnan2)
    i.__mathlib_dbl_underflow                0x08003c48   Section        0  dunder.o(i.__mathlib_dbl_underflow)
    i.__mathlib_flt_infnan                   0x08003c68   Section        0  funder.o(i.__mathlib_flt_infnan)
    i.__mathlib_flt_infnan2                  0x08003c6e   Section        0  funder.o(i.__mathlib_flt_infnan2)
    i.__mathlib_flt_invalid                  0x08003c74   Section        0  funder.o(i.__mathlib_flt_invalid)
    i.__mathlib_flt_underflow                0x08003c84   Section        0  funder.o(i.__mathlib_flt_underflow)
    i.__mathlib_rredf2                       0x08003c94   Section        0  rredf.o(i.__mathlib_rredf2)
    i.__scatterload_copy                     0x08003de8   Section       14  handlers.o(i.__scatterload_copy)
    i.__scatterload_null                     0x08003df6   Section        2  handlers.o(i.__scatterload_null)
    i.__scatterload_zeroinit                 0x08003df8   Section       14  handlers.o(i.__scatterload_zeroinit)
    i.__set_errno                            0x08003e08   Section        0  errno.o(i.__set_errno)
    i.atan                                   0x08003e14   Section        0  atan.o(i.atan)
    i.delay_init                             0x08003e24   Section        0  delay.o(i.delay_init)
    i.delay_ms                               0x08003e5c   Section        0  delay.o(i.delay_ms)
    i.delay_us                               0x08003e94   Section        0  delay.o(i.delay_us)
    i.fabs                                   0x08003ec8   Section        0  fabs.o(i.fabs)
    i.getGyroBias                            0x08003ee0   Section        0  sensors.o(i.getGyroBias)
    i.getGyroBiasMeanAndVar                  0x08003f60   Section        0  sensors.o(i.getGyroBiasMeanAndVar)
    i.iicPortDef                             0x080040f8   Section        0  iic.o(i.iicPortDef)
    i.iicSingleInit                          0x080043dc   Section        0  iic.o(i.iicSingleInit)
    i.imuOriginalDataProcessing              0x08004410   Section        0  sensors.o(i.imuOriginalDataProcessing)
    i.ledFlash                               0x080044f0   Section        0  led.o(i.ledFlash)
    i.main                                   0x08004530   Section        0  main.o(i.main)
    i.mpu9250_Init                           0x08004574   Section        0  mpu9250.o(i.mpu9250_Init)
    i.prvAddCurrentTaskToDelayedList         0x080046a8   Section        0  tasks.o(i.prvAddCurrentTaskToDelayedList)
    prvAddCurrentTaskToDelayedList           0x080046a9   Thumb Code   102  tasks.o(i.prvAddCurrentTaskToDelayedList)
    i.prvAddNewTaskToReadyList               0x08004718   Section        0  tasks.o(i.prvAddNewTaskToReadyList)
    prvAddNewTaskToReadyList                 0x08004719   Thumb Code   194  tasks.o(i.prvAddNewTaskToReadyList)
    i.prvCheckForValidListAndQueue           0x080047ec   Section        0  timers.o(i.prvCheckForValidListAndQueue)
    prvCheckForValidListAndQueue             0x080047ed   Thumb Code    62  timers.o(i.prvCheckForValidListAndQueue)
    i.prvCopyDataFromQueue                   0x0800483c   Section        0  queue.o(i.prvCopyDataFromQueue)
    prvCopyDataFromQueue                     0x0800483d   Thumb Code    38  queue.o(i.prvCopyDataFromQueue)
    i.prvCopyDataToQueue                     0x08004862   Section        0  queue.o(i.prvCopyDataToQueue)
    prvCopyDataToQueue                       0x08004863   Thumb Code   108  queue.o(i.prvCopyDataToQueue)
    i.prvDeleteTCB                           0x080048ce   Section        0  tasks.o(i.prvDeleteTCB)
    prvDeleteTCB                             0x080048cf   Thumb Code    20  tasks.o(i.prvDeleteTCB)
    i.prvHeapInit                            0x080048e4   Section        0  heap_4.o(i.prvHeapInit)
    prvHeapInit                              0x080048e5   Thumb Code    66  heap_4.o(i.prvHeapInit)
    i.prvIdleTask                            0x08004930   Section        0  tasks.o(i.prvIdleTask)
    prvIdleTask                              0x08004931   Thumb Code    80  tasks.o(i.prvIdleTask)
    i.prvInitialiseNewTask                   0x0800498c   Section        0  tasks.o(i.prvInitialiseNewTask)
    prvInitialiseNewTask                     0x0800498d   Thumb Code   174  tasks.o(i.prvInitialiseNewTask)
    i.prvInsertBlockIntoFreeList             0x08004a3c   Section        0  heap_4.o(i.prvInsertBlockIntoFreeList)
    prvInsertBlockIntoFreeList               0x08004a3d   Thumb Code    72  heap_4.o(i.prvInsertBlockIntoFreeList)
    i.prvInsertTimerInActiveList             0x08004a88   Section        0  timers.o(i.prvInsertTimerInActiveList)
    prvInsertTimerInActiveList               0x08004a89   Thumb Code    52  timers.o(i.prvInsertTimerInActiveList)
    i.prvIsQueueEmpty                        0x08004ac0   Section        0  queue.o(i.prvIsQueueEmpty)
    prvIsQueueEmpty                          0x08004ac1   Thumb Code    26  queue.o(i.prvIsQueueEmpty)
    i.prvProcessReceivedCommands             0x08004adc   Section        0  timers.o(i.prvProcessReceivedCommands)
    prvProcessReceivedCommands               0x08004add   Thumb Code   178  timers.o(i.prvProcessReceivedCommands)
    i.prvProcessTimerOrBlockTask             0x08004b94   Section        0  timers.o(i.prvProcessTimerOrBlockTask)
    prvProcessTimerOrBlockTask               0x08004b95   Thumb Code   172  timers.o(i.prvProcessTimerOrBlockTask)
    i.prvResetNextTaskUnblockTime            0x08004c48   Section        0  tasks.o(i.prvResetNextTaskUnblockTime)
    prvResetNextTaskUnblockTime              0x08004c49   Thumb Code    26  tasks.o(i.prvResetNextTaskUnblockTime)
    i.prvSampleTimeNow                       0x08004c68   Section        0  timers.o(i.prvSampleTimeNow)
    prvSampleTimeNow                         0x08004c69   Thumb Code    36  timers.o(i.prvSampleTimeNow)
    i.prvSwitchTimerLists                    0x08004c90   Section        0  timers.o(i.prvSwitchTimerLists)
    prvSwitchTimerLists                      0x08004c91   Thumb Code   102  timers.o(i.prvSwitchTimerLists)
    i.prvTaskExitError                       0x08004cfc   Section        0  port.o(i.prvTaskExitError)
    prvTaskExitError                         0x08004cfd   Thumb Code    36  port.o(i.prvTaskExitError)
    i.prvTaskIsTaskSuspended                 0x08004d24   Section        0  tasks.o(i.prvTaskIsTaskSuspended)
    prvTaskIsTaskSuspended                   0x08004d25   Thumb Code    48  tasks.o(i.prvTaskIsTaskSuspended)
    i.prvTimerTask                           0x08004d58   Section        0  timers.o(i.prvTimerTask)
    prvTimerTask                             0x08004d59   Thumb Code    34  timers.o(i.prvTimerTask)
    i.prvUnlockQueue                         0x08004d80   Section        0  queue.o(i.prvUnlockQueue)
    prvUnlockQueue                           0x08004d81   Thumb Code   106  queue.o(i.prvUnlockQueue)
    i.pvPortMalloc                           0x08004dec   Section        0  heap_4.o(i.pvPortMalloc)
    i.pxPortInitialiseStack                  0x08004ec4   Section        0  port.o(i.pxPortInitialiseStack)
    i.sensorsQueueInit                       0x08004ef0   Section        0  sensors.o(i.sensorsQueueInit)
    i.sqrtf                                  0x08004f14   Section        0  sqrtf.o(i.sqrtf)
    i.startTask                              0x08004f54   Section        0  main.o(i.startTask)
    startTask                                0x08004f55   Thumb Code    98  main.o(i.startTask)
    i.sysInit                                0x0800501c   Section        0  sysinit.o(i.sysInit)
    i.uart_init                              0x08005060   Section        0  usart.o(i.uart_init)
    i.uxListRemove                           0x080050a8   Section        0  list.o(i.uxListRemove)
    i.vListInitialise                        0x080050ce   Section        0  list.o(i.vListInitialise)
    i.vListInitialiseItem                    0x080050e4   Section        0  list.o(i.vListInitialiseItem)
    i.vListInsert                            0x080050ea   Section        0  list.o(i.vListInsert)
    i.vListInsertEnd                         0x0800511a   Section        0  list.o(i.vListInsertEnd)
    i.vPortEnterCritical                     0x08005134   Section        0  port.o(i.vPortEnterCritical)
    i.vPortExitCritical                      0x08005174   Section        0  port.o(i.vPortExitCritical)
    i.vPortFree                              0x0800519c   Section        0  heap_4.o(i.vPortFree)
    i.vPortSetupTimerInterrupt               0x080051f8   Section        0  port.o(i.vPortSetupTimerInterrupt)
    i.vPortValidateInterruptPriority         0x0800521c   Section        0  port.o(i.vPortValidateInterruptPriority)
    i.vQueueAddToRegistry                    0x08005270   Section        0  queue.o(i.vQueueAddToRegistry)
    i.vQueueWaitForMessageRestricted         0x08005294   Section        0  queue.o(i.vQueueWaitForMessageRestricted)
    i.vTaskAttitudeAlgorithm                 0x080052d8   Section        0  task.o(i.vTaskAttitudeAlgorithm)
    i.vTaskDataUpload                        0x08005350   Section        0  task.o(i.vTaskDataUpload)
    i.vTaskDelay                             0x080054c8   Section        0  tasks.o(i.vTaskDelay)
    i.vTaskDelayUntil                        0x08005514   Section        0  tasks.o(i.vTaskDelayUntil)
    i.vTaskDelete                            0x080055a4   Section        0  tasks.o(i.vTaskDelete)
    i.vTaskIndicatorLED                      0x08005650   Section        0  task.o(i.vTaskIndicatorLED)
    i.vTaskInternalSetTimeOutState           0x08005668   Section        0  tasks.o(i.vTaskInternalSetTimeOutState)
    i.vTaskMissedYield                       0x08005678   Section        0  tasks.o(i.vTaskMissedYield)
    i.vTaskPlaceOnEventList                  0x08005684   Section        0  tasks.o(i.vTaskPlaceOnEventList)
    i.vTaskPlaceOnEventListRestricted        0x080056b4   Section        0  tasks.o(i.vTaskPlaceOnEventListRestricted)
    i.vTaskReadSenser                        0x080056ec   Section        0  task.o(i.vTaskReadSenser)
    i.vTaskResume                            0x080057b8   Section        0  tasks.o(i.vTaskResume)
    i.vTaskStartScheduler                    0x08005834   Section        0  tasks.o(i.vTaskStartScheduler)
    i.vTaskSuspend                           0x080058a4   Section        0  tasks.o(i.vTaskSuspend)
    i.vTaskSuspendAll                        0x08005960   Section        0  tasks.o(i.vTaskSuspendAll)
    i.vTaskSwitchContext                     0x08005970   Section        0  tasks.o(i.vTaskSwitchContext)
    i.xEventGroupCreate                      0x080059cc   Section        0  event_groups.o(i.xEventGroupCreate)
    i.xPortStartScheduler                    0x080059e8   Section        0  port.o(i.xPortStartScheduler)
    i.xPortSysTickHandler                    0x08005adc   Section        0  port.o(i.xPortSysTickHandler)
    i.xQueueGenericCreate                    0x08005b08   Section        0  queue.o(i.xQueueGenericCreate)
    i.xQueueGenericReset                     0x08005b5c   Section        0  queue.o(i.xQueueGenericReset)
    i.xQueueGenericSend                      0x08005be4   Section        0  queue.o(i.xQueueGenericSend)
    i.xQueueGenericSendFromISR               0x08005d48   Section        0  queue.o(i.xQueueGenericSendFromISR)
    i.xQueueReceive                          0x08005e04   Section        0  queue.o(i.xQueueReceive)
    i.xTaskCheckForTimeOut                   0x08005f3c   Section        0  tasks.o(i.xTaskCheckForTimeOut)
    i.xTaskCreate                            0x08005fb0   Section        0  tasks.o(i.xTaskCreate)
    i.xTaskGetSchedulerState                 0x08006008   Section        0  tasks.o(i.xTaskGetSchedulerState)
    i.xTaskGetTickCount                      0x08006024   Section        0  tasks.o(i.xTaskGetTickCount)
    i.xTaskIncrementTick                     0x08006030   Section        0  tasks.o(i.xTaskIncrementTick)
    i.xTaskPriorityDisinherit                0x080060f8   Section        0  tasks.o(i.xTaskPriorityDisinherit)
    i.xTaskRemoveFromEventList               0x08006190   Section        0  tasks.o(i.xTaskRemoveFromEventList)
    i.xTaskResumeAll                         0x08006204   Section        0  tasks.o(i.xTaskResumeAll)
    i.xTimerCreateTimerTask                  0x080062c8   Section        0  timers.o(i.xTimerCreateTimerTask)
    i.xTimerGenericCommand                   0x08006314   Section        0  timers.o(i.xTimerGenericCommand)
    .constdata                               0x08006370   Section       16  stm32f4xx_hal_rcc.o(.constdata)
    .constdata                               0x08006380   Section        8  stm32f4xx_hal_dma.o(.constdata)
    flagBitshiftOffset                       0x08006380   Data           8  stm32f4xx_hal_dma.o(.constdata)
    .constdata                               0x08006388   Section      152  atan.o(.constdata)
    atanhi                                   0x08006388   Data          32  atan.o(.constdata)
    atanlo                                   0x080063a8   Data          32  atan.o(.constdata)
    aTodd                                    0x080063c8   Data          40  atan.o(.constdata)
    aTeven                                   0x080063f0   Data          48  atan.o(.constdata)
    .constdata                               0x08006420   Section        8  qnan.o(.constdata)
    .constdata                               0x08006428   Section       32  rredf.o(.constdata)
    twooverpi                                0x08006428   Data          32  rredf.o(.constdata)
    .data                                    0x20000000   Section        4  main.o(.data)
    .data                                    0x20000004   Section        4  system_stm32f4xx.o(.data)
    .data                                    0x20000008   Section        8  task.o(.data)
    .data                                    0x20000010   Section        4  task.o(.data)
    .data                                    0x20000014   Section        4  stm32f4xx_hal.o(.data)
    uwTick                                   0x20000014   Data           4  stm32f4xx_hal.o(.data)
    .data                                    0x20000018   Section       12  delay.o(.data)
    fac_ms                                   0x20000018   Data           2  delay.o(.data)
    fac_us                                   0x2000001c   Data           4  delay.o(.data)
    sysTickCnt                               0x20000020   Data           4  delay.o(.data)
    .data                                    0x20000024   Section        4  usart.o(.data)
    .data                                    0x20000028   Section       18  mpu9250.o(.data)
    .data                                    0x2000003a   Section        1  swj.o(.data)
    .data                                    0x2000003c   Section      148  sensors.o(.data)
    dq0                                      0x20000050   Data           4  sensors.o(.data)
    dq1                                      0x20000054   Data           4  sensors.o(.data)
    dq2                                      0x20000058   Data           4  sensors.o(.data)
    dq3                                      0x2000005c   Data           4  sensors.o(.data)
    .data                                    0x200000d0   Section        1  timer.o(.data)
    .data                                    0x200000d4   Section       60  tasks.o(.data)
    uxDeletedTasksWaitingCleanUp             0x200000d8   Data           4  tasks.o(.data)
    uxCurrentNumberOfTasks                   0x200000dc   Data           4  tasks.o(.data)
    xTickCount                               0x200000e0   Data           4  tasks.o(.data)
    uxTopReadyPriority                       0x200000e4   Data           4  tasks.o(.data)
    xSchedulerRunning                        0x200000e8   Data           4  tasks.o(.data)
    uxPendedTicks                            0x200000ec   Data           4  tasks.o(.data)
    xYieldPending                            0x200000f0   Data           4  tasks.o(.data)
    xNumOfOverflows                          0x200000f4   Data           4  tasks.o(.data)
    uxTaskNumber                             0x200000f8   Data           4  tasks.o(.data)
    xNextTaskUnblockTime                     0x200000fc   Data           4  tasks.o(.data)
    xIdleTaskHandle                          0x20000100   Data           4  tasks.o(.data)
    uxSchedulerSuspended                     0x20000104   Data           4  tasks.o(.data)
    pxDelayedTaskList                        0x20000108   Data           4  tasks.o(.data)
    pxOverflowDelayedTaskList                0x2000010c   Data           4  tasks.o(.data)
    .data                                    0x20000110   Section       20  timers.o(.data)
    xTimerQueue                              0x20000110   Data           4  timers.o(.data)
    xTimerTaskHandle                         0x20000114   Data           4  timers.o(.data)
    xLastTime                                0x20000118   Data           4  timers.o(.data)
    pxCurrentTimerList                       0x2000011c   Data           4  timers.o(.data)
    pxOverflowTimerList                      0x20000120   Data           4  timers.o(.data)
    .data                                    0x20000124   Section       12  port.o(.data)
    ucMaxSysCallPriority                     0x20000124   Data           1  port.o(.data)
    uxCriticalNesting                        0x20000128   Data           4  port.o(.data)
    ulMaxPRIGROUPValue                       0x2000012c   Data           4  port.o(.data)
    .data                                    0x20000130   Section       24  heap_4.o(.data)
    pxEnd                                    0x20000130   Data           4  heap_4.o(.data)
    xFreeBytesRemaining                      0x20000134   Data           4  heap_4.o(.data)
    xMinimumEverFreeBytesRemaining           0x20000138   Data           4  heap_4.o(.data)
    xBlockAllocatedBit                       0x2000013c   Data           4  heap_4.o(.data)
    xStart                                   0x20000140   Data           8  heap_4.o(.data)
    .data                                    0x20000148   Section        4  errno.o(.data)
    _errno                                   0x20000148   Data           4  errno.o(.data)
    .bss                                     0x2000014c   Section       36  task.o(.bss)
    .bss                                     0x20000170   Section      352  usart.o(.bss)
    .bss                                     0x200002d0   Section       28  mpu9250.o(.bss)
    .bss                                     0x200002ec   Section     3124  sensors.o(.bss)
    gyro_bias                                0x200002ec   Data          12  sensors.o(.bss)
    .bss                                     0x20000f20   Section       60  timer.o(.bss)
    .bss                                     0x20000f5c   Section       64  queue.o(.bss)
    .bss                                     0x20000f9c   Section      300  tasks.o(.bss)
    pxReadyTasksLists                        0x20000f9c   Data         200  tasks.o(.bss)
    xDelayedTaskList1                        0x20001064   Data          20  tasks.o(.bss)
    xDelayedTaskList2                        0x20001078   Data          20  tasks.o(.bss)
    xPendingReadyList                        0x2000108c   Data          20  tasks.o(.bss)
    xTasksWaitingTermination                 0x200010a0   Data          20  tasks.o(.bss)
    xSuspendedTaskList                       0x200010b4   Data          20  tasks.o(.bss)
    .bss                                     0x200010c8   Section       40  timers.o(.bss)
    xActiveTimerList1                        0x200010c8   Data          20  timers.o(.bss)
    xActiveTimerList2                        0x200010dc   Data          20  timers.o(.bss)
    .bss                                     0x200010f0   Section    76800  heap_4.o(.bss)
    ucHeap                                   0x200010f0   Data       76800  heap_4.o(.bss)
    STACK                                    0x20013cf0   Section     1024  startup_stm32f427x.o(STACK)

    Global Symbols

    Symbol Name                              Value     Ov Type        Size  Object(Section)

    BuildAttributes$$THM_ISAv4$E$P$D$K$B$S$7EM$VFPi3$EXTD16$VFPS$VFMA$PE$A:L22UL41UL21$X:L11$S22US41US21$IEEE1$IW$USESV6$~STKCKD$USESV7$~SHL$OTIME$ROPI$IEEEX$EBA8$MICROLIB$REQ8$PRES8$EABIv2 0x00000000   Number         0  anon$$obj.o ABSOLUTE
    __ARM_use_no_argv                        0x00000000   Number         0  main.o ABSOLUTE
    __use_no_errno                           0x00000000   Number         0  useno.o ABSOLUTE
    __use_no_exception_handling              0x00000000   Number         0  useno.o ABSOLUTE
    __use_no_fp                              0x00000000   Number         0  useno.o ABSOLUTE
    __use_no_heap                            0x00000000   Number         0  useno.o ABSOLUTE
    __use_no_heap_region                     0x00000000   Number         0  useno.o ABSOLUTE
    __use_no_semihosting                     0x00000000   Number         0  useno.o ABSOLUTE
    __use_no_semihosting_swi                 0x00000000   Number         0  useno.o ABSOLUTE
    __use_no_signal_handling                 0x00000000   Number         0  useno.o ABSOLUTE
    __cpp_initialize__aeabi_                  - Undefined Weak Reference
    __cxa_finalize                            - Undefined Weak Reference
    _clock_init                               - Undefined Weak Reference
    _microlib_exit                            - Undefined Weak Reference
    __Vectors_Size                           0x000001ac   Number         0  startup_stm32f427x.o ABSOLUTE
    __Vectors                                0x08000000   Data           4  startup_stm32f427x.o(RESET)
    __Vectors_End                            0x080001ac   Data           0  startup_stm32f427x.o(RESET)
    __main                                   0x080001ad   Thumb Code     0  entry.o(.ARM.Collect$$$$00000000)
    _main_stk                                0x080001ad   Thumb Code     0  entry2.o(.ARM.Collect$$$$00000001)
    _main_scatterload                        0x080001b1   Thumb Code     0  entry5.o(.ARM.Collect$$$$00000004)
    __main_after_scatterload                 0x080001b5   Thumb Code     0  entry5.o(.ARM.Collect$$$$00000004)
    _main_clock                              0x080001b5   Thumb Code     0  entry7b.o(.ARM.Collect$$$$00000008)
    _main_cpp_init                           0x080001b5   Thumb Code     0  entry8b.o(.ARM.Collect$$$$0000000A)
    _main_init                               0x080001b5   Thumb Code     0  entry9a.o(.ARM.Collect$$$$0000000B)
    __rt_final_cpp                           0x080001bd   Thumb Code     0  entry10a.o(.ARM.Collect$$$$0000000D)
    __rt_final_exit                          0x080001bd   Thumb Code     0  entry11a.o(.ARM.Collect$$$$0000000F)
    SVC_Handler                              0x080001c1   Thumb Code    28  port.o(.emb_text)
    __asm___6_port_c_39a90d8d__prvStartFirstTask 0x080001e1   Thumb Code    36  port.o(.emb_text)
    __asm___6_port_c_39a90d8d__prvEnableVFP  0x08000209   Thumb Code    16  port.o(.emb_text)
    PendSV_Handler                           0x0800021d   Thumb Code    88  port.o(.emb_text)
    vPortGetIPSR                             0x08000279   Thumb Code     6  port.o(.emb_text)
    Reset_Handler                            0x08000281   Thumb Code     8  startup_stm32f427x.o(.text)
    ADC_IRQHandler                           0x0800029b   Thumb Code     0  startup_stm32f427x.o(.text)
    CAN1_RX0_IRQHandler                      0x0800029b   Thumb Code     0  startup_stm32f427x.o(.text)
    CAN1_RX1_IRQHandler                      0x0800029b   Thumb Code     0  startup_stm32f427x.o(.text)
    CAN1_SCE_IRQHandler                      0x0800029b   Thumb Code     0  startup_stm32f427x.o(.text)
    CAN1_TX_IRQHandler                       0x0800029b   Thumb Code     0  startup_stm32f427x.o(.text)
    CAN2_RX0_IRQHandler                      0x0800029b   Thumb Code     0  startup_stm32f427x.o(.text)
    CAN2_RX1_IRQHandler                      0x0800029b   Thumb Code     0  startup_stm32f427x.o(.text)
    CAN2_SCE_IRQHandler                      0x0800029b   Thumb Code     0  startup_stm32f427x.o(.text)
    CAN2_TX_IRQHandler                       0x0800029b   Thumb Code     0  startup_stm32f427x.o(.text)
    CRYP_IRQHandler                          0x0800029b   Thumb Code     0  startup_stm32f427x.o(.text)
    DCMI_IRQHandler                          0x0800029b   Thumb Code     0  startup_stm32f427x.o(.text)
    DMA1_Stream0_IRQHandler                  0x0800029b   Thumb Code     0  startup_stm32f427x.o(.text)
    DMA1_Stream1_IRQHandler                  0x0800029b   Thumb Code     0  startup_stm32f427x.o(.text)
    DMA1_Stream2_IRQHandler                  0x0800029b   Thumb Code     0  startup_stm32f427x.o(.text)
    DMA1_Stream3_IRQHandler                  0x0800029b   Thumb Code     0  startup_stm32f427x.o(.text)
    DMA1_Stream4_IRQHandler                  0x0800029b   Thumb Code     0  startup_stm32f427x.o(.text)
    DMA1_Stream5_IRQHandler                  0x0800029b   Thumb Code     0  startup_stm32f427x.o(.text)
    DMA1_Stream6_IRQHandler                  0x0800029b   Thumb Code     0  startup_stm32f427x.o(.text)
    DMA1_Stream7_IRQHandler                  0x0800029b   Thumb Code     0  startup_stm32f427x.o(.text)
    DMA2D_IRQHandler                         0x0800029b   Thumb Code     0  startup_stm32f427x.o(.text)
    DMA2_Stream0_IRQHandler                  0x0800029b   Thumb Code     0  startup_stm32f427x.o(.text)
    DMA2_Stream1_IRQHandler                  0x0800029b   Thumb Code     0  startup_stm32f427x.o(.text)
    DMA2_Stream2_IRQHandler                  0x0800029b   Thumb Code     0  startup_stm32f427x.o(.text)
    DMA2_Stream3_IRQHandler                  0x0800029b   Thumb Code     0  startup_stm32f427x.o(.text)
    DMA2_Stream4_IRQHandler                  0x0800029b   Thumb Code     0  startup_stm32f427x.o(.text)
    DMA2_Stream5_IRQHandler                  0x0800029b   Thumb Code     0  startup_stm32f427x.o(.text)
    DMA2_Stream6_IRQHandler                  0x0800029b   Thumb Code     0  startup_stm32f427x.o(.text)
    DMA2_Stream7_IRQHandler                  0x0800029b   Thumb Code     0  startup_stm32f427x.o(.text)
    ETH_IRQHandler                           0x0800029b   Thumb Code     0  startup_stm32f427x.o(.text)
    ETH_WKUP_IRQHandler                      0x0800029b   Thumb Code     0  startup_stm32f427x.o(.text)
    EXTI0_IRQHandler                         0x0800029b   Thumb Code     0  startup_stm32f427x.o(.text)
    EXTI15_10_IRQHandler                     0x0800029b   Thumb Code     0  startup_stm32f427x.o(.text)
    EXTI1_IRQHandler                         0x0800029b   Thumb Code     0  startup_stm32f427x.o(.text)
    EXTI2_IRQHandler                         0x0800029b   Thumb Code     0  startup_stm32f427x.o(.text)
    EXTI3_IRQHandler                         0x0800029b   Thumb Code     0  startup_stm32f427x.o(.text)
    EXTI4_IRQHandler                         0x0800029b   Thumb Code     0  startup_stm32f427x.o(.text)
    EXTI9_5_IRQHandler                       0x0800029b   Thumb Code     0  startup_stm32f427x.o(.text)
    FLASH_IRQHandler                         0x0800029b   Thumb Code     0  startup_stm32f427x.o(.text)
    FMC_IRQHandler                           0x0800029b   Thumb Code     0  startup_stm32f427x.o(.text)
    FPU_IRQHandler                           0x0800029b   Thumb Code     0  startup_stm32f427x.o(.text)
    HASH_RNG_IRQHandler                      0x0800029b   Thumb Code     0  startup_stm32f427x.o(.text)
    I2C1_ER_IRQHandler                       0x0800029b   Thumb Code     0  startup_stm32f427x.o(.text)
    I2C1_EV_IRQHandler                       0x0800029b   Thumb Code     0  startup_stm32f427x.o(.text)
    I2C2_ER_IRQHandler                       0x0800029b   Thumb Code     0  startup_stm32f427x.o(.text)
    I2C2_EV_IRQHandler                       0x0800029b   Thumb Code     0  startup_stm32f427x.o(.text)
    I2C3_ER_IRQHandler                       0x0800029b   Thumb Code     0  startup_stm32f427x.o(.text)
    I2C3_EV_IRQHandler                       0x0800029b   Thumb Code     0  startup_stm32f427x.o(.text)
    OTG_FS_IRQHandler                        0x0800029b   Thumb Code     0  startup_stm32f427x.o(.text)
    OTG_FS_WKUP_IRQHandler                   0x0800029b   Thumb Code     0  startup_stm32f427x.o(.text)
    OTG_HS_EP1_IN_IRQHandler                 0x0800029b   Thumb Code     0  startup_stm32f427x.o(.text)
    OTG_HS_EP1_OUT_IRQHandler                0x0800029b   Thumb Code     0  startup_stm32f427x.o(.text)
    OTG_HS_IRQHandler                        0x0800029b   Thumb Code     0  startup_stm32f427x.o(.text)
    OTG_HS_WKUP_IRQHandler                   0x0800029b   Thumb Code     0  startup_stm32f427x.o(.text)
    PVD_IRQHandler                           0x0800029b   Thumb Code     0  startup_stm32f427x.o(.text)
    RCC_IRQHandler                           0x0800029b   Thumb Code     0  startup_stm32f427x.o(.text)
    RTC_Alarm_IRQHandler                     0x0800029b   Thumb Code     0  startup_stm32f427x.o(.text)
    RTC_WKUP_IRQHandler                      0x0800029b   Thumb Code     0  startup_stm32f427x.o(.text)
    SAI1_IRQHandler                          0x0800029b   Thumb Code     0  startup_stm32f427x.o(.text)
    SDIO_IRQHandler                          0x0800029b   Thumb Code     0  startup_stm32f427x.o(.text)
    SPI1_IRQHandler                          0x0800029b   Thumb Code     0  startup_stm32f427x.o(.text)
    SPI2_IRQHandler                          0x0800029b   Thumb Code     0  startup_stm32f427x.o(.text)
    SPI3_IRQHandler                          0x0800029b   Thumb Code     0  startup_stm32f427x.o(.text)
    SPI4_IRQHandler                          0x0800029b   Thumb Code     0  startup_stm32f427x.o(.text)
    SPI5_IRQHandler                          0x0800029b   Thumb Code     0  startup_stm32f427x.o(.text)
    SPI6_IRQHandler                          0x0800029b   Thumb Code     0  startup_stm32f427x.o(.text)
    TAMP_STAMP_IRQHandler                    0x0800029b   Thumb Code     0  startup_stm32f427x.o(.text)
    TIM1_BRK_TIM9_IRQHandler                 0x0800029b   Thumb Code     0  startup_stm32f427x.o(.text)
    TIM1_CC_IRQHandler                       0x0800029b   Thumb Code     0  startup_stm32f427x.o(.text)
    TIM1_TRG_COM_TIM11_IRQHandler            0x0800029b   Thumb Code     0  startup_stm32f427x.o(.text)
    TIM1_UP_TIM10_IRQHandler                 0x0800029b   Thumb Code     0  startup_stm32f427x.o(.text)
    TIM2_IRQHandler                          0x0800029b   Thumb Code     0  startup_stm32f427x.o(.text)
    TIM3_IRQHandler                          0x0800029b   Thumb Code     0  startup_stm32f427x.o(.text)
    TIM4_IRQHandler                          0x0800029b   Thumb Code     0  startup_stm32f427x.o(.text)
    TIM5_IRQHandler                          0x0800029b   Thumb Code     0  startup_stm32f427x.o(.text)
    TIM6_DAC_IRQHandler                      0x0800029b   Thumb Code     0  startup_stm32f427x.o(.text)
    TIM7_IRQHandler                          0x0800029b   Thumb Code     0  startup_stm32f427x.o(.text)
    TIM8_BRK_TIM12_IRQHandler                0x0800029b   Thumb Code     0  startup_stm32f427x.o(.text)
    TIM8_CC_IRQHandler                       0x0800029b   Thumb Code     0  startup_stm32f427x.o(.text)
    TIM8_TRG_COM_TIM14_IRQHandler            0x0800029b   Thumb Code     0  startup_stm32f427x.o(.text)
    TIM8_UP_TIM13_IRQHandler                 0x0800029b   Thumb Code     0  startup_stm32f427x.o(.text)
    UART4_IRQHandler                         0x0800029b   Thumb Code     0  startup_stm32f427x.o(.text)
    UART5_IRQHandler                         0x0800029b   Thumb Code     0  startup_stm32f427x.o(.text)
    UART7_IRQHandler                         0x0800029b   Thumb Code     0  startup_stm32f427x.o(.text)
    UART8_IRQHandler                         0x0800029b   Thumb Code     0  startup_stm32f427x.o(.text)
    USART2_IRQHandler                        0x0800029b   Thumb Code     0  startup_stm32f427x.o(.text)
    USART3_IRQHandler                        0x0800029b   Thumb Code     0  startup_stm32f427x.o(.text)
    USART6_IRQHandler                        0x0800029b   Thumb Code     0  startup_stm32f427x.o(.text)
    WWDG_IRQHandler                          0x0800029b   Thumb Code     0  startup_stm32f427x.o(.text)
    __aeabi_ldivmod                          0x080002a5   Thumb Code    98  ldiv.o(.text)
    __aeabi_memcpy                           0x08000307   Thumb Code    36  memcpya.o(.text)
    __aeabi_memcpy4                          0x08000307   Thumb Code     0  memcpya.o(.text)
    __aeabi_memcpy8                          0x08000307   Thumb Code     0  memcpya.o(.text)
    __aeabi_memset                           0x0800032b   Thumb Code    14  memseta.o(.text)
    __aeabi_memset4                          0x0800032b   Thumb Code     0  memseta.o(.text)
    __aeabi_memset8                          0x0800032b   Thumb Code     0  memseta.o(.text)
    __aeabi_memclr                           0x08000339   Thumb Code     4  memseta.o(.text)
    __aeabi_memclr4                          0x08000339   Thumb Code     0  memseta.o(.text)
    __aeabi_memclr8                          0x08000339   Thumb Code     0  memseta.o(.text)
    memset                                   0x0800033d   Thumb Code    18  memseta.o(.text)
    __aeabi_ddiv                             0x0800034f   Thumb Code   222  ddiv.o(.text)
    __aeabi_l2f                              0x0800042d   Thumb Code    44  ffltl.o(.text)
    __aeabi_f2d                              0x08000459   Thumb Code    38  f2d.o(.text)
    __aeabi_d2f                              0x0800047f   Thumb Code    56  d2f.o(.text)
    __aeabi_uldivmod                         0x080004b7   Thumb Code    98  uldiv.o(.text)
    __I$use$fp                               0x08000519   Thumb Code     0  iusefp.o(.text)
    _float_round                             0x08000519   Thumb Code    18  fepilogue.o(.text)
    _float_epilogue                          0x0800052b   Thumb Code    92  fepilogue.o(.text)
    _double_round                            0x08000587   Thumb Code    30  depilogue.o(.text)
    _double_epilogue                         0x080005a5   Thumb Code   156  depilogue.o(.text)
    __aeabi_dadd                             0x08000641   Thumb Code   322  dadd.o(.text)
    __aeabi_dsub                             0x08000783   Thumb Code     6  dadd.o(.text)
    __aeabi_drsub                            0x08000789   Thumb Code     6  dadd.o(.text)
    _dsqrt                                   0x0800078f   Thumb Code   162  dsqrt.o(.text)
    __scatterload                            0x08000831   Thumb Code    28  init.o(.text)
    __scatterload_rt2                        0x08000831   Thumb Code     0  init.o(.text)
    __aeabi_llsl                             0x08000855   Thumb Code    30  llshl.o(.text)
    _ll_shift_l                              0x08000855   Thumb Code     0  llshl.o(.text)
    __aeabi_llsr                             0x08000873   Thumb Code    32  llushr.o(.text)
    _ll_ushift_r                             0x08000873   Thumb Code     0  llushr.o(.text)
    __aeabi_lasr                             0x08000893   Thumb Code    36  llsshr.o(.text)
    _ll_sshift_r                             0x08000893   Thumb Code     0  llsshr.o(.text)
    __aeabi_dmul                             0x080008b7   Thumb Code   228  dmul.o(.text)
    __decompress                             0x0800099b   Thumb Code     0  __dczerorl2.o(.text)
    __decompress1                            0x0800099b   Thumb Code    86  __dczerorl2.o(.text)
    BusFault_Handler                         0x080009f1   Thumb Code     2  stm32f4xx_it.o(i.BusFault_Handler)
    DebugMon_Handler                         0x08000a45   Thumb Code     2  stm32f4xx_it.o(i.DebugMon_Handler)
    HAL_DMA_Abort                            0x08000a47   Thumb Code    82  stm32f4xx_hal_dma.o(i.HAL_DMA_Abort)
    HAL_DMA_DeInit                           0x08000a99   Thumb Code    86  stm32f4xx_hal_dma.o(i.HAL_DMA_DeInit)
    HAL_DMA_Init                             0x08000af1   Thumb Code   116  stm32f4xx_hal_dma.o(i.HAL_DMA_Init)
    HAL_DMA_Start                            0x08000b69   Thumb Code    58  stm32f4xx_hal_dma.o(i.HAL_DMA_Start)
    HAL_GPIO_Init                            0x08000ba5   Thumb Code   422  stm32f4xx_hal_gpio.o(i.HAL_GPIO_Init)
    HAL_GPIO_WritePin                        0x08000d81   Thumb Code    10  stm32f4xx_hal_gpio.o(i.HAL_GPIO_WritePin)
    HAL_GetTick                              0x08000d8d   Thumb Code     6  stm32f4xx_hal.o(i.HAL_GetTick)
    HAL_Init                                 0x08000d99   Thumb Code    48  stm32f4xx_hal.o(i.HAL_Init)
    HAL_InitTick                             0x08000dcd   Thumb Code    34  stm32f4xx_hal.o(i.HAL_InitTick)
    HAL_MspInit                              0x08000def   Thumb Code     8  stm32f4xx_hal.o(i.HAL_MspInit)
    HAL_NVIC_EnableIRQ                       0x08000df7   Thumb Code    22  stm32f4xx_hal_cortex.o(i.HAL_NVIC_EnableIRQ)
    HAL_NVIC_SetPriority                     0x08000e0d   Thumb Code    60  stm32f4xx_hal_cortex.o(i.HAL_NVIC_SetPriority)
    HAL_NVIC_SetPriorityGrouping             0x08000e4d   Thumb Code    26  stm32f4xx_hal_cortex.o(i.HAL_NVIC_SetPriorityGrouping)
    HAL_PWREx_EnableOverDrive                0x08000e71   Thumb Code   122  stm32f4xx_hal_pwr_ex.o(i.HAL_PWREx_EnableOverDrive)
    HAL_RCC_ClockConfig                      0x08000ef9   Thumb Code   512  stm32f4xx_hal_rcc.o(i.HAL_RCC_ClockConfig)
    HAL_RCC_GetHCLKFreq                      0x08001101   Thumb Code    38  stm32f4xx_hal_rcc.o(i.HAL_RCC_GetHCLKFreq)
    HAL_RCC_GetPCLK1Freq                     0x08001135   Thumb Code    36  stm32f4xx_hal_rcc.o(i.HAL_RCC_GetPCLK1Freq)
    HAL_RCC_GetPCLK2Freq                     0x08001161   Thumb Code    36  stm32f4xx_hal_rcc.o(i.HAL_RCC_GetPCLK2Freq)
    HAL_RCC_GetSysClockFreq                  0x0800118d   Thumb Code   104  stm32f4xx_hal_rcc.o(i.HAL_RCC_GetSysClockFreq)
    HAL_RCC_OscConfig                        0x08001201   Thumb Code   774  stm32f4xx_hal_rcc.o(i.HAL_RCC_OscConfig)
    HAL_SYSTICK_CLKSourceConfig              0x0800151d   Thumb Code    24  stm32f4xx_hal_cortex.o(i.HAL_SYSTICK_CLKSourceConfig)
    HAL_SYSTICK_Config                       0x08001535   Thumb Code    40  stm32f4xx_hal_cortex.o(i.HAL_SYSTICK_Config)
    HAL_TIM_Base_Init                        0x0800155d   Thumb Code    54  stm32f4xx_hal_tim.o(i.HAL_TIM_Base_Init)
    HAL_TIM_Base_MspInit                     0x08001593   Thumb Code     2  stm32f4xx_hal_tim.o(i.HAL_TIM_Base_MspInit)
    HAL_TIM_Base_Start                       0x08001595   Thumb Code    26  stm32f4xx_hal_tim.o(i.HAL_TIM_Base_Start)
    HAL_UART_DMAStop                         0x080015af   Thumb Code    50  stm32f4xx_hal_uart.o(i.HAL_UART_DMAStop)
    HAL_UART_ErrorCallback                   0x080015e1   Thumb Code     2  stm32f4xx_hal_uart.o(i.HAL_UART_ErrorCallback)
    HAL_UART_GetState                        0x080015e3   Thumb Code     6  stm32f4xx_hal_uart.o(i.HAL_UART_GetState)
    HAL_UART_IRQHandler                      0x080015e9   Thumb Code   244  stm32f4xx_hal_uart.o(i.HAL_UART_IRQHandler)
    HAL_UART_Init                            0x080016dd   Thumb Code    94  stm32f4xx_hal_uart.o(i.HAL_UART_Init)
    HAL_UART_MspInit                         0x0800173d   Thumb Code   112  usart.o(i.HAL_UART_MspInit)
    HAL_UART_Receive_IT                      0x080017b9   Thumb Code   104  stm32f4xx_hal_uart.o(i.HAL_UART_Receive_IT)
    HAL_UART_RxCpltCallback                  0x08001821   Thumb Code    76  usart.o(i.HAL_UART_RxCpltCallback)
    HAL_UART_TxCpltCallback                  0x08001879   Thumb Code     2  stm32f4xx_hal_uart.o(i.HAL_UART_TxCpltCallback)
    HardFault_Handler                        0x0800187b   Thumb Code     2  stm32f4xx_it.o(i.HardFault_Handler)
    IIC_Ack                                  0x0800187d   Thumb Code    88  iic.o(i.IIC_Ack)
    IIC_NAck                                 0x080018d5   Thumb Code    88  iic.o(i.IIC_NAck)
    IIC_READ_SDA                             0x0800192d   Thumb Code    86  iic.o(i.IIC_READ_SDA)
    IIC_Read_Byte                            0x080019a9   Thumb Code   128  iic.o(i.IIC_Read_Byte)
    IIC_SCL                                  0x08001a29   Thumb Code    84  iic.o(i.IIC_SCL)
    IIC_SDA                                  0x08001aa1   Thumb Code    84  iic.o(i.IIC_SDA)
    IIC_Send_Byte                            0x08001b19   Thumb Code   110  iic.o(i.IIC_Send_Byte)
    IIC_Start                                0x08001b87   Thumb Code    90  iic.o(i.IIC_Start)
    IIC_Stop                                 0x08001be1   Thumb Code    90  iic.o(i.IIC_Stop)
    IIC_Wait_Ack                             0x08001c3b   Thumb Code   118  iic.o(i.IIC_Wait_Ack)
    IIC_delay                                0x08001cb1   Thumb Code    12  iic.o(i.IIC_delay)
    LED_Init                                 0x08001cbd   Thumb Code    76  led.o(i.LED_Init)
    MPU9250_IIC_Read                         0x08001d11   Thumb Code   150  mpu9250.o(i.MPU9250_IIC_Read)
    MPU9250_IIC_Write                        0x08001da7   Thumb Code   120  mpu9250.o(i.MPU9250_IIC_Write)
    MemManage_Handler                        0x08001e1f   Thumb Code     2  stm32f4xx_it.o(i.MemManage_Handler)
    NMI_Handler                              0x08001e21   Thumb Code     2  stm32f4xx_it.o(i.NMI_Handler)
    NonlinearSO3AHRSinit                     0x08001e45   Thumb Code   440  sensors.o(i.NonlinearSO3AHRSinit)
    NonlinearSO3AHRSupdate                   0x08002001   Thumb Code  1726  sensors.o(i.NonlinearSO3AHRSupdate)
    READ_MPU9250_ACCEL                       0x080026d1   Thumb Code   142  mpu9250.o(i.READ_MPU9250_ACCEL)
    READ_MPU9250_GYRO                        0x08002769   Thumb Code   142  mpu9250.o(i.READ_MPU9250_GYRO)
    SDA_IN                                   0x08002801   Thumb Code    20  iic.o(i.SDA_IN)
    SDA_OUT                                  0x08002815   Thumb Code    26  iic.o(i.SDA_OUT)
    Send_RCData                              0x08002831   Thumb Code   426  swj.o(i.Send_RCData)
    Stm32_Clock_Init                         0x080029e9   Thumb Code   122  sys.o(i.Stm32_Clock_Init)
    SysTick_Handler                          0x08002a6d   Thumb Code    28  delay.o(i.SysTick_Handler)
    SystemInit                               0x08002a8d   Thumb Code    66  system_stm32f4xx.o(i.SystemInit)
    TIM6_Int_Init                            0x08002ae1   Thumb Code    56  timer.o(i.TIM6_Int_Init)
    TIM_Base_SetConfig                       0x08002b29   Thumb Code   148  stm32f4xx_hal_tim.o(i.TIM_Base_SetConfig)
    UART1DMA_Config                          0x08002be9   Thumb Code   102  usart.o(i.UART1DMA_Config)
    UART1DMA_USART_Transmit                  0x08002c5d   Thumb Code    28  usart.o(i.UART1DMA_USART_Transmit)
    USART1_IRQHandler                        0x08002efd   Thumb Code    34  usart.o(i.USART1_IRQHandler)
    UsageFault_Handler                       0x08002f29   Thumb Code     2  stm32f4xx_it.o(i.UsageFault_Handler)
    __ARM_fpclassify                         0x08002f2b   Thumb Code    48  fpclassify.o(i.__ARM_fpclassify)
    __ARM_fpclassifyf                        0x08002f5b   Thumb Code    38  fpclassifyf.o(i.__ARM_fpclassifyf)
    __hardfp_asinf                           0x08002f81   Thumb Code   258  asinf.o(i.__hardfp_asinf)
    __hardfp_atan                            0x080030b1   Thumb Code   622  atan.o(i.__hardfp_atan)
    __hardfp_atan2                           0x08003389   Thumb Code   432  atan2.o(i.__hardfp_atan2)
    __hardfp_atan2f                          0x08003579   Thumb Code   502  atan2f.o(i.__hardfp_atan2f)
    __hardfp_cosf                            0x080037c9   Thumb Code   280  cosf.o(i.__hardfp_cosf)
    __hardfp_sinf                            0x08003919   Thumb Code   344  sinf.o(i.__hardfp_sinf)
    __hardfp_sqrt                            0x08003aa9   Thumb Code   122  sqrt.o(i.__hardfp_sqrt)
    __kernel_poly                            0x08003b23   Thumb Code   248  poly.o(i.__kernel_poly)
    __mathlib_dbl_infnan                     0x08003c1b   Thumb Code    20  dunder.o(i.__mathlib_dbl_infnan)
    __mathlib_dbl_infnan2                    0x08003c2f   Thumb Code    20  dunder.o(i.__mathlib_dbl_infnan2)
    __mathlib_dbl_underflow                  0x08003c49   Thumb Code    24  dunder.o(i.__mathlib_dbl_underflow)
    __mathlib_flt_infnan                     0x08003c69   Thumb Code     6  funder.o(i.__mathlib_flt_infnan)
    __mathlib_flt_infnan2                    0x08003c6f   Thumb Code     6  funder.o(i.__mathlib_flt_infnan2)
    __mathlib_flt_invalid                    0x08003c75   Thumb Code    10  funder.o(i.__mathlib_flt_invalid)
    __mathlib_flt_underflow                  0x08003c85   Thumb Code    10  funder.o(i.__mathlib_flt_underflow)
    __mathlib_rredf2                         0x08003c95   Thumb Code   316  rredf.o(i.__mathlib_rredf2)
    __scatterload_copy                       0x08003de9   Thumb Code    14  handlers.o(i.__scatterload_copy)
    __scatterload_null                       0x08003df7   Thumb Code     2  handlers.o(i.__scatterload_null)
    __scatterload_zeroinit                   0x08003df9   Thumb Code    14  handlers.o(i.__scatterload_zeroinit)
    __set_errno                              0x08003e09   Thumb Code     6  errno.o(i.__set_errno)
    atan                                     0x08003e15   Thumb Code    16  atan.o(i.atan)
    delay_init                               0x08003e25   Thumb Code    50  delay.o(i.delay_init)
    delay_ms                                 0x08003e5d   Thumb Code    52  delay.o(i.delay_ms)
    delay_us                                 0x08003e95   Thumb Code    48  delay.o(i.delay_us)
    fabs                                     0x08003ec9   Thumb Code    24  fabs.o(i.fabs)
    getGyroBias                              0x08003ee1   Thumb Code   108  sensors.o(i.getGyroBias)
    getGyroBiasMeanAndVar                    0x08003f61   Thumb Code   398  sensors.o(i.getGyroBiasMeanAndVar)
    iicPortDef                               0x080040f9   Thumb Code   726  iic.o(i.iicPortDef)
    iicSingleInit                            0x080043dd   Thumb Code    52  iic.o(i.iicSingleInit)
    imuOriginalDataProcessing                0x08004411   Thumb Code   206  sensors.o(i.imuOriginalDataProcessing)
    ledFlash                                 0x080044f1   Thumb Code    60  led.o(i.ledFlash)
    main                                     0x08004531   Thumb Code    42  main.o(i.main)
    mpu9250_Init                             0x08004575   Thumb Code   300  mpu9250.o(i.mpu9250_Init)
    pvPortMalloc                             0x08004ded   Thumb Code   210  heap_4.o(i.pvPortMalloc)
    pxPortInitialiseStack                    0x08004ec5   Thumb Code    40  port.o(i.pxPortInitialiseStack)
    sensorsQueueInit                         0x08004ef1   Thumb Code    30  sensors.o(i.sensorsQueueInit)
    sqrtf                                    0x08004f15   Thumb Code    62  sqrtf.o(i.sqrtf)
    sysInit                                  0x0800501d   Thumb Code    64  sysinit.o(i.sysInit)
    uart_init                                0x08005061   Thumb Code    54  usart.o(i.uart_init)
    uxListRemove                             0x080050a9   Thumb Code    38  list.o(i.uxListRemove)
    vListInitialise                          0x080050cf   Thumb Code    22  list.o(i.vListInitialise)
    vListInitialiseItem                      0x080050e5   Thumb Code     6  list.o(i.vListInitialiseItem)
    vListInsert                              0x080050eb   Thumb Code    48  list.o(i.vListInsert)
    vListInsertEnd                           0x0800511b   Thumb Code    24  list.o(i.vListInsertEnd)
    vPortEnterCritical                       0x08005135   Thumb Code    54  port.o(i.vPortEnterCritical)
    vPortExitCritical                        0x08005175   Thumb Code    34  port.o(i.vPortExitCritical)
    vPortFree                                0x0800519d   Thumb Code    88  heap_4.o(i.vPortFree)
    vPortSetupTimerInterrupt                 0x080051f9   Thumb Code    32  port.o(i.vPortSetupTimerInterrupt)
    vPortValidateInterruptPriority           0x0800521d   Thumb Code    74  port.o(i.vPortValidateInterruptPriority)
    vQueueAddToRegistry                      0x08005271   Thumb Code    32  queue.o(i.vQueueAddToRegistry)
    vQueueWaitForMessageRestricted           0x08005295   Thumb Code    68  queue.o(i.vQueueWaitForMessageRestricted)
    vTaskAttitudeAlgorithm                   0x080052d9   Thumb Code   100  task.o(i.vTaskAttitudeAlgorithm)
    vTaskDataUpload                          0x08005351   Thumb Code   330  task.o(i.vTaskDataUpload)
    vTaskDelay                               0x080054c9   Thumb Code    66  tasks.o(i.vTaskDelay)
    vTaskDelayUntil                          0x08005515   Thumb Code   136  tasks.o(i.vTaskDelayUntil)
    vTaskDelete                              0x080055a5   Thumb Code   156  tasks.o(i.vTaskDelete)
    vTaskIndicatorLED                        0x08005651   Thumb Code    18  task.o(i.vTaskIndicatorLED)
    vTaskInternalSetTimeOutState             0x08005669   Thumb Code    12  tasks.o(i.vTaskInternalSetTimeOutState)
    vTaskMissedYield                         0x08005679   Thumb Code     8  tasks.o(i.vTaskMissedYield)
    vTaskPlaceOnEventList                    0x08005685   Thumb Code    44  tasks.o(i.vTaskPlaceOnEventList)
    vTaskPlaceOnEventListRestricted          0x080056b5   Thumb Code    52  tasks.o(i.vTaskPlaceOnEventListRestricted)
    vTaskReadSenser                          0x080056ed   Thumb Code   166  task.o(i.vTaskReadSenser)
    vTaskResume                              0x080057b9   Thumb Code   112  tasks.o(i.vTaskResume)
    vTaskStartScheduler                      0x08005835   Thumb Code    94  tasks.o(i.vTaskStartScheduler)
    vTaskSuspend                             0x080058a5   Thumb Code   170  tasks.o(i.vTaskSuspend)
    vTaskSuspendAll                          0x08005961   Thumb Code    10  tasks.o(i.vTaskSuspendAll)
    vTaskSwitchContext                       0x08005971   Thumb Code    82  tasks.o(i.vTaskSwitchContext)
    xEventGroupCreate                        0x080059cd   Thumb Code    26  event_groups.o(i.xEventGroupCreate)
    xPortStartScheduler                      0x080059e9   Thumb Code   224  port.o(i.xPortStartScheduler)
    xPortSysTickHandler                      0x08005add   Thumb Code    38  port.o(i.xPortSysTickHandler)
    xQueueGenericCreate                      0x08005b09   Thumb Code    82  queue.o(i.xQueueGenericCreate)
    xQueueGenericReset                       0x08005b5d   Thumb Code   132  queue.o(i.xQueueGenericReset)
    xQueueGenericSend                        0x08005be5   Thumb Code   350  queue.o(i.xQueueGenericSend)
    xQueueGenericSendFromISR                 0x08005d49   Thumb Code   188  queue.o(i.xQueueGenericSendFromISR)
    xQueueReceive                            0x08005e05   Thumb Code   308  queue.o(i.xQueueReceive)
    xTaskCheckForTimeOut                     0x08005f3d   Thumb Code   112  tasks.o(i.xTaskCheckForTimeOut)
    xTaskCreate                              0x08005fb1   Thumb Code    86  tasks.o(i.xTaskCreate)
    xTaskGetSchedulerState                   0x08006009   Thumb Code    22  tasks.o(i.xTaskGetSchedulerState)
    xTaskGetTickCount                        0x08006025   Thumb Code     6  tasks.o(i.xTaskGetTickCount)
    xTaskIncrementTick                       0x08006031   Thumb Code   192  tasks.o(i.xTaskIncrementTick)
    xTaskPriorityDisinherit                  0x080060f9   Thumb Code   144  tasks.o(i.xTaskPriorityDisinherit)
    xTaskRemoveFromEventList                 0x08006191   Thumb Code   108  tasks.o(i.xTaskRemoveFromEventList)
    xTaskResumeAll                           0x08006205   Thumb Code   182  tasks.o(i.xTaskResumeAll)
    xTimerCreateTimerTask                    0x080062c9   Thumb Code    58  timers.o(i.xTimerCreateTimerTask)
    xTimerGenericCommand                     0x08006315   Thumb Code    88  timers.o(i.xTimerGenericCommand)
    APBAHBPrescTable                         0x08006370   Data          16  stm32f4xx_hal_rcc.o(.constdata)
    __mathlib_zero                           0x08006420   Data           8  qnan.o(.constdata)
    Region$$Table$$Base                      0x08006448   Number         0  anon$$obj.o(Region$$Table)
    Region$$Table$$Limit                     0x08006468   Number         0  anon$$obj.o(Region$$Table)
    startTaskHandle                          0x20000000   Data           4  main.o(.data)
    SystemCoreClock                          0x20000004   Data           4  system_stm32f4xx.o(.data)
    xTaskAttitudeAlgorithm                   0x20000008   Data           4  task.o(.data)
    deltaT                                   0x2000000c   Data           4  task.o(.data)
    xCreatedEventGroup                       0x20000010   Data           4  task.o(.data)
    aRxBuffer                                0x20000024   Data           1  usart.o(.data)
    USART_RX_STA                             0x20000026   Data           2  usart.o(.data)
    accOriginalData                          0x20000028   Data           6  mpu9250.o(.data)
    gyroOriginalData                         0x2000002e   Data           6  mpu9250.o(.data)
    magOriginalData                          0x20000034   Data           6  mpu9250.o(.data)
    i                                        0x2000003a   Data           1  swj.o(.data)
    isBufferFulled                           0x2000003c   Data           1  sensors.o(.data)
    isGetGyroBiasFinished                    0x2000003d   Data           1  sensors.o(.data)
    Vertically_Adjustment_Flag               0x2000003e   Data           1  sensors.o(.data)
    bFilterInit                              0x2000003f   Data           1  sensors.o(.data)
    bufHead                                  0x20000040   Data           4  sensors.o(.data)
    ACCEL_LOWPASS_Kp                         0x20000044   Data           4  sensors.o(.data)
    Vertically_ACCEL                         0x20000048   Data           4  sensors.o(.data)
    Vertically_ACCEL_Dirft                   0x2000004c   Data           4  sensors.o(.data)
    q0                                       0x20000060   Data           4  sensors.o(.data)
    q1                                       0x20000064   Data           4  sensors.o(.data)
    q2                                       0x20000068   Data           4  sensors.o(.data)
    q3                                       0x2000006c   Data           4  sensors.o(.data)
    gyroDataQueue                            0x20000070   Data           4  sensors.o(.data)
    accDataQueue                             0x20000074   Data           4  sensors.o(.data)
    Vertically_ACCEL_Last                    0x20000078   Data           4  sensors.o(.data)
    Vertically_ACCEL_Bias                    0x2000007c   Data           4  sensors.o(.data)
    Vertically_ACCEL_Count                   0x20000080   Data           4  sensors.o(.data)
    q0q0                                     0x20000084   Data           4  sensors.o(.data)
    q0q1                                     0x20000088   Data           4  sensors.o(.data)
    q0q2                                     0x2000008c   Data           4  sensors.o(.data)
    q0q3                                     0x20000090   Data           4  sensors.o(.data)
    q1q1                                     0x20000094   Data           4  sensors.o(.data)
    q1q2                                     0x20000098   Data           4  sensors.o(.data)
    q1q3                                     0x2000009c   Data           4  sensors.o(.data)
    q2q2                                     0x200000a0   Data           4  sensors.o(.data)
    q2q3                                     0x200000a4   Data           4  sensors.o(.data)
    q3q3                                     0x200000a8   Data           4  sensors.o(.data)
    Rot_matrix                               0x200000ac   Data          36  sensors.o(.data)
    timerInitStatus                          0x200000d0   Data           1  timer.o(.data)
    pxCurrentTCB                             0x200000d4   Data           4  tasks.o(.data)
    mpu9250_data                             0x2000014c   Data          36  task.o(.bss)
    USART_RX_BUF                             0x20000170   Data         200  usart.o(.bss)
    UART1_Handler                            0x20000238   Data          64  usart.o(.bss)
    UART1TxDMA_Handler                       0x20000278   Data          88  usart.o(.bss)
    ASA                                      0x200002d0   Data          12  mpu9250.o(.bss)
    mpu9250_iic                              0x200002dc   Data          16  mpu9250.o(.bss)
    gyroBias                                 0x200002f8   Data          24  sensors.o(.bss)
    accBias                                  0x20000310   Data          12  sensors.o(.bss)
    accT                                     0x2000031c   Data          12  sensors.o(.bss)
    gyroBiasSampleBuffer                     0x20000328   Data        3000  sensors.o(.bss)
    dataProcessed                            0x20000ee0   Data          36  sensors.o(.bss)
    flightStatus                             0x20000f04   Data          16  sensors.o(.bss)
    accel_temp                               0x20000f14   Data          12  sensors.o(.bss)
    TIM6_Handler                             0x20000f20   Data          60  timer.o(.bss)
    xQueueRegistry                           0x20000f5c   Data          64  queue.o(.bss)
    __initial_sp                             0x200140f0   Data           0  startup_stm32f427x.o(STACK)



==============================================================================

Memory Map of the image

  Image Entry point : 0x080001ad

  Load Region LR_IROM1 (Base: 0x08000000, Size: 0x000065b4, Max: 0x00200000, ABSOLUTE, COMPRESSED[0x0000648c])

    Execution Region ER_IROM1 (Base: 0x08000000, Size: 0x00006468, Max: 0x00200000, ABSOLUTE)

    Base Addr    Size         Type   Attr      Idx    E Section Name        Object

    0x08000000   0x000001ac   Data   RO          489    RESET               startup_stm32f427x.o
    0x080001ac   0x00000000   Code   RO         4492  * .ARM.Collect$$$$00000000  mc_w.l(entry.o)
    0x080001ac   0x00000004   Code   RO         4581    .ARM.Collect$$$$00000001  mc_w.l(entry2.o)
    0x080001b0   0x00000004   Code   RO         4584    .ARM.Collect$$$$00000004  mc_w.l(entry5.o)
    0x080001b4   0x00000000   Code   RO         4586    .ARM.Collect$$$$00000008  mc_w.l(entry7b.o)
    0x080001b4   0x00000000   Code   RO         4588    .ARM.Collect$$$$0000000A  mc_w.l(entry8b.o)
    0x080001b4   0x00000008   Code   RO         4589    .ARM.Collect$$$$0000000B  mc_w.l(entry9a.o)
    0x080001bc   0x00000000   Code   RO         4591    .ARM.Collect$$$$0000000D  mc_w.l(entry10a.o)
    0x080001bc   0x00000000   Code   RO         4593    .ARM.Collect$$$$0000000F  mc_w.l(entry11a.o)
    0x080001bc   0x00000004   Code   RO         4582    .ARM.Collect$$$$00002712  mc_w.l(entry2.o)
    0x080001c0   0x000000be   Code   RO         4263    .emb_text           port.o
    0x0800027e   0x00000002   PAD
    0x08000280   0x00000024   Code   RO          490    .text               startup_stm32f427x.o
    0x080002a4   0x00000062   Code   RO         4495    .text               mc_w.l(ldiv.o)
    0x08000306   0x00000024   Code   RO         4499    .text               mc_w.l(memcpya.o)
    0x0800032a   0x00000024   Code   RO         4503    .text               mc_w.l(memseta.o)
    0x0800034e   0x000000de   Code   RO         4507    .text               mf_w.l(ddiv.o)
    0x0800042c   0x0000002c   Code   RO         4509    .text               mf_w.l(ffltl.o)
    0x08000458   0x00000026   Code   RO         4511    .text               mf_w.l(f2d.o)
    0x0800047e   0x00000038   Code   RO         4513    .text               mf_w.l(d2f.o)
    0x080004b6   0x00000062   Code   RO         4595    .text               mc_w.l(uldiv.o)
    0x08000518   0x00000000   Code   RO         4604    .text               mc_w.l(iusefp.o)
    0x08000518   0x0000006e   Code   RO         4605    .text               mf_w.l(fepilogue.o)
    0x08000586   0x000000ba   Code   RO         4607    .text               mf_w.l(depilogue.o)
    0x08000640   0x0000014e   Code   RO         4609    .text               mf_w.l(dadd.o)
    0x0800078e   0x000000a2   Code   RO         4613    .text               mf_w.l(dsqrt.o)
    0x08000830   0x00000024   Code   RO         4621    .text               mc_w.l(init.o)
    0x08000854   0x0000001e   Code   RO         4623    .text               mc_w.l(llshl.o)
    0x08000872   0x00000020   Code   RO         4625    .text               mc_w.l(llushr.o)
    0x08000892   0x00000024   Code   RO         4627    .text               mc_w.l(llsshr.o)
    0x080008b6   0x000000e4   Code   RO         4629    .text               mf_w.l(dmul.o)
    0x0800099a   0x00000056   Code   RO         4639    .text               mc_w.l(__dczerorl2.o)
    0x080009f0   0x00000002   Code   RO          339    i.BusFault_Handler  stm32f4xx_it.o
    0x080009f2   0x00000002   PAD
    0x080009f4   0x00000028   Code   RO         1632    i.DMA_CalcBaseAndBitshift  stm32f4xx_hal_dma.o
    0x08000a1c   0x00000028   Code   RO         1633    i.DMA_SetConfig     stm32f4xx_hal_dma.o
    0x08000a44   0x00000002   Code   RO          340    i.DebugMon_Handler  stm32f4xx_it.o
    0x08000a46   0x00000052   Code   RO         1634    i.HAL_DMA_Abort     stm32f4xx_hal_dma.o
    0x08000a98   0x00000056   Code   RO         1635    i.HAL_DMA_DeInit    stm32f4xx_hal_dma.o
    0x08000aee   0x00000002   PAD
    0x08000af0   0x00000078   Code   RO         1639    i.HAL_DMA_Init      stm32f4xx_hal_dma.o
    0x08000b68   0x0000003a   Code   RO         1641    i.HAL_DMA_Start     stm32f4xx_hal_dma.o
    0x08000ba2   0x00000002   PAD
    0x08000ba4   0x000001dc   Code   RO          781    i.HAL_GPIO_Init     stm32f4xx_hal_gpio.o
    0x08000d80   0x0000000a   Code   RO          785    i.HAL_GPIO_WritePin  stm32f4xx_hal_gpio.o
    0x08000d8a   0x00000002   PAD
    0x08000d8c   0x0000000c   Code   RO          512    i.HAL_GetTick       stm32f4xx_hal.o
    0x08000d98   0x00000034   Code   RO          514    i.HAL_Init          stm32f4xx_hal.o
    0x08000dcc   0x00000022   Code   RO          515    i.HAL_InitTick      stm32f4xx_hal.o
    0x08000dee   0x00000008   Code   RO          517    i.HAL_MspInit       stm32f4xx_hal.o
    0x08000df6   0x00000016   Code   RO          658    i.HAL_NVIC_EnableIRQ  stm32f4xx_hal_cortex.o
    0x08000e0c   0x00000040   Code   RO          664    i.HAL_NVIC_SetPriority  stm32f4xx_hal_cortex.o
    0x08000e4c   0x00000024   Code   RO          665    i.HAL_NVIC_SetPriorityGrouping  stm32f4xx_hal_cortex.o
    0x08000e70   0x00000088   Code   RO          970    i.HAL_PWREx_EnableOverDrive  stm32f4xx_hal_pwr_ex.o
    0x08000ef8   0x00000208   Code   RO         1037    i.HAL_RCC_ClockConfig  stm32f4xx_hal_rcc.o
    0x08001100   0x00000034   Code   RO         1042    i.HAL_RCC_GetHCLKFreq  stm32f4xx_hal_rcc.o
    0x08001134   0x0000002c   Code   RO         1044    i.HAL_RCC_GetPCLK1Freq  stm32f4xx_hal_rcc.o
    0x08001160   0x0000002c   Code   RO         1045    i.HAL_RCC_GetPCLK2Freq  stm32f4xx_hal_rcc.o
    0x0800118c   0x00000074   Code   RO         1046    i.HAL_RCC_GetSysClockFreq  stm32f4xx_hal_rcc.o
    0x08001200   0x0000031c   Code   RO         1049    i.HAL_RCC_OscConfig  stm32f4xx_hal_rcc.o
    0x0800151c   0x00000018   Code   RO          667    i.HAL_SYSTICK_CLKSourceConfig  stm32f4xx_hal_cortex.o
    0x08001534   0x00000028   Code   RO          669    i.HAL_SYSTICK_Config  stm32f4xx_hal_cortex.o
    0x0800155c   0x00000036   Code   RO         1758    i.HAL_TIM_Base_Init  stm32f4xx_hal_tim.o
    0x08001592   0x00000002   Code   RO         1760    i.HAL_TIM_Base_MspInit  stm32f4xx_hal_tim.o
    0x08001594   0x0000001a   Code   RO         1761    i.HAL_TIM_Base_Start  stm32f4xx_hal_tim.o
    0x080015ae   0x00000032   Code   RO         1187    i.HAL_UART_DMAStop  stm32f4xx_hal_uart.o
    0x080015e0   0x00000002   Code   RO         1189    i.HAL_UART_ErrorCallback  stm32f4xx_hal_uart.o
    0x080015e2   0x00000006   Code   RO         1191    i.HAL_UART_GetState  stm32f4xx_hal_uart.o
    0x080015e8   0x000000f4   Code   RO         1192    i.HAL_UART_IRQHandler  stm32f4xx_hal_uart.o
    0x080016dc   0x0000005e   Code   RO         1193    i.HAL_UART_Init     stm32f4xx_hal_uart.o
    0x0800173a   0x00000002   PAD
    0x0800173c   0x0000007c   Code   RO         2704    i.HAL_UART_MspInit  usart.o
    0x080017b8   0x00000068   Code   RO         1198    i.HAL_UART_Receive_IT  stm32f4xx_hal_uart.o
    0x08001820   0x00000058   Code   RO         2705    i.HAL_UART_RxCpltCallback  usart.o
    0x08001878   0x00000002   Code   RO         1204    i.HAL_UART_TxCpltCallback  stm32f4xx_hal_uart.o
    0x0800187a   0x00000002   Code   RO          341    i.HardFault_Handler  stm32f4xx_it.o
    0x0800187c   0x00000058   Code   RO         2848    i.IIC_Ack           iic.o
    0x080018d4   0x00000058   Code   RO         2849    i.IIC_NAck          iic.o
    0x0800192c   0x0000007c   Code   RO         2850    i.IIC_READ_SDA      iic.o
    0x080019a8   0x00000080   Code   RO         2851    i.IIC_Read_Byte     iic.o
    0x08001a28   0x00000078   Code   RO         2852    i.IIC_SCL           iic.o
    0x08001aa0   0x00000078   Code   RO         2853    i.IIC_SDA           iic.o
    0x08001b18   0x0000006e   Code   RO         2854    i.IIC_Send_Byte     iic.o
    0x08001b86   0x0000005a   Code   RO         2855    i.IIC_Start         iic.o
    0x08001be0   0x0000005a   Code   RO         2856    i.IIC_Stop          iic.o
    0x08001c3a   0x00000076   Code   RO         2857    i.IIC_Wait_Ack      iic.o
    0x08001cb0   0x0000000c   Code   RO         2858    i.IIC_delay         iic.o
    0x08001cbc   0x00000054   Code   RO         2794    i.LED_Init          led.o
    0x08001d10   0x00000096   Code   RO         2957    i.MPU9250_IIC_Read  mpu9250.o
    0x08001da6   0x00000078   Code   RO         2958    i.MPU9250_IIC_Write  mpu9250.o
    0x08001e1e   0x00000002   Code   RO          342    i.MemManage_Handler  stm32f4xx_it.o
    0x08001e20   0x00000002   Code   RO          343    i.NMI_Handler       stm32f4xx_it.o
    0x08001e22   0x00000020   Code   RO          671    i.NVIC_SetPriority  stm32f4xx_hal_cortex.o
    0x08001e42   0x00000002   PAD
    0x08001e44   0x000001bc   Code   RO         3050    i.NonlinearSO3AHRSinit  sensors.o
    0x08002000   0x000006d0   Code   RO         3051    i.NonlinearSO3AHRSupdate  sensors.o
    0x080026d0   0x00000098   Code   RO         2959    i.READ_MPU9250_ACCEL  mpu9250.o
    0x08002768   0x00000098   Code   RO         2960    i.READ_MPU9250_GYRO  mpu9250.o
    0x08002800   0x00000014   Code   RO         2859    i.SDA_IN            iic.o
    0x08002814   0x0000001a   Code   RO         2860    i.SDA_OUT           iic.o
    0x0800282e   0x00000002   PAD
    0x08002830   0x000001b8   Code   RO         3018    i.Send_RCData       swj.o
    0x080029e8   0x00000084   Code   RO         2677    i.Stm32_Clock_Init  sys.o
    0x08002a6c   0x00000020   Code   RO         2626    i.SysTick_Handler   delay.o
    0x08002a8c   0x00000054   Code   RO          400    i.SystemInit        system_stm32f4xx.o
    0x08002ae0   0x00000048   Code   RO         3129    i.TIM6_Int_Init     timer.o
    0x08002b28   0x000000c0   Code   RO         1842    i.TIM_Base_SetConfig  stm32f4xx_hal_tim.o
    0x08002be8   0x00000074   Code   RO         2706    i.UART1DMA_Config   usart.o
    0x08002c5c   0x0000001c   Code   RO         2707    i.UART1DMA_USART_Transmit  usart.o
    0x08002c78   0x000000a6   Code   RO         1211    i.UART_Receive_IT   stm32f4xx_hal_uart.o
    0x08002d1e   0x00000002   PAD
    0x08002d20   0x00000174   Code   RO         1212    i.UART_SetConfig    stm32f4xx_hal_uart.o
    0x08002e94   0x00000066   Code   RO         1213    i.UART_Transmit_IT  stm32f4xx_hal_uart.o
    0x08002efa   0x00000002   PAD
    0x08002efc   0x0000002c   Code   RO         2708    i.USART1_IRQHandler  usart.o
    0x08002f28   0x00000002   Code   RO          344    i.UsageFault_Handler  stm32f4xx_it.o
    0x08002f2a   0x00000030   Code   RO         4617    i.__ARM_fpclassify  m_wm.l(fpclassify.o)
    0x08002f5a   0x00000026   Code   RO         4549    i.__ARM_fpclassifyf  m_wm.l(fpclassifyf.o)
    0x08002f80   0x0000012c   Code   RO         4420    i.__hardfp_asinf    m_wm.l(asinf.o)
    0x080030ac   0x00000004   PAD
    0x080030b0   0x000002d8   Code   RO         4515    i.__hardfp_atan     m_wm.l(atan.o)
    0x08003388   0x000001f0   Code   RO         4432    i.__hardfp_atan2    m_wm.l(atan2.o)
    0x08003578   0x00000250   Code   RO         4444    i.__hardfp_atan2f   m_wm.l(atan2f.o)
    0x080037c8   0x00000150   Code   RO         4456    i.__hardfp_cosf     m_wm.l(cosf.o)
    0x08003918   0x00000190   Code   RO         4468    i.__hardfp_sinf     m_wm.l(sinf.o)
    0x08003aa8   0x0000007a   Code   RO         4480    i.__hardfp_sqrt     m_wm.l(sqrt.o)
    0x08003b22   0x000000f8   Code   RO         4619    i.__kernel_poly     m_wm.l(poly.o)
    0x08003c1a   0x00000014   Code   RO         4530    i.__mathlib_dbl_infnan  m_wm.l(dunder.o)
    0x08003c2e   0x00000014   Code   RO         4531    i.__mathlib_dbl_infnan2  m_wm.l(dunder.o)
    0x08003c42   0x00000006   PAD
    0x08003c48   0x00000020   Code   RO         4535    i.__mathlib_dbl_underflow  m_wm.l(dunder.o)
    0x08003c68   0x00000006   Code   RO         4552    i.__mathlib_flt_infnan  m_wm.l(funder.o)
    0x08003c6e   0x00000006   Code   RO         4553    i.__mathlib_flt_infnan2  m_wm.l(funder.o)
    0x08003c74   0x00000010   Code   RO         4554    i.__mathlib_flt_invalid  m_wm.l(funder.o)
    0x08003c84   0x00000010   Code   RO         4557    i.__mathlib_flt_underflow  m_wm.l(funder.o)
    0x08003c94   0x00000154   Code   RO         4566    i.__mathlib_rredf2  m_wm.l(rredf.o)
    0x08003de8   0x0000000e   Code   RO         4633    i.__scatterload_copy  mc_w.l(handlers.o)
    0x08003df6   0x00000002   Code   RO         4634    i.__scatterload_null  mc_w.l(handlers.o)
    0x08003df8   0x0000000e   Code   RO         4635    i.__scatterload_zeroinit  mc_w.l(handlers.o)
    0x08003e06   0x00000002   PAD
    0x08003e08   0x0000000c   Code   RO         4599    i.__set_errno       mc_w.l(errno.o)
    0x08003e14   0x00000010   Code   RO         4517    i.atan              m_wm.l(atan.o)
    0x08003e24   0x00000038   Code   RO         2627    i.delay_init        delay.o
    0x08003e5c   0x00000038   Code   RO         2628    i.delay_ms          delay.o
    0x08003e94   0x00000034   Code   RO         2629    i.delay_us          delay.o
    0x08003ec8   0x00000018   Code   RO         4545    i.fabs              m_wm.l(fabs.o)
    0x08003ee0   0x00000080   Code   RO         3052    i.getGyroBias       sensors.o
    0x08003f60   0x00000198   Code   RO         3053    i.getGyroBiasMeanAndVar  sensors.o
    0x080040f8   0x000002e4   Code   RO         2861    i.iicPortDef        iic.o
    0x080043dc   0x00000034   Code   RO         2862    i.iicSingleInit     iic.o
    0x08004410   0x000000e0   Code   RO         3054    i.imuOriginalDataProcessing  sensors.o
    0x080044f0   0x00000040   Code   RO         2795    i.ledFlash          led.o
    0x08004530   0x00000044   Code   RO            4    i.main              main.o
    0x08004574   0x00000134   Code   RO         2962    i.mpu9250_Init      mpu9250.o
    0x080046a8   0x00000070   Code   RO         3762    i.prvAddCurrentTaskToDelayedList  tasks.o
    0x08004718   0x000000d4   Code   RO         3763    i.prvAddNewTaskToReadyList  tasks.o
    0x080047ec   0x00000050   Code   RO         4114    i.prvCheckForValidListAndQueue  timers.o
    0x0800483c   0x00000026   Code   RO         3363    i.prvCopyDataFromQueue  queue.o
    0x08004862   0x0000006c   Code   RO         3364    i.prvCopyDataToQueue  queue.o
    0x080048ce   0x00000014   Code   RO         3764    i.prvDeleteTCB      tasks.o
    0x080048e2   0x00000002   PAD
    0x080048e4   0x0000004c   Code   RO         4359    i.prvHeapInit       heap_4.o
    0x08004930   0x0000005c   Code   RO         3765    i.prvIdleTask       tasks.o
    0x0800498c   0x000000ae   Code   RO         3766    i.prvInitialiseNewTask  tasks.o
    0x08004a3a   0x00000002   PAD
    0x08004a3c   0x0000004c   Code   RO         4360    i.prvInsertBlockIntoFreeList  heap_4.o
    0x08004a88   0x00000038   Code   RO         4115    i.prvInsertTimerInActiveList  timers.o
    0x08004ac0   0x0000001a   Code   RO         3365    i.prvIsQueueEmpty   queue.o
    0x08004ada   0x00000002   PAD
    0x08004adc   0x000000b8   Code   RO         4116    i.prvProcessReceivedCommands  timers.o
    0x08004b94   0x000000b4   Code   RO         4117    i.prvProcessTimerOrBlockTask  timers.o
    0x08004c48   0x00000020   Code   RO         3768    i.prvResetNextTaskUnblockTime  tasks.o
    0x08004c68   0x00000028   Code   RO         4118    i.prvSampleTimeNow  timers.o
    0x08004c90   0x0000006c   Code   RO         4119    i.prvSwitchTimerLists  timers.o
    0x08004cfc   0x00000028   Code   RO         4264    i.prvTaskExitError  port.o
    0x08004d24   0x00000034   Code   RO         3769    i.prvTaskIsTaskSuspended  tasks.o
    0x08004d58   0x00000028   Code   RO         4120    i.prvTimerTask      timers.o
    0x08004d80   0x0000006a   Code   RO         3366    i.prvUnlockQueue    queue.o
    0x08004dea   0x00000002   PAD
    0x08004dec   0x000000d8   Code   RO         4361    i.pvPortMalloc      heap_4.o
    0x08004ec4   0x0000002c   Code   RO         4265    i.pxPortInitialiseStack  port.o
    0x08004ef0   0x00000024   Code   RO         3056    i.sensorsQueueInit  sensors.o
    0x08004f14   0x0000003e   Code   RO         4571    i.sqrtf             m_wm.l(sqrtf.o)
    0x08004f52   0x00000002   PAD
    0x08004f54   0x000000c8   Code   RO            5    i.startTask         main.o
    0x0800501c   0x00000044   Code   RO         2824    i.sysInit           sysinit.o
    0x08005060   0x00000048   Code   RO         2712    i.uart_init         usart.o
    0x080050a8   0x00000026   Code   RO         3320    i.uxListRemove      list.o
    0x080050ce   0x00000016   Code   RO         3321    i.vListInitialise   list.o
    0x080050e4   0x00000006   Code   RO         3322    i.vListInitialiseItem  list.o
    0x080050ea   0x00000030   Code   RO         3323    i.vListInsert       list.o
    0x0800511a   0x00000018   Code   RO         3324    i.vListInsertEnd    list.o
    0x08005132   0x00000002   PAD
    0x08005134   0x00000040   Code   RO         4267    i.vPortEnterCritical  port.o
    0x08005174   0x00000028   Code   RO         4268    i.vPortExitCritical  port.o
    0x0800519c   0x0000005c   Code   RO         4362    i.vPortFree         heap_4.o
    0x080051f8   0x00000024   Code   RO         4269    i.vPortSetupTimerInterrupt  port.o
    0x0800521c   0x00000054   Code   RO         4270    i.vPortValidateInterruptPriority  port.o
    0x08005270   0x00000024   Code   RO         3372    i.vQueueAddToRegistry  queue.o
    0x08005294   0x00000044   Code   RO         3376    i.vQueueWaitForMessageRestricted  queue.o
    0x080052d8   0x00000078   Code   RO          440    i.vTaskAttitudeAlgorithm  task.o
    0x08005350   0x00000178   Code   RO          441    i.vTaskDataUpload   task.o
    0x080054c8   0x0000004c   Code   RO         3778    i.vTaskDelay        tasks.o
    0x08005514   0x00000090   Code   RO         3779    i.vTaskDelayUntil   tasks.o
    0x080055a4   0x000000ac   Code   RO         3780    i.vTaskDelete       tasks.o
    0x08005650   0x00000018   Code   RO          442    i.vTaskIndicatorLED  task.o
    0x08005668   0x00000010   Code   RO         3783    i.vTaskInternalSetTimeOutState  tasks.o
    0x08005678   0x0000000c   Code   RO         3784    i.vTaskMissedYield  tasks.o
    0x08005684   0x00000030   Code   RO         3786    i.vTaskPlaceOnEventList  tasks.o
    0x080056b4   0x00000038   Code   RO         3787    i.vTaskPlaceOnEventListRestricted  tasks.o
    0x080056ec   0x000000cc   Code   RO          443    i.vTaskReadSenser   task.o
    0x080057b8   0x0000007c   Code   RO         3792    i.vTaskResume       tasks.o
    0x08005834   0x00000070   Code   RO         3795    i.vTaskStartScheduler  tasks.o
    0x080058a4   0x000000bc   Code   RO         3796    i.vTaskSuspend      tasks.o
    0x08005960   0x00000010   Code   RO         3797    i.vTaskSuspendAll   tasks.o
    0x08005970   0x0000005c   Code   RO         3798    i.vTaskSwitchContext  tasks.o
    0x080059cc   0x0000001a   Code   RO         3209    i.xEventGroupCreate  event_groups.o
    0x080059e6   0x00000002   PAD
    0x080059e8   0x000000f4   Code   RO         4271    i.xPortStartScheduler  port.o
    0x08005adc   0x0000002c   Code   RO         4272    i.xPortSysTickHandler  port.o
    0x08005b08   0x00000052   Code   RO         3379    i.xQueueGenericCreate  queue.o
    0x08005b5a   0x00000002   PAD
    0x08005b5c   0x00000088   Code   RO         3380    i.xQueueGenericReset  queue.o
    0x08005be4   0x00000164   Code   RO         3381    i.xQueueGenericSend  queue.o
    0x08005d48   0x000000bc   Code   RO         3382    i.xQueueGenericSendFromISR  queue.o
    0x08005e04   0x00000138   Code   RO         3389    i.xQueueReceive     queue.o
    0x08005f3c   0x00000074   Code   RO         3799    i.xTaskCheckForTimeOut  tasks.o
    0x08005fb0   0x00000056   Code   RO         3800    i.xTaskCreate       tasks.o
    0x08006006   0x00000002   PAD
    0x08006008   0x0000001c   Code   RO         3804    i.xTaskGetSchedulerState  tasks.o
    0x08006024   0x0000000c   Code   RO         3805    i.xTaskGetTickCount  tasks.o
    0x08006030   0x000000c8   Code   RO         3807    i.xTaskIncrementTick  tasks.o
    0x080060f8   0x00000098   Code   RO         3810    i.xTaskPriorityDisinherit  tasks.o
    0x08006190   0x00000074   Code   RO         3812    i.xTaskRemoveFromEventList  tasks.o
    0x08006204   0x000000c4   Code   RO         3813    i.xTaskResumeAll    tasks.o
    0x080062c8   0x0000004c   Code   RO         4126    i.xTimerCreateTimerTask  timers.o
    0x08006314   0x0000005c   Code   RO         4127    i.xTimerGenericCommand  timers.o
    0x08006370   0x00000010   Data   RO         1050    .constdata          stm32f4xx_hal_rcc.o
    0x08006380   0x00000008   Data   RO         1643    .constdata          stm32f4xx_hal_dma.o
    0x08006388   0x00000098   Data   RO         4518    .constdata          m_wm.l(atan.o)
    0x08006420   0x00000008   Data   RO         4565    .constdata          m_wm.l(qnan.o)
    0x08006428   0x00000020   Data   RO         4567    .constdata          m_wm.l(rredf.o)
    0x08006448   0x00000020   Data   RO         4631    Region$$Table       anon$$obj.o


    Execution Region RW_IRAM1 (Base: 0x20000000, Size: 0x000140f0, Max: 0x00030000, ABSOLUTE, COMPRESSED[0x00000024])

    Base Addr    Size         Type   Attr      Idx    E Section Name        Object

    0x20000000   0x00000004   Data   RW            6    .data               main.o
    0x20000004   0x00000004   Data   RW          402    .data               system_stm32f4xx.o
    0x20000008   0x00000008   Data   RW          445    .data               task.o
    0x20000010   0x00000004   Data   RW          446    .data               task.o
    0x20000014   0x00000004   Data   RW          520    .data               stm32f4xx_hal.o
    0x20000018   0x0000000c   Data   RW         2631    .data               delay.o
    0x20000024   0x00000004   Data   RW         2714    .data               usart.o
    0x20000028   0x00000012   Data   RW         2964    .data               mpu9250.o
    0x2000003a   0x00000001   Data   RW         3024    .data               swj.o
    0x2000003b   0x00000001   PAD
    0x2000003c   0x00000094   Data   RW         3059    .data               sensors.o
    0x200000d0   0x00000001   Data   RW         3131    .data               timer.o
    0x200000d1   0x00000003   PAD
    0x200000d4   0x0000003c   Data   RW         3816    .data               tasks.o
    0x20000110   0x00000014   Data   RW         4133    .data               timers.o
    0x20000124   0x0000000c   Data   RW         4273    .data               port.o
    0x20000130   0x00000018   Data   RW         4367    .data               heap_4.o
    0x20000148   0x00000004   Data   RW         4600    .data               mc_w.l(errno.o)
    0x2000014c   0x00000024   Zero   RW          444    .bss                task.o
    0x20000170   0x00000160   Zero   RW         2713    .bss                usart.o
    0x200002d0   0x0000001c   Zero   RW         2963    .bss                mpu9250.o
    0x200002ec   0x00000c34   Zero   RW         3057    .bss                sensors.o
    0x20000f20   0x0000003c   Zero   RW         3130    .bss                timer.o
    0x20000f5c   0x00000040   Zero   RW         3393    .bss                queue.o
    0x20000f9c   0x0000012c   Zero   RW         3815    .bss                tasks.o
    0x200010c8   0x00000028   Zero   RW         4132    .bss                timers.o
    0x200010f0   0x00012c00   Zero   RW         4366    .bss                heap_4.o
    0x20013cf0   0x00000400   Zero   RW          487    STACK               startup_stm32f427x.o


==============================================================================

Image component sizes


      Code (inc. data)   RO Data    RW Data    ZI Data      Debug   Object Name

       196         18          0         12          0       2665   delay.o
        26          0          0          0          0      11500   event_groups.o
       460         24          0         24      76800       4543   heap_4.o
      1926        124          0          0          0      11310   iic.o
       148         12          0          0          0       1594   led.o
       138          0          0          0          0       3250   list.o
       268        128          0          4          0     736789   main.o
       882         28          0         18         28       3758   mpu9250.o
       786         80          0         12          0      11505   port.o
      1456         18          0          0         64      15794   queue.o
      2984        108          0        148       3124       8811   sensors.o
        36          8        428          0       1024        832   startup_stm32f427x.o
       106         10          0          4          0       3714   stm32f4xx_hal.o
       218         14          0          0          0      30997   stm32f4xx_hal_cortex.o
       426         10          8          0          0       5116   stm32f4xx_hal_dma.o
       486         54          0          0          0       2692   stm32f4xx_hal_gpio.o
       136         14          0          0          0       1332   stm32f4xx_hal_pwr_ex.o
      1572         72         16          0          0       6467   stm32f4xx_hal_rcc.o
       274         44          0          0          0       4041   stm32f4xx_hal_tim.o
      1142          8          0          0          0       8218   stm32f4xx_hal_uart.o
        12          0          0          0          0       2753   stm32f4xx_it.o
       440         14          0          1          0       2266   swj.o
       132         10          0          0          0       1171   sys.o
        68          4          0          0          0        534   sysinit.o
        84         18          0          4          0       1081   system_stm32f4xx.o
       724        110          0         12         36       2845   task.o
      2656        218          0         60        300      28121   tasks.o
        72         16          0          1         60       1207   timer.o
       856         84          0         20         40      19559   timers.o
       472         66          0          4        352       5944   usart.o

    ----------------------------------------------------------------------
     19218       1314        484        328      81828     940409   Object Totals
         0          0         32          0          0          0   (incl. Generated)
        36          0          0          4          0          0   (incl. Padding)

    ----------------------------------------------------------------------

      Code (inc. data)   RO Data    RW Data    ZI Data      Debug   Library Member Name

       300         42          0          0          0        176   asinf.o
       744        106        152          0          0        352   atan.o
       496         64          0          0          0        192   atan2.o
       592         90          0          0          0        184   atan2f.o
       336         56          0          0          0        136   cosf.o
        72          8          0          0          0        372   dunder.o
        24          0          0          0          0        124   fabs.o
        48          0          0          0          0        124   fpclassify.o
        38          0          0          0          0        116   fpclassifyf.o
        44         12          0          0          0        464   funder.o
       248          0          0          0          0        152   poly.o
         0          0          8          0          0          0   qnan.o
       340         24         32          0          0        160   rredf.o
       400         56          0          0          0        212   sinf.o
       122          0          0          0          0        148   sqrt.o
        62          0          0          0          0        136   sqrtf.o
        86          0          0          0          0          0   __dczerorl2.o
         0          0          0          0          0          0   entry.o
         0          0          0          0          0          0   entry10a.o
         0          0          0          0          0          0   entry11a.o
         8          4          0          0          0          0   entry2.o
         4          0          0          0          0          0   entry5.o
         0          0          0          0          0          0   entry7b.o
         0          0          0          0          0          0   entry8b.o
         8          4          0          0          0          0   entry9a.o
        12          6          0          4          0         68   errno.o
        30          0          0          0          0          0   handlers.o
        36          8          0          0          0         68   init.o
         0          0          0          0          0          0   iusefp.o
        98          0          0          0          0         84   ldiv.o
        30          0          0          0          0         68   llshl.o
        36          0          0          0          0         68   llsshr.o
        32          0          0          0          0         68   llushr.o
        36          0          0          0          0         68   memcpya.o
        36          0          0          0          0        108   memseta.o
        98          0          0          0          0         92   uldiv.o
        56          0          0          0          0         88   d2f.o
       334          0          0          0          0        148   dadd.o
       222          0          0          0          0        100   ddiv.o
       186          0          0          0          0        176   depilogue.o
       228          0          0          0          0         96   dmul.o
       162          0          0          0          0        100   dsqrt.o
        38          0          0          0          0         68   f2d.o
       110          0          0          0          0        168   fepilogue.o
        44          0          0          0          0         92   ffltl.o

    ----------------------------------------------------------------------
      5810        484        192          4          0       4776   Library Totals
        14          4          0          0          0          0   (incl. Padding)

    ----------------------------------------------------------------------

      Code (inc. data)   RO Data    RW Data    ZI Data      Debug   Library Name

      3866        458        192          0          0       3048   m_wm.l
       550         22          0          4          0        692   mc_w.l
      1380          0          0          0          0       1036   mf_w.l

    ----------------------------------------------------------------------
      5810        484        192          4          0       4776   Library Totals

    ----------------------------------------------------------------------

==============================================================================


      Code (inc. data)   RO Data    RW Data    ZI Data      Debug   

     25028       1798        676        332      81828     927389   Grand Totals
     25028       1798        676         36      81828     927389   ELF Image Totals (compressed)
     25028       1798        676         36          0          0   ROM Totals

==============================================================================

    Total RO  Size (Code + RO Data)                25704 (  25.10kB)
    Total RW  Size (RW Data + ZI Data)             82160 (  80.23kB)
    Total ROM Size (Code + RO Data + RW Data)      25740 (  25.14kB)

==============================================================================

