Component: ARM Compiler 5.06 update 4 (build 422) Tool: armlink [4d35d2]

==============================================================================

Section Cross References

    main.o(i.main) refers to sysinit.o(i.sysInit) for sysInit
    main.o(i.main) refers to tasks.o(i.xTaskCreate) for xTaskCreate
    main.o(i.main) refers to event_groups.o(i.xEventGroupCreate) for xEventGroupCreate
    main.o(i.main) refers to tasks.o(i.vTaskStartScheduler) for vTaskStartScheduler
    main.o(i.main) refers to main.o(.data) for .data
    main.o(i.main) refers to main.o(i.startTask) for startTask
    main.o(i.main) refers to task.o(.data) for xCreatedEventGroup
    main.o(i.startTask) refers to port.o(i.vPortEnterCritical) for vPortEnterCritical
    main.o(i.startTask) refers to tasks.o(i.xTaskCreate) for xTaskCreate
    main.o(i.startTask) refers to tasks.o(i.vTaskDelete) for vTaskDelete
    main.o(i.startTask) refers to port.o(i.vPortExitCritical) for vPortExitCritical
    main.o(i.startTask) refers to task.o(i.vTaskIndicatorLED) for vTaskIndicatorLED
    main.o(i.startTask) refers to task.o(i.vTaskDataUpload) for vTaskDataUpload
    main.o(i.startTask) refers to task.o(i.vTaskReadSenser) for vTaskReadSenser
    main.o(i.startTask) refers to main.o(.data) for .data
    system_stm32f4xx.o(i.SystemCoreClockUpdate) refers to system_stm32f4xx.o(.data) for .data
    system_stm32f4xx.o(i.SystemCoreClockUpdate) refers to system_stm32f4xx.o(.constdata) for .constdata
    task.o(i.vTaskAttitudeSolution) refers to event_groups.o(i.xEventGroupWaitBits) for xEventGroupWaitBits
    task.o(i.vTaskAttitudeSolution) refers to task.o(.data) for .data
    task.o(i.vTaskDataUpload) refers to memcpya.o(.text) for __aeabi_memcpy4
    task.o(i.vTaskDataUpload) refers to swj.o(i.Send_RCData) for Send_RCData
    task.o(i.vTaskDataUpload) refers to stm32f4xx_hal_uart.o(i.HAL_UART_DMAStop) for HAL_UART_DMAStop
    task.o(i.vTaskDataUpload) refers to mpu9250.o(.data) for accOriginalData
    task.o(i.vTaskDataUpload) refers to task.o(.bss) for .bss
    task.o(i.vTaskDataUpload) refers to sensors.o(.data) for isGetGyroBiasFinished
    task.o(i.vTaskDataUpload) refers to sensors.o(.bss) for gyroBias
    task.o(i.vTaskDataUpload) refers to usart.o(.bss) for UART1TxDMA_Handler
    task.o(i.vTaskIndicatorLED) refers to led.o(i.ledFlash) for ledFlash
    task.o(i.vTaskIndicatorLED) refers to sensors.o(.data) for isGetGyroBiasFinished
    task.o(i.vTaskReadSenser) refers to mpu9250.o(i.READ_MPU9250_ACCEL) for READ_MPU9250_ACCEL
    task.o(i.vTaskReadSenser) refers to mpu9250.o(i.READ_MPU9250_GYRO) for READ_MPU9250_GYRO
    task.o(i.vTaskReadSenser) refers to sensors.o(i.imuOriginalDataProcessing) for imuOriginalDataProcessing
    task.o(i.vTaskReadSenser) refers to tasks.o(i.vTaskSuspendAll) for vTaskSuspendAll
    task.o(i.vTaskReadSenser) refers to queue.o(i.xQueueGenericSend) for xQueueGenericSend
    task.o(i.vTaskReadSenser) refers to tasks.o(i.xTaskResumeAll) for xTaskResumeAll
    task.o(i.vTaskReadSenser) refers to event_groups.o(i.xEventGroupSetBits) for xEventGroupSetBits
    task.o(i.vTaskReadSenser) refers to tasks.o(i.vTaskDelay) for vTaskDelay
    task.o(i.vTaskReadSenser) refers to sensors.o(i.getGyroBias) for getGyroBias
    task.o(i.vTaskReadSenser) refers to sensors.o(.data) for isGetGyroBiasFinished
    task.o(i.vTaskReadSenser) refers to mpu9250.o(.data) for gyroOriginalData
    task.o(i.vTaskReadSenser) refers to task.o(.data) for .data
    task.o(i.vTaskReadSenser) refers to sensors.o(.bss) for dataProcessed
    startup_stm32f427x.o(RESET) refers to startup_stm32f427x.o(STACK) for __initial_sp
    startup_stm32f427x.o(RESET) refers to startup_stm32f427x.o(.text) for Reset_Handler
    startup_stm32f427x.o(RESET) refers to stm32f4xx_it.o(i.NMI_Handler) for NMI_Handler
    startup_stm32f427x.o(RESET) refers to stm32f4xx_it.o(i.HardFault_Handler) for HardFault_Handler
    startup_stm32f427x.o(RESET) refers to stm32f4xx_it.o(i.MemManage_Handler) for MemManage_Handler
    startup_stm32f427x.o(RESET) refers to stm32f4xx_it.o(i.BusFault_Handler) for BusFault_Handler
    startup_stm32f427x.o(RESET) refers to stm32f4xx_it.o(i.UsageFault_Handler) for UsageFault_Handler
    startup_stm32f427x.o(RESET) refers to port.o(.emb_text) for SVC_Handler
    startup_stm32f427x.o(RESET) refers to stm32f4xx_it.o(i.DebugMon_Handler) for DebugMon_Handler
    startup_stm32f427x.o(RESET) refers to delay.o(i.SysTick_Handler) for SysTick_Handler
    startup_stm32f427x.o(RESET) refers to usart.o(i.USART1_IRQHandler) for USART1_IRQHandler
    startup_stm32f427x.o(.text) refers to system_stm32f4xx.o(i.SystemInit) for SystemInit
    startup_stm32f427x.o(.text) refers to entry.o(.ARM.Collect$$$$00000000) for __main
    stm32f4xx_hal.o(i.HAL_DeInit) refers to stm32f4xx_hal.o(i.HAL_MspDeInit) for HAL_MspDeInit
    stm32f4xx_hal.o(i.HAL_Delay) refers to stm32f4xx_hal.o(i.HAL_GetTick) for HAL_GetTick
[...]
    ../clib/microlib/string/memset.c         0x00000000   Number         0  memseta.o ABSOLUTE
    ../clib/microlib/string/memset.c         0x00000000   Number         0  memset.o ABSOLUTE
    ../clib/microlib/stubs.s                 0x00000000   Number         0  iusefp.o ABSOLUTE
    ../clib/microlib/stubs.s                 0x00000000   Number         0  useno.o ABSOLUTE
    ../fplib/microlib/d2f.c                  0x00000000   Number         0  d2f.o ABSOLUTE
    ../fplib/microlib/f2d.c                  0x00000000   Number         0  f2d.o ABSOLUTE
    ../fplib/microlib/fpadd.c                0x00000000   Number         0  dadd.o ABSOLUTE
    ../fplib/microlib/fpdiv.c                0x00000000   Number         0  ddiv.o ABSOLUTE
    ../fplib/microlib/fpepilogue.c           0x00000000   Number         0  depilogue.o ABSOLUTE
    ../fplib/microlib/fpepilogue.c           0x00000000   Number         0  fepilogue.o ABSOLUTE
    ../fplib/microlib/fpflt.c                0x00000000   Number         0  ffltl.o ABSOLUTE
    ../fplib/microlib/fpmul.c                0x00000000   Number         0  dmul.o ABSOLUTE
    ../fplib/microlib/fpneg.c                0x00000000   Number         0  dneg.o ABSOLUTE
    ../fplib/microlib/fpsqrt.c               0x00000000   Number         0  dsqrt.o ABSOLUTE
    ../mathlib/asinf.c                       0x00000000   Number         0  asinf.o ABSOLUTE
    ../mathlib/asinf.c                       0x00000000   Number         0  asinf_x.o ABSOLUTE
    ../mathlib/atan.c                        0x00000000   Number         0  atan.o ABSOLUTE
    ../mathlib/atan.c                        0x00000000   Number         0  atan_x.o ABSOLUTE
    ../mathlib/atan2.c                       0x00000000   Number         0  atan2.o ABSOLUTE
    ../mathlib/atan2.c                       0x00000000   Number         0  atan2_x.o ABSOLUTE
    ../mathlib/atan2f.c                      0x00000000   Number         0  atan2f.o ABSOLUTE
    ../mathlib/atan2f.c                      0x00000000   Number         0  atan2f_x.o ABSOLUTE
    ../mathlib/cosf.c                        0x00000000   Number         0  cosf.o ABSOLUTE
    ../mathlib/cosf.c                        0x00000000   Number         0  cosf_x.o ABSOLUTE
    ../mathlib/dunder.c                      0x00000000   Number         0  dunder.o ABSOLUTE
    ../mathlib/fabs.c                        0x00000000   Number         0  fabs.o ABSOLUTE
    ../mathlib/fpclassify.c                  0x00000000   Number         0  fpclassify.o ABSOLUTE
    ../mathlib/fpclassifyf.c                 0x00000000   Number         0  fpclassifyf.o ABSOLUTE
    ../mathlib/funder.c                      0x00000000   Number         0  funder.o ABSOLUTE
    ../mathlib/poly.c                        0x00000000   Number         0  poly.o ABSOLUTE
    ../mathlib/qnan.c                        0x00000000   Number         0  qnan.o ABSOLUTE
    ../mathlib/rredf.c                       0x00000000   Number         0  rredf.o ABSOLUTE
    ../mathlib/sinf.c                        0x00000000   Number         0  sinf_x.o ABSOLUTE
    ../mathlib/sinf.c                        0x00000000   Number         0  sinf.o ABSOLUTE
    ../mathlib/sqrt.c                        0x00000000   Number         0  sqrt_x.o ABSOLUTE
    ../mathlib/sqrt.c                        0x00000000   Number         0  sqrt.o ABSOLUTE
    ../mathlib/sqrtf.c                       0x00000000   Number         0  sqrtf_x.o ABSOLUTE
    ../mathlib/sqrtf.c                       0x00000000   Number         0  sqrtf.o ABSOLUTE
    ..\CORE\startup_stm32f427x.s             0x00000000   Number         0  startup_stm32f427x.o ABSOLUTE
    ..\CTRL\src\attitudeSolution.c           0x00000000   Number         0  attitudesolution.o ABSOLUTE
    ..\FreeRTOS\croutine.c                   0x00000000   Number         0  croutine.o ABSOLUTE
    ..\FreeRTOS\event_groups.c               0x00000000   Number         0  event_groups.o ABSOLUTE
    ..\FreeRTOS\list.c                       0x00000000   Number         0  list.o ABSOLUTE
    ..\FreeRTOS\portable\MemMang\heap_4.c    0x00000000   Number         0  heap_4.o ABSOLUTE
    ..\FreeRTOS\portable\RVDS\ARM_CM4F\port.c 0x00000000   Number         0  port.o ABSOLUTE
    ..\FreeRTOS\queue.c                      0x00000000   Number         0  queue.o ABSOLUTE
    ..\FreeRTOS\stream_buffer.c              0x00000000   Number         0  stream_buffer.o ABSOLUTE
    ..\FreeRTOS\tasks.c                      0x00000000   Number         0  tasks.o ABSOLUTE
    ..\FreeRTOS\timers.c                     0x00000000   Number         0  timers.o ABSOLUTE
    ..\HALLIB\STM32F4xx_HAL_Driver\Src\stm32f4xx_hal.c 0x00000000   Number         0  stm32f4xx_hal.o ABSOLUTE
    ..\HALLIB\STM32F4xx_HAL_Driver\Src\stm32f4xx_hal_cortex.c 0x00000000   Number         0  stm32f4xx_hal_cortex.o ABSOLUTE
    ..\HALLIB\STM32F4xx_HAL_Driver\Src\stm32f4xx_hal_dma.c 0x00000000   Number         0  stm32f4xx_hal_dma.o ABSOLUTE
    ..\HALLIB\STM32F4xx_HAL_Driver\Src\stm32f4xx_hal_dma_ex.c 0x00000000   Number         0  stm32f4xx_hal_dma_ex.o ABSOLUTE
    ..\HALLIB\STM32F4xx_HAL_Driver\Src\stm32f4xx_hal_gpio.c 0x00000000   Number         0  stm32f4xx_hal_gpio.o ABSOLUTE
    ..\HALLIB\STM32F4xx_HAL_Driver\Src\stm32f4xx_hal_pwr.c 0x00000000   Number         0  stm32f4xx_hal_pwr.o ABSOLUTE
    ..\HALLIB\STM32F4xx_HAL_Driver\Src\stm32f4xx_hal_pwr_ex.c 0x00000000   Number         0  stm32f4xx_hal_pwr_ex.o ABSOLUTE
    ..\HALLIB\STM32F4xx_HAL_Driver\Src\stm32f4xx_hal_rcc.c 0x00000000   Number         0  stm32f4xx_hal_rcc.o ABSOLUTE
    ..\HALLIB\STM32F4xx_HAL_Driver\Src\stm32f4xx_hal_rcc_ex.c 0x00000000   Number         0  stm32f4xx_hal_rcc_ex.o ABSOLUTE
    ..\HALLIB\STM32F4xx_HAL_Driver\Src\stm32f4xx_hal_uart.c 0x00000000   Number         0  stm32f4xx_hal_uart.o ABSOLUTE
    ..\HALLIB\STM32F4xx_HAL_Driver\Src\stm32f4xx_hal_usart.c 0x00000000   Number         0  stm32f4xx_hal_usart.o ABSOLUTE
    ..\HARDWARE\src\SWJ.c                    0x00000000   Number         0  swj.o ABSOLUTE
    ..\HARDWARE\src\iic.c                    0x00000000   Number         0  iic.o ABSOLUTE
    ..\HARDWARE\src\led.c                    0x00000000   Number         0  led.o ABSOLUTE
    ..\HARDWARE\src\mpu9250.c                0x00000000   Number         0  mpu9250.o ABSOLUTE
    ..\HARDWARE\src\sensors.c                0x00000000   Number         0  sensors.o ABSOLUTE
    ..\HARDWARE\src\sysInit.c                0x00000000   Number         0  sysinit.o ABSOLUTE
    ..\SYSTEM\delay\delay.c                  0x00000000   Number         0  delay.o ABSOLUTE
    ..\SYSTEM\sys\sys.c                      0x00000000   Number         0  sys.o ABSOLUTE
    ..\SYSTEM\usart\usart.c                  0x00000000   Number         0  usart.o ABSOLUTE
    ..\\CTRL\\src\\attitudeSolution.c        0x00000000   Number         0  attitudesolution.o ABSOLUTE
    ..\\FreeRTOS\\croutine.c                 0x00000000   Number         0  croutine.o ABSOLUTE
    ..\\FreeRTOS\\event_groups.c             0x00000000   Number         0  event_groups.o ABSOLUTE
    ..\\FreeRTOS\\portable\\MemMang\\heap_4.c 0x00000000   Number         0  heap_4.o ABSOLUTE
    ..\\FreeRTOS\\portable\\RVDS\\ARM_CM4F\\port.c 0x00000000   Number         0  port.o ABSOLUTE
    ..\\FreeRTOS\\queue.c                    0x00000000   Number         0  queue.o ABSOLUTE
    ..\\FreeRTOS\\stream_buffer.c            0x00000000   Number         0  stream_buffer.o ABSOLUTE
    ..\\FreeRTOS\\tasks.c                    0x00000000   Number         0  tasks.o ABSOLUTE
    ..\\FreeRTOS\\timers.c                   0x00000000   Number         0  timers.o ABSOLUTE
    ..\\HALLIB\\STM32F4xx_HAL_Driver\\Src\\stm32f4xx_hal.c 0x00000000   Number         0  stm32f4xx_hal.o ABSOLUTE
    ..\\HALLIB\\STM32F4xx_HAL_Driver\\Src\\stm32f4xx_hal_cortex.c 0x00000000   Number         0  stm32f4xx_hal_cortex.o ABSOLUTE
    ..\\HALLIB\\STM32F4xx_HAL_Driver\\Src\\stm32f4xx_hal_dma.c 0x00000000   Number         0  stm32f4xx_hal_dma.o ABSOLUTE
    ..\\HALLIB\\STM32F4xx_HAL_Driver\\Src\\stm32f4xx_hal_dma_ex.c 0x00000000   Number         0  stm32f4xx_hal_dma_ex.o ABSOLUTE
    ..\\HALLIB\\STM32F4xx_HAL_Driver\\Src\\stm32f4xx_hal_gpio.c 0x00000000   Number         0  stm32f4xx_hal_gpio.o ABSOLUTE
    ..\\HALLIB\\STM32F4xx_HAL_Driver\\Src\\stm32f4xx_hal_pwr.c 0x00000000   Number         0  stm32f4xx_hal_pwr.o ABSOLUTE
    ..\\HALLIB\\STM32F4xx_HAL_Driver\\Src\\stm32f4xx_hal_pwr_ex.c 0x00000000   Number         0  stm32f4xx_hal_pwr_ex.o ABSOLUTE
    ..\\HALLIB\\STM32F4xx_HAL_Driver\\Src\\stm32f4xx_hal_rcc.c 0x00000000   Number         0  stm32f4xx_hal_rcc.o ABSOLUTE
    ..\\HALLIB\\STM32F4xx_HAL_Driver\\Src\\stm32f4xx_hal_rcc_ex.c 0x00000000   Number         0  stm32f4xx_hal_rcc_ex.o ABSOLUTE
    ..\\HALLIB\\STM32F4xx_HAL_Driver\\Src\\stm32f4xx_hal_uart.c 0x00000000   Number         0  stm32f4xx_hal_uart.o ABSOLUTE
    ..\\HALLIB\\STM32F4xx_HAL_Driver\\Src\\stm32f4xx_hal_usart.c 0x00000000   Number         0  stm32f4xx_hal_usart.o ABSOLUTE
    ..\\HARDWARE\\src\\SWJ.c                 0x00000000   Number         0  swj.o ABSOLUTE
    ..\\HARDWARE\\src\\iic.c                 0x00000000   Number         0  iic.o ABSOLUTE
    ..\\HARDWARE\\src\\led.c                 0x00000000   Number         0  led.o ABSOLUTE
    ..\\HARDWARE\\src\\mpu9250.c             0x00000000   Number         0  mpu9250.o ABSOLUTE
    ..\\HARDWARE\\src\\sensors.c             0x00000000   Number         0  sensors.o ABSOLUTE
    ..\\HARDWARE\\src\\sysInit.c             0x00000000   Number         0  sysinit.o ABSOLUTE
    ..\\SYSTEM\\delay\\delay.c               0x00000000   Number         0  delay.o ABSOLUTE
    ..\\SYSTEM\\sys\\sys.c                   0x00000000   Number         0  sys.o ABSOLUTE
    ..\\SYSTEM\\usart\\usart.c               0x00000000   Number         0  usart.o ABSOLUTE
    cdcmple.s                                0x00000000   Number         0  cdcmple.o ABSOLUTE
    dc.s                                     0x00000000   Number         0  dc.o ABSOLUTE
    handlers.s                               0x00000000   Number         0  handlers.o ABSOLUTE
    init.s                                   0x00000000   Number         0  init.o ABSOLUTE
    main.c                                   0x00000000   Number         0  main.o ABSOLUTE
    main.c                                   0x00000000   Number         0  main.o ABSOLUTE
    stm32f4xx_it.c                           0x00000000   Number         0  stm32f4xx_it.o ABSOLUTE
    stm32f4xx_it.c                           0x00000000   Number         0  stm32f4xx_it.o ABSOLUTE
    system_stm32f4xx.c                       0x00000000   Number         0  system_stm32f4xx.o ABSOLUTE
    system_stm32f4xx.c                       0x00000000   Number         0  system_stm32f4xx.o ABSOLUTE
    task.c                                   0x00000000   Number         0  task.o ABSOLUTE
    task.c                                   0x00000000   Number         0  task.o ABSOLUTE
    RESET                                    0x08000000   Section      428  startup_stm32f427x.o(RESET)
    .ARM.Collect$$$$00000000                 0x080001ac   Section        0  entry.o(.ARM.Collect$$$$00000000)
    .ARM.Collect$$$$00000001                 0x080001ac   Section        4  entry2.o(.ARM.Collect$$$$00000001)
    .ARM.Collect$$$$00000004                 0x080001b0   Section        4  entry5.o(.ARM.Collect$$$$00000004)
    .ARM.Collect$$$$00000008                 0x080001b4   Section        0  entry7b.o(.ARM.Collect$$$$00000008)
    .ARM.Collect$$$$0000000A                 0x080001b4   Section        0  entry8b.o(.ARM.Collect$$$$0000000A)
    .ARM.Collect$$$$0000000B                 0x080001b4   Section        8  entry9a.o(.ARM.Collect$$$$0000000B)
    .ARM.Collect$$$$0000000D                 0x080001bc   Section        0  entry10a.o(.ARM.Collect$$$$0000000D)
    .ARM.Collect$$$$0000000F                 0x080001bc   Section        0  entry11a.o(.ARM.Collect$$$$0000000F)
    .ARM.Collect$$$$00002712                 0x080001bc   Section        4  entry2.o(.ARM.Collect$$$$00002712)
    __lit__00000000                          0x080001bc   Data           4  entry2.o(.ARM.Collect$$$$00002712)
    .emb_text                                0x080001c0   Section      190  port.o(.emb_text)
    $v0                                      0x080001c0   Number         0  port.o(.emb_text)
    .text                                    0x08000280   Section       36  startup_stm32f427x.o(.text)
    $v0                                      0x08000280   Number         0  startup_stm32f427x.o(.text)
    .text                                    0x080002a4   Section        0  ldiv.o(.text)
    .text                                    0x08000306   Section        0  memcpya.o(.text)
    .text                                    0x0800032a   Section        0  memseta.o(.text)
    .text                                    0x0800034e   Section        0  ffltl.o(.text)
    .text                                    0x0800037a   Section        0  uldiv.o(.text)
    .text                                    0x080003dc   Section        0  llshl.o(.text)
    .text                                    0x080003fa   Section        0  iusefp.o(.text)
    .text                                    0x080003fa   Section        0  fepilogue.o(.text)
    .text                                    0x08000468   Section       36  init.o(.text)
    .text                                    0x0800048c   Section        0  llushr.o(.text)
    i.BusFault_Handler                       0x080004ac   Section        0  stm32f4xx_it.o(i.BusFault_Handler)
    i.DMA_CalcBaseAndBitshift                0x080004b0   Section        0  stm32f4xx_hal_dma.o(i.DMA_CalcBaseAndBitshift)
    DMA_CalcBaseAndBitshift                  0x080004b1   Thumb Code    34  stm32f4xx_hal_dma.o(i.DMA_CalcBaseAndBitshift)
    i.DMA_SetConfig                          0x080004d8   Section        0  stm32f4xx_hal_dma.o(i.DMA_SetConfig)
    DMA_SetConfig                            0x080004d9   Thumb Code    40  stm32f4xx_hal_dma.o(i.DMA_SetConfig)
    i.DebugMon_Handler                       0x08000500   Section        0  stm32f4xx_it.o(i.DebugMon_Handler)
    i.HAL_DMA_Abort                          0x08000502   Section        0  stm32f4xx_hal_dma.o(i.HAL_DMA_Abort)
    i.HAL_DMA_DeInit                         0x08000554   Section        0  stm32f4xx_hal_dma.o(i.HAL_DMA_DeInit)
    i.HAL_DMA_Init                           0x080005ac   Section        0  stm32f4xx_hal_dma.o(i.HAL_DMA_Init)
    i.HAL_DMA_Start                          0x08000624   Section        0  stm32f4xx_hal_dma.o(i.HAL_DMA_Start)
    i.HAL_GPIO_Init                          0x08000660   Section        0  stm32f4xx_hal_gpio.o(i.HAL_GPIO_Init)
    i.HAL_GPIO_WritePin                      0x0800083c   Section        0  stm32f4xx_hal_gpio.o(i.HAL_GPIO_WritePin)
    i.HAL_GetTick                            0x08000848   Section        0  stm32f4xx_hal.o(i.HAL_GetTick)
    i.HAL_Init                               0x08000854   Section        0  stm32f4xx_hal.o(i.HAL_Init)
    i.HAL_InitTick                           0x08000888   Section        0  stm32f4xx_hal.o(i.HAL_InitTick)
    i.HAL_MspInit                            0x080008aa   Section        0  stm32f4xx_hal.o(i.HAL_MspInit)
    i.HAL_NVIC_EnableIRQ                     0x080008b2   Section        0  stm32f4xx_hal_cortex.o(i.HAL_NVIC_EnableIRQ)
    i.HAL_NVIC_SetPriority                   0x080008c8   Section        0  stm32f4xx_hal_cortex.o(i.HAL_NVIC_SetPriority)
    i.HAL_NVIC_SetPriorityGrouping           0x08000908   Section        0  stm32f4xx_hal_cortex.o(i.HAL_NVIC_SetPriorityGrouping)
    i.HAL_PWREx_EnableOverDrive              0x0800092c   Section        0  stm32f4xx_hal_pwr_ex.o(i.HAL_PWREx_EnableOverDrive)
    i.HAL_RCC_ClockConfig                    0x080009b4   Section        0  stm32f4xx_hal_rcc.o(i.HAL_RCC_ClockConfig)
    i.HAL_RCC_GetHCLKFreq                    0x08000bbc   Section        0  stm32f4xx_hal_rcc.o(i.HAL_RCC_GetHCLKFreq)
    i.HAL_RCC_GetPCLK1Freq                   0x08000bf0   Section        0  stm32f4xx_hal_rcc.o(i.HAL_RCC_GetPCLK1Freq)
    i.HAL_RCC_GetPCLK2Freq                   0x08000c1c   Section        0  stm32f4xx_hal_rcc.o(i.HAL_RCC_GetPCLK2Freq)
    i.HAL_RCC_GetSysClockFreq                0x08000c48   Section        0  stm32f4xx_hal_rcc.o(i.HAL_RCC_GetSysClockFreq)
    i.HAL_RCC_OscConfig                      0x08000cbc   Section        0  stm32f4xx_hal_rcc.o(i.HAL_RCC_OscConfig)
    i.HAL_SYSTICK_CLKSourceConfig            0x08000fd8   Section        0  stm32f4xx_hal_cortex.o(i.HAL_SYSTICK_CLKSourceConfig)
    i.HAL_SYSTICK_Config                     0x08000ff0   Section        0  stm32f4xx_hal_cortex.o(i.HAL_SYSTICK_Config)
    i.HAL_UART_DMAStop                       0x08001018   Section        0  stm32f4xx_hal_uart.o(i.HAL_UART_DMAStop)
    i.HAL_UART_ErrorCallback                 0x0800104a   Section        0  stm32f4xx_hal_uart.o(i.HAL_UART_ErrorCallback)
    i.HAL_UART_GetState                      0x0800104c   Section        0  stm32f4xx_hal_uart.o(i.HAL_UART_GetState)
    i.HAL_UART_IRQHandler                    0x08001052   Section        0  stm32f4xx_hal_uart.o(i.HAL_UART_IRQHandler)
    i.HAL_UART_Init                          0x08001146   Section        0  stm32f4xx_hal_uart.o(i.HAL_UART_Init)
    i.HAL_UART_MspInit                       0x080011a4   Section        0  usart.o(i.HAL_UART_MspInit)
    i.HAL_UART_Receive_IT                    0x08001220   Section        0  stm32f4xx_hal_uart.o(i.HAL_UART_Receive_IT)
    i.HAL_UART_RxCpltCallback                0x08001288   Section        0  usart.o(i.HAL_UART_RxCpltCallback)
    i.HAL_UART_TxCpltCallback                0x080012e0   Section        0  stm32f4xx_hal_uart.o(i.HAL_UART_TxCpltCallback)
    i.HardFault_Handler                      0x080012e2   Section        0  stm32f4xx_it.o(i.HardFault_Handler)
    i.IIC_Ack                                0x080012e4   Section        0  iic.o(i.IIC_Ack)
    i.IIC_NAck                               0x0800133c   Section        0  iic.o(i.IIC_NAck)
    i.IIC_READ_SDA                           0x08001394   Section        0  iic.o(i.IIC_READ_SDA)
    i.IIC_Read_Byte                          0x08001410   Section        0  iic.o(i.IIC_Read_Byte)
    i.IIC_SCL                                0x08001490   Section        0  iic.o(i.IIC_SCL)
    i.IIC_SDA                                0x08001508   Section        0  iic.o(i.IIC_SDA)
    i.IIC_Send_Byte                          0x08001580   Section        0  iic.o(i.IIC_Send_Byte)
    i.IIC_Start                              0x080015ee   Section        0  iic.o(i.IIC_Start)
    i.IIC_Stop                               0x08001648   Section        0  iic.o(i.IIC_Stop)
    i.IIC_Wait_Ack                           0x080016a2   Section        0  iic.o(i.IIC_Wait_Ack)
    i.IIC_delay                              0x08001718   Section        0  iic.o(i.IIC_delay)
    i.LED_Init                               0x08001724   Section        0  led.o(i.LED_Init)
    i.MPU9250_IIC_Read                       0x08001778   Section        0  mpu9250.o(i.MPU9250_IIC_Read)
    i.MPU9250_IIC_Write                      0x0800180e   Section        0  mpu9250.o(i.MPU9250_IIC_Write)
    i.MemManage_Handler                      0x08001886   Section        0  stm32f4xx_it.o(i.MemManage_Handler)
    i.NMI_Handler                            0x08001888   Section        0  stm32f4xx_it.o(i.NMI_Handler)
    i.NVIC_SetPriority                       0x0800188a   Section        0  stm32f4xx_hal_cortex.o(i.NVIC_SetPriority)
    NVIC_SetPriority                         0x0800188b   Thumb Code    32  stm32f4xx_hal_cortex.o(i.NVIC_SetPriority)
    i.READ_MPU9250_ACCEL                     0x080018ac   Section        0  mpu9250.o(i.READ_MPU9250_ACCEL)
    i.READ_MPU9250_GYRO                      0x08001944   Section        0  mpu9250.o(i.READ_MPU9250_GYRO)
    i.SDA_IN                                 0x080019dc   Section        0  iic.o(i.SDA_IN)
    i.SDA_OUT                                0x080019f0   Section        0  iic.o(i.SDA_OUT)
    i.Send_RCData                            0x08001a0c   Section        0  swj.o(i.Send_RCData)
    i.Stm32_Clock_Init                       0x08001bc4   Section        0  sys.o(i.Stm32_Clock_Init)
    i.SysTick_Handler                        0x08001c48   Section        0  delay.o(i.SysTick_Handler)
    i.SystemInit                             0x08001c68   Section        0  system_stm32f4xx.o(i.SystemInit)
    i.UART1DMA_Config                        0x08001cbc   Section        0  usart.o(i.UART1DMA_Config)
    i.UART1DMA_USART_Transmit                0x08001d30   Section        0  usart.o(i.UART1DMA_USART_Transmit)
    i.UART_Receive_IT                        0x08001d4c   Section        0  stm32f4xx_hal_uart.o(i.UART_Receive_IT)
    UART_Receive_IT                          0x08001d4d   Thumb Code   166  stm32f4xx_hal_uart.o(i.UART_Receive_IT)
    i.UART_SetConfig                         0x08001df4   Section        0  stm32f4xx_hal_uart.o(i.UART_SetConfig)
    UART_SetConfig                           0x08001df5   Thumb Code   364  stm32f4xx_hal_uart.o(i.UART_SetConfig)
    i.UART_Transmit_IT                       0x08001f68   Section        0  stm32f4xx_hal_uart.o(i.UART_Transmit_IT)
    UART_Transmit_IT                         0x08001f69   Thumb Code   102  stm32f4xx_hal_uart.o(i.UART_Transmit_IT)
    i.USART1_IRQHandler                      0x08001fd0   Section        0  usart.o(i.USART1_IRQHandler)
    i.UsageFault_Handler                     0x08001ffc   Section        0  stm32f4xx_it.o(i.UsageFault_Handler)
    i.__scatterload_copy                     0x08001ffe   Section       14  handlers.o(i.__scatterload_copy)
    i.__scatterload_null                     0x0800200c   Section        2  handlers.o(i.__scatterload_null)
    i.__scatterload_zeroinit                 0x0800200e   Section       14  handlers.o(i.__scatterload_zeroinit)
    i.delay_init                             0x0800201c   Section        0  delay.o(i.delay_init)
    i.delay_ms                               0x08002054   Section        0  delay.o(i.delay_ms)
    i.delay_us                               0x0800208c   Section        0  delay.o(i.delay_us)
    i.getGyroBias                            0x080020c0   Section        0  sensors.o(i.getGyroBias)
    i.getGyroBiasMeanAndVar                  0x08002140   Section        0  sensors.o(i.getGyroBiasMeanAndVar)
    i.iicPortDef                             0x080022d8   Section        0  iic.o(i.iicPortDef)
    i.iicSingleInit                          0x080025bc   Section        0  iic.o(i.iicSingleInit)
    i.imuOriginalDataProcessing              0x080025f0   Section        0  sensors.o(i.imuOriginalDataProcessing)
    i.ledFlash                               0x080026d0   Section        0  led.o(i.ledFlash)
    i.main                                   0x08002710   Section        0  main.o(i.main)
    i.mpu9250_Init                           0x08002754   Section        0  mpu9250.o(i.mpu9250_Init)
    i.prvAddCurrentTaskToDelayedList         0x08002888   Section        0  tasks.o(i.prvAddCurrentTaskToDelayedList)
    prvAddCurrentTaskToDelayedList           0x08002889   Thumb Code   102  tasks.o(i.prvAddCurrentTaskToDelayedList)
    i.prvAddNewTaskToReadyList               0x080028f8   Section        0  tasks.o(i.prvAddNewTaskToReadyList)
    prvAddNewTaskToReadyList                 0x080028f9   Thumb Code   194  tasks.o(i.prvAddNewTaskToReadyList)
    i.prvCheckForValidListAndQueue           0x080029cc   Section        0  timers.o(i.prvCheckForValidListAndQueue)
    prvCheckForValidListAndQueue             0x080029cd   Thumb Code    62  timers.o(i.prvCheckForValidListAndQueue)
    i.prvCopyDataFromQueue                   0x08002a1c   Section        0  queue.o(i.prvCopyDataFromQueue)
    prvCopyDataFromQueue                     0x08002a1d   Thumb Code    38  queue.o(i.prvCopyDataFromQueue)
    i.prvCopyDataToQueue                     0x08002a42   Section        0  queue.o(i.prvCopyDataToQueue)
    prvCopyDataToQueue                       0x08002a43   Thumb Code   108  queue.o(i.prvCopyDataToQueue)
    i.prvDeleteTCB                           0x08002aae   Section        0  tasks.o(i.prvDeleteTCB)
    prvDeleteTCB                             0x08002aaf   Thumb Code    20  tasks.o(i.prvDeleteTCB)
    i.prvHeapInit                            0x08002ac4   Section        0  heap_4.o(i.prvHeapInit)
    prvHeapInit                              0x08002ac5   Thumb Code    66  heap_4.o(i.prvHeapInit)
    i.prvIdleTask                            0x08002b10   Section        0  tasks.o(i.prvIdleTask)
    prvIdleTask                              0x08002b11   Thumb Code    80  tasks.o(i.prvIdleTask)
    i.prvInitialiseNewTask                   0x08002b6c   Section        0  tasks.o(i.prvInitialiseNewTask)
    prvInitialiseNewTask                     0x08002b6d   Thumb Code   174  tasks.o(i.prvInitialiseNewTask)
    i.prvInsertBlockIntoFreeList             0x08002c1c   Section        0  heap_4.o(i.prvInsertBlockIntoFreeList)
    prvInsertBlockIntoFreeList               0x08002c1d   Thumb Code    72  heap_4.o(i.prvInsertBlockIntoFreeList)
    i.prvInsertTimerInActiveList             0x08002c68   Section        0  timers.o(i.prvInsertTimerInActiveList)
    prvInsertTimerInActiveList               0x08002c69   Thumb Code    52  timers.o(i.prvInsertTimerInActiveList)
    i.prvIsQueueEmpty                        0x08002ca0   Section        0  queue.o(i.prvIsQueueEmpty)
    prvIsQueueEmpty                          0x08002ca1   Thumb Code    26  queue.o(i.prvIsQueueEmpty)
    i.prvProcessReceivedCommands             0x08002cbc   Section        0  timers.o(i.prvProcessReceivedCommands)
    prvProcessReceivedCommands               0x08002cbd   Thumb Code   178  timers.o(i.prvProcessReceivedCommands)
    i.prvProcessTimerOrBlockTask             0x08002d74   Section        0  timers.o(i.prvProcessTimerOrBlockTask)
    prvProcessTimerOrBlockTask               0x08002d75   Thumb Code   172  timers.o(i.prvProcessTimerOrBlockTask)
    i.prvResetNextTaskUnblockTime            0x08002e28   Section        0  tasks.o(i.prvResetNextTaskUnblockTime)
    prvResetNextTaskUnblockTime              0x08002e29   Thumb Code    26  tasks.o(i.prvResetNextTaskUnblockTime)
    i.prvSampleTimeNow                       0x08002e48   Section        0  timers.o(i.prvSampleTimeNow)
    prvSampleTimeNow                         0x08002e49   Thumb Code    36  timers.o(i.prvSampleTimeNow)
    i.prvSwitchTimerLists                    0x08002e70   Section        0  timers.o(i.prvSwitchTimerLists)
    prvSwitchTimerLists                      0x08002e71   Thumb Code   102  timers.o(i.prvSwitchTimerLists)
    i.prvTaskExitError                       0x08002edc   Section        0  port.o(i.prvTaskExitError)
    prvTaskExitError                         0x08002edd   Thumb Code    36  port.o(i.prvTaskExitError)
    i.prvTimerTask                           0x08002f04   Section        0  timers.o(i.prvTimerTask)
    prvTimerTask                             0x08002f05   Thumb Code    34  timers.o(i.prvTimerTask)
    i.prvUnlockQueue                         0x08002f2c   Section        0  queue.o(i.prvUnlockQueue)
    prvUnlockQueue                           0x08002f2d   Thumb Code   106  queue.o(i.prvUnlockQueue)
    i.pvPortMalloc                           0x08002f98   Section        0  heap_4.o(i.pvPortMalloc)
    i.pxPortInitialiseStack                  0x08003070   Section        0  port.o(i.pxPortInitialiseStack)
    i.sensorsQueueInit                       0x0800309c   Section        0  sensors.o(i.sensorsQueueInit)
    i.startTask                              0x080030c0   Section        0  main.o(i.startTask)
    startTask                                0x080030c1   Thumb Code    78  main.o(i.startTask)
    i.sysInit                                0x08003154   Section        0  sysinit.o(i.sysInit)
    i.uart_init                              0x08003190   Section        0  usart.o(i.uart_init)
    i.uxListRemove                           0x080031d8   Section        0  list.o(i.uxListRemove)
    i.vListInitialise                        0x080031fe   Section        0  list.o(i.vListInitialise)
    i.vListInitialiseItem                    0x08003214   Section        0  list.o(i.vListInitialiseItem)
    i.vListInsert                            0x0800321a   Section        0  list.o(i.vListInsert)
    i.vListInsertEnd                         0x0800324a   Section        0  list.o(i.vListInsertEnd)
    i.vPortEnterCritical                     0x08003264   Section        0  port.o(i.vPortEnterCritical)
    i.vPortExitCritical                      0x080032a4   Section        0  port.o(i.vPortExitCritical)
    i.vPortFree                              0x080032cc   Section        0  heap_4.o(i.vPortFree)
    i.vPortSetupTimerInterrupt               0x08003328   Section        0  port.o(i.vPortSetupTimerInterrupt)
    i.vPortValidateInterruptPriority         0x0800334c   Section        0  port.o(i.vPortValidateInterruptPriority)
    i.vQueueAddToRegistry                    0x080033a0   Section        0  queue.o(i.vQueueAddToRegistry)
    i.vQueueWaitForMessageRestricted         0x080033c4   Section        0  queue.o(i.vQueueWaitForMessageRestricted)
    i.vTaskDataUpload                        0x08003408   Section        0  task.o(i.vTaskDataUpload)
    i.vTaskDelay                             0x08003580   Section        0  tasks.o(i.vTaskDelay)
    i.vTaskDelete                            0x080035cc   Section        0  tasks.o(i.vTaskDelete)
    i.vTaskIndicatorLED                      0x08003678   Section        0  task.o(i.vTaskIndicatorLED)
    i.vTaskInternalSetTimeOutState           0x08003690   Section        0  tasks.o(i.vTaskInternalSetTimeOutState)
    i.vTaskMissedYield                       0x080036a0   Section        0  tasks.o(i.vTaskMissedYield)
    i.vTaskPlaceOnEventList                  0x080036ac   Section        0  tasks.o(i.vTaskPlaceOnEventList)
    i.vTaskPlaceOnEventListRestricted        0x080036dc   Section        0  tasks.o(i.vTaskPlaceOnEventListRestricted)
    i.vTaskReadSenser                        0x08003714   Section        0  task.o(i.vTaskReadSenser)
    i.vTaskRemoveFromUnorderedEventList      0x080037bc   Section        0  tasks.o(i.vTaskRemoveFromUnorderedEventList)
    i.vTaskStartScheduler                    0x0800382c   Section        0  tasks.o(i.vTaskStartScheduler)
    i.vTaskSuspendAll                        0x0800389c   Section        0  tasks.o(i.vTaskSuspendAll)
    i.vTaskSwitchContext                     0x080038ac   Section        0  tasks.o(i.vTaskSwitchContext)
    i.xEventGroupCreate                      0x08003908   Section        0  event_groups.o(i.xEventGroupCreate)
    i.xEventGroupSetBits                     0x08003922   Section        0  event_groups.o(i.xEventGroupSetBits)
    i.xPortStartScheduler                    0x080039b0   Section        0  port.o(i.xPortStartScheduler)
    i.xPortSysTickHandler                    0x08003aa4   Section        0  port.o(i.xPortSysTickHandler)
    i.xQueueGenericCreate                    0x08003ad0   Section        0  queue.o(i.xQueueGenericCreate)
    i.xQueueGenericReset                     0x08003b24   Section        0  queue.o(i.xQueueGenericReset)
    i.xQueueGenericSend                      0x08003bac   Section        0  queue.o(i.xQueueGenericSend)
    i.xQueueGenericSendFromISR               0x08003d10   Section        0  queue.o(i.xQueueGenericSendFromISR)
    i.xQueueReceive                          0x08003dcc   Section        0  queue.o(i.xQueueReceive)
    i.xTaskCheckForTimeOut                   0x08003f04   Section        0  tasks.o(i.xTaskCheckForTimeOut)
    i.xTaskCreate                            0x08003f78   Section        0  tasks.o(i.xTaskCreate)
    i.xTaskGetSchedulerState                 0x08003fd0   Section        0  tasks.o(i.xTaskGetSchedulerState)
    i.xTaskGetTickCount                      0x08003fec   Section        0  tasks.o(i.xTaskGetTickCount)
    i.xTaskIncrementTick                     0x08003ff8   Section        0  tasks.o(i.xTaskIncrementTick)
    i.xTaskPriorityDisinherit                0x080040c0   Section        0  tasks.o(i.xTaskPriorityDisinherit)
    i.xTaskRemoveFromEventList               0x08004158   Section        0  tasks.o(i.xTaskRemoveFromEventList)
    i.xTaskResumeAll                         0x080041cc   Section        0  tasks.o(i.xTaskResumeAll)
    i.xTimerCreateTimerTask                  0x08004290   Section        0  timers.o(i.xTimerCreateTimerTask)
    i.xTimerGenericCommand                   0x080042dc   Section        0  timers.o(i.xTimerGenericCommand)
    .constdata                               0x08004338   Section       16  stm32f4xx_hal_rcc.o(.constdata)
    .constdata                               0x08004348   Section        8  stm32f4xx_hal_dma.o(.constdata)
    flagBitshiftOffset                       0x08004348   Data           8  stm32f4xx_hal_dma.o(.constdata)
    .data                                    0x20000000   Section        4  main.o(.data)
    .data                                    0x20000004   Section        4  system_stm32f4xx.o(.data)
    .data                                    0x20000008   Section        4  task.o(.data)
    .data                                    0x2000000c   Section        4  stm32f4xx_hal.o(.data)
    uwTick                                   0x2000000c   Data           4  stm32f4xx_hal.o(.data)
    .data                                    0x20000010   Section       12  delay.o(.data)
    fac_ms                                   0x20000010   Data           2  delay.o(.data)
    fac_us                                   0x20000014   Data           4  delay.o(.data)
    sysTickCnt                               0x20000018   Data           4  delay.o(.data)
    .data                                    0x2000001c   Section        4  usart.o(.data)
    .data                                    0x20000020   Section       18  mpu9250.o(.data)
    .data                                    0x20000032   Section        1  swj.o(.data)
    .data                                    0x20000034   Section       16  sensors.o(.data)
    .data                                    0x20000044   Section       60  tasks.o(.data)
    uxDeletedTasksWaitingCleanUp             0x20000048   Data           4  tasks.o(.data)
    uxCurrentNumberOfTasks                   0x2000004c   Data           4  tasks.o(.data)
    xTickCount                               0x20000050   Data           4  tasks.o(.data)
    uxTopReadyPriority                       0x20000054   Data           4  tasks.o(.data)
    xSchedulerRunning                        0x20000058   Data           4  tasks.o(.data)
    uxPendedTicks                            0x2000005c   Data           4  tasks.o(.data)
    xYieldPending                            0x20000060   Data           4  tasks.o(.data)
    xNumOfOverflows                          0x20000064   Data           4  tasks.o(.data)
    uxTaskNumber                             0x20000068   Data           4  tasks.o(.data)
    xNextTaskUnblockTime                     0x2000006c   Data           4  tasks.o(.data)
    xIdleTaskHandle                          0x20000070   Data           4  tasks.o(.data)
    uxSchedulerSuspended                     0x20000074   Data           4  tasks.o(.data)
    pxDelayedTaskList                        0x20000078   Data           4  tasks.o(.data)
    pxOverflowDelayedTaskList                0x2000007c   Data           4  tasks.o(.data)
    .data                                    0x20000080   Section       20  timers.o(.data)
    xTimerQueue                              0x20000080   Data           4  timers.o(.data)
    xTimerTaskHandle                         0x20000084   Data           4  timers.o(.data)
    xLastTime                                0x20000088   Data           4  timers.o(.data)
    pxCurrentTimerList                       0x2000008c   Data           4  timers.o(.data)
    pxOverflowTimerList                      0x20000090   Data           4  timers.o(.data)
    .data                                    0x20000094   Section       12  port.o(.data)
    ucMaxSysCallPriority                     0x20000094   Data           1  port.o(.data)
    uxCriticalNesting                        0x20000098   Data           4  port.o(.data)
    ulMaxPRIGROUPValue                       0x2000009c   Data           4  port.o(.data)
    .data                                    0x200000a0   Section       24  heap_4.o(.data)
    pxEnd                                    0x200000a0   Data           4  heap_4.o(.data)
    xFreeBytesRemaining                      0x200000a4   Data           4  heap_4.o(.data)
    xMinimumEverFreeBytesRemaining           0x200000a8   Data           4  heap_4.o(.data)
    xBlockAllocatedBit                       0x200000ac   Data           4  heap_4.o(.data)
    xStart                                   0x200000b0   Data           8  heap_4.o(.data)
    .bss                                     0x200000b8   Section       36  task.o(.bss)
    .bss                                     0x200000dc   Section      352  usart.o(.bss)
    .bss                                     0x2000023c   Section       28  mpu9250.o(.bss)
    .bss                                     0x20000258   Section     3084  sensors.o(.bss)
    .bss                                     0x20000e64   Section       64  queue.o(.bss)
    .bss                                     0x20000ea4   Section      300  tasks.o(.bss)
    pxReadyTasksLists                        0x20000ea4   Data         200  tasks.o(.bss)
    xDelayedTaskList1                        0x20000f6c   Data          20  tasks.o(.bss)
    xDelayedTaskList2                        0x20000f80   Data          20  tasks.o(.bss)
    xPendingReadyList                        0x20000f94   Data          20  tasks.o(.bss)
    xTasksWaitingTermination                 0x20000fa8   Data          20  tasks.o(.bss)
    xSuspendedTaskList                       0x20000fbc   Data          20  tasks.o(.bss)
    .bss                                     0x20000fd0   Section       40  timers.o(.bss)
    xActiveTimerList1                        0x20000fd0   Data          20  timers.o(.bss)
    xActiveTimerList2                        0x20000fe4   Data          20  timers.o(.bss)
    .bss                                     0x20000ff8   Section    76800  heap_4.o(.bss)
    ucHeap                                   0x20000ff8   Data       76800  heap_4.o(.bss)
    STACK                                    0x20013bf8   Section     1024  startup_stm32f427x.o(STACK)

    Global Symbols

    Symbol Name                              Value     Ov Type        Size  Object(Section)

    BuildAttributes$$THM_ISAv4$E$P$D$K$B$S$7EM$VFPi3$EXTD16$VFPS$VFMA$PE$A:L22UL41UL21$X:L11$S22US41US21$IEEE1$IW$USESV6$~STKCKD$USESV7$~SHL$OTIME$ROPI$IEEEX$EBA8$MICROLIB$REQ8$PRES8$EABIv2 0x00000000   Number         0  anon$$obj.o ABSOLUTE
    __ARM_use_no_argv                        0x00000000   Number         0  main.o ABSOLUTE
    __use_no_errno                           0x00000000   Number         0  useno.o ABSOLUTE
    __use_no_exception_handling              0x00000000   Number         0  useno.o ABSOLUTE
    __use_no_fp                              0x00000000   Number         0  useno.o ABSOLUTE
    __use_no_heap                            0x00000000   Number         0  useno.o ABSOLUTE
    __use_no_heap_region                     0x00000000   Number         0  useno.o ABSOLUTE
    __use_no_semihosting                     0x00000000   Number         0  useno.o ABSOLUTE
    __use_no_semihosting_swi                 0x00000000   Number         0  useno.o ABSOLUTE
    __use_no_signal_handling                 0x00000000   Number         0  useno.o ABSOLUTE
    __cpp_initialize__aeabi_                  - Undefined Weak Reference
    __cxa_finalize                            - Undefined Weak Reference
    __decompress                              - Undefined Weak Reference
    _clock_init                               - Undefined Weak Reference
    _microlib_exit                            - Undefined Weak Reference
    __Vectors_Size                           0x000001ac   Number         0  startup_stm32f427x.o ABSOLUTE
    __Vectors                                0x08000000   Data           4  startup_stm32f427x.o(RESET)
    __Vectors_End                            0x080001ac   Data           0  startup_stm32f427x.o(RESET)
    __main                                   0x080001ad   Thumb Code     0  entry.o(.ARM.Collect$$$$00000000)
    _main_stk                                0x080001ad   Thumb Code     0  entry2.o(.ARM.Collect$$$$00000001)
    _main_scatterload                        0x080001b1   Thumb Code     0  entry5.o(.ARM.Collect$$$$00000004)
    __main_after_scatterload                 0x080001b5   Thumb Code     0  entry5.o(.ARM.Collect$$$$00000004)
    _main_clock                              0x080001b5   Thumb Code     0  entry7b.o(.ARM.Collect$$$$00000008)
    _main_cpp_init                           0x080001b5   Thumb Code     0  entry8b.o(.ARM.Collect$$$$0000000A)
    _main_init                               0x080001b5   Thumb Code     0  entry9a.o(.ARM.Collect$$$$0000000B)
    __rt_final_cpp                           0x080001bd   Thumb Code     0  entry10a.o(.ARM.Collect$$$$0000000D)
    __rt_final_exit                          0x080001bd   Thumb Code     0  entry11a.o(.ARM.Collect$$$$0000000F)
    SVC_Handler                              0x080001c1   Thumb Code    28  port.o(.emb_text)
    __asm___6_port_c_39a90d8d__prvStartFirstTask 0x080001e1   Thumb Code    36  port.o(.emb_text)
    __asm___6_port_c_39a90d8d__prvEnableVFP  0x08000209   Thumb Code    16  port.o(.emb_text)
    PendSV_Handler                           0x0800021d   Thumb Code    88  port.o(.emb_text)
    vPortGetIPSR                             0x08000279   Thumb Code     6  port.o(.emb_text)
    Reset_Handler                            0x08000281   Thumb Code     8  startup_stm32f427x.o(.text)
    ADC_IRQHandler                           0x0800029b   Thumb Code     0  startup_stm32f427x.o(.text)
    CAN1_RX0_IRQHandler                      0x0800029b   Thumb Code     0  startup_stm32f427x.o(.text)
    CAN1_RX1_IRQHandler                      0x0800029b   Thumb Code     0  startup_stm32f427x.o(.text)
    CAN1_SCE_IRQHandler                      0x0800029b   Thumb Code     0  startup_stm32f427x.o(.text)
    CAN1_TX_IRQHandler                       0x0800029b   Thumb Code     0  startup_stm32f427x.o(.text)
    CAN2_RX0_IRQHandler                      0x0800029b   Thumb Code     0  startup_stm32f427x.o(.text)
    CAN2_RX1_IRQHandler                      0x0800029b   Thumb Code     0  startup_stm32f427x.o(.text)
    CAN2_SCE_IRQHandler                      0x0800029b   Thumb Code     0  startup_stm32f427x.o(.text)
    CAN2_TX_IRQHandler                       0x0800029b   Thumb Code     0  startup_stm32f427x.o(.text)
    CRYP_IRQHandler                          0x0800029b   Thumb Code     0  startup_stm32f427x.o(.text)
    DCMI_IRQHandler                          0x0800029b   Thumb Code     0  startup_stm32f427x.o(.text)
    DMA1_Stream0_IRQHandler                  0x0800029b   Thumb Code     0  startup_stm32f427x.o(.text)
    DMA1_Stream1_IRQHandler                  0x0800029b   Thumb Code     0  startup_stm32f427x.o(.text)
    DMA1_Stream2_IRQHandler                  0x0800029b   Thumb Code     0  startup_stm32f427x.o(.text)
    DMA1_Stream3_IRQHandler                  0x0800029b   Thumb Code     0  startup_stm32f427x.o(.text)
    DMA1_Stream4_IRQHandler                  0x0800029b   Thumb Code     0  startup_stm32f427x.o(.text)
    DMA1_Stream5_IRQHandler                  0x0800029b   Thumb Code     0  startup_stm32f427x.o(.text)
    DMA1_Stream6_IRQHandler                  0x0800029b   Thumb Code     0  startup_stm32f427x.o(.text)
    DMA1_Stream7_IRQHandler                  0x0800029b   Thumb Code     0  startup_stm32f427x.o(.text)
    DMA2D_IRQHandler                         0x0800029b   Thumb Code     0  startup_stm32f427x.o(.text)
    DMA2_Stream0_IRQHandler                  0x0800029b   Thumb Code     0  startup_stm32f427x.o(.text)
    DMA2_Stream1_IRQHandler                  0x0800029b   Thumb Code     0  startup_stm32f427x.o(.text)
    DMA2_Stream2_IRQHandler                  0x0800029b   Thumb Code     0  startup_stm32f427x.o(.text)
    DMA2_Stream3_IRQHandler                  0x0800029b   Thumb Code     0  startup_stm32f427x.o(.text)
    DMA2_Stream4_IRQHandler                  0x0800029b   Thumb Code     0  startup_stm32f427x.o(.text)
    DMA2_Stream5_IRQHandler                  0x0800029b   Thumb Code     0  startup_stm32f427x.o(.text)
    DMA2_Stream6_IRQHandler                  0x0800029b   Thumb Code     0  startup_stm32f427x.o(.text)
    DMA2_Stream7_IRQHandler                  0x0800029b   Thumb Code     0  startup_stm32f427x.o(.text)
    ETH_IRQHandler                           0x0800029b   Thumb Code     0  startup_stm32f427x.o(.text)
    ETH_WKUP_IRQHandler                      0x0800029b   Thumb Code     0  startup_stm32f427x.o(.text)
    EXTI0_IRQHandler                         0x0800029b   Thumb Code     0  startup_stm32f427x.o(.text)
    EXTI15_10_IRQHandler                     0x0800029b   Thumb Code     0  startup_stm32f427x.o(.text)
    EXTI1_IRQHandler                         0x0800029b   Thumb Code     0  startup_stm32f427x.o(.text)
    EXTI2_IRQHandler                         0x0800029b   Thumb Code     0  startup_stm32f427x.o(.text)
    EXTI3_IRQHandler                         0x0800029b   Thumb Code     0  startup_stm32f427x.o(.text)
    EXTI4_IRQHandler                         0x0800029b   Thumb Code     0  startup_stm32f427x.o(.text)
    EXTI9_5_IRQHandler                       0x0800029b   Thumb Code     0  startup_stm32f427x.o(.text)
    FLASH_IRQHandler                         0x0800029b   Thumb Code     0  startup_stm32f427x.o(.text)
    FMC_IRQHandler                           0x0800029b   Thumb Code     0  startup_stm32f427x.o(.text)
    FPU_IRQHandler                           0x0800029b   Thumb Code     0  startup_stm32f427x.o(.text)
    HASH_RNG_IRQHandler                      0x0800029b   Thumb Code     0  startup_stm32f427x.o(.text)
    I2C1_ER_IRQHandler                       0x0800029b   Thumb Code     0  startup_stm32f427x.o(.text)
    I2C1_EV_IRQHandler                       0x0800029b   Thumb Code     0  startup_stm32f427x.o(.text)
    I2C2_ER_IRQHandler                       0x0800029b   Thumb Code     0  startup_stm32f427x.o(.text)
    I2C2_EV_IRQHandler                       0x0800029b   Thumb Code     0  startup_stm32f427x.o(.text)
    I2C3_ER_IRQHandler                       0x0800029b   Thumb Code     0  startup_stm32f427x.o(.text)
    I2C3_EV_IRQHandler                       0x0800029b   Thumb Code     0  startup_stm32f427x.o(.text)
    OTG_FS_IRQHandler                        0x0800029b   Thumb Code     0  startup_stm32f427x.o(.text)
    OTG_FS_WKUP_IRQHandler                   0x0800029b   Thumb Code     0  startup_stm32f427x.o(.text)
    OTG_HS_EP1_IN_IRQHandler                 0x0800029b   Thumb Code     0  startup_stm32f427x.o(.text)
    OTG_HS_EP1_OUT_IRQHandler                0x0800029b   Thumb Code     0  startup_stm32f427x.o(.text)
    OTG_HS_IRQHandler                        0x0800029b   Thumb Code     0  startup_stm32f427x.o(.text)
    OTG_HS_WKUP_IRQHandler                   0x0800029b   Thumb Code     0  startup_stm32f427x.o(.text)
    PVD_IRQHandler                           0x0800029b   Thumb Code     0  startup_stm32f427x.o(.text)
    RCC_IRQHandler                           0x0800029b   Thumb Code     0  startup_stm32f427x.o(.text)
    RTC_Alarm_IRQHandler                     0x0800029b   Thumb Code     0  startup_stm32f427x.o(.text)
    RTC_WKUP_IRQHandler                      0x0800029b   Thumb Code     0  startup_stm32f427x.o(.text)
    SAI1_IRQHandler                          0x0800029b   Thumb Code     0  startup_stm32f427x.o(.text)
    SDIO_IRQHandler                          0x0800029b   Thumb Code     0  startup_stm32f427x.o(.text)
    SPI1_IRQHandler                          0x0800029b   Thumb Code     0  startup_stm32f427x.o(.text)
    SPI2_IRQHandler                          0x0800029b   Thumb Code     0  startup_stm32f427x.o(.text)
    SPI3_IRQHandler                          0x0800029b   Thumb Code     0  startup_stm32f427x.o(.text)
    SPI4_IRQHandler                          0x0800029b   Thumb Code     0  startup_stm32f427x.o(.text)
    SPI5_IRQHandler                          0x0800029b   Thumb Code     0  startup_stm32f427x.o(.text)
    SPI6_IRQHandler                          0x0800029b   Thumb Code     0  startup_stm32f427x.o(.text)
    TAMP_STAMP_IRQHandler                    0x0800029b   Thumb Code     0  startup_stm32f427x.o(.text)
    TIM1_BRK_TIM9_IRQHandler                 0x0800029b   Thumb Code     0  startup_stm32f427x.o(.text)
    TIM1_CC_IRQHandler                       0x0800029b   Thumb Code     0  startup_stm32f427x.o(.text)
    TIM1_TRG_COM_TIM11_IRQHandler            0x0800029b   Thumb Code     0  startup_stm32f427x.o(.text)
    TIM1_UP_TIM10_IRQHandler                 0x0800029b   Thumb Code     0  startup_stm32f427x.o(.text)
    TIM2_IRQHandler                          0x0800029b   Thumb Code     0  startup_stm32f427x.o(.text)
    TIM3_IRQHandler                          0x0800029b   Thumb Code     0  startup_stm32f427x.o(.text)
    TIM4_IRQHandler                          0x0800029b   Thumb Code     0  startup_stm32f427x.o(.text)
    TIM5_IRQHandler                          0x0800029b   Thumb Code     0  startup_stm32f427x.o(.text)
    TIM6_DAC_IRQHandler                      0x0800029b   Thumb Code     0  startup_stm32f427x.o(.text)
    TIM7_IRQHandler                          0x0800029b   Thumb Code     0  startup_stm32f427x.o(.text)
    TIM8_BRK_TIM12_IRQHandler                0x0800029b   Thumb Code     0  startup_stm32f427x.o(.text)
    TIM8_CC_IRQHandler                       0x0800029b   Thumb Code     0  startup_stm32f427x.o(.text)
    TIM8_TRG_COM_TIM14_IRQHandler            0x0800029b   Thumb Code     0  startup_stm32f427x.o(.text)
    TIM8_UP_TIM13_IRQHandler                 0x0800029b   Thumb Code     0  startup_stm32f427x.o(.text)
    UART4_IRQHandler                         0x0800029b   Thumb Code     0  startup_stm32f427x.o(.text)
    UART5_IRQHandler                         0x0800029b   Thumb Code     0  startup_stm32f427x.o(.text)
    UART7_IRQHandler                         0x0800029b   Thumb Code     0  startup_stm32f427x.o(.text)
    UART8_IRQHandler                         0x0800029b   Thumb Code     0  startup_stm32f427x.o(.text)
    USART2_IRQHandler                        0x0800029b   Thumb Code     0  startup_stm32f427x.o(.text)
    USART3_IRQHandler                        0x0800029b   Thumb Code     0  startup_stm32f427x.o(.text)
    USART6_IRQHandler                        0x0800029b   Thumb Code     0  startup_stm32f427x.o(.text)
    WWDG_IRQHandler                          0x0800029b   Thumb Code     0  startup_stm32f427x.o(.text)
    __aeabi_ldivmod                          0x080002a5   Thumb Code    98  ldiv.o(.text)
    __aeabi_memcpy                           0x08000307   Thumb Code    36  memcpya.o(.text)
    __aeabi_memcpy4                          0x08000307   Thumb Code     0  memcpya.o(.text)
    __aeabi_memcpy8                          0x08000307   Thumb Code     0  memcpya.o(.text)
    __aeabi_memset                           0x0800032b   Thumb Code    14  memseta.o(.text)
    __aeabi_memset4                          0x0800032b   Thumb Code     0  memseta.o(.text)
    __aeabi_memset8                          0x0800032b   Thumb Code     0  memseta.o(.text)
    __aeabi_memclr                           0x08000339   Thumb Code     4  memseta.o(.text)
    __aeabi_memclr4                          0x08000339   Thumb Code     0  memseta.o(.text)
    __aeabi_memclr8                          0x08000339   Thumb Code     0  memseta.o(.text)
    memset                                   0x0800033d   Thumb Code    18  memseta.o(.text)
    __aeabi_l2f                              0x0800034f   Thumb Code    44  ffltl.o(.text)
    __aeabi_uldivmod                         0x0800037b   Thumb Code    98  uldiv.o(.text)
    __aeabi_llsl                             0x080003dd   Thumb Code    30  llshl.o(.text)
    _ll_shift_l                              0x080003dd   Thumb Code     0  llshl.o(.text)
    __I$use$fp                               0x080003fb   Thumb Code     0  iusefp.o(.text)
    _float_round                             0x080003fb   Thumb Code    18  fepilogue.o(.text)
    _float_epilogue                          0x0800040d   Thumb Code    92  fepilogue.o(.text)
    __scatterload                            0x08000469   Thumb Code    28  init.o(.text)
    __scatterload_rt2                        0x08000469   Thumb Code     0  init.o(.text)
    __aeabi_llsr                             0x0800048d   Thumb Code    32  llushr.o(.text)
    _ll_ushift_r                             0x0800048d   Thumb Code     0  llushr.o(.text)
    BusFault_Handler                         0x080004ad   Thumb Code     2  stm32f4xx_it.o(i.BusFault_Handler)
    DebugMon_Handler                         0x08000501   Thumb Code     2  stm32f4xx_it.o(i.DebugMon_Handler)
    HAL_DMA_Abort                            0x08000503   Thumb Code    82  stm32f4xx_hal_dma.o(i.HAL_DMA_Abort)
    HAL_DMA_DeInit                           0x08000555   Thumb Code    86  stm32f4xx_hal_dma.o(i.HAL_DMA_DeInit)
    HAL_DMA_Init                             0x080005ad   Thumb Code   116  stm32f4xx_hal_dma.o(i.HAL_DMA_Init)
    HAL_DMA_Start                            0x08000625   Thumb Code    58  stm32f4xx_hal_dma.o(i.HAL_DMA_Start)
    HAL_GPIO_Init                            0x08000661   Thumb Code   422  stm32f4xx_hal_gpio.o(i.HAL_GPIO_Init)
    HAL_GPIO_WritePin                        0x0800083d   Thumb Code    10  stm32f4xx_hal_gpio.o(i.HAL_GPIO_WritePin)
    HAL_GetTick                              0x08000849   Thumb Code     6  stm32f4xx_hal.o(i.HAL_GetTick)
    HAL_Init                                 0x08000855   Thumb Code    48  stm32f4xx_hal.o(i.HAL_Init)
    HAL_InitTick                             0x08000889   Thumb Code    34  stm32f4xx_hal.o(i.HAL_InitTick)
    HAL_MspInit                              0x080008ab   Thumb Code     8  stm32f4xx_hal.o(i.HAL_MspInit)
    HAL_NVIC_EnableIRQ                       0x080008b3   Thumb Code    22  stm32f4xx_hal_cortex.o(i.HAL_NVIC_EnableIRQ)
    HAL_NVIC_SetPriority                     0x080008c9   Thumb Code    60  stm32f4xx_hal_cortex.o(i.HAL_NVIC_SetPriority)
    HAL_NVIC_SetPriorityGrouping             0x08000909   Thumb Code    26  stm32f4xx_hal_cortex.o(i.HAL_NVIC_SetPriorityGrouping)
    HAL_PWREx_EnableOverDrive                0x0800092d   Thumb Code   122  stm32f4xx_hal_pwr_ex.o(i.HAL_PWREx_EnableOverDrive)
    HAL_RCC_ClockConfig                      0x080009b5   Thumb Code   512  stm32f4xx_hal_rcc.o(i.HAL_RCC_ClockConfig)
    HAL_RCC_GetHCLKFreq                      0x08000bbd   Thumb Code    38  stm32f4xx_hal_rcc.o(i.HAL_RCC_GetHCLKFreq)
    HAL_RCC_GetPCLK1Freq                     0x08000bf1   Thumb Code    36  stm32f4xx_hal_rcc.o(i.HAL_RCC_GetPCLK1Freq)
    HAL_RCC_GetPCLK2Freq                     0x08000c1d   Thumb Code    36  stm32f4xx_hal_rcc.o(i.HAL_RCC_GetPCLK2Freq)
    HAL_RCC_GetSysClockFreq                  0x08000c49   Thumb Code   104  stm32f4xx_hal_rcc.o(i.HAL_RCC_GetSysClockFreq)
    HAL_RCC_OscConfig                        0x08000cbd   Thumb Code   774  stm32f4xx_hal_rcc.o(i.HAL_RCC_OscConfig)
    HAL_SYSTICK_CLKSourceConfig              0x08000fd9   Thumb Code    24  stm32f4xx_hal_cortex.o(i.HAL_SYSTICK_CLKSourceConfig)
    HAL_SYSTICK_Config                       0x08000ff1   Thumb Code    40  stm32f4xx_hal_cortex.o(i.HAL_SYSTICK_Config)
    HAL_UART_DMAStop                         0x08001019   Thumb Code    50  stm32f4xx_hal_uart.o(i.HAL_UART_DMAStop)
    HAL_UART_ErrorCallback                   0x0800104b   Thumb Code     2  stm32f4xx_hal_uart.o(i.HAL_UART_ErrorCallback)
    HAL_UART_GetState                        0x0800104d   Thumb Code     6  stm32f4xx_hal_uart.o(i.HAL_UART_GetState)
    HAL_UART_IRQHandler                      0x08001053   Thumb Code   244  stm32f4xx_hal_uart.o(i.HAL_UART_IRQHandler)
    HAL_UART_Init                            0x08001147   Thumb Code    94  stm32f4xx_hal_uart.o(i.HAL_UART_Init)
    HAL_UART_MspInit                         0x080011a5   Thumb Code   112  usart.o(i.HAL_UART_MspInit)
    HAL_UART_Receive_IT                      0x08001221   Thumb Code   104  stm32f4xx_hal_uart.o(i.HAL_UART_Receive_IT)
    HAL_UART_RxCpltCallback                  0x08001289   Thumb Code    76  usart.o(i.HAL_UART_RxCpltCallback)
    HAL_UART_TxCpltCallback                  0x080012e1   Thumb Code     2  stm32f4xx_hal_uart.o(i.HAL_UART_TxCpltCallback)
    HardFault_Handler                        0x080012e3   Thumb Code     2  stm32f4xx_it.o(i.HardFault_Handler)
    IIC_Ack                                  0x080012e5   Thumb Code    88  iic.o(i.IIC_Ack)
    IIC_NAck                                 0x0800133d   Thumb Code    88  iic.o(i.IIC_NAck)
    IIC_READ_SDA                             0x08001395   Thumb Code    86  iic.o(i.IIC_READ_SDA)
    IIC_Read_Byte                            0x08001411   Thumb Code   128  iic.o(i.IIC_Read_Byte)
    IIC_SCL                                  0x08001491   Thumb Code    84  iic.o(i.IIC_SCL)
    IIC_SDA                                  0x08001509   Thumb Code    84  iic.o(i.IIC_SDA)
    IIC_Send_Byte                            0x08001581   Thumb Code   110  iic.o(i.IIC_Send_Byte)
    IIC_Start                                0x080015ef   Thumb Code    90  iic.o(i.IIC_Start)
    IIC_Stop                                 0x08001649   Thumb Code    90  iic.o(i.IIC_Stop)
    IIC_Wait_Ack                             0x080016a3   Thumb Code   118  iic.o(i.IIC_Wait_Ack)
    IIC_delay                                0x08001719   Thumb Code    12  iic.o(i.IIC_delay)
    LED_Init                                 0x08001725   Thumb Code    76  led.o(i.LED_Init)
    MPU9250_IIC_Read                         0x08001779   Thumb Code   150  mpu9250.o(i.MPU9250_IIC_Read)
    MPU9250_IIC_Write                        0x0800180f   Thumb Code   120  mpu9250.o(i.MPU9250_IIC_Write)
    MemManage_Handler                        0x08001887   Thumb Code     2  stm32f4xx_it.o(i.MemManage_Handler)
    NMI_Handler                              0x08001889   Thumb Code     2  stm32f4xx_it.o(i.NMI_Handler)
    READ_MPU9250_ACCEL                       0x080018ad   Thumb Code   142  mpu9250.o(i.READ_MPU9250_ACCEL)
    READ_MPU9250_GYRO                        0x08001945   Thumb Code   142  mpu9250.o(i.READ_MPU9250_GYRO)
    SDA_IN                                   0x080019dd   Thumb Code    20  iic.o(i.SDA_IN)
    SDA_OUT                                  0x080019f1   Thumb Code    26  iic.o(i.SDA_OUT)
    Send_RCData                              0x08001a0d   Thumb Code   426  swj.o(i.Send_RCData)
    Stm32_Clock_Init                         0x08001bc5   Thumb Code   122  sys.o(i.Stm32_Clock_Init)
    SysTick_Handler                          0x08001c49   Thumb Code    28  delay.o(i.SysTick_Handler)
    SystemInit                               0x08001c69   Thumb Code    66  system_stm32f4xx.o(i.SystemInit)
    UART1DMA_Config                          0x08001cbd   Thumb Code   102  usart.o(i.UART1DMA_Config)
    UART1DMA_USART_Transmit                  0x08001d31   Thumb Code    28  usart.o(i.UART1DMA_USART_Transmit)
    USART1_IRQHandler                        0x08001fd1   Thumb Code    34  usart.o(i.USART1_IRQHandler)
    UsageFault_Handler                       0x08001ffd   Thumb Code     2  stm32f4xx_it.o(i.UsageFault_Handler)
    __scatterload_copy                       0x08001fff   Thumb Code    14  handlers.o(i.__scatterload_copy)
    __scatterload_null                       0x0800200d   Thumb Code     2  handlers.o(i.__scatterload_null)
    __scatterload_zeroinit                   0x0800200f   Thumb Code    14  handlers.o(i.__scatterload_zeroinit)
    delay_init                               0x0800201d   Thumb Code    50  delay.o(i.delay_init)
    delay_ms                                 0x08002055   Thumb Code    52  delay.o(i.delay_ms)
    delay_us                                 0x0800208d   Thumb Code    48  delay.o(i.delay_us)
    getGyroBias                              0x080020c1   Thumb Code   108  sensors.o(i.getGyroBias)
    getGyroBiasMeanAndVar                    0x08002141   Thumb Code   398  sensors.o(i.getGyroBiasMeanAndVar)
    iicPortDef                               0x080022d9   Thumb Code   726  iic.o(i.iicPortDef)
    iicSingleInit                            0x080025bd   Thumb Code    52  iic.o(i.iicSingleInit)
    imuOriginalDataProcessing                0x080025f1   Thumb Code   206  sensors.o(i.imuOriginalDataProcessing)
    ledFlash                                 0x080026d1   Thumb Code    60  led.o(i.ledFlash)
    main                                     0x08002711   Thumb Code    42  main.o(i.main)
    mpu9250_Init                             0x08002755   Thumb Code   300  mpu9250.o(i.mpu9250_Init)
    pvPortMalloc                             0x08002f99   Thumb Code   210  heap_4.o(i.pvPortMalloc)
    pxPortInitialiseStack                    0x08003071   Thumb Code    40  port.o(i.pxPortInitialiseStack)
    sensorsQueueInit                         0x0800309d   Thumb Code    30  sensors.o(i.sensorsQueueInit)
    sysInit                                  0x08003155   Thumb Code    54  sysinit.o(i.sysInit)
    uart_init                                0x08003191   Thumb Code    54  usart.o(i.uart_init)
    uxListRemove                             0x080031d9   Thumb Code    38  list.o(i.uxListRemove)
    vListInitialise                          0x080031ff   Thumb Code    22  list.o(i.vListInitialise)
    vListInitialiseItem                      0x08003215   Thumb Code     6  list.o(i.vListInitialiseItem)
    vListInsert                              0x0800321b   Thumb Code    48  list.o(i.vListInsert)
    vListInsertEnd                           0x0800324b   Thumb Code    24  list.o(i.vListInsertEnd)
    vPortEnterCritical                       0x08003265   Thumb Code    54  port.o(i.vPortEnterCritical)
    vPortExitCritical                        0x080032a5   Thumb Code    34  port.o(i.vPortExitCritical)
    vPortFree                                0x080032cd   Thumb Code    88  heap_4.o(i.vPortFree)
    vPortSetupTimerInterrupt                 0x08003329   Thumb Code    32  port.o(i.vPortSetupTimerInterrupt)
    vPortValidateInterruptPriority           0x0800334d   Thumb Code    74  port.o(i.vPortValidateInterruptPriority)
    vQueueAddToRegistry                      0x080033a1   Thumb Code    32  queue.o(i.vQueueAddToRegistry)
    vQueueWaitForMessageRestricted           0x080033c5   Thumb Code    68  queue.o(i.vQueueWaitForMessageRestricted)
    vTaskDataUpload                          0x08003409   Thumb Code   330  task.o(i.vTaskDataUpload)
    vTaskDelay                               0x08003581   Thumb Code    66  tasks.o(i.vTaskDelay)
    vTaskDelete                              0x080035cd   Thumb Code   156  tasks.o(i.vTaskDelete)
    vTaskIndicatorLED                        0x08003679   Thumb Code    18  task.o(i.vTaskIndicatorLED)
    vTaskInternalSetTimeOutState             0x08003691   Thumb Code    12  tasks.o(i.vTaskInternalSetTimeOutState)
    vTaskMissedYield                         0x080036a1   Thumb Code     8  tasks.o(i.vTaskMissedYield)
    vTaskPlaceOnEventList                    0x080036ad   Thumb Code    44  tasks.o(i.vTaskPlaceOnEventList)
    vTaskPlaceOnEventListRestricted          0x080036dd   Thumb Code    52  tasks.o(i.vTaskPlaceOnEventListRestricted)
    vTaskReadSenser                          0x08003715   Thumb Code   136  task.o(i.vTaskReadSenser)
    vTaskRemoveFromUnorderedEventList        0x080037bd   Thumb Code   104  tasks.o(i.vTaskRemoveFromUnorderedEventList)
    vTaskStartScheduler                      0x0800382d   Thumb Code    94  tasks.o(i.vTaskStartScheduler)
    vTaskSuspendAll                          0x0800389d   Thumb Code    10  tasks.o(i.vTaskSuspendAll)
    vTaskSwitchContext                       0x080038ad   Thumb Code    82  tasks.o(i.vTaskSwitchContext)
    xEventGroupCreate                        0x08003909   Thumb Code    26  event_groups.o(i.xEventGroupCreate)
    xEventGroupSetBits                       0x08003923   Thumb Code   140  event_groups.o(i.xEventGroupSetBits)
    xPortStartScheduler                      0x080039b1   Thumb Code   224  port.o(i.xPortStartScheduler)
    xPortSysTickHandler                      0x08003aa5   Thumb Code    38  port.o(i.xPortSysTickHandler)
    xQueueGenericCreate                      0x08003ad1   Thumb Code    82  queue.o(i.xQueueGenericCreate)
    xQueueGenericReset                       0x08003b25   Thumb Code   132  queue.o(i.xQueueGenericReset)
    xQueueGenericSend                        0x08003bad   Thumb Code   350  queue.o(i.xQueueGenericSend)
    xQueueGenericSendFromISR                 0x08003d11   Thumb Code   188  queue.o(i.xQueueGenericSendFromISR)
    xQueueReceive                            0x08003dcd   Thumb Code   308  queue.o(i.xQueueReceive)
    xTaskCheckForTimeOut                     0x08003f05   Thumb Code   112  tasks.o(i.xTaskCheckForTimeOut)
    xTaskCreate                              0x08003f79   Thumb Code    86  tasks.o(i.xTaskCreate)
    xTaskGetSchedulerState                   0x08003fd1   Thumb Code    22  tasks.o(i.xTaskGetSchedulerState)
    xTaskGetTickCount                        0x08003fed   Thumb Code     6  tasks.o(i.xTaskGetTickCount)
    xTaskIncrementTick                       0x08003ff9   Thumb Code   192  tasks.o(i.xTaskIncrementTick)
    xTaskPriorityDisinherit                  0x080040c1   Thumb Code   144  tasks.o(i.xTaskPriorityDisinherit)
    xTaskRemoveFromEventList                 0x08004159   Thumb Code   108  tasks.o(i.xTaskRemoveFromEventList)
    xTaskResumeAll                           0x080041cd   Thumb Code   182  tasks.o(i.xTaskResumeAll)
    xTimerCreateTimerTask                    0x08004291   Thumb Code    58  timers.o(i.xTimerCreateTimerTask)
    xTimerGenericCommand                     0x080042dd   Thumb Code    88  timers.o(i.xTimerGenericCommand)
    APBAHBPrescTable                         0x08004338   Data          16  stm32f4xx_hal_rcc.o(.constdata)
    Region$$Table$$Base                      0x08004350   Number         0  anon$$obj.o(Region$$Table)
    Region$$Table$$Limit                     0x08004370   Number         0  anon$$obj.o(Region$$Table)
    startTaskHandle                          0x20000000   Data           4  main.o(.data)
    SystemCoreClock                          0x20000004   Data           4  system_stm32f4xx.o(.data)
    xCreatedEventGroup                       0x20000008   Data           4  task.o(.data)
    aRxBuffer                                0x2000001c   Data           1  usart.o(.data)
    USART_RX_STA                             0x2000001e   Data           2  usart.o(.data)
    accOriginalData                          0x20000020   Data           6  mpu9250.o(.data)
    gyroOriginalData                         0x20000026   Data           6  mpu9250.o(.data)
    magOriginalData                          0x2000002c   Data           6  mpu9250.o(.data)
    i                                        0x20000032   Data           1  swj.o(.data)
    isBufferFulled                           0x20000034   Data           1  sensors.o(.data)
    isGetGyroBiasFinished                    0x20000035   Data           1  sensors.o(.data)
    bufHead                                  0x20000038   Data           4  sensors.o(.data)
    gyroDataQueue                            0x2000003c   Data           4  sensors.o(.data)
    accDataQueue                             0x20000040   Data           4  sensors.o(.data)
    pxCurrentTCB                             0x20000044   Data           4  tasks.o(.data)
    mpu9250_data                             0x200000b8   Data          36  task.o(.bss)
    USART_RX_BUF                             0x200000dc   Data         200  usart.o(.bss)
    UART1_Handler                            0x200001a4   Data          64  usart.o(.bss)
    UART1TxDMA_Handler                       0x200001e4   Data          88  usart.o(.bss)
    ASA                                      0x2000023c   Data          12  mpu9250.o(.bss)
    mpu9250_iic                              0x20000248   Data          16  mpu9250.o(.bss)
    gyroBias                                 0x20000258   Data          24  sensors.o(.bss)
    accBias                                  0x20000270   Data          12  sensors.o(.bss)
    accT                                     0x2000027c   Data          12  sensors.o(.bss)
    gyroBiasSampleBuffer                     0x20000288   Data        3000  sensors.o(.bss)
    dataProcessed                            0x20000e40   Data          36  sensors.o(.bss)
    xQueueRegistry                           0x20000e64   Data          64  queue.o(.bss)
    __initial_sp                             0x20013ff8   Data           0  startup_stm32f427x.o(STACK)



==============================================================================

Memory Map of the image

  Image Entry point : 0x080001ad

  Load Region LR_IROM1 (Base: 0x08000000, Size: 0x00004428, Max: 0x00200000, ABSOLUTE)

    Execution Region ER_IROM1 (Base: 0x08000000, Size: 0x00004370, Max: 0x00200000, ABSOLUTE)

    Base Addr    Size         Type   Attr      Idx    E Section Name        Object

    0x08000000   0x000001ac   Data   RO          491    RESET               startup_stm32f427x.o
    0x080001ac   0x00000000   Code   RO         3623  * .ARM.Collect$$$$00000000  mc_w.l(entry.o)
    0x080001ac   0x00000004   Code   RO         3716    .ARM.Collect$$$$00000001  mc_w.l(entry2.o)
    0x080001b0   0x00000004   Code   RO         3719    .ARM.Collect$$$$00000004  mc_w.l(entry5.o)
    0x080001b4   0x00000000   Code   RO         3721    .ARM.Collect$$$$00000008  mc_w.l(entry7b.o)
    0x080001b4   0x00000000   Code   RO         3723    .ARM.Collect$$$$0000000A  mc_w.l(entry8b.o)
    0x080001b4   0x00000008   Code   RO         3724    .ARM.Collect$$$$0000000B  mc_w.l(entry9a.o)
    0x080001bc   0x00000000   Code   RO         3726    .ARM.Collect$$$$0000000D  mc_w.l(entry10a.o)
    0x080001bc   0x00000000   Code   RO         3728    .ARM.Collect$$$$0000000F  mc_w.l(entry11a.o)
    0x080001bc   0x00000004   Code   RO         3717    .ARM.Collect$$$$00002712  mc_w.l(entry2.o)
    0x080001c0   0x000000be   Code   RO         3345    .emb_text           port.o
    0x0800027e   0x00000002   PAD
    0x08000280   0x00000024   Code   RO          492    .text               startup_stm32f427x.o
    0x080002a4   0x00000062   Code   RO         3626    .text               mc_w.l(ldiv.o)
    0x08000306   0x00000024   Code   RO         3630    .text               mc_w.l(memcpya.o)
    0x0800032a   0x00000024   Code   RO         3634    .text               mc_w.l(memseta.o)
    0x0800034e   0x0000002c   Code   RO         3644    .text               mf_w.l(ffltl.o)
    0x0800037a   0x00000062   Code   RO         3730    .text               mc_w.l(uldiv.o)
    0x080003dc   0x0000001e   Code   RO         3732    .text               mc_w.l(llshl.o)
    0x080003fa   0x00000000   Code   RO         3743    .text               mc_w.l(iusefp.o)
    0x080003fa   0x0000006e   Code   RO         3744    .text               mf_w.l(fepilogue.o)
    0x08000468   0x00000024   Code   RO         3758    .text               mc_w.l(init.o)
    0x0800048c   0x00000020   Code   RO         3760    .text               mc_w.l(llushr.o)
    0x080004ac   0x00000002   Code   RO          339    i.BusFault_Handler  stm32f4xx_it.o
    0x080004ae   0x00000002   PAD
    0x080004b0   0x00000028   Code   RO         1634    i.DMA_CalcBaseAndBitshift  stm32f4xx_hal_dma.o
    0x080004d8   0x00000028   Code   RO         1635    i.DMA_SetConfig     stm32f4xx_hal_dma.o
    0x08000500   0x00000002   Code   RO          340    i.DebugMon_Handler  stm32f4xx_it.o
    0x08000502   0x00000052   Code   RO         1636    i.HAL_DMA_Abort     stm32f4xx_hal_dma.o
    0x08000554   0x00000056   Code   RO         1637    i.HAL_DMA_DeInit    stm32f4xx_hal_dma.o
    0x080005aa   0x00000002   PAD
    0x080005ac   0x00000078   Code   RO         1641    i.HAL_DMA_Init      stm32f4xx_hal_dma.o
    0x08000624   0x0000003a   Code   RO         1643    i.HAL_DMA_Start     stm32f4xx_hal_dma.o
    0x0800065e   0x00000002   PAD
    0x08000660   0x000001dc   Code   RO          783    i.HAL_GPIO_Init     stm32f4xx_hal_gpio.o
    0x0800083c   0x0000000a   Code   RO          787    i.HAL_GPIO_WritePin  stm32f4xx_hal_gpio.o
    0x08000846   0x00000002   PAD
    0x08000848   0x0000000c   Code   RO          514    i.HAL_GetTick       stm32f4xx_hal.o
    0x08000854   0x00000034   Code   RO          516    i.HAL_Init          stm32f4xx_hal.o
    0x08000888   0x00000022   Code   RO          517    i.HAL_InitTick      stm32f4xx_hal.o
    0x080008aa   0x00000008   Code   RO          519    i.HAL_MspInit       stm32f4xx_hal.o
    0x080008b2   0x00000016   Code   RO          660    i.HAL_NVIC_EnableIRQ  stm32f4xx_hal_cortex.o
    0x080008c8   0x00000040   Code   RO          666    i.HAL_NVIC_SetPriority  stm32f4xx_hal_cortex.o
    0x08000908   0x00000024   Code   RO          667    i.HAL_NVIC_SetPriorityGrouping  stm32f4xx_hal_cortex.o
    0x0800092c   0x00000088   Code   RO          972    i.HAL_PWREx_EnableOverDrive  stm32f4xx_hal_pwr_ex.o
    0x080009b4   0x00000208   Code   RO         1039    i.HAL_RCC_ClockConfig  stm32f4xx_hal_rcc.o
    0x08000bbc   0x00000034   Code   RO         1044    i.HAL_RCC_GetHCLKFreq  stm32f4xx_hal_rcc.o
    0x08000bf0   0x0000002c   Code   RO         1046    i.HAL_RCC_GetPCLK1Freq  stm32f4xx_hal_rcc.o
    0x08000c1c   0x0000002c   Code   RO         1047    i.HAL_RCC_GetPCLK2Freq  stm32f4xx_hal_rcc.o
    0x08000c48   0x00000074   Code   RO         1048    i.HAL_RCC_GetSysClockFreq  stm32f4xx_hal_rcc.o
    0x08000cbc   0x0000031c   Code   RO         1051    i.HAL_RCC_OscConfig  stm32f4xx_hal_rcc.o
    0x08000fd8   0x00000018   Code   RO          669    i.HAL_SYSTICK_CLKSourceConfig  stm32f4xx_hal_cortex.o
    0x08000ff0   0x00000028   Code   RO          671    i.HAL_SYSTICK_Config  stm32f4xx_hal_cortex.o
    0x08001018   0x00000032   Code   RO         1189    i.HAL_UART_DMAStop  stm32f4xx_hal_uart.o
    0x0800104a   0x00000002   Code   RO         1191    i.HAL_UART_ErrorCallback  stm32f4xx_hal_uart.o
    0x0800104c   0x00000006   Code   RO         1193    i.HAL_UART_GetState  stm32f4xx_hal_uart.o
    0x08001052   0x000000f4   Code   RO         1194    i.HAL_UART_IRQHandler  stm32f4xx_hal_uart.o
    0x08001146   0x0000005e   Code   RO         1195    i.HAL_UART_Init     stm32f4xx_hal_uart.o
    0x080011a4   0x0000007c   Code   RO         1836    i.HAL_UART_MspInit  usart.o
    0x08001220   0x00000068   Code   RO         1200    i.HAL_UART_Receive_IT  stm32f4xx_hal_uart.o
    0x08001288   0x00000058   Code   RO         1837    i.HAL_UART_RxCpltCallback  usart.o
    0x080012e0   0x00000002   Code   RO         1206    i.HAL_UART_TxCpltCallback  stm32f4xx_hal_uart.o
    0x080012e2   0x00000002   Code   RO          341    i.HardFault_Handler  stm32f4xx_it.o
    0x080012e4   0x00000058   Code   RO         1980    i.IIC_Ack           iic.o
    0x0800133c   0x00000058   Code   RO         1981    i.IIC_NAck          iic.o
    0x08001394   0x0000007c   Code   RO         1982    i.IIC_READ_SDA      iic.o
    0x08001410   0x00000080   Code   RO         1983    i.IIC_Read_Byte     iic.o
    0x08001490   0x00000078   Code   RO         1984    i.IIC_SCL           iic.o
    0x08001508   0x00000078   Code   RO         1985    i.IIC_SDA           iic.o
    0x08001580   0x0000006e   Code   RO         1986    i.IIC_Send_Byte     iic.o
    0x080015ee   0x0000005a   Code   RO         1987    i.IIC_Start         iic.o
    0x08001648   0x0000005a   Code   RO         1988    i.IIC_Stop          iic.o
    0x080016a2   0x00000076   Code   RO         1989    i.IIC_Wait_Ack      iic.o
    0x08001718   0x0000000c   Code   RO         1990    i.IIC_delay         iic.o
    0x08001724   0x00000054   Code   RO         1926    i.LED_Init          led.o
    0x08001778   0x00000096   Code   RO         2089    i.MPU9250_IIC_Read  mpu9250.o
    0x0800180e   0x00000078   Code   RO         2090    i.MPU9250_IIC_Write  mpu9250.o
    0x08001886   0x00000002   Code   RO          342    i.MemManage_Handler  stm32f4xx_it.o
    0x08001888   0x00000002   Code   RO          343    i.NMI_Handler       stm32f4xx_it.o
    0x0800188a   0x00000020   Code   RO          673    i.NVIC_SetPriority  stm32f4xx_hal_cortex.o
    0x080018aa   0x00000002   PAD
    0x080018ac   0x00000098   Code   RO         2091    i.READ_MPU9250_ACCEL  mpu9250.o
    0x08001944   0x00000098   Code   RO         2092    i.READ_MPU9250_GYRO  mpu9250.o
    0x080019dc   0x00000014   Code   RO         1991    i.SDA_IN            iic.o
    0x080019f0   0x0000001a   Code   RO         1992    i.SDA_OUT           iic.o
    0x08001a0a   0x00000002   PAD
    0x08001a0c   0x000001b8   Code   RO         2153    i.Send_RCData       swj.o
    0x08001bc4   0x00000084   Code   RO         1809    i.Stm32_Clock_Init  sys.o
    0x08001c48   0x00000020   Code   RO         1758    i.SysTick_Handler   delay.o
    0x08001c68   0x00000054   Code   RO          400    i.SystemInit        system_stm32f4xx.o
    0x08001cbc   0x00000074   Code   RO         1838    i.UART1DMA_Config   usart.o
    0x08001d30   0x0000001c   Code   RO         1839    i.UART1DMA_USART_Transmit  usart.o
    0x08001d4c   0x000000a6   Code   RO         1213    i.UART_Receive_IT   stm32f4xx_hal_uart.o
    0x08001df2   0x00000002   PAD
    0x08001df4   0x00000174   Code   RO         1214    i.UART_SetConfig    stm32f4xx_hal_uart.o
    0x08001f68   0x00000066   Code   RO         1215    i.UART_Transmit_IT  stm32f4xx_hal_uart.o
    0x08001fce   0x00000002   PAD
    0x08001fd0   0x0000002c   Code   RO         1840    i.USART1_IRQHandler  usart.o
    0x08001ffc   0x00000002   Code   RO          344    i.UsageFault_Handler  stm32f4xx_it.o
    0x08001ffe   0x0000000e   Code   RO         3764    i.__scatterload_copy  mc_w.l(handlers.o)
    0x0800200c   0x00000002   Code   RO         3765    i.__scatterload_null  mc_w.l(handlers.o)
    0x0800200e   0x0000000e   Code   RO         3766    i.__scatterload_zeroinit  mc_w.l(handlers.o)
    0x0800201c   0x00000038   Code   RO         1759    i.delay_init        delay.o
    0x08002054   0x00000038   Code   RO         1760    i.delay_ms          delay.o
    0x0800208c   0x00000034   Code   RO         1761    i.delay_us          delay.o
    0x080020c0   0x00000080   Code   RO         2188    i.getGyroBias       sensors.o
    0x08002140   0x00000198   Code   RO         2189    i.getGyroBiasMeanAndVar  sensors.o
    0x080022d8   0x000002e4   Code   RO         1993    i.iicPortDef        iic.o
    0x080025bc   0x00000034   Code   RO         1994    i.iicSingleInit     iic.o
    0x080025f0   0x000000e0   Code   RO         2190    i.imuOriginalDataProcessing  sensors.o
    0x080026d0   0x00000040   Code   RO         1927    i.ledFlash          led.o
    0x08002710   0x00000044   Code   RO            4    i.main              main.o
    0x08002754   0x00000134   Code   RO         2094    i.mpu9250_Init      mpu9250.o
    0x08002888   0x00000070   Code   RO         2848    i.prvAddCurrentTaskToDelayedList  tasks.o
    0x080028f8   0x000000d4   Code   RO         2849    i.prvAddNewTaskToReadyList  tasks.o
    0x080029cc   0x00000050   Code   RO         3196    i.prvCheckForValidListAndQueue  timers.o
    0x08002a1c   0x00000026   Code   RO         2449    i.prvCopyDataFromQueue  queue.o
    0x08002a42   0x0000006c   Code   RO         2450    i.prvCopyDataToQueue  queue.o
    0x08002aae   0x00000014   Code   RO         2850    i.prvDeleteTCB      tasks.o
    0x08002ac2   0x00000002   PAD
    0x08002ac4   0x0000004c   Code   RO         3441    i.prvHeapInit       heap_4.o
    0x08002b10   0x0000005c   Code   RO         2851    i.prvIdleTask       tasks.o
    0x08002b6c   0x000000ae   Code   RO         2852    i.prvInitialiseNewTask  tasks.o
    0x08002c1a   0x00000002   PAD
    0x08002c1c   0x0000004c   Code   RO         3442    i.prvInsertBlockIntoFreeList  heap_4.o
    0x08002c68   0x00000038   Code   RO         3197    i.prvInsertTimerInActiveList  timers.o
    0x08002ca0   0x0000001a   Code   RO         2451    i.prvIsQueueEmpty   queue.o
    0x08002cba   0x00000002   PAD
    0x08002cbc   0x000000b8   Code   RO         3198    i.prvProcessReceivedCommands  timers.o
    0x08002d74   0x000000b4   Code   RO         3199    i.prvProcessTimerOrBlockTask  timers.o
    0x08002e28   0x00000020   Code   RO         2854    i.prvResetNextTaskUnblockTime  tasks.o
    0x08002e48   0x00000028   Code   RO         3200    i.prvSampleTimeNow  timers.o
    0x08002e70   0x0000006c   Code   RO         3201    i.prvSwitchTimerLists  timers.o
    0x08002edc   0x00000028   Code   RO         3346    i.prvTaskExitError  port.o
    0x08002f04   0x00000028   Code   RO         3202    i.prvTimerTask      timers.o
    0x08002f2c   0x0000006a   Code   RO         2452    i.prvUnlockQueue    queue.o
    0x08002f96   0x00000002   PAD
    0x08002f98   0x000000d8   Code   RO         3443    i.pvPortMalloc      heap_4.o
    0x08003070   0x0000002c   Code   RO         3347    i.pxPortInitialiseStack  port.o
    0x0800309c   0x00000024   Code   RO         2192    i.sensorsQueueInit  sensors.o
    0x080030c0   0x00000094   Code   RO            5    i.startTask         main.o
    0x08003154   0x0000003c   Code   RO         1956    i.sysInit           sysinit.o
    0x08003190   0x00000048   Code   RO         1844    i.uart_init         usart.o
    0x080031d8   0x00000026   Code   RO         2406    i.uxListRemove      list.o
    0x080031fe   0x00000016   Code   RO         2407    i.vListInitialise   list.o
    0x08003214   0x00000006   Code   RO         2408    i.vListInitialiseItem  list.o
    0x0800321a   0x00000030   Code   RO         2409    i.vListInsert       list.o
    0x0800324a   0x00000018   Code   RO         2410    i.vListInsertEnd    list.o
    0x08003262   0x00000002   PAD
    0x08003264   0x00000040   Code   RO         3349    i.vPortEnterCritical  port.o
    0x080032a4   0x00000028   Code   RO         3350    i.vPortExitCritical  port.o
    0x080032cc   0x0000005c   Code   RO         3444    i.vPortFree         heap_4.o
    0x08003328   0x00000024   Code   RO         3351    i.vPortSetupTimerInterrupt  port.o
    0x0800334c   0x00000054   Code   RO         3352    i.vPortValidateInterruptPriority  port.o
    0x080033a0   0x00000024   Code   RO         2458    i.vQueueAddToRegistry  queue.o
    0x080033c4   0x00000044   Code   RO         2462    i.vQueueWaitForMessageRestricted  queue.o
    0x08003408   0x00000178   Code   RO          441    i.vTaskDataUpload   task.o
    0x08003580   0x0000004c   Code   RO         2864    i.vTaskDelay        tasks.o
    0x080035cc   0x000000ac   Code   RO         2866    i.vTaskDelete       tasks.o
    0x08003678   0x00000018   Code   RO          442    i.vTaskIndicatorLED  task.o
    0x08003690   0x00000010   Code   RO         2869    i.vTaskInternalSetTimeOutState  tasks.o
    0x080036a0   0x0000000c   Code   RO         2870    i.vTaskMissedYield  tasks.o
    0x080036ac   0x00000030   Code   RO         2872    i.vTaskPlaceOnEventList  tasks.o
    0x080036dc   0x00000038   Code   RO         2873    i.vTaskPlaceOnEventListRestricted  tasks.o
    0x08003714   0x000000a8   Code   RO          443    i.vTaskReadSenser   task.o
    0x080037bc   0x00000070   Code   RO         2877    i.vTaskRemoveFromUnorderedEventList  tasks.o
    0x0800382c   0x00000070   Code   RO         2881    i.vTaskStartScheduler  tasks.o
    0x0800389c   0x00000010   Code   RO         2883    i.vTaskSuspendAll   tasks.o
    0x080038ac   0x0000005c   Code   RO         2884    i.vTaskSwitchContext  tasks.o
    0x08003908   0x0000001a   Code   RO         2295    i.xEventGroupCreate  event_groups.o
    0x08003922   0x0000008c   Code   RO         2297    i.xEventGroupSetBits  event_groups.o
    0x080039ae   0x00000002   PAD
    0x080039b0   0x000000f4   Code   RO         3353    i.xPortStartScheduler  port.o
    0x08003aa4   0x0000002c   Code   RO         3354    i.xPortSysTickHandler  port.o
    0x08003ad0   0x00000052   Code   RO         2465    i.xQueueGenericCreate  queue.o
    0x08003b22   0x00000002   PAD
    0x08003b24   0x00000088   Code   RO         2466    i.xQueueGenericReset  queue.o
    0x08003bac   0x00000164   Code   RO         2467    i.xQueueGenericSend  queue.o
    0x08003d10   0x000000bc   Code   RO         2468    i.xQueueGenericSendFromISR  queue.o
    0x08003dcc   0x00000138   Code   RO         2475    i.xQueueReceive     queue.o
    0x08003f04   0x00000074   Code   RO         2885    i.xTaskCheckForTimeOut  tasks.o
    0x08003f78   0x00000056   Code   RO         2886    i.xTaskCreate       tasks.o
    0x08003fce   0x00000002   PAD
    0x08003fd0   0x0000001c   Code   RO         2890    i.xTaskGetSchedulerState  tasks.o
    0x08003fec   0x0000000c   Code   RO         2891    i.xTaskGetTickCount  tasks.o
    0x08003ff8   0x000000c8   Code   RO         2893    i.xTaskIncrementTick  tasks.o
    0x080040c0   0x00000098   Code   RO         2896    i.xTaskPriorityDisinherit  tasks.o
    0x08004158   0x00000074   Code   RO         2898    i.xTaskRemoveFromEventList  tasks.o
    0x080041cc   0x000000c4   Code   RO         2899    i.xTaskResumeAll    tasks.o
    0x08004290   0x0000004c   Code   RO         3208    i.xTimerCreateTimerTask  timers.o
    0x080042dc   0x0000005c   Code   RO         3209    i.xTimerGenericCommand  timers.o
    0x08004338   0x00000010   Data   RO         1052    .constdata          stm32f4xx_hal_rcc.o
    0x08004348   0x00000008   Data   RO         1645    .constdata          stm32f4xx_hal_dma.o
    0x08004350   0x00000020   Data   RO         3762    Region$$Table       anon$$obj.o


    Execution Region RW_IRAM1 (Base: 0x20000000, Size: 0x00013ff8, Max: 0x00030000, ABSOLUTE)

    Base Addr    Size         Type   Attr      Idx    E Section Name        Object

    0x20000000   0x00000004   Data   RW            6    .data               main.o
    0x20000004   0x00000004   Data   RW          402    .data               system_stm32f4xx.o
    0x20000008   0x00000004   Data   RW          445    .data               task.o
    0x2000000c   0x00000004   Data   RW          522    .data               stm32f4xx_hal.o
    0x20000010   0x0000000c   Data   RW         1763    .data               delay.o
    0x2000001c   0x00000004   Data   RW         1846    .data               usart.o
    0x20000020   0x00000012   Data   RW         2096    .data               mpu9250.o
    0x20000032   0x00000001   Data   RW         2159    .data               swj.o
    0x20000033   0x00000001   PAD
    0x20000034   0x00000010   Data   RW         2194    .data               sensors.o
    0x20000044   0x0000003c   Data   RW         2902    .data               tasks.o
    0x20000080   0x00000014   Data   RW         3215    .data               timers.o
    0x20000094   0x0000000c   Data   RW         3355    .data               port.o
    0x200000a0   0x00000018   Data   RW         3449    .data               heap_4.o
    0x200000b8   0x00000024   Zero   RW          444    .bss                task.o
    0x200000dc   0x00000160   Zero   RW         1845    .bss                usart.o
    0x2000023c   0x0000001c   Zero   RW         2095    .bss                mpu9250.o
    0x20000258   0x00000c0c   Zero   RW         2193    .bss                sensors.o
    0x20000e64   0x00000040   Zero   RW         2479    .bss                queue.o
    0x20000ea4   0x0000012c   Zero   RW         2901    .bss                tasks.o
    0x20000fd0   0x00000028   Zero   RW         3214    .bss                timers.o
    0x20000ff8   0x00012c00   Zero   RW         3448    .bss                heap_4.o
    0x20013bf8   0x00000400   Zero   RW          489    STACK               startup_stm32f427x.o


==============================================================================

Image component sizes


      Code (inc. data)   RO Data    RW Data    ZI Data      Debug   Object Name

       196         18          0         12          0       2665   delay.o
       166          0          0          0          0      12765   event_groups.o
       460         24          0         24      76800       4543   heap_4.o
      1926        124          0          0          0      11310   iic.o
       148         12          0          0          0       1594   led.o
       138          0          0          0          0       3250   list.o
       216         96          0          4          0     710793   main.o
       882         28          0         18         28       3758   mpu9250.o
       786         80          0         12          0      11505   port.o
      1456         18          0          0         64      15794   queue.o
       796         54          0         16       3084       4320   sensors.o
        36          8        428          0       1024        832   startup_stm32f427x.o
       106         10          0          4          0       3714   stm32f4xx_hal.o
       218         14          0          0          0      30997   stm32f4xx_hal_cortex.o
       426         10          8          0          0       5116   stm32f4xx_hal_dma.o
       486         54          0          0          0       2692   stm32f4xx_hal_gpio.o
       136         14          0          0          0       1332   stm32f4xx_hal_pwr_ex.o
      1572         72         16          0          0       6467   stm32f4xx_hal_rcc.o
      1142          8          0          0          0       8218   stm32f4xx_hal_uart.o
        12          0          0          0          0       2753   stm32f4xx_it.o
       440         14          0          1          0       2266   swj.o
       132         10          0          0          0       1171   sys.o
        60          6          0          0          0        534   sysinit.o
        84         18          0          4          0       1081   system_stm32f4xx.o
       568         84          0          4         36       2082   task.o
      2260        184          0         60        300      25534   tasks.o
       856         84          0         20         40      19559   timers.o
       472         66          0          4        352       5944   usart.o

    ----------------------------------------------------------------------
     16210       1110        484        184      81728     902589   Object Totals
         0          0         32          0          0          0   (incl. Generated)
        34          0          0          1          0          0   (incl. Padding)

    ----------------------------------------------------------------------

      Code (inc. data)   RO Data    RW Data    ZI Data      Debug   Library Member Name

         0          0          0          0          0          0   entry.o
         0          0          0          0          0          0   entry10a.o
         0          0          0          0          0          0   entry11a.o
         8          4          0          0          0          0   entry2.o
         4          0          0          0          0          0   entry5.o
         0          0          0          0          0          0   entry7b.o
         0          0          0          0          0          0   entry8b.o
         8          4          0          0          0          0   entry9a.o
        30          0          0          0          0          0   handlers.o
        36          8          0          0          0         68   init.o
         0          0          0          0          0          0   iusefp.o
        98          0          0          0          0         84   ldiv.o
        30          0          0          0          0         68   llshl.o
        32          0          0          0          0         68   llushr.o
        36          0          0          0          0         68   memcpya.o
        36          0          0          0          0        108   memseta.o
        98          0          0          0          0         92   uldiv.o
       110          0          0          0          0        168   fepilogue.o
        44          0          0          0          0         92   ffltl.o

    ----------------------------------------------------------------------
       570         16          0          0          0        816   Library Totals
         0          0          0          0          0          0   (incl. Padding)

    ----------------------------------------------------------------------

      Code (inc. data)   RO Data    RW Data    ZI Data      Debug   Library Name

       416         16          0          0          0        556   mc_w.l
       154          0          0          0          0        260   mf_w.l

    ----------------------------------------------------------------------
       570         16          0          0          0        816   Library Totals

    ----------------------------------------------------------------------

==============================================================================


      Code (inc. data)   RO Data    RW Data    ZI Data      Debug   

     16780       1126        484        184      81728     889097   Grand Totals
     16780       1126        484        184      81728     889097   ELF Image Totals
     16780       1126        484        184          0          0   ROM Totals

==============================================================================

    Total RO  Size (Code + RO Data)                17264 (  16.86kB)
    Total RW  Size (RW Data + ZI Data)             81912 (  79.99kB)
    Total ROM Size (Code + RO Data + RW Data)      17448 (  17.04kB)

==============================================================================

