Component: ARM Compiler 5.06 update 4 (build 422) Tool: armlink [4d35d2]

==============================================================================

Section Cross References

    main.o(i.main) refers to sysinit.o(i.sysInit) for sysInit
    main.o(i.main) refers to tasks.o(i.xTaskCreate) for xTaskCreate
    main.o(i.main) refers to event_groups.o(i.xEventGroupCreate) for xEventGroupCreate
    main.o(i.main) refers to tasks.o(i.vTaskStartScheduler) for vTaskStartScheduler
    main.o(i.main) refers to main.o(.data) for .data
    main.o(i.main) refers to main.o(i.startTask) for startTask
    main.o(i.main) refers to task.o(.data) for xCreatedEventGroup
    main.o(i.startTask) refers to port.o(i.vPortEnterCritical) for vPortEnterCritical
    main.o(i.startTask) refers to tasks.o(i.xTaskCreate) for xTaskCreate
    main.o(i.startTask) refers to tasks.o(i.vTaskDelete) for vTaskDelete
    main.o(i.startTask) refers to port.o(i.vPortExitCritical) for vPortExitCritical
    main.o(i.startTask) refers to task.o(i.vTaskIndicatorLED) for vTaskIndicatorLED
    main.o(i.startTask) refers to task.o(i.vTaskDataUpload) for vTaskDataUpload
    main.o(i.startTask) refers to task.o(i.vTaskAttitudeAlgorithm) for vTaskAttitudeAlgorithm
    main.o(i.startTask) refers to task.o(i.vTaskReadSenser) for vTaskReadSenser
    main.o(i.startTask) refers to main.o(.data) for .data
    system_stm32f4xx.o(i.SystemCoreClockUpdate) refers to system_stm32f4xx.o(.data) for .data
    system_stm32f4xx.o(i.SystemCoreClockUpdate) refers to system_stm32f4xx.o(.constdata) for .constdata
    task.o(i.vTaskAttitudeAlgorithm) refers to event_groups.o(i.xEventGroupWaitBits) for xEventGroupWaitBits
    task.o(i.vTaskAttitudeAlgorithm) refers to task.o(.data) for .data
    task.o(i.vTaskDataUpload) refers to memcpya.o(.text) for __aeabi_memcpy4
    task.o(i.vTaskDataUpload) refers to swj.o(i.Send_RCData) for Send_RCData
    task.o(i.vTaskDataUpload) refers to stm32f4xx_hal_uart.o(i.HAL_UART_DMAStop) for HAL_UART_DMAStop
    task.o(i.vTaskDataUpload) refers to mpu9250.o(.data) for accOriginalData
    task.o(i.vTaskDataUpload) refers to task.o(.bss) for .bss
    task.o(i.vTaskDataUpload) refers to sensors.o(.data) for isGetGyroBiasFinished
    task.o(i.vTaskDataUpload) refers to sensors.o(.bss) for gyroBias
    task.o(i.vTaskDataUpload) refers to usart.o(.bss) for UART1TxDMA_Handler
    task.o(i.vTaskIndicatorLED) refers to led.o(i.ledFlash) for ledFlash
    task.o(i.vTaskIndicatorLED) refers to sensors.o(.data) for isGetGyroBiasFinished
    task.o(i.vTaskReadSenser) refers to mpu9250.o(i.READ_MPU9250_ACCEL) for READ_MPU9250_ACCEL
    task.o(i.vTaskReadSenser) refers to mpu9250.o(i.READ_MPU9250_GYRO) for READ_MPU9250_GYRO
    task.o(i.vTaskReadSenser) refers to sensors.o(i.imuOriginalDataProcessing) for imuOriginalDataProcessing
    task.o(i.vTaskReadSenser) refers to tasks.o(i.vTaskSuspendAll) for vTaskSuspendAll
    task.o(i.vTaskReadSenser) refers to queue.o(i.xQueueGenericSend) for xQueueGenericSend
    task.o(i.vTaskReadSenser) refers to tasks.o(i.xTaskResumeAll) for xTaskResumeAll
    task.o(i.vTaskReadSenser) refers to event_groups.o(i.xEventGroupSetBits) for xEventGroupSetBits
    task.o(i.vTaskReadSenser) refers to tasks.o(i.vTaskDelay) for vTaskDelay
    task.o(i.vTaskReadSenser) refers to sensors.o(i.getGyroBias) for getGyroBias
    task.o(i.vTaskReadSenser) refers to timer.o(.bss) for TIM6_Handler
    task.o(i.vTaskReadSenser) refers to sensors.o(.data) for isGetGyroBiasFinished
    task.o(i.vTaskReadSenser) refers to mpu9250.o(.data) for gyroOriginalData
    task.o(i.vTaskReadSenser) refers to task.o(.data) for .data
    task.o(i.vTaskReadSenser) refers to sensors.o(.bss) for dataProcessed
    startup_stm32f427x.o(RESET) refers to startup_stm32f427x.o(STACK) for __initial_sp
    startup_stm32f427x.o(RESET) refers to startup_stm32f427x.o(.text) for Reset_Handler
    startup_stm32f427x.o(RESET) refers to stm32f4xx_it.o(i.NMI_Handler) for NMI_Handler
    startup_stm32f427x.o(RESET) refers to stm32f4xx_it.o(i.HardFault_Handler) for HardFault_Handler
    startup_stm32f427x.o(RESET) refers to stm32f4xx_it.o(i.MemManage_Handler) for MemManage_Handler
    startup_stm32f427x.o(RESET) refers to stm32f4xx_it.o(i.BusFault_Handler) for BusFault_Handler
    startup_stm32f427x.o(RESET) refers to stm32f4xx_it.o(i.UsageFault_Handler) for UsageFault_Handler
    startup_stm32f427x.o(RESET) refers to port.o(.emb_text) for SVC_Handler
    startup_stm32f427x.o(RESET) refers to stm32f4xx_it.o(i.DebugMon_Handler) for DebugMon_Handler
    startup_stm32f427x.o(RESET) refers to delay.o(i.SysTick_Handler) for SysTick_Handler
    startup_stm32f427x.o(RESET) refers to usart.o(i.USART1_IRQHandler) for USART1_IRQHandler
    startup_stm32f427x.o(.text) refers to system_stm32f4xx.o(i.SystemInit) for SystemInit
    startup_stm32f427x.o(.text) refers to entry.o(.ARM.Collect$$$$00000000) for __main
[...]
    ..\HALLIB\STM32F4xx_HAL_Driver\Src\stm32f4xx_hal_dma.c 0x00000000   Number         0  stm32f4xx_hal_dma.o ABSOLUTE
    ..\HALLIB\STM32F4xx_HAL_Driver\Src\stm32f4xx_hal_dma_ex.c 0x00000000   Number         0  stm32f4xx_hal_dma_ex.o ABSOLUTE
    ..\HALLIB\STM32F4xx_HAL_Driver\Src\stm32f4xx_hal_gpio.c 0x00000000   Number         0  stm32f4xx_hal_gpio.o ABSOLUTE
    ..\HALLIB\STM32F4xx_HAL_Driver\Src\stm32f4xx_hal_pwr.c 0x00000000   Number         0  stm32f4xx_hal_pwr.o ABSOLUTE
    ..\HALLIB\STM32F4xx_HAL_Driver\Src\stm32f4xx_hal_pwr_ex.c 0x00000000   Number         0  stm32f4xx_hal_pwr_ex.o ABSOLUTE
    ..\HALLIB\STM32F4xx_HAL_Driver\Src\stm32f4xx_hal_rcc.c 0x00000000   Number         0  stm32f4xx_hal_rcc.o ABSOLUTE
    ..\HALLIB\STM32F4xx_HAL_Driver\Src\stm32f4xx_hal_rcc_ex.c 0x00000000   Number         0  stm32f4xx_hal_rcc_ex.o ABSOLUTE
    ..\HALLIB\STM32F4xx_HAL_Driver\Src\stm32f4xx_hal_tim.c 0x00000000   Number         0  stm32f4xx_hal_tim.o ABSOLUTE
    ..\HALLIB\STM32F4xx_HAL_Driver\Src\stm32f4xx_hal_tim_ex.c 0x00000000   Number         0  stm32f4xx_hal_tim_ex.o ABSOLUTE
    ..\HALLIB\STM32F4xx_HAL_Driver\Src\stm32f4xx_hal_uart.c 0x00000000   Number         0  stm32f4xx_hal_uart.o ABSOLUTE
    ..\HALLIB\STM32F4xx_HAL_Driver\Src\stm32f4xx_hal_usart.c 0x00000000   Number         0  stm32f4xx_hal_usart.o ABSOLUTE
    ..\HARDWARE\src\SWJ.c                    0x00000000   Number         0  swj.o ABSOLUTE
    ..\HARDWARE\src\iic.c                    0x00000000   Number         0  iic.o ABSOLUTE
    ..\HARDWARE\src\led.c                    0x00000000   Number         0  led.o ABSOLUTE
    ..\HARDWARE\src\mpu9250.c                0x00000000   Number         0  mpu9250.o ABSOLUTE
    ..\HARDWARE\src\sensors.c                0x00000000   Number         0  sensors.o ABSOLUTE
    ..\HARDWARE\src\sysInit.c                0x00000000   Number         0  sysinit.o ABSOLUTE
    ..\HARDWARE\src\timer.c                  0x00000000   Number         0  timer.o ABSOLUTE
    ..\SYSTEM\delay\delay.c                  0x00000000   Number         0  delay.o ABSOLUTE
    ..\SYSTEM\sys\sys.c                      0x00000000   Number         0  sys.o ABSOLUTE
    ..\SYSTEM\usart\usart.c                  0x00000000   Number         0  usart.o ABSOLUTE
    ..\\CTRL\\src\\flightStatus.c            0x00000000   Number         0  flightstatus.o ABSOLUTE
    ..\\FreeRTOS\\croutine.c                 0x00000000   Number         0  croutine.o ABSOLUTE
    ..\\FreeRTOS\\event_groups.c             0x00000000   Number         0  event_groups.o ABSOLUTE
    ..\\FreeRTOS\\portable\\MemMang\\heap_4.c 0x00000000   Number         0  heap_4.o ABSOLUTE
    ..\\FreeRTOS\\portable\\RVDS\\ARM_CM4F\\port.c 0x00000000   Number         0  port.o ABSOLUTE
    ..\\FreeRTOS\\queue.c                    0x00000000   Number         0  queue.o ABSOLUTE
    ..\\FreeRTOS\\stream_buffer.c            0x00000000   Number         0  stream_buffer.o ABSOLUTE
    ..\\FreeRTOS\\tasks.c                    0x00000000   Number         0  tasks.o ABSOLUTE
    ..\\FreeRTOS\\timers.c                   0x00000000   Number         0  timers.o ABSOLUTE
    ..\\HALLIB\\STM32F4xx_HAL_Driver\\Src\\stm32f4xx_hal.c 0x00000000   Number         0  stm32f4xx_hal.o ABSOLUTE
    ..\\HALLIB\\STM32F4xx_HAL_Driver\\Src\\stm32f4xx_hal_cortex.c 0x00000000   Number         0  stm32f4xx_hal_cortex.o ABSOLUTE
    ..\\HALLIB\\STM32F4xx_HAL_Driver\\Src\\stm32f4xx_hal_dma.c 0x00000000   Number         0  stm32f4xx_hal_dma.o ABSOLUTE
    ..\\HALLIB\\STM32F4xx_HAL_Driver\\Src\\stm32f4xx_hal_dma_ex.c 0x00000000   Number         0  stm32f4xx_hal_dma_ex.o ABSOLUTE
    ..\\HALLIB\\STM32F4xx_HAL_Driver\\Src\\stm32f4xx_hal_gpio.c 0x00000000   Number         0  stm32f4xx_hal_gpio.o ABSOLUTE
    ..\\HALLIB\\STM32F4xx_HAL_Driver\\Src\\stm32f4xx_hal_pwr.c 0x00000000   Number         0  stm32f4xx_hal_pwr.o ABSOLUTE
    ..\\HALLIB\\STM32F4xx_HAL_Driver\\Src\\stm32f4xx_hal_pwr_ex.c 0x00000000   Number         0  stm32f4xx_hal_pwr_ex.o ABSOLUTE
    ..\\HALLIB\\STM32F4xx_HAL_Driver\\Src\\stm32f4xx_hal_rcc.c 0x00000000   Number         0  stm32f4xx_hal_rcc.o ABSOLUTE
    ..\\HALLIB\\STM32F4xx_HAL_Driver\\Src\\stm32f4xx_hal_rcc_ex.c 0x00000000   Number         0  stm32f4xx_hal_rcc_ex.o ABSOLUTE
    ..\\HALLIB\\STM32F4xx_HAL_Driver\\Src\\stm32f4xx_hal_tim.c 0x00000000   Number         0  stm32f4xx_hal_tim.o ABSOLUTE
    ..\\HALLIB\\STM32F4xx_HAL_Driver\\Src\\stm32f4xx_hal_tim_ex.c 0x00000000   Number         0  stm32f4xx_hal_tim_ex.o ABSOLUTE
    ..\\HALLIB\\STM32F4xx_HAL_Driver\\Src\\stm32f4xx_hal_uart.c 0x00000000   Number         0  stm32f4xx_hal_uart.o ABSOLUTE
    ..\\HALLIB\\STM32F4xx_HAL_Driver\\Src\\stm32f4xx_hal_usart.c 0x00000000   Number         0  stm32f4xx_hal_usart.o ABSOLUTE
    ..\\HARDWARE\\src\\SWJ.c                 0x00000000   Number         0  swj.o ABSOLUTE
    ..\\HARDWARE\\src\\iic.c                 0x00000000   Number         0  iic.o ABSOLUTE
    ..\\HARDWARE\\src\\led.c                 0x00000000   Number         0  led.o ABSOLUTE
    ..\\HARDWARE\\src\\mpu9250.c             0x00000000   Number         0  mpu9250.o ABSOLUTE
    ..\\HARDWARE\\src\\sensors.c             0x00000000   Number         0  sensors.o ABSOLUTE
    ..\\HARDWARE\\src\\sysInit.c             0x00000000   Number         0  sysinit.o ABSOLUTE
    ..\\HARDWARE\\src\\timer.c               0x00000000   Number         0  timer.o ABSOLUTE
    ..\\SYSTEM\\delay\\delay.c               0x00000000   Number         0  delay.o ABSOLUTE
    ..\\SYSTEM\\sys\\sys.c                   0x00000000   Number         0  sys.o ABSOLUTE
    ..\\SYSTEM\\usart\\usart.c               0x00000000   Number         0  usart.o ABSOLUTE
    cdcmple.s                                0x00000000   Number         0  cdcmple.o ABSOLUTE
    dc.s                                     0x00000000   Number         0  dc.o ABSOLUTE
    handlers.s                               0x00000000   Number         0  handlers.o ABSOLUTE
    init.s                                   0x00000000   Number         0  init.o ABSOLUTE
    main.c                                   0x00000000   Number         0  main.o ABSOLUTE
    main.c                                   0x00000000   Number         0  main.o ABSOLUTE
    stm32f4xx_it.c                           0x00000000   Number         0  stm32f4xx_it.o ABSOLUTE
    stm32f4xx_it.c                           0x00000000   Number         0  stm32f4xx_it.o ABSOLUTE
    system_stm32f4xx.c                       0x00000000   Number         0  system_stm32f4xx.o ABSOLUTE
    system_stm32f4xx.c                       0x00000000   Number         0  system_stm32f4xx.o ABSOLUTE
    task.c                                   0x00000000   Number         0  task.o ABSOLUTE
    task.c                                   0x00000000   Number         0  task.o ABSOLUTE
    RESET                                    0x08000000   Section      428  startup_stm32f427x.o(RESET)
    .ARM.Collect$$$$00000000                 0x080001ac   Section        0  entry.o(.ARM.Collect$$$$00000000)
    .ARM.Collect$$$$00000001                 0x080001ac   Section        4  entry2.o(.ARM.Collect$$$$00000001)
    .ARM.Collect$$$$00000004                 0x080001b0   Section        4  entry5.o(.ARM.Collect$$$$00000004)
    .ARM.Collect$$$$00000008                 0x080001b4   Section        0  entry7b.o(.ARM.Collect$$$$00000008)
    .ARM.Collect$$$$0000000A                 0x080001b4   Section        0  entry8b.o(.ARM.Collect$$$$0000000A)
    .ARM.Collect$$$$0000000B                 0x080001b4   Section        8  entry9a.o(.ARM.Collect$$$$0000000B)
    .ARM.Collect$$$$0000000D                 0x080001bc   Section        0  entry10a.o(.ARM.Collect$$$$0000000D)
    .ARM.Collect$$$$0000000F                 0x080001bc   Section        0  entry11a.o(.ARM.Collect$$$$0000000F)
    .ARM.Collect$$$$00002712                 0x080001bc   Section        4  entry2.o(.ARM.Collect$$$$00002712)
    __lit__00000000                          0x080001bc   Data           4  entry2.o(.ARM.Collect$$$$00002712)
    .emb_text                                0x080001c0   Section      190  port.o(.emb_text)
    $v0                                      0x080001c0   Number         0  port.o(.emb_text)
    .text                                    0x08000280   Section       36  startup_stm32f427x.o(.text)
    $v0                                      0x08000280   Number         0  startup_stm32f427x.o(.text)
    .text                                    0x080002a4   Section        0  ldiv.o(.text)
    .text                                    0x08000306   Section        0  memcpya.o(.text)
    .text                                    0x0800032a   Section        0  memseta.o(.text)
    .text                                    0x0800034e   Section        0  ffltl.o(.text)
    .text                                    0x0800037a   Section        0  uldiv.o(.text)
    .text                                    0x080003dc   Section        0  iusefp.o(.text)
    .text                                    0x080003dc   Section        0  fepilogue.o(.text)
    .text                                    0x0800044c   Section       36  init.o(.text)
    .text                                    0x08000470   Section        0  llshl.o(.text)
    .text                                    0x0800048e   Section        0  llushr.o(.text)
    i.BusFault_Handler                       0x080004ae   Section        0  stm32f4xx_it.o(i.BusFault_Handler)
    i.DMA_CalcBaseAndBitshift                0x080004b0   Section        0  stm32f4xx_hal_dma.o(i.DMA_CalcBaseAndBitshift)
    DMA_CalcBaseAndBitshift                  0x080004b1   Thumb Code    34  stm32f4xx_hal_dma.o(i.DMA_CalcBaseAndBitshift)
    i.DMA_SetConfig                          0x080004d8   Section        0  stm32f4xx_hal_dma.o(i.DMA_SetConfig)
    DMA_SetConfig                            0x080004d9   Thumb Code    40  stm32f4xx_hal_dma.o(i.DMA_SetConfig)
    i.DebugMon_Handler                       0x08000500   Section        0  stm32f4xx_it.o(i.DebugMon_Handler)
    i.HAL_DMA_Abort                          0x08000502   Section        0  stm32f4xx_hal_dma.o(i.HAL_DMA_Abort)
    i.HAL_DMA_DeInit                         0x08000554   Section        0  stm32f4xx_hal_dma.o(i.HAL_DMA_DeInit)
    i.HAL_DMA_Init                           0x080005ac   Section        0  stm32f4xx_hal_dma.o(i.HAL_DMA_Init)
    i.HAL_DMA_Start                          0x08000624   Section        0  stm32f4xx_hal_dma.o(i.HAL_DMA_Start)
    i.HAL_GPIO_Init                          0x08000660   Section        0  stm32f4xx_hal_gpio.o(i.HAL_GPIO_Init)
    i.HAL_GPIO_WritePin                      0x0800083c   Section        0  stm32f4xx_hal_gpio.o(i.HAL_GPIO_WritePin)
    i.HAL_GetTick                            0x08000848   Section        0  stm32f4xx_hal.o(i.HAL_GetTick)
    i.HAL_Init                               0x08000854   Section        0  stm32f4xx_hal.o(i.HAL_Init)
    i.HAL_InitTick                           0x08000888   Section        0  stm32f4xx_hal.o(i.HAL_InitTick)
    i.HAL_MspInit                            0x080008aa   Section        0  stm32f4xx_hal.o(i.HAL_MspInit)
    i.HAL_NVIC_EnableIRQ                     0x080008b2   Section        0  stm32f4xx_hal_cortex.o(i.HAL_NVIC_EnableIRQ)
    i.HAL_NVIC_SetPriority                   0x080008c8   Section        0  stm32f4xx_hal_cortex.o(i.HAL_NVIC_SetPriority)
    i.HAL_NVIC_SetPriorityGrouping           0x08000908   Section        0  stm32f4xx_hal_cortex.o(i.HAL_NVIC_SetPriorityGrouping)
    i.HAL_PWREx_EnableOverDrive              0x0800092c   Section        0  stm32f4xx_hal_pwr_ex.o(i.HAL_PWREx_EnableOverDrive)
    i.HAL_RCC_ClockConfig                    0x080009b4   Section        0  stm32f4xx_hal_rcc.o(i.HAL_RCC_ClockConfig)
    i.HAL_RCC_GetHCLKFreq                    0x08000bbc   Section        0  stm32f4xx_hal_rcc.o(i.HAL_RCC_GetHCLKFreq)
    i.HAL_RCC_GetPCLK1Freq                   0x08000bf0   Section        0  stm32f4xx_hal_rcc.o(i.HAL_RCC_GetPCLK1Freq)
    i.HAL_RCC_GetPCLK2Freq                   0x08000c1c   Section        0  stm32f4xx_hal_rcc.o(i.HAL_RCC_GetPCLK2Freq)
    i.HAL_RCC_GetSysClockFreq                0x08000c48   Section        0  stm32f4xx_hal_rcc.o(i.HAL_RCC_GetSysClockFreq)
    i.HAL_RCC_OscConfig                      0x08000cbc   Section        0  stm32f4xx_hal_rcc.o(i.HAL_RCC_OscConfig)
    i.HAL_SYSTICK_CLKSourceConfig            0x08000fd8   Section        0  stm32f4xx_hal_cortex.o(i.HAL_SYSTICK_CLKSourceConfig)
    i.HAL_SYSTICK_Config                     0x08000ff0   Section        0  stm32f4xx_hal_cortex.o(i.HAL_SYSTICK_Config)
    i.HAL_TIM_Base_Init                      0x08001018   Section        0  stm32f4xx_hal_tim.o(i.HAL_TIM_Base_Init)
    i.HAL_TIM_Base_MspInit                   0x0800104e   Section        0  stm32f4xx_hal_tim.o(i.HAL_TIM_Base_MspInit)
    i.HAL_TIM_Base_Start                     0x08001050   Section        0  stm32f4xx_hal_tim.o(i.HAL_TIM_Base_Start)
    i.HAL_UART_DMAStop                       0x0800106a   Section        0  stm32f4xx_hal_uart.o(i.HAL_UART_DMAStop)
    i.HAL_UART_ErrorCallback                 0x0800109c   Section        0  stm32f4xx_hal_uart.o(i.HAL_UART_ErrorCallback)
    i.HAL_UART_GetState                      0x0800109e   Section        0  stm32f4xx_hal_uart.o(i.HAL_UART_GetState)
    i.HAL_UART_IRQHandler                    0x080010a4   Section        0  stm32f4xx_hal_uart.o(i.HAL_UART_IRQHandler)
    i.HAL_UART_Init                          0x08001198   Section        0  stm32f4xx_hal_uart.o(i.HAL_UART_Init)
    i.HAL_UART_MspInit                       0x080011f8   Section        0  usart.o(i.HAL_UART_MspInit)
    i.HAL_UART_Receive_IT                    0x08001274   Section        0  stm32f4xx_hal_uart.o(i.HAL_UART_Receive_IT)
    i.HAL_UART_RxCpltCallback                0x080012dc   Section        0  usart.o(i.HAL_UART_RxCpltCallback)
    i.HAL_UART_TxCpltCallback                0x08001334   Section        0  stm32f4xx_hal_uart.o(i.HAL_UART_TxCpltCallback)
    i.HardFault_Handler                      0x08001336   Section        0  stm32f4xx_it.o(i.HardFault_Handler)
    i.IIC_Ack                                0x08001338   Section        0  iic.o(i.IIC_Ack)
    i.IIC_NAck                               0x08001390   Section        0  iic.o(i.IIC_NAck)
    i.IIC_READ_SDA                           0x080013e8   Section        0  iic.o(i.IIC_READ_SDA)
    i.IIC_Read_Byte                          0x08001464   Section        0  iic.o(i.IIC_Read_Byte)
    i.IIC_SCL                                0x080014e4   Section        0  iic.o(i.IIC_SCL)
    i.IIC_SDA                                0x0800155c   Section        0  iic.o(i.IIC_SDA)
    i.IIC_Send_Byte                          0x080015d4   Section        0  iic.o(i.IIC_Send_Byte)
    i.IIC_Start                              0x08001642   Section        0  iic.o(i.IIC_Start)
    i.IIC_Stop                               0x0800169c   Section        0  iic.o(i.IIC_Stop)
    i.IIC_Wait_Ack                           0x080016f6   Section        0  iic.o(i.IIC_Wait_Ack)
    i.IIC_delay                              0x0800176c   Section        0  iic.o(i.IIC_delay)
    i.LED_Init                               0x08001778   Section        0  led.o(i.LED_Init)
    i.MPU9250_IIC_Read                       0x080017cc   Section        0  mpu9250.o(i.MPU9250_IIC_Read)
    i.MPU9250_IIC_Write                      0x08001862   Section        0  mpu9250.o(i.MPU9250_IIC_Write)
    i.MemManage_Handler                      0x080018da   Section        0  stm32f4xx_it.o(i.MemManage_Handler)
    i.NMI_Handler                            0x080018dc   Section        0  stm32f4xx_it.o(i.NMI_Handler)
    i.NVIC_SetPriority                       0x080018de   Section        0  stm32f4xx_hal_cortex.o(i.NVIC_SetPriority)
    NVIC_SetPriority                         0x080018df   Thumb Code    32  stm32f4xx_hal_cortex.o(i.NVIC_SetPriority)
    i.READ_MPU9250_ACCEL                     0x08001900   Section        0  mpu9250.o(i.READ_MPU9250_ACCEL)
    i.READ_MPU9250_GYRO                      0x08001998   Section        0  mpu9250.o(i.READ_MPU9250_GYRO)
    i.SDA_IN                                 0x08001a30   Section        0  iic.o(i.SDA_IN)
    i.SDA_OUT                                0x08001a44   Section        0  iic.o(i.SDA_OUT)
    i.Send_RCData                            0x08001a60   Section        0  swj.o(i.Send_RCData)
    i.Stm32_Clock_Init                       0x08001c18   Section        0  sys.o(i.Stm32_Clock_Init)
    i.SysTick_Handler                        0x08001c9c   Section        0  delay.o(i.SysTick_Handler)
    i.SystemInit                             0x08001cbc   Section        0  system_stm32f4xx.o(i.SystemInit)
    i.TIM6_Int_Init                          0x08001d10   Section        0  timer.o(i.TIM6_Int_Init)
    i.TIM_Base_SetConfig                     0x08001d58   Section        0  stm32f4xx_hal_tim.o(i.TIM_Base_SetConfig)
    i.UART1DMA_Config                        0x08001e18   Section        0  usart.o(i.UART1DMA_Config)
    i.UART1DMA_USART_Transmit                0x08001e8c   Section        0  usart.o(i.UART1DMA_USART_Transmit)
    i.UART_Receive_IT                        0x08001ea8   Section        0  stm32f4xx_hal_uart.o(i.UART_Receive_IT)
    UART_Receive_IT                          0x08001ea9   Thumb Code   166  stm32f4xx_hal_uart.o(i.UART_Receive_IT)
    i.UART_SetConfig                         0x08001f50   Section        0  stm32f4xx_hal_uart.o(i.UART_SetConfig)
    UART_SetConfig                           0x08001f51   Thumb Code   364  stm32f4xx_hal_uart.o(i.UART_SetConfig)
    i.UART_Transmit_IT                       0x080020c4   Section        0  stm32f4xx_hal_uart.o(i.UART_Transmit_IT)
    UART_Transmit_IT                         0x080020c5   Thumb Code   102  stm32f4xx_hal_uart.o(i.UART_Transmit_IT)
    i.USART1_IRQHandler                      0x0800212c   Section        0  usart.o(i.USART1_IRQHandler)
    i.UsageFault_Handler                     0x08002158   Section        0  stm32f4xx_it.o(i.UsageFault_Handler)
    i.__scatterload_copy                     0x0800215a   Section       14  handlers.o(i.__scatterload_copy)
    i.__scatterload_null                     0x08002168   Section        2  handlers.o(i.__scatterload_null)
    i.__scatterload_zeroinit                 0x0800216a   Section       14  handlers.o(i.__scatterload_zeroinit)
    i.delay_init                             0x08002178   Section        0  delay.o(i.delay_init)
    i.delay_ms                               0x080021b0   Section        0  delay.o(i.delay_ms)
    i.delay_us                               0x080021e8   Section        0  delay.o(i.delay_us)
    i.getGyroBias                            0x0800221c   Section        0  sensors.o(i.getGyroBias)
    i.getGyroBiasMeanAndVar                  0x0800229c   Section        0  sensors.o(i.getGyroBiasMeanAndVar)
    i.iicPortDef                             0x08002434   Section        0  iic.o(i.iicPortDef)
    i.iicSingleInit                          0x08002718   Section        0  iic.o(i.iicSingleInit)
    i.imuOriginalDataProcessing              0x0800274c   Section        0  sensors.o(i.imuOriginalDataProcessing)
    i.ledFlash                               0x0800282c   Section        0  led.o(i.ledFlash)
    i.main                                   0x0800286c   Section        0  main.o(i.main)
    i.mpu9250_Init                           0x080028b0   Section        0  mpu9250.o(i.mpu9250_Init)
    i.prvAddCurrentTaskToDelayedList         0x080029e4   Section        0  tasks.o(i.prvAddCurrentTaskToDelayedList)
    prvAddCurrentTaskToDelayedList           0x080029e5   Thumb Code   102  tasks.o(i.prvAddCurrentTaskToDelayedList)
    i.prvAddNewTaskToReadyList               0x08002a54   Section        0  tasks.o(i.prvAddNewTaskToReadyList)
    prvAddNewTaskToReadyList                 0x08002a55   Thumb Code   194  tasks.o(i.prvAddNewTaskToReadyList)
    i.prvCheckForValidListAndQueue           0x08002b28   Section        0  timers.o(i.prvCheckForValidListAndQueue)
    prvCheckForValidListAndQueue             0x08002b29   Thumb Code    62  timers.o(i.prvCheckForValidListAndQueue)
    i.prvCopyDataFromQueue                   0x08002b78   Section        0  queue.o(i.prvCopyDataFromQueue)
    prvCopyDataFromQueue                     0x08002b79   Thumb Code    38  queue.o(i.prvCopyDataFromQueue)
    i.prvCopyDataToQueue                     0x08002b9e   Section        0  queue.o(i.prvCopyDataToQueue)
    prvCopyDataToQueue                       0x08002b9f   Thumb Code   108  queue.o(i.prvCopyDataToQueue)
    i.prvDeleteTCB                           0x08002c0a   Section        0  tasks.o(i.prvDeleteTCB)
    prvDeleteTCB                             0x08002c0b   Thumb Code    20  tasks.o(i.prvDeleteTCB)
    i.prvHeapInit                            0x08002c20   Section        0  heap_4.o(i.prvHeapInit)
    prvHeapInit                              0x08002c21   Thumb Code    66  heap_4.o(i.prvHeapInit)
    i.prvIdleTask                            0x08002c6c   Section        0  tasks.o(i.prvIdleTask)
    prvIdleTask                              0x08002c6d   Thumb Code    80  tasks.o(i.prvIdleTask)
    i.prvInitialiseNewTask                   0x08002cc8   Section        0  tasks.o(i.prvInitialiseNewTask)
    prvInitialiseNewTask                     0x08002cc9   Thumb Code   174  tasks.o(i.prvInitialiseNewTask)
    i.prvInsertBlockIntoFreeList             0x08002d78   Section        0  heap_4.o(i.prvInsertBlockIntoFreeList)
    prvInsertBlockIntoFreeList               0x08002d79   Thumb Code    72  heap_4.o(i.prvInsertBlockIntoFreeList)
    i.prvInsertTimerInActiveList             0x08002dc4   Section        0  timers.o(i.prvInsertTimerInActiveList)
    prvInsertTimerInActiveList               0x08002dc5   Thumb Code    52  timers.o(i.prvInsertTimerInActiveList)
    i.prvIsQueueEmpty                        0x08002dfc   Section        0  queue.o(i.prvIsQueueEmpty)
    prvIsQueueEmpty                          0x08002dfd   Thumb Code    26  queue.o(i.prvIsQueueEmpty)
    i.prvProcessReceivedCommands             0x08002e18   Section        0  timers.o(i.prvProcessReceivedCommands)
    prvProcessReceivedCommands               0x08002e19   Thumb Code   178  timers.o(i.prvProcessReceivedCommands)
    i.prvProcessTimerOrBlockTask             0x08002ed0   Section        0  timers.o(i.prvProcessTimerOrBlockTask)
    prvProcessTimerOrBlockTask               0x08002ed1   Thumb Code   172  timers.o(i.prvProcessTimerOrBlockTask)
    i.prvResetNextTaskUnblockTime            0x08002f84   Section        0  tasks.o(i.prvResetNextTaskUnblockTime)
    prvResetNextTaskUnblockTime              0x08002f85   Thumb Code    26  tasks.o(i.prvResetNextTaskUnblockTime)
    i.prvSampleTimeNow                       0x08002fa4   Section        0  timers.o(i.prvSampleTimeNow)
    prvSampleTimeNow                         0x08002fa5   Thumb Code    36  timers.o(i.prvSampleTimeNow)
    i.prvSwitchTimerLists                    0x08002fcc   Section        0  timers.o(i.prvSwitchTimerLists)
    prvSwitchTimerLists                      0x08002fcd   Thumb Code   102  timers.o(i.prvSwitchTimerLists)
    i.prvTaskExitError                       0x08003038   Section        0  port.o(i.prvTaskExitError)
    prvTaskExitError                         0x08003039   Thumb Code    36  port.o(i.prvTaskExitError)
    i.prvTestWaitCondition                   0x08003060   Section        0  event_groups.o(i.prvTestWaitCondition)
    prvTestWaitCondition                     0x08003061   Thumb Code    20  event_groups.o(i.prvTestWaitCondition)
    i.prvTimerTask                           0x08003074   Section        0  timers.o(i.prvTimerTask)
    prvTimerTask                             0x08003075   Thumb Code    34  timers.o(i.prvTimerTask)
    i.prvUnlockQueue                         0x0800309c   Section        0  queue.o(i.prvUnlockQueue)
    prvUnlockQueue                           0x0800309d   Thumb Code   106  queue.o(i.prvUnlockQueue)
    i.pvPortMalloc                           0x08003108   Section        0  heap_4.o(i.pvPortMalloc)
    i.pxPortInitialiseStack                  0x080031e0   Section        0  port.o(i.pxPortInitialiseStack)
    i.sensorsQueueInit                       0x0800320c   Section        0  sensors.o(i.sensorsQueueInit)
    i.startTask                              0x08003230   Section        0  main.o(i.startTask)
    startTask                                0x08003231   Thumb Code    96  main.o(i.startTask)
    i.sysInit                                0x080032f0   Section        0  sysinit.o(i.sysInit)
    i.uart_init                              0x08003334   Section        0  usart.o(i.uart_init)
    i.uxListRemove                           0x0800337c   Section        0  list.o(i.uxListRemove)
    i.uxTaskResetEventItemValue              0x080033a4   Section        0  tasks.o(i.uxTaskResetEventItemValue)
    i.vListInitialise                        0x080033bc   Section        0  list.o(i.vListInitialise)
    i.vListInitialiseItem                    0x080033d2   Section        0  list.o(i.vListInitialiseItem)
    i.vListInsert                            0x080033d8   Section        0  list.o(i.vListInsert)
    i.vListInsertEnd                         0x08003408   Section        0  list.o(i.vListInsertEnd)
    i.vPortEnterCritical                     0x08003420   Section        0  port.o(i.vPortEnterCritical)
    i.vPortExitCritical                      0x08003460   Section        0  port.o(i.vPortExitCritical)
    i.vPortFree                              0x08003488   Section        0  heap_4.o(i.vPortFree)
    i.vPortSetupTimerInterrupt               0x080034e4   Section        0  port.o(i.vPortSetupTimerInterrupt)
    i.vPortValidateInterruptPriority         0x08003508   Section        0  port.o(i.vPortValidateInterruptPriority)
    i.vQueueAddToRegistry                    0x0800355c   Section        0  queue.o(i.vQueueAddToRegistry)
    i.vQueueWaitForMessageRestricted         0x08003580   Section        0  queue.o(i.vQueueWaitForMessageRestricted)
    i.vTaskAttitudeAlgorithm                 0x080035c4   Section        0  task.o(i.vTaskAttitudeAlgorithm)
    i.vTaskDataUpload                        0x080035e0   Section        0  task.o(i.vTaskDataUpload)
    i.vTaskDelay                             0x08003758   Section        0  tasks.o(i.vTaskDelay)
    i.vTaskDelete                            0x080037a4   Section        0  tasks.o(i.vTaskDelete)
    i.vTaskIndicatorLED                      0x08003850   Section        0  task.o(i.vTaskIndicatorLED)
    i.vTaskInternalSetTimeOutState           0x08003868   Section        0  tasks.o(i.vTaskInternalSetTimeOutState)
    i.vTaskMissedYield                       0x08003878   Section        0  tasks.o(i.vTaskMissedYield)
    i.vTaskPlaceOnEventList                  0x08003884   Section        0  tasks.o(i.vTaskPlaceOnEventList)
    i.vTaskPlaceOnEventListRestricted        0x080038b4   Section        0  tasks.o(i.vTaskPlaceOnEventListRestricted)
    i.vTaskPlaceOnUnorderedEventList         0x080038ec   Section        0  tasks.o(i.vTaskPlaceOnUnorderedEventList)
    i.vTaskReadSenser                        0x08003938   Section        0  task.o(i.vTaskReadSenser)
    i.vTaskRemoveFromUnorderedEventList      0x080039f8   Section        0  tasks.o(i.vTaskRemoveFromUnorderedEventList)
    i.vTaskStartScheduler                    0x08003a68   Section        0  tasks.o(i.vTaskStartScheduler)
    i.vTaskSuspendAll                        0x08003ad8   Section        0  tasks.o(i.vTaskSuspendAll)
    i.vTaskSwitchContext                     0x08003ae8   Section        0  tasks.o(i.vTaskSwitchContext)
    i.xEventGroupCreate                      0x08003b44   Section        0  event_groups.o(i.xEventGroupCreate)
    i.xEventGroupSetBits                     0x08003b5e   Section        0  event_groups.o(i.xEventGroupSetBits)
    i.xEventGroupWaitBits                    0x08003bec   Section        0  event_groups.o(i.xEventGroupWaitBits)
    i.xPortStartScheduler                    0x08003cf4   Section        0  port.o(i.xPortStartScheduler)
    i.xPortSysTickHandler                    0x08003de8   Section        0  port.o(i.xPortSysTickHandler)
    i.xQueueGenericCreate                    0x08003e14   Section        0  queue.o(i.xQueueGenericCreate)
    i.xQueueGenericReset                     0x08003e68   Section        0  queue.o(i.xQueueGenericReset)
    i.xQueueGenericSend                      0x08003ef0   Section        0  queue.o(i.xQueueGenericSend)
    i.xQueueGenericSendFromISR               0x08004054   Section        0  queue.o(i.xQueueGenericSendFromISR)
    i.xQueueReceive                          0x08004110   Section        0  queue.o(i.xQueueReceive)
    i.xTaskCheckForTimeOut                   0x08004248   Section        0  tasks.o(i.xTaskCheckForTimeOut)
    i.xTaskCreate                            0x080042bc   Section        0  tasks.o(i.xTaskCreate)
    i.xTaskGetSchedulerState                 0x08004314   Section        0  tasks.o(i.xTaskGetSchedulerState)
    i.xTaskGetTickCount                      0x08004330   Section        0  tasks.o(i.xTaskGetTickCount)
    i.xTaskIncrementTick                     0x0800433c   Section        0  tasks.o(i.xTaskIncrementTick)
    i.xTaskPriorityDisinherit                0x08004404   Section        0  tasks.o(i.xTaskPriorityDisinherit)
    i.xTaskRemoveFromEventList               0x0800449c   Section        0  tasks.o(i.xTaskRemoveFromEventList)
    i.xTaskResumeAll                         0x08004510   Section        0  tasks.o(i.xTaskResumeAll)
    i.xTimerCreateTimerTask                  0x080045d4   Section        0  timers.o(i.xTimerCreateTimerTask)
    i.xTimerGenericCommand                   0x08004620   Section        0  timers.o(i.xTimerGenericCommand)
    .constdata                               0x0800467c   Section       16  stm32f4xx_hal_rcc.o(.constdata)
    .constdata                               0x0800468c   Section        8  stm32f4xx_hal_dma.o(.constdata)
    flagBitshiftOffset                       0x0800468c   Data           8  stm32f4xx_hal_dma.o(.constdata)
    .data                                    0x20000000   Section        4  main.o(.data)
    .data                                    0x20000004   Section        4  system_stm32f4xx.o(.data)
    .data                                    0x20000008   Section        8  task.o(.data)
    .data                                    0x20000010   Section        4  stm32f4xx_hal.o(.data)
    uwTick                                   0x20000010   Data           4  stm32f4xx_hal.o(.data)
    .data                                    0x20000014   Section       12  delay.o(.data)
    fac_ms                                   0x20000014   Data           2  delay.o(.data)
    fac_us                                   0x20000018   Data           4  delay.o(.data)
    sysTickCnt                               0x2000001c   Data           4  delay.o(.data)
    .data                                    0x20000020   Section        4  usart.o(.data)
    .data                                    0x20000024   Section       18  mpu9250.o(.data)
    .data                                    0x20000036   Section        1  swj.o(.data)
    .data                                    0x20000038   Section       16  sensors.o(.data)
    .data                                    0x20000048   Section        1  timer.o(.data)
    .data                                    0x2000004c   Section       60  tasks.o(.data)
    uxDeletedTasksWaitingCleanUp             0x20000050   Data           4  tasks.o(.data)
    uxCurrentNumberOfTasks                   0x20000054   Data           4  tasks.o(.data)
    xTickCount                               0x20000058   Data           4  tasks.o(.data)
    uxTopReadyPriority                       0x2000005c   Data           4  tasks.o(.data)
    xSchedulerRunning                        0x20000060   Data           4  tasks.o(.data)
    uxPendedTicks                            0x20000064   Data           4  tasks.o(.data)
    xYieldPending                            0x20000068   Data           4  tasks.o(.data)
    xNumOfOverflows                          0x2000006c   Data           4  tasks.o(.data)
    uxTaskNumber                             0x20000070   Data           4  tasks.o(.data)
    xNextTaskUnblockTime                     0x20000074   Data           4  tasks.o(.data)
    xIdleTaskHandle                          0x20000078   Data           4  tasks.o(.data)
    uxSchedulerSuspended                     0x2000007c   Data           4  tasks.o(.data)
    pxDelayedTaskList                        0x20000080   Data           4  tasks.o(.data)
    pxOverflowDelayedTaskList                0x20000084   Data           4  tasks.o(.data)
    .data                                    0x20000088   Section       20  timers.o(.data)
    xTimerQueue                              0x20000088   Data           4  timers.o(.data)
    xTimerTaskHandle                         0x2000008c   Data           4  timers.o(.data)
    xLastTime                                0x20000090   Data           4  timers.o(.data)
    pxCurrentTimerList                       0x20000094   Data           4  timers.o(.data)
    pxOverflowTimerList                      0x20000098   Data           4  timers.o(.data)
    .data                                    0x2000009c   Section       12  port.o(.data)
    ucMaxSysCallPriority                     0x2000009c   Data           1  port.o(.data)
    uxCriticalNesting                        0x200000a0   Data           4  port.o(.data)
    ulMaxPRIGROUPValue                       0x200000a4   Data           4  port.o(.data)
    .data                                    0x200000a8   Section       24  heap_4.o(.data)
    pxEnd                                    0x200000a8   Data           4  heap_4.o(.data)
    xFreeBytesRemaining                      0x200000ac   Data           4  heap_4.o(.data)
    xMinimumEverFreeBytesRemaining           0x200000b0   Data           4  heap_4.o(.data)
    xBlockAllocatedBit                       0x200000b4   Data           4  heap_4.o(.data)
    xStart                                   0x200000b8   Data           8  heap_4.o(.data)
    .bss                                     0x200000c0   Section       36  task.o(.bss)
    .bss                                     0x200000e4   Section      352  usart.o(.bss)
    .bss                                     0x20000244   Section       28  mpu9250.o(.bss)
    .bss                                     0x20000260   Section     3084  sensors.o(.bss)
    .bss                                     0x20000e6c   Section       60  timer.o(.bss)
    .bss                                     0x20000ea8   Section       64  queue.o(.bss)
    .bss                                     0x20000ee8   Section      300  tasks.o(.bss)
    pxReadyTasksLists                        0x20000ee8   Data         200  tasks.o(.bss)
    xDelayedTaskList1                        0x20000fb0   Data          20  tasks.o(.bss)
    xDelayedTaskList2                        0x20000fc4   Data          20  tasks.o(.bss)
    xPendingReadyList                        0x20000fd8   Data          20  tasks.o(.bss)
    xTasksWaitingTermination                 0x20000fec   Data          20  tasks.o(.bss)
    xSuspendedTaskList                       0x20001000   Data          20  tasks.o(.bss)
    .bss                                     0x20001014   Section       40  timers.o(.bss)
    xActiveTimerList1                        0x20001014   Data          20  timers.o(.bss)
    xActiveTimerList2                        0x20001028   Data          20  timers.o(.bss)
    .bss                                     0x2000103c   Section    76800  heap_4.o(.bss)
    ucHeap                                   0x2000103c   Data       76800  heap_4.o(.bss)
    STACK                                    0x20013c40   Section     1024  startup_stm32f427x.o(STACK)

    Global Symbols

    Symbol Name                              Value     Ov Type        Size  Object(Section)

    BuildAttributes$$THM_ISAv4$E$P$D$K$B$S$7EM$VFPi3$EXTD16$VFPS$VFMA$PE$A:L22UL41UL21$X:L11$S22US41US21$IEEE1$IW$USESV6$~STKCKD$USESV7$~SHL$OTIME$ROPI$IEEEX$EBA8$MICROLIB$REQ8$PRES8$EABIv2 0x00000000   Number         0  anon$$obj.o ABSOLUTE
    __ARM_use_no_argv                        0x00000000   Number         0  main.o ABSOLUTE
    __use_no_errno                           0x00000000   Number         0  useno.o ABSOLUTE
    __use_no_exception_handling              0x00000000   Number         0  useno.o ABSOLUTE
    __use_no_fp                              0x00000000   Number         0  useno.o ABSOLUTE
    __use_no_heap                            0x00000000   Number         0  useno.o ABSOLUTE
    __use_no_heap_region                     0x00000000   Number         0  useno.o ABSOLUTE
    __use_no_semihosting                     0x00000000   Number         0  useno.o ABSOLUTE
    __use_no_semihosting_swi                 0x00000000   Number         0  useno.o ABSOLUTE
    __use_no_signal_handling                 0x00000000   Number         0  useno.o ABSOLUTE
    __cpp_initialize__aeabi_                  - Undefined Weak Reference
    __cxa_finalize                            - Undefined Weak Reference
    __decompress                              - Undefined Weak Reference
    _clock_init                               - Undefined Weak Reference
    _microlib_exit                            - Undefined Weak Reference
    __Vectors_Size                           0x000001ac   Number         0  startup_stm32f427x.o ABSOLUTE
    __Vectors                                0x08000000   Data           4  startup_stm32f427x.o(RESET)
    __Vectors_End                            0x080001ac   Data           0  startup_stm32f427x.o(RESET)
    __main                                   0x080001ad   Thumb Code     0  entry.o(.ARM.Collect$$$$00000000)
    _main_stk                                0x080001ad   Thumb Code     0  entry2.o(.ARM.Collect$$$$00000001)
    _main_scatterload                        0x080001b1   Thumb Code     0  entry5.o(.ARM.Collect$$$$00000004)
    __main_after_scatterload                 0x080001b5   Thumb Code     0  entry5.o(.ARM.Collect$$$$00000004)
    _main_clock                              0x080001b5   Thumb Code     0  entry7b.o(.ARM.Collect$$$$00000008)
    _main_cpp_init                           0x080001b5   Thumb Code     0  entry8b.o(.ARM.Collect$$$$0000000A)
    _main_init                               0x080001b5   Thumb Code     0  entry9a.o(.ARM.Collect$$$$0000000B)
    __rt_final_cpp                           0x080001bd   Thumb Code     0  entry10a.o(.ARM.Collect$$$$0000000D)
    __rt_final_exit                          0x080001bd   Thumb Code     0  entry11a.o(.ARM.Collect$$$$0000000F)
    SVC_Handler                              0x080001c1   Thumb Code    28  port.o(.emb_text)
    __asm___6_port_c_39a90d8d__prvStartFirstTask 0x080001e1   Thumb Code    36  port.o(.emb_text)
    __asm___6_port_c_39a90d8d__prvEnableVFP  0x08000209   Thumb Code    16  port.o(.emb_text)
    PendSV_Handler                           0x0800021d   Thumb Code    88  port.o(.emb_text)
    vPortGetIPSR                             0x08000279   Thumb Code     6  port.o(.emb_text)
    Reset_Handler                            0x08000281   Thumb Code     8  startup_stm32f427x.o(.text)
    ADC_IRQHandler                           0x0800029b   Thumb Code     0  startup_stm32f427x.o(.text)
    CAN1_RX0_IRQHandler                      0x0800029b   Thumb Code     0  startup_stm32f427x.o(.text)
    CAN1_RX1_IRQHandler                      0x0800029b   Thumb Code     0  startup_stm32f427x.o(.text)
    CAN1_SCE_IRQHandler                      0x0800029b   Thumb Code     0  startup_stm32f427x.o(.text)
    CAN1_TX_IRQHandler                       0x0800029b   Thumb Code     0  startup_stm32f427x.o(.text)
    CAN2_RX0_IRQHandler                      0x0800029b   Thumb Code     0  startup_stm32f427x.o(.text)
    CAN2_RX1_IRQHandler                      0x0800029b   Thumb Code     0  startup_stm32f427x.o(.text)
    CAN2_SCE_IRQHandler                      0x0800029b   Thumb Code     0  startup_stm32f427x.o(.text)
    CAN2_TX_IRQHandler                       0x0800029b   Thumb Code     0  startup_stm32f427x.o(.text)
    CRYP_IRQHandler                          0x0800029b   Thumb Code     0  startup_stm32f427x.o(.text)
    DCMI_IRQHandler                          0x0800029b   Thumb Code     0  startup_stm32f427x.o(.text)
    DMA1_Stream0_IRQHandler                  0x0800029b   Thumb Code     0  startup_stm32f427x.o(.text)
    DMA1_Stream1_IRQHandler                  0x0800029b   Thumb Code     0  startup_stm32f427x.o(.text)
    DMA1_Stream2_IRQHandler                  0x0800029b   Thumb Code     0  startup_stm32f427x.o(.text)
    DMA1_Stream3_IRQHandler                  0x0800029b   Thumb Code     0  startup_stm32f427x.o(.text)
    DMA1_Stream4_IRQHandler                  0x0800029b   Thumb Code     0  startup_stm32f427x.o(.text)
    DMA1_Stream5_IRQHandler                  0x0800029b   Thumb Code     0  startup_stm32f427x.o(.text)
    DMA1_Stream6_IRQHandler                  0x0800029b   Thumb Code     0  startup_stm32f427x.o(.text)
    DMA1_Stream7_IRQHandler                  0x0800029b   Thumb Code     0  startup_stm32f427x.o(.text)
    DMA2D_IRQHandler                         0x0800029b   Thumb Code     0  startup_stm32f427x.o(.text)
    DMA2_Stream0_IRQHandler                  0x0800029b   Thumb Code     0  startup_stm32f427x.o(.text)
    DMA2_Stream1_IRQHandler                  0x0800029b   Thumb Code     0  startup_stm32f427x.o(.text)
    DMA2_Stream2_IRQHandler                  0x0800029b   Thumb Code     0  startup_stm32f427x.o(.text)
    DMA2_Stream3_IRQHandler                  0x0800029b   Thumb Code     0  startup_stm32f427x.o(.text)
    DMA2_Stream4_IRQHandler                  0x0800029b   Thumb Code     0  startup_stm32f427x.o(.text)
    DMA2_Stream5_IRQHandler                  0x0800029b   Thumb Code     0  startup_stm32f427x.o(.text)
    DMA2_Stream6_IRQHandler                  0x0800029b   Thumb Code     0  startup_stm32f427x.o(.text)
    DMA2_Stream7_IRQHandler                  0x0800029b   Thumb Code     0  startup_stm32f427x.o(.text)
    ETH_IRQHandler                           0x0800029b   Thumb Code     0  startup_stm32f427x.o(.text)
    ETH_WKUP_IRQHandler                      0x0800029b   Thumb Code     0  startup_stm32f427x.o(.text)
    EXTI0_IRQHandler                         0x0800029b   Thumb Code     0  startup_stm32f427x.o(.text)
    EXTI15_10_IRQHandler                     0x0800029b   Thumb Code     0  startup_stm32f427x.o(.text)
    EXTI1_IRQHandler                         0x0800029b   Thumb Code     0  startup_stm32f427x.o(.text)
    EXTI2_IRQHandler                         0x0800029b   Thumb Code     0  startup_stm32f427x.o(.text)
    EXTI3_IRQHandler                         0x0800029b   Thumb Code     0  startup_stm32f427x.o(.text)
    EXTI4_IRQHandler                         0x0800029b   Thumb Code     0  startup_stm32f427x.o(.text)
    EXTI9_5_IRQHandler                       0x0800029b   Thumb Code     0  startup_stm32f427x.o(.text)
    FLASH_IRQHandler                         0x0800029b   Thumb Code     0  startup_stm32f427x.o(.text)
    FMC_IRQHandler                           0x0800029b   Thumb Code     0  startup_stm32f427x.o(.text)
    FPU_IRQHandler                           0x0800029b   Thumb Code     0  startup_stm32f427x.o(.text)
    HASH_RNG_IRQHandler                      0x0800029b   Thumb Code     0  startup_stm32f427x.o(.text)
    I2C1_ER_IRQHandler                       0x0800029b   Thumb Code     0  startup_stm32f427x.o(.text)
    I2C1_EV_IRQHandler                       0x0800029b   Thumb Code     0  startup_stm32f427x.o(.text)
    I2C2_ER_IRQHandler                       0x0800029b   Thumb Code     0  startup_stm32f427x.o(.text)
    I2C2_EV_IRQHandler                       0x0800029b   Thumb Code     0  startup_stm32f427x.o(.text)
    I2C3_ER_IRQHandler                       0x0800029b   Thumb Code     0  startup_stm32f427x.o(.text)
    I2C3_EV_IRQHandler                       0x0800029b   Thumb Code     0  startup_stm32f427x.o(.text)
    OTG_FS_IRQHandler                        0x0800029b   Thumb Code     0  startup_stm32f427x.o(.text)
    OTG_FS_WKUP_IRQHandler                   0x0800029b   Thumb Code     0  startup_stm32f427x.o(.text)
    OTG_HS_EP1_IN_IRQHandler                 0x0800029b   Thumb Code     0  startup_stm32f427x.o(.text)
    OTG_HS_EP1_OUT_IRQHandler                0x0800029b   Thumb Code     0  startup_stm32f427x.o(.text)
    OTG_HS_IRQHandler                        0x0800029b   Thumb Code     0  startup_stm32f427x.o(.text)
    OTG_HS_WKUP_IRQHandler                   0x0800029b   Thumb Code     0  startup_stm32f427x.o(.text)
    PVD_IRQHandler                           0x0800029b   Thumb Code     0  startup_stm32f427x.o(.text)
    RCC_IRQHandler                           0x0800029b   Thumb Code     0  startup_stm32f427x.o(.text)
    RTC_Alarm_IRQHandler                     0x0800029b   Thumb Code     0  startup_stm32f427x.o(.text)
    RTC_WKUP_IRQHandler                      0x0800029b   Thumb Code     0  startup_stm32f427x.o(.text)
    SAI1_IRQHandler                          0x0800029b   Thumb Code     0  startup_stm32f427x.o(.text)
    SDIO_IRQHandler                          0x0800029b   Thumb Code     0  startup_stm32f427x.o(.text)
    SPI1_IRQHandler                          0x0800029b   Thumb Code     0  startup_stm32f427x.o(.text)
    SPI2_IRQHandler                          0x0800029b   Thumb Code     0  startup_stm32f427x.o(.text)
    SPI3_IRQHandler                          0x0800029b   Thumb Code     0  startup_stm32f427x.o(.text)
    SPI4_IRQHandler                          0x0800029b   Thumb Code     0  startup_stm32f427x.o(.text)
    SPI5_IRQHandler                          0x0800029b   Thumb Code     0  startup_stm32f427x.o(.text)
    SPI6_IRQHandler                          0x0800029b   Thumb Code     0  startup_stm32f427x.o(.text)
    TAMP_STAMP_IRQHandler                    0x0800029b   Thumb Code     0  startup_stm32f427x.o(.text)
    TIM1_BRK_TIM9_IRQHandler                 0x0800029b   Thumb Code     0  startup_stm32f427x.o(.text)
    TIM1_CC_IRQHandler                       0x0800029b   Thumb Code     0  startup_stm32f427x.o(.text)
    TIM1_TRG_COM_TIM11_IRQHandler            0x0800029b   Thumb Code     0  startup_stm32f427x.o(.text)
    TIM1_UP_TIM10_IRQHandler                 0x0800029b   Thumb Code     0  startup_stm32f427x.o(.text)
    TIM2_IRQHandler                          0x0800029b   Thumb Code     0  startup_stm32f427x.o(.text)
    TIM3_IRQHandler                          0x0800029b   Thumb Code     0  startup_stm32f427x.o(.text)
    TIM4_IRQHandler                          0x0800029b   Thumb Code     0  startup_stm32f427x.o(.text)
    TIM5_IRQHandler                          0x0800029b   Thumb Code     0  startup_stm32f427x.o(.text)
    TIM6_DAC_IRQHandler                      0x0800029b   Thumb Code     0  startup_stm32f427x.o(.text)
    TIM7_IRQHandler                          0x0800029b   Thumb Code     0  startup_stm32f427x.o(.text)
    TIM8_BRK_TIM12_IRQHandler                0x0800029b   Thumb Code     0  startup_stm32f427x.o(.text)
    TIM8_CC_IRQHandler                       0x0800029b   Thumb Code     0  startup_stm32f427x.o(.text)
    TIM8_TRG_COM_TIM14_IRQHandler            0x0800029b   Thumb Code     0  startup_stm32f427x.o(.text)
    TIM8_UP_TIM13_IRQHandler                 0x0800029b   Thumb Code     0  startup_stm32f427x.o(.text)
    UART4_IRQHandler                         0x0800029b   Thumb Code     0  startup_stm32f427x.o(.text)
    UART5_IRQHandler                         0x0800029b   Thumb Code     0  startup_stm32f427x.o(.text)
    UART7_IRQHandler                         0x0800029b   Thumb Code     0  startup_stm32f427x.o(.text)
    UART8_IRQHandler                         0x0800029b   Thumb Code     0  startup_stm32f427x.o(.text)
    USART2_IRQHandler                        0x0800029b   Thumb Code     0  startup_stm32f427x.o(.text)
    USART3_IRQHandler                        0x0800029b   Thumb Code     0  startup_stm32f427x.o(.text)
    USART6_IRQHandler                        0x0800029b   Thumb Code     0  startup_stm32f427x.o(.text)
    WWDG_IRQHandler                          0x0800029b   Thumb Code     0  startup_stm32f427x.o(.text)
    __aeabi_ldivmod                          0x080002a5   Thumb Code    98  ldiv.o(.text)
    __aeabi_memcpy                           0x08000307   Thumb Code    36  memcpya.o(.text)
    __aeabi_memcpy4                          0x08000307   Thumb Code     0  memcpya.o(.text)
    __aeabi_memcpy8                          0x08000307   Thumb Code     0  memcpya.o(.text)
    __aeabi_memset                           0x0800032b   Thumb Code    14  memseta.o(.text)
    __aeabi_memset4                          0x0800032b   Thumb Code     0  memseta.o(.text)
    __aeabi_memset8                          0x0800032b   Thumb Code     0  memseta.o(.text)
    __aeabi_memclr                           0x08000339   Thumb Code     4  memseta.o(.text)
    __aeabi_memclr4                          0x08000339   Thumb Code     0  memseta.o(.text)
    __aeabi_memclr8                          0x08000339   Thumb Code     0  memseta.o(.text)
    memset                                   0x0800033d   Thumb Code    18  memseta.o(.text)
    __aeabi_l2f                              0x0800034f   Thumb Code    44  ffltl.o(.text)
    __aeabi_uldivmod                         0x0800037b   Thumb Code    98  uldiv.o(.text)
    __I$use$fp                               0x080003dd   Thumb Code     0  iusefp.o(.text)
    _float_round                             0x080003dd   Thumb Code    18  fepilogue.o(.text)
    _float_epilogue                          0x080003ef   Thumb Code    92  fepilogue.o(.text)
    __scatterload                            0x0800044d   Thumb Code    28  init.o(.text)
    __scatterload_rt2                        0x0800044d   Thumb Code     0  init.o(.text)
    __aeabi_llsl                             0x08000471   Thumb Code    30  llshl.o(.text)
    _ll_shift_l                              0x08000471   Thumb Code     0  llshl.o(.text)
    __aeabi_llsr                             0x0800048f   Thumb Code    32  llushr.o(.text)
    _ll_ushift_r                             0x0800048f   Thumb Code     0  llushr.o(.text)
    BusFault_Handler                         0x080004af   Thumb Code     2  stm32f4xx_it.o(i.BusFault_Handler)
    DebugMon_Handler                         0x08000501   Thumb Code     2  stm32f4xx_it.o(i.DebugMon_Handler)
    HAL_DMA_Abort                            0x08000503   Thumb Code    82  stm32f4xx_hal_dma.o(i.HAL_DMA_Abort)
    HAL_DMA_DeInit                           0x08000555   Thumb Code    86  stm32f4xx_hal_dma.o(i.HAL_DMA_DeInit)
    HAL_DMA_Init                             0x080005ad   Thumb Code   116  stm32f4xx_hal_dma.o(i.HAL_DMA_Init)
    HAL_DMA_Start                            0x08000625   Thumb Code    58  stm32f4xx_hal_dma.o(i.HAL_DMA_Start)
    HAL_GPIO_Init                            0x08000661   Thumb Code   422  stm32f4xx_hal_gpio.o(i.HAL_GPIO_Init)
    HAL_GPIO_WritePin                        0x0800083d   Thumb Code    10  stm32f4xx_hal_gpio.o(i.HAL_GPIO_WritePin)
    HAL_GetTick                              0x08000849   Thumb Code     6  stm32f4xx_hal.o(i.HAL_GetTick)
    HAL_Init                                 0x08000855   Thumb Code    48  stm32f4xx_hal.o(i.HAL_Init)
    HAL_InitTick                             0x08000889   Thumb Code    34  stm32f4xx_hal.o(i.HAL_InitTick)
    HAL_MspInit                              0x080008ab   Thumb Code     8  stm32f4xx_hal.o(i.HAL_MspInit)
    HAL_NVIC_EnableIRQ                       0x080008b3   Thumb Code    22  stm32f4xx_hal_cortex.o(i.HAL_NVIC_EnableIRQ)
    HAL_NVIC_SetPriority                     0x080008c9   Thumb Code    60  stm32f4xx_hal_cortex.o(i.HAL_NVIC_SetPriority)
    HAL_NVIC_SetPriorityGrouping             0x08000909   Thumb Code    26  stm32f4xx_hal_cortex.o(i.HAL_NVIC_SetPriorityGrouping)
    HAL_PWREx_EnableOverDrive                0x0800092d   Thumb Code   122  stm32f4xx_hal_pwr_ex.o(i.HAL_PWREx_EnableOverDrive)
    HAL_RCC_ClockConfig                      0x080009b5   Thumb Code   512  stm32f4xx_hal_rcc.o(i.HAL_RCC_ClockConfig)
    HAL_RCC_GetHCLKFreq                      0x08000bbd   Thumb Code    38  stm32f4xx_hal_rcc.o(i.HAL_RCC_GetHCLKFreq)
    HAL_RCC_GetPCLK1Freq                     0x08000bf1   Thumb Code    36  stm32f4xx_hal_rcc.o(i.HAL_RCC_GetPCLK1Freq)
    HAL_RCC_GetPCLK2Freq                     0x08000c1d   Thumb Code    36  stm32f4xx_hal_rcc.o(i.HAL_RCC_GetPCLK2Freq)
    HAL_RCC_GetSysClockFreq                  0x08000c49   Thumb Code   104  stm32f4xx_hal_rcc.o(i.HAL_RCC_GetSysClockFreq)
    HAL_RCC_OscConfig                        0x08000cbd   Thumb Code   774  stm32f4xx_hal_rcc.o(i.HAL_RCC_OscConfig)
    HAL_SYSTICK_CLKSourceConfig              0x08000fd9   Thumb Code    24  stm32f4xx_hal_cortex.o(i.HAL_SYSTICK_CLKSourceConfig)
    HAL_SYSTICK_Config                       0x08000ff1   Thumb Code    40  stm32f4xx_hal_cortex.o(i.HAL_SYSTICK_Config)
    HAL_TIM_Base_Init                        0x08001019   Thumb Code    54  stm32f4xx_hal_tim.o(i.HAL_TIM_Base_Init)
    HAL_TIM_Base_MspInit                     0x0800104f   Thumb Code     2  stm32f4xx_hal_tim.o(i.HAL_TIM_Base_MspInit)
    HAL_TIM_Base_Start                       0x08001051   Thumb Code    26  stm32f4xx_hal_tim.o(i.HAL_TIM_Base_Start)
    HAL_UART_DMAStop                         0x0800106b   Thumb Code    50  stm32f4xx_hal_uart.o(i.HAL_UART_DMAStop)
    HAL_UART_ErrorCallback                   0x0800109d   Thumb Code     2  stm32f4xx_hal_uart.o(i.HAL_UART_ErrorCallback)
    HAL_UART_GetState                        0x0800109f   Thumb Code     6  stm32f4xx_hal_uart.o(i.HAL_UART_GetState)
    HAL_UART_IRQHandler                      0x080010a5   Thumb Code   244  stm32f4xx_hal_uart.o(i.HAL_UART_IRQHandler)
    HAL_UART_Init                            0x08001199   Thumb Code    94  stm32f4xx_hal_uart.o(i.HAL_UART_Init)
    HAL_UART_MspInit                         0x080011f9   Thumb Code   112  usart.o(i.HAL_UART_MspInit)
    HAL_UART_Receive_IT                      0x08001275   Thumb Code   104  stm32f4xx_hal_uart.o(i.HAL_UART_Receive_IT)
    HAL_UART_RxCpltCallback                  0x080012dd   Thumb Code    76  usart.o(i.HAL_UART_RxCpltCallback)
    HAL_UART_TxCpltCallback                  0x08001335   Thumb Code     2  stm32f4xx_hal_uart.o(i.HAL_UART_TxCpltCallback)
    HardFault_Handler                        0x08001337   Thumb Code     2  stm32f4xx_it.o(i.HardFault_Handler)
    IIC_Ack                                  0x08001339   Thumb Code    88  iic.o(i.IIC_Ack)
    IIC_NAck                                 0x08001391   Thumb Code    88  iic.o(i.IIC_NAck)
    IIC_READ_SDA                             0x080013e9   Thumb Code    86  iic.o(i.IIC_READ_SDA)
    IIC_Read_Byte                            0x08001465   Thumb Code   128  iic.o(i.IIC_Read_Byte)
    IIC_SCL                                  0x080014e5   Thumb Code    84  iic.o(i.IIC_SCL)
    IIC_SDA                                  0x0800155d   Thumb Code    84  iic.o(i.IIC_SDA)
    IIC_Send_Byte                            0x080015d5   Thumb Code   110  iic.o(i.IIC_Send_Byte)
    IIC_Start                                0x08001643   Thumb Code    90  iic.o(i.IIC_Start)
    IIC_Stop                                 0x0800169d   Thumb Code    90  iic.o(i.IIC_Stop)
    IIC_Wait_Ack                             0x080016f7   Thumb Code   118  iic.o(i.IIC_Wait_Ack)
    IIC_delay                                0x0800176d   Thumb Code    12  iic.o(i.IIC_delay)
    LED_Init                                 0x08001779   Thumb Code    76  led.o(i.LED_Init)
    MPU9250_IIC_Read                         0x080017cd   Thumb Code   150  mpu9250.o(i.MPU9250_IIC_Read)
    MPU9250_IIC_Write                        0x08001863   Thumb Code   120  mpu9250.o(i.MPU9250_IIC_Write)
    MemManage_Handler                        0x080018db   Thumb Code     2  stm32f4xx_it.o(i.MemManage_Handler)
    NMI_Handler                              0x080018dd   Thumb Code     2  stm32f4xx_it.o(i.NMI_Handler)
    READ_MPU9250_ACCEL                       0x08001901   Thumb Code   142  mpu9250.o(i.READ_MPU9250_ACCEL)
    READ_MPU9250_GYRO                        0x08001999   Thumb Code   142  mpu9250.o(i.READ_MPU9250_GYRO)
    SDA_IN                                   0x08001a31   Thumb Code    20  iic.o(i.SDA_IN)
    SDA_OUT                                  0x08001a45   Thumb Code    26  iic.o(i.SDA_OUT)
    Send_RCData                              0x08001a61   Thumb Code   426  swj.o(i.Send_RCData)
    Stm32_Clock_Init                         0x08001c19   Thumb Code   122  sys.o(i.Stm32_Clock_Init)
    SysTick_Handler                          0x08001c9d   Thumb Code    28  delay.o(i.SysTick_Handler)
    SystemInit                               0x08001cbd   Thumb Code    66  system_stm32f4xx.o(i.SystemInit)
    TIM6_Int_Init                            0x08001d11   Thumb Code    56  timer.o(i.TIM6_Int_Init)
    TIM_Base_SetConfig                       0x08001d59   Thumb Code   148  stm32f4xx_hal_tim.o(i.TIM_Base_SetConfig)
    UART1DMA_Config                          0x08001e19   Thumb Code   102  usart.o(i.UART1DMA_Config)
    UART1DMA_USART_Transmit                  0x08001e8d   Thumb Code    28  usart.o(i.UART1DMA_USART_Transmit)
    USART1_IRQHandler                        0x0800212d   Thumb Code    34  usart.o(i.USART1_IRQHandler)
    UsageFault_Handler                       0x08002159   Thumb Code     2  stm32f4xx_it.o(i.UsageFault_Handler)
    __scatterload_copy                       0x0800215b   Thumb Code    14  handlers.o(i.__scatterload_copy)
    __scatterload_null                       0x08002169   Thumb Code     2  handlers.o(i.__scatterload_null)
    __scatterload_zeroinit                   0x0800216b   Thumb Code    14  handlers.o(i.__scatterload_zeroinit)
    delay_init                               0x08002179   Thumb Code    50  delay.o(i.delay_init)
    delay_ms                                 0x080021b1   Thumb Code    52  delay.o(i.delay_ms)
    delay_us                                 0x080021e9   Thumb Code    48  delay.o(i.delay_us)
    getGyroBias                              0x0800221d   Thumb Code   108  sensors.o(i.getGyroBias)
    getGyroBiasMeanAndVar                    0x0800229d   Thumb Code   398  sensors.o(i.getGyroBiasMeanAndVar)
    iicPortDef                               0x08002435   Thumb Code   726  iic.o(i.iicPortDef)
    iicSingleInit                            0x08002719   Thumb Code    52  iic.o(i.iicSingleInit)
    imuOriginalDataProcessing                0x0800274d   Thumb Code   206  sensors.o(i.imuOriginalDataProcessing)
    ledFlash                                 0x0800282d   Thumb Code    60  led.o(i.ledFlash)
    main                                     0x0800286d   Thumb Code    42  main.o(i.main)
    mpu9250_Init                             0x080028b1   Thumb Code   300  mpu9250.o(i.mpu9250_Init)
    pvPortMalloc                             0x08003109   Thumb Code   210  heap_4.o(i.pvPortMalloc)
    pxPortInitialiseStack                    0x080031e1   Thumb Code    40  port.o(i.pxPortInitialiseStack)
    sensorsQueueInit                         0x0800320d   Thumb Code    30  sensors.o(i.sensorsQueueInit)
    sysInit                                  0x080032f1   Thumb Code    64  sysinit.o(i.sysInit)
    uart_init                                0x08003335   Thumb Code    54  usart.o(i.uart_init)
    uxListRemove                             0x0800337d   Thumb Code    38  list.o(i.uxListRemove)
    uxTaskResetEventItemValue                0x080033a5   Thumb Code    20  tasks.o(i.uxTaskResetEventItemValue)
    vListInitialise                          0x080033bd   Thumb Code    22  list.o(i.vListInitialise)
    vListInitialiseItem                      0x080033d3   Thumb Code     6  list.o(i.vListInitialiseItem)
    vListInsert                              0x080033d9   Thumb Code    48  list.o(i.vListInsert)
    vListInsertEnd                           0x08003409   Thumb Code    24  list.o(i.vListInsertEnd)
    vPortEnterCritical                       0x08003421   Thumb Code    54  port.o(i.vPortEnterCritical)
    vPortExitCritical                        0x08003461   Thumb Code    34  port.o(i.vPortExitCritical)
    vPortFree                                0x08003489   Thumb Code    88  heap_4.o(i.vPortFree)
    vPortSetupTimerInterrupt                 0x080034e5   Thumb Code    32  port.o(i.vPortSetupTimerInterrupt)
    vPortValidateInterruptPriority           0x08003509   Thumb Code    74  port.o(i.vPortValidateInterruptPriority)
    vQueueAddToRegistry                      0x0800355d   Thumb Code    32  queue.o(i.vQueueAddToRegistry)
    vQueueWaitForMessageRestricted           0x08003581   Thumb Code    68  queue.o(i.vQueueWaitForMessageRestricted)
    vTaskAttitudeAlgorithm                   0x080035c5   Thumb Code    24  task.o(i.vTaskAttitudeAlgorithm)
    vTaskDataUpload                          0x080035e1   Thumb Code   330  task.o(i.vTaskDataUpload)
    vTaskDelay                               0x08003759   Thumb Code    66  tasks.o(i.vTaskDelay)
    vTaskDelete                              0x080037a5   Thumb Code   156  tasks.o(i.vTaskDelete)
    vTaskIndicatorLED                        0x08003851   Thumb Code    18  task.o(i.vTaskIndicatorLED)
    vTaskInternalSetTimeOutState             0x08003869   Thumb Code    12  tasks.o(i.vTaskInternalSetTimeOutState)
    vTaskMissedYield                         0x08003879   Thumb Code     8  tasks.o(i.vTaskMissedYield)
    vTaskPlaceOnEventList                    0x08003885   Thumb Code    44  tasks.o(i.vTaskPlaceOnEventList)
    vTaskPlaceOnEventListRestricted          0x080038b5   Thumb Code    52  tasks.o(i.vTaskPlaceOnEventListRestricted)
    vTaskPlaceOnUnorderedEventList           0x080038ed   Thumb Code    72  tasks.o(i.vTaskPlaceOnUnorderedEventList)
    vTaskReadSenser                          0x08003939   Thumb Code   154  task.o(i.vTaskReadSenser)
    vTaskRemoveFromUnorderedEventList        0x080039f9   Thumb Code   104  tasks.o(i.vTaskRemoveFromUnorderedEventList)
    vTaskStartScheduler                      0x08003a69   Thumb Code    94  tasks.o(i.vTaskStartScheduler)
    vTaskSuspendAll                          0x08003ad9   Thumb Code    10  tasks.o(i.vTaskSuspendAll)
    vTaskSwitchContext                       0x08003ae9   Thumb Code    82  tasks.o(i.vTaskSwitchContext)
    xEventGroupCreate                        0x08003b45   Thumb Code    26  event_groups.o(i.xEventGroupCreate)
    xEventGroupSetBits                       0x08003b5f   Thumb Code   140  event_groups.o(i.xEventGroupSetBits)
    xEventGroupWaitBits                      0x08003bed   Thumb Code   258  event_groups.o(i.xEventGroupWaitBits)
    xPortStartScheduler                      0x08003cf5   Thumb Code   224  port.o(i.xPortStartScheduler)
    xPortSysTickHandler                      0x08003de9   Thumb Code    38  port.o(i.xPortSysTickHandler)
    xQueueGenericCreate                      0x08003e15   Thumb Code    82  queue.o(i.xQueueGenericCreate)
    xQueueGenericReset                       0x08003e69   Thumb Code   132  queue.o(i.xQueueGenericReset)
    xQueueGenericSend                        0x08003ef1   Thumb Code   350  queue.o(i.xQueueGenericSend)
    xQueueGenericSendFromISR                 0x08004055   Thumb Code   188  queue.o(i.xQueueGenericSendFromISR)
    xQueueReceive                            0x08004111   Thumb Code   308  queue.o(i.xQueueReceive)
    xTaskCheckForTimeOut                     0x08004249   Thumb Code   112  tasks.o(i.xTaskCheckForTimeOut)
    xTaskCreate                              0x080042bd   Thumb Code    86  tasks.o(i.xTaskCreate)
    xTaskGetSchedulerState                   0x08004315   Thumb Code    22  tasks.o(i.xTaskGetSchedulerState)
    xTaskGetTickCount                        0x08004331   Thumb Code     6  tasks.o(i.xTaskGetTickCount)
    xTaskIncrementTick                       0x0800433d   Thumb Code   192  tasks.o(i.xTaskIncrementTick)
    xTaskPriorityDisinherit                  0x08004405   Thumb Code   144  tasks.o(i.xTaskPriorityDisinherit)
    xTaskRemoveFromEventList                 0x0800449d   Thumb Code   108  tasks.o(i.xTaskRemoveFromEventList)
    xTaskResumeAll                           0x08004511   Thumb Code   182  tasks.o(i.xTaskResumeAll)
    xTimerCreateTimerTask                    0x080045d5   Thumb Code    58  timers.o(i.xTimerCreateTimerTask)
    xTimerGenericCommand                     0x08004621   Thumb Code    88  timers.o(i.xTimerGenericCommand)
    APBAHBPrescTable                         0x0800467c   Data          16  stm32f4xx_hal_rcc.o(.constdata)
    Region$$Table$$Base                      0x08004694   Number         0  anon$$obj.o(Region$$Table)
    Region$$Table$$Limit                     0x080046b4   Number         0  anon$$obj.o(Region$$Table)
    startTaskHandle                          0x20000000   Data           4  main.o(.data)
    SystemCoreClock                          0x20000004   Data           4  system_stm32f4xx.o(.data)
    xCreatedEventGroup                       0x20000008   Data           4  task.o(.data)
    deltaT                                   0x2000000c   Data           4  task.o(.data)
    aRxBuffer                                0x20000020   Data           1  usart.o(.data)
    USART_RX_STA                             0x20000022   Data           2  usart.o(.data)
    accOriginalData                          0x20000024   Data           6  mpu9250.o(.data)
    gyroOriginalData                         0x2000002a   Data           6  mpu9250.o(.data)
    magOriginalData                          0x20000030   Data           6  mpu9250.o(.data)
    i                                        0x20000036   Data           1  swj.o(.data)
    isBufferFulled                           0x20000038   Data           1  sensors.o(.data)
    isGetGyroBiasFinished                    0x20000039   Data           1  sensors.o(.data)
    bufHead                                  0x2000003c   Data           4  sensors.o(.data)
    gyroDataQueue                            0x20000040   Data           4  sensors.o(.data)
    accDataQueue                             0x20000044   Data           4  sensors.o(.data)
    timerInitStatus                          0x20000048   Data           1  timer.o(.data)
    pxCurrentTCB                             0x2000004c   Data           4  tasks.o(.data)
    mpu9250_data                             0x200000c0   Data          36  task.o(.bss)
    USART_RX_BUF                             0x200000e4   Data         200  usart.o(.bss)
    UART1_Handler                            0x200001ac   Data          64  usart.o(.bss)
    UART1TxDMA_Handler                       0x200001ec   Data          88  usart.o(.bss)
    ASA                                      0x20000244   Data          12  mpu9250.o(.bss)
    mpu9250_iic                              0x20000250   Data          16  mpu9250.o(.bss)
    gyroBias                                 0x20000260   Data          24  sensors.o(.bss)
    accBias                                  0x20000278   Data          12  sensors.o(.bss)
    accT                                     0x20000284   Data          12  sensors.o(.bss)
    gyroBiasSampleBuffer                     0x20000290   Data        3000  sensors.o(.bss)
    dataProcessed                            0x20000e48   Data          36  sensors.o(.bss)
    TIM6_Handler                             0x20000e6c   Data          60  timer.o(.bss)
    xQueueRegistry                           0x20000ea8   Data          64  queue.o(.bss)
    __initial_sp                             0x20014040   Data           0  startup_stm32f427x.o(STACK)



==============================================================================

Memory Map of the image

  Image Entry point : 0x080001ad

  Load Region LR_IROM1 (Base: 0x08000000, Size: 0x00004774, Max: 0x00200000, ABSOLUTE)

    Execution Region ER_IROM1 (Base: 0x08000000, Size: 0x000046b4, Max: 0x00200000, ABSOLUTE)

    Base Addr    Size         Type   Attr      Idx    E Section Name        Object

    0x08000000   0x000001ac   Data   RO          491    RESET               startup_stm32f427x.o
    0x080001ac   0x00000000   Code   RO         4524  * .ARM.Collect$$$$00000000  mc_w.l(entry.o)
    0x080001ac   0x00000004   Code   RO         4613    .ARM.Collect$$$$00000001  mc_w.l(entry2.o)
    0x080001b0   0x00000004   Code   RO         4616    .ARM.Collect$$$$00000004  mc_w.l(entry5.o)
    0x080001b4   0x00000000   Code   RO         4618    .ARM.Collect$$$$00000008  mc_w.l(entry7b.o)
    0x080001b4   0x00000000   Code   RO         4620    .ARM.Collect$$$$0000000A  mc_w.l(entry8b.o)
    0x080001b4   0x00000008   Code   RO         4621    .ARM.Collect$$$$0000000B  mc_w.l(entry9a.o)
    0x080001bc   0x00000000   Code   RO         4623    .ARM.Collect$$$$0000000D  mc_w.l(entry10a.o)
    0x080001bc   0x00000000   Code   RO         4625    .ARM.Collect$$$$0000000F  mc_w.l(entry11a.o)
    0x080001bc   0x00000004   Code   RO         4614    .ARM.Collect$$$$00002712  mc_w.l(entry2.o)
    0x080001c0   0x000000be   Code   RO         4249    .emb_text           port.o
    0x0800027e   0x00000002   PAD
    0x08000280   0x00000024   Code   RO          492    .text               startup_stm32f427x.o
    0x080002a4   0x00000062   Code   RO         4527    .text               mc_w.l(ldiv.o)
    0x08000306   0x00000024   Code   RO         4531    .text               mc_w.l(memcpya.o)
    0x0800032a   0x00000024   Code   RO         4535    .text               mc_w.l(memseta.o)
    0x0800034e   0x0000002c   Code   RO         4541    .text               mf_w.l(ffltl.o)
    0x0800037a   0x00000062   Code   RO         4627    .text               mc_w.l(uldiv.o)
    0x080003dc   0x00000000   Code   RO         4636    .text               mc_w.l(iusefp.o)
    0x080003dc   0x0000006e   Code   RO         4637    .text               mf_w.l(fepilogue.o)
    0x0800044a   0x00000002   PAD
    0x0800044c   0x00000024   Code   RO         4653    .text               mc_w.l(init.o)
    0x08000470   0x0000001e   Code   RO         4655    .text               mc_w.l(llshl.o)
    0x0800048e   0x00000020   Code   RO         4657    .text               mc_w.l(llushr.o)
    0x080004ae   0x00000002   Code   RO          339    i.BusFault_Handler  stm32f4xx_it.o
    0x080004b0   0x00000028   Code   RO         1634    i.DMA_CalcBaseAndBitshift  stm32f4xx_hal_dma.o
    0x080004d8   0x00000028   Code   RO         1635    i.DMA_SetConfig     stm32f4xx_hal_dma.o
    0x08000500   0x00000002   Code   RO          340    i.DebugMon_Handler  stm32f4xx_it.o
    0x08000502   0x00000052   Code   RO         1636    i.HAL_DMA_Abort     stm32f4xx_hal_dma.o
    0x08000554   0x00000056   Code   RO         1637    i.HAL_DMA_DeInit    stm32f4xx_hal_dma.o
    0x080005aa   0x00000002   PAD
    0x080005ac   0x00000078   Code   RO         1641    i.HAL_DMA_Init      stm32f4xx_hal_dma.o
    0x08000624   0x0000003a   Code   RO         1643    i.HAL_DMA_Start     stm32f4xx_hal_dma.o
    0x0800065e   0x00000002   PAD
    0x08000660   0x000001dc   Code   RO          783    i.HAL_GPIO_Init     stm32f4xx_hal_gpio.o
    0x0800083c   0x0000000a   Code   RO          787    i.HAL_GPIO_WritePin  stm32f4xx_hal_gpio.o
    0x08000846   0x00000002   PAD
    0x08000848   0x0000000c   Code   RO          514    i.HAL_GetTick       stm32f4xx_hal.o
    0x08000854   0x00000034   Code   RO          516    i.HAL_Init          stm32f4xx_hal.o
    0x08000888   0x00000022   Code   RO          517    i.HAL_InitTick      stm32f4xx_hal.o
    0x080008aa   0x00000008   Code   RO          519    i.HAL_MspInit       stm32f4xx_hal.o
    0x080008b2   0x00000016   Code   RO          660    i.HAL_NVIC_EnableIRQ  stm32f4xx_hal_cortex.o
    0x080008c8   0x00000040   Code   RO          666    i.HAL_NVIC_SetPriority  stm32f4xx_hal_cortex.o
    0x08000908   0x00000024   Code   RO          667    i.HAL_NVIC_SetPriorityGrouping  stm32f4xx_hal_cortex.o
    0x0800092c   0x00000088   Code   RO          972    i.HAL_PWREx_EnableOverDrive  stm32f4xx_hal_pwr_ex.o
    0x080009b4   0x00000208   Code   RO         1039    i.HAL_RCC_ClockConfig  stm32f4xx_hal_rcc.o
    0x08000bbc   0x00000034   Code   RO         1044    i.HAL_RCC_GetHCLKFreq  stm32f4xx_hal_rcc.o
    0x08000bf0   0x0000002c   Code   RO         1046    i.HAL_RCC_GetPCLK1Freq  stm32f4xx_hal_rcc.o
    0x08000c1c   0x0000002c   Code   RO         1047    i.HAL_RCC_GetPCLK2Freq  stm32f4xx_hal_rcc.o
    0x08000c48   0x00000074   Code   RO         1048    i.HAL_RCC_GetSysClockFreq  stm32f4xx_hal_rcc.o
    0x08000cbc   0x0000031c   Code   RO         1051    i.HAL_RCC_OscConfig  stm32f4xx_hal_rcc.o
    0x08000fd8   0x00000018   Code   RO          669    i.HAL_SYSTICK_CLKSourceConfig  stm32f4xx_hal_cortex.o
    0x08000ff0   0x00000028   Code   RO          671    i.HAL_SYSTICK_Config  stm32f4xx_hal_cortex.o
    0x08001018   0x00000036   Code   RO         1760    i.HAL_TIM_Base_Init  stm32f4xx_hal_tim.o
    0x0800104e   0x00000002   Code   RO         1762    i.HAL_TIM_Base_MspInit  stm32f4xx_hal_tim.o
    0x08001050   0x0000001a   Code   RO         1763    i.HAL_TIM_Base_Start  stm32f4xx_hal_tim.o
    0x0800106a   0x00000032   Code   RO         1189    i.HAL_UART_DMAStop  stm32f4xx_hal_uart.o
    0x0800109c   0x00000002   Code   RO         1191    i.HAL_UART_ErrorCallback  stm32f4xx_hal_uart.o
    0x0800109e   0x00000006   Code   RO         1193    i.HAL_UART_GetState  stm32f4xx_hal_uart.o
    0x080010a4   0x000000f4   Code   RO         1194    i.HAL_UART_IRQHandler  stm32f4xx_hal_uart.o
    0x08001198   0x0000005e   Code   RO         1195    i.HAL_UART_Init     stm32f4xx_hal_uart.o
    0x080011f6   0x00000002   PAD
    0x080011f8   0x0000007c   Code   RO         2706    i.HAL_UART_MspInit  usart.o
    0x08001274   0x00000068   Code   RO         1200    i.HAL_UART_Receive_IT  stm32f4xx_hal_uart.o
    0x080012dc   0x00000058   Code   RO         2707    i.HAL_UART_RxCpltCallback  usart.o
    0x08001334   0x00000002   Code   RO         1206    i.HAL_UART_TxCpltCallback  stm32f4xx_hal_uart.o
    0x08001336   0x00000002   Code   RO          341    i.HardFault_Handler  stm32f4xx_it.o
    0x08001338   0x00000058   Code   RO         2850    i.IIC_Ack           iic.o
    0x08001390   0x00000058   Code   RO         2851    i.IIC_NAck          iic.o
    0x080013e8   0x0000007c   Code   RO         2852    i.IIC_READ_SDA      iic.o
    0x08001464   0x00000080   Code   RO         2853    i.IIC_Read_Byte     iic.o
    0x080014e4   0x00000078   Code   RO         2854    i.IIC_SCL           iic.o
    0x0800155c   0x00000078   Code   RO         2855    i.IIC_SDA           iic.o
    0x080015d4   0x0000006e   Code   RO         2856    i.IIC_Send_Byte     iic.o
    0x08001642   0x0000005a   Code   RO         2857    i.IIC_Start         iic.o
    0x0800169c   0x0000005a   Code   RO         2858    i.IIC_Stop          iic.o
    0x080016f6   0x00000076   Code   RO         2859    i.IIC_Wait_Ack      iic.o
    0x0800176c   0x0000000c   Code   RO         2860    i.IIC_delay         iic.o
    0x08001778   0x00000054   Code   RO         2796    i.LED_Init          led.o
    0x080017cc   0x00000096   Code   RO         2959    i.MPU9250_IIC_Read  mpu9250.o
    0x08001862   0x00000078   Code   RO         2960    i.MPU9250_IIC_Write  mpu9250.o
    0x080018da   0x00000002   Code   RO          342    i.MemManage_Handler  stm32f4xx_it.o
    0x080018dc   0x00000002   Code   RO          343    i.NMI_Handler       stm32f4xx_it.o
    0x080018de   0x00000020   Code   RO          673    i.NVIC_SetPriority  stm32f4xx_hal_cortex.o
    0x080018fe   0x00000002   PAD
    0x08001900   0x00000098   Code   RO         2961    i.READ_MPU9250_ACCEL  mpu9250.o
    0x08001998   0x00000098   Code   RO         2962    i.READ_MPU9250_GYRO  mpu9250.o
    0x08001a30   0x00000014   Code   RO         2861    i.SDA_IN            iic.o
    0x08001a44   0x0000001a   Code   RO         2862    i.SDA_OUT           iic.o
    0x08001a5e   0x00000002   PAD
    0x08001a60   0x000001b8   Code   RO         3023    i.Send_RCData       swj.o
    0x08001c18   0x00000084   Code   RO         2679    i.Stm32_Clock_Init  sys.o
    0x08001c9c   0x00000020   Code   RO         2628    i.SysTick_Handler   delay.o
    0x08001cbc   0x00000054   Code   RO          400    i.SystemInit        system_stm32f4xx.o
    0x08001d10   0x00000048   Code   RO         3116    i.TIM6_Int_Init     timer.o
    0x08001d58   0x000000c0   Code   RO         1844    i.TIM_Base_SetConfig  stm32f4xx_hal_tim.o
    0x08001e18   0x00000074   Code   RO         2708    i.UART1DMA_Config   usart.o
    0x08001e8c   0x0000001c   Code   RO         2709    i.UART1DMA_USART_Transmit  usart.o
    0x08001ea8   0x000000a6   Code   RO         1213    i.UART_Receive_IT   stm32f4xx_hal_uart.o
    0x08001f4e   0x00000002   PAD
    0x08001f50   0x00000174   Code   RO         1214    i.UART_SetConfig    stm32f4xx_hal_uart.o
    0x080020c4   0x00000066   Code   RO         1215    i.UART_Transmit_IT  stm32f4xx_hal_uart.o
    0x0800212a   0x00000002   PAD
    0x0800212c   0x0000002c   Code   RO         2710    i.USART1_IRQHandler  usart.o
    0x08002158   0x00000002   Code   RO          344    i.UsageFault_Handler  stm32f4xx_it.o
    0x0800215a   0x0000000e   Code   RO         4665    i.__scatterload_copy  mc_w.l(handlers.o)
    0x08002168   0x00000002   Code   RO         4666    i.__scatterload_null  mc_w.l(handlers.o)
    0x0800216a   0x0000000e   Code   RO         4667    i.__scatterload_zeroinit  mc_w.l(handlers.o)
    0x08002178   0x00000038   Code   RO         2629    i.delay_init        delay.o
    0x080021b0   0x00000038   Code   RO         2630    i.delay_ms          delay.o
    0x080021e8   0x00000034   Code   RO         2631    i.delay_us          delay.o
    0x0800221c   0x00000080   Code   RO         3058    i.getGyroBias       sensors.o
    0x0800229c   0x00000198   Code   RO         3059    i.getGyroBiasMeanAndVar  sensors.o
    0x08002434   0x000002e4   Code   RO         2863    i.iicPortDef        iic.o
    0x08002718   0x00000034   Code   RO         2864    i.iicSingleInit     iic.o
    0x0800274c   0x000000e0   Code   RO         3060    i.imuOriginalDataProcessing  sensors.o
    0x0800282c   0x00000040   Code   RO         2797    i.ledFlash          led.o
    0x0800286c   0x00000044   Code   RO            4    i.main              main.o
    0x080028b0   0x00000134   Code   RO         2964    i.mpu9250_Init      mpu9250.o
    0x080029e4   0x00000070   Code   RO         3752    i.prvAddCurrentTaskToDelayedList  tasks.o
    0x08002a54   0x000000d4   Code   RO         3753    i.prvAddNewTaskToReadyList  tasks.o
    0x08002b28   0x00000050   Code   RO         4100    i.prvCheckForValidListAndQueue  timers.o
    0x08002b78   0x00000026   Code   RO         3353    i.prvCopyDataFromQueue  queue.o
    0x08002b9e   0x0000006c   Code   RO         3354    i.prvCopyDataToQueue  queue.o
    0x08002c0a   0x00000014   Code   RO         3754    i.prvDeleteTCB      tasks.o
    0x08002c1e   0x00000002   PAD
    0x08002c20   0x0000004c   Code   RO         4345    i.prvHeapInit       heap_4.o
    0x08002c6c   0x0000005c   Code   RO         3755    i.prvIdleTask       tasks.o
    0x08002cc8   0x000000ae   Code   RO         3756    i.prvInitialiseNewTask  tasks.o
    0x08002d76   0x00000002   PAD
    0x08002d78   0x0000004c   Code   RO         4346    i.prvInsertBlockIntoFreeList  heap_4.o
    0x08002dc4   0x00000038   Code   RO         4101    i.prvInsertTimerInActiveList  timers.o
    0x08002dfc   0x0000001a   Code   RO         3355    i.prvIsQueueEmpty   queue.o
    0x08002e16   0x00000002   PAD
    0x08002e18   0x000000b8   Code   RO         4102    i.prvProcessReceivedCommands  timers.o
    0x08002ed0   0x000000b4   Code   RO         4103    i.prvProcessTimerOrBlockTask  timers.o
    0x08002f84   0x00000020   Code   RO         3758    i.prvResetNextTaskUnblockTime  tasks.o
    0x08002fa4   0x00000028   Code   RO         4104    i.prvSampleTimeNow  timers.o
    0x08002fcc   0x0000006c   Code   RO         4105    i.prvSwitchTimerLists  timers.o
    0x08003038   0x00000028   Code   RO         4250    i.prvTaskExitError  port.o
    0x08003060   0x00000014   Code   RO         3192    i.prvTestWaitCondition  event_groups.o
    0x08003074   0x00000028   Code   RO         4106    i.prvTimerTask      timers.o
    0x0800309c   0x0000006a   Code   RO         3356    i.prvUnlockQueue    queue.o
    0x08003106   0x00000002   PAD
    0x08003108   0x000000d8   Code   RO         4347    i.pvPortMalloc      heap_4.o
    0x080031e0   0x0000002c   Code   RO         4251    i.pxPortInitialiseStack  port.o
    0x0800320c   0x00000024   Code   RO         3062    i.sensorsQueueInit  sensors.o
    0x08003230   0x000000c0   Code   RO            5    i.startTask         main.o
    0x080032f0   0x00000044   Code   RO         2826    i.sysInit           sysinit.o
    0x08003334   0x00000048   Code   RO         2714    i.uart_init         usart.o
    0x0800337c   0x00000026   Code   RO         3310    i.uxListRemove      list.o
    0x080033a2   0x00000002   PAD
    0x080033a4   0x00000018   Code   RO         3767    i.uxTaskResetEventItemValue  tasks.o
    0x080033bc   0x00000016   Code   RO         3311    i.vListInitialise   list.o
    0x080033d2   0x00000006   Code   RO         3312    i.vListInitialiseItem  list.o
    0x080033d8   0x00000030   Code   RO         3313    i.vListInsert       list.o
    0x08003408   0x00000018   Code   RO         3314    i.vListInsertEnd    list.o
    0x08003420   0x00000040   Code   RO         4253    i.vPortEnterCritical  port.o
    0x08003460   0x00000028   Code   RO         4254    i.vPortExitCritical  port.o
    0x08003488   0x0000005c   Code   RO         4348    i.vPortFree         heap_4.o
    0x080034e4   0x00000024   Code   RO         4255    i.vPortSetupTimerInterrupt  port.o
    0x08003508   0x00000054   Code   RO         4256    i.vPortValidateInterruptPriority  port.o
    0x0800355c   0x00000024   Code   RO         3362    i.vQueueAddToRegistry  queue.o
    0x08003580   0x00000044   Code   RO         3366    i.vQueueWaitForMessageRestricted  queue.o
    0x080035c4   0x0000001c   Code   RO          440    i.vTaskAttitudeAlgorithm  task.o
    0x080035e0   0x00000178   Code   RO          441    i.vTaskDataUpload   task.o
    0x08003758   0x0000004c   Code   RO         3768    i.vTaskDelay        tasks.o
    0x080037a4   0x000000ac   Code   RO         3770    i.vTaskDelete       tasks.o
    0x08003850   0x00000018   Code   RO          442    i.vTaskIndicatorLED  task.o
    0x08003868   0x00000010   Code   RO         3773    i.vTaskInternalSetTimeOutState  tasks.o
    0x08003878   0x0000000c   Code   RO         3774    i.vTaskMissedYield  tasks.o
    0x08003884   0x00000030   Code   RO         3776    i.vTaskPlaceOnEventList  tasks.o
    0x080038b4   0x00000038   Code   RO         3777    i.vTaskPlaceOnEventListRestricted  tasks.o
    0x080038ec   0x0000004c   Code   RO         3778    i.vTaskPlaceOnUnorderedEventList  tasks.o
    0x08003938   0x000000c0   Code   RO          443    i.vTaskReadSenser   task.o
    0x080039f8   0x00000070   Code   RO         3781    i.vTaskRemoveFromUnorderedEventList  tasks.o
    0x08003a68   0x00000070   Code   RO         3785    i.vTaskStartScheduler  tasks.o
    0x08003ad8   0x00000010   Code   RO         3787    i.vTaskSuspendAll   tasks.o
    0x08003ae8   0x0000005c   Code   RO         3788    i.vTaskSwitchContext  tasks.o
    0x08003b44   0x0000001a   Code   RO         3199    i.xEventGroupCreate  event_groups.o
    0x08003b5e   0x0000008c   Code   RO         3201    i.xEventGroupSetBits  event_groups.o
    0x08003bea   0x00000002   PAD
    0x08003bec   0x00000108   Code   RO         3203    i.xEventGroupWaitBits  event_groups.o
    0x08003cf4   0x000000f4   Code   RO         4257    i.xPortStartScheduler  port.o
    0x08003de8   0x0000002c   Code   RO         4258    i.xPortSysTickHandler  port.o
    0x08003e14   0x00000052   Code   RO         3369    i.xQueueGenericCreate  queue.o
    0x08003e66   0x00000002   PAD
    0x08003e68   0x00000088   Code   RO         3370    i.xQueueGenericReset  queue.o
    0x08003ef0   0x00000164   Code   RO         3371    i.xQueueGenericSend  queue.o
    0x08004054   0x000000bc   Code   RO         3372    i.xQueueGenericSendFromISR  queue.o
    0x08004110   0x00000138   Code   RO         3379    i.xQueueReceive     queue.o
    0x08004248   0x00000074   Code   RO         3789    i.xTaskCheckForTimeOut  tasks.o
    0x080042bc   0x00000056   Code   RO         3790    i.xTaskCreate       tasks.o
    0x08004312   0x00000002   PAD
    0x08004314   0x0000001c   Code   RO         3794    i.xTaskGetSchedulerState  tasks.o
    0x08004330   0x0000000c   Code   RO         3795    i.xTaskGetTickCount  tasks.o
    0x0800433c   0x000000c8   Code   RO         3797    i.xTaskIncrementTick  tasks.o
    0x08004404   0x00000098   Code   RO         3800    i.xTaskPriorityDisinherit  tasks.o
    0x0800449c   0x00000074   Code   RO         3802    i.xTaskRemoveFromEventList  tasks.o
    0x08004510   0x000000c4   Code   RO         3803    i.xTaskResumeAll    tasks.o
    0x080045d4   0x0000004c   Code   RO         4112    i.xTimerCreateTimerTask  timers.o
    0x08004620   0x0000005c   Code   RO         4113    i.xTimerGenericCommand  timers.o
    0x0800467c   0x00000010   Data   RO         1052    .constdata          stm32f4xx_hal_rcc.o
    0x0800468c   0x00000008   Data   RO         1645    .constdata          stm32f4xx_hal_dma.o
    0x08004694   0x00000020   Data   RO         4663    Region$$Table       anon$$obj.o


    Execution Region RW_IRAM1 (Base: 0x20000000, Size: 0x00014040, Max: 0x00030000, ABSOLUTE)

    Base Addr    Size         Type   Attr      Idx    E Section Name        Object

    0x20000000   0x00000004   Data   RW            6    .data               main.o
    0x20000004   0x00000004   Data   RW          402    .data               system_stm32f4xx.o
    0x20000008   0x00000008   Data   RW          445    .data               task.o
    0x20000010   0x00000004   Data   RW          522    .data               stm32f4xx_hal.o
    0x20000014   0x0000000c   Data   RW         2633    .data               delay.o
    0x20000020   0x00000004   Data   RW         2716    .data               usart.o
    0x20000024   0x00000012   Data   RW         2966    .data               mpu9250.o
    0x20000036   0x00000001   Data   RW         3029    .data               swj.o
    0x20000037   0x00000001   PAD
    0x20000038   0x00000010   Data   RW         3064    .data               sensors.o
    0x20000048   0x00000001   Data   RW         3118    .data               timer.o
    0x20000049   0x00000003   PAD
    0x2000004c   0x0000003c   Data   RW         3806    .data               tasks.o
    0x20000088   0x00000014   Data   RW         4119    .data               timers.o
    0x2000009c   0x0000000c   Data   RW         4259    .data               port.o
    0x200000a8   0x00000018   Data   RW         4353    .data               heap_4.o
    0x200000c0   0x00000024   Zero   RW          444    .bss                task.o
    0x200000e4   0x00000160   Zero   RW         2715    .bss                usart.o
    0x20000244   0x0000001c   Zero   RW         2965    .bss                mpu9250.o
    0x20000260   0x00000c0c   Zero   RW         3063    .bss                sensors.o
    0x20000e6c   0x0000003c   Zero   RW         3117    .bss                timer.o
    0x20000ea8   0x00000040   Zero   RW         3383    .bss                queue.o
    0x20000ee8   0x0000012c   Zero   RW         3805    .bss                tasks.o
    0x20001014   0x00000028   Zero   RW         4118    .bss                timers.o
    0x2000103c   0x00012c00   Zero   RW         4352    .bss                heap_4.o
    0x20013c3c   0x00000004   PAD
    0x20013c40   0x00000400   Zero   RW          489    STACK               startup_stm32f427x.o


==============================================================================

Image component sizes


      Code (inc. data)   RO Data    RW Data    ZI Data      Debug   Object Name

       196         18          0         12          0       2561   delay.o
       450          6          0          0          0      14863   event_groups.o
       460         24          0         24      76800       4419   heap_4.o
      1926        124          0          0          0      10962   iic.o
       148         12          0          0          0       1530   led.o
       138          0          0          0          0       3130   list.o
       260        122          0          4          0     736293   main.o
       882         28          0         18         28       3602   mpu9250.o
       786         80          0         12          0      11257   port.o
      1456         18          0          0         64      15498   queue.o
       796         54          0         16       3084       4160   sensors.o
        36          8        428          0       1024        816   startup_stm32f427x.o
       106         10          0          4          0       3590   stm32f4xx_hal.o
       218         14          0          0          0      30857   stm32f4xx_hal_cortex.o
       426         10          8          0          0       4960   stm32f4xx_hal_dma.o
       486         54          0          0          0       2624   stm32f4xx_hal_gpio.o
       136         14          0          0          0       1288   stm32f4xx_hal_pwr_ex.o
      1572         72         16          0          0       6299   stm32f4xx_hal_rcc.o
       274         44          0          0          0       3929   stm32f4xx_hal_tim.o
      1142          8          0          0          0       7974   stm32f4xx_hal_uart.o
        12          0          0          0          0       2625   stm32f4xx_it.o
       440         14          0          1          0       2202   swj.o
       132         10          0          0          0       1127   sys.o
        68          4          0          0          0        510   sysinit.o
        84         18          0          4          0       1009   system_stm32f4xx.o
       620         94          0          8         36       2578   task.o
      2360        192          0         60        300      26343   tasks.o
        72         16          0          1         60       1135   timer.o
       856         84          0         20         40      19247   timers.o
       472         66          0          4        352       5796   usart.o

    ----------------------------------------------------------------------
     17044       1218        484        192      81792     933184   Object Totals
         0          0         32          0          0          0   (incl. Generated)
        34          0          0          4          4          0   (incl. Padding)

    ----------------------------------------------------------------------

      Code (inc. data)   RO Data    RW Data    ZI Data      Debug   Library Member Name

         0          0          0          0          0          0   entry.o
         0          0          0          0          0          0   entry10a.o
         0          0          0          0          0          0   entry11a.o
         8          4          0          0          0          0   entry2.o
         4          0          0          0          0          0   entry5.o
         0          0          0          0          0          0   entry7b.o
         0          0          0          0          0          0   entry8b.o
         8          4          0          0          0          0   entry9a.o
        30          0          0          0          0          0   handlers.o
        36          8          0          0          0         68   init.o
         0          0          0          0          0          0   iusefp.o
        98          0          0          0          0         84   ldiv.o
        30          0          0          0          0         68   llshl.o
        32          0          0          0          0         68   llushr.o
        36          0          0          0          0         68   memcpya.o
        36          0          0          0          0        108   memseta.o
        98          0          0          0          0         92   uldiv.o
       110          0          0          0          0        168   fepilogue.o
        44          0          0          0          0         92   ffltl.o

    ----------------------------------------------------------------------
       572         16          0          0          0        816   Library Totals
         2          0          0          0          0          0   (incl. Padding)

    ----------------------------------------------------------------------

      Code (inc. data)   RO Data    RW Data    ZI Data      Debug   Library Name

       416         16          0          0          0        556   mc_w.l
       154          0          0          0          0        260   mf_w.l

    ----------------------------------------------------------------------
       572         16          0          0          0        816   Library Totals

    ----------------------------------------------------------------------

==============================================================================


      Code (inc. data)   RO Data    RW Data    ZI Data      Debug   

     17616       1234        484        192      81792     918692   Grand Totals
     17616       1234        484        192      81792     918692   ELF Image Totals
     17616       1234        484        192          0          0   ROM Totals

==============================================================================

    Total RO  Size (Code + RO Data)                18100 (  17.68kB)
    Total RW  Size (RW Data + ZI Data)             81984 (  80.06kB)
    Total ROM Size (Code + RO Data + RW Data)      18292 (  17.86kB)

==============================================================================

